INSTRUMENTATION_STATUS: class=com.feedme.storage.AndroidStateVaultTest
INSTRUMENTATION_STATUS: current=1
INSTRUMENTATION_STATUS: id=AndroidJUnitRunner
INSTRUMENTATION_STATUS: numtests=13
INSTRUMENTATION_STATUS: stream=
com.feedme.storage.AndroidStateVaultTest:
INSTRUMENTATION_STATUS: test=existingDatabaseNeverRecreatesMissingIndexKey
INSTRUMENTATION_STATUS_CODE: 1
INSTRUMENTATION_STATUS: class=com.feedme.storage.AndroidStateVaultTest
INSTRUMENTATION_STATUS: current=1
INSTRUMENTATION_STATUS: id=AndroidJUnitRunner
INSTRUMENTATION_STATUS: numtests=13
INSTRUMENTATION_STATUS: stream=.
INSTRUMENTATION_STATUS: test=existingDatabaseNeverRecreatesMissingIndexKey
INSTRUMENTATION_STATUS_CODE: 0
INSTRUMENTATION_STATUS: class=com.feedme.storage.AndroidStateVaultTest
INSTRUMENTATION_STATUS: current=2
INSTRUMENTATION_STATUS: id=AndroidJUnitRunner
INSTRUMENTATION_STATUS: numtests=13
INSTRUMENTATION_STATUS: stream=
INSTRUMENTATION_STATUS: test=authenticationRejectsChangedPayloadTagNonceAadAndKey
INSTRUMENTATION_STATUS_CODE: 1
INSTRUMENTATION_STATUS: class=com.feedme.storage.AndroidStateVaultTest
INSTRUMENTATION_STATUS: current=2
INSTRUMENTATION_STATUS: id=AndroidJUnitRunner
INSTRUMENTATION_STATUS: numtests=13
INSTRUMENTATION_STATUS: stream=.
INSTRUMENTATION_STATUS: test=authenticationRejectsChangedPayloadTagNonceAadAndKey
INSTRUMENTATION_STATUS_CODE: 0
INSTRUMENTATION_STATUS: class=com.feedme.storage.AndroidStateVaultTest
INSTRUMENTATION_STATUS: current=3
INSTRUMENTATION_STATUS: id=AndroidJUnitRunner
INSTRUMENTATION_STATUS: numtests=13
INSTRUMENTATION_STATUS: stream=
INSTRUMENTATION_STATUS: test=erasedOwnerKeyCannotDecryptAndOtherOwnerRemainsReadable
INSTRUMENTATION_STATUS_CODE: 1
INSTRUMENTATION_STATUS: class=com.feedme.storage.AndroidStateVaultTest
INSTRUMENTATION_STATUS: current=3
INSTRUMENTATION_STATUS: id=AndroidJUnitRunner
INSTRUMENTATION_STATUS: numtests=13
INSTRUMENTATION_STATUS: stream=.
INSTRUMENTATION_STATUS: test=erasedOwnerKeyCannotDecryptAndOtherOwnerRemainsReadable
INSTRUMENTATION_STATUS_CODE: 0
INSTRUMENTATION_STATUS: class=com.feedme.storage.AndroidStateVaultTest
INSTRUMENTATION_STATUS: current=4
INSTRUMENTATION_STATUS: id=AndroidJUnitRunner
INSTRUMENTATION_STATUS: numtests=13
INSTRUMENTATION_STATUS: stream=
INSTRUMENTATION_STATUS: test=nativeKeysAreNonExportableAndEncryptionUsesFreshNonces
INSTRUMENTATION_STATUS_CODE: 1
INSTRUMENTATION_STATUS: class=com.feedme.storage.AndroidStateVaultTest
INSTRUMENTATION_STATUS: current=4
INSTRUMENTATION_STATUS: id=AndroidJUnitRunner
INSTRUMENTATION_STATUS: numtests=13
INSTRUMENTATION_STATUS: stream=.
INSTRUMENTATION_STATUS: test=nativeKeysAreNonExportableAndEncryptionUsesFreshNonces
INSTRUMENTATION_STATUS_CODE: 0
INSTRUMENTATION_STATUS: class=com.feedme.storage.AndroidStateVaultTest
INSTRUMENTATION_STATUS: current=5
INSTRUMENTATION_STATUS: id=AndroidJUnitRunner
INSTRUMENTATION_STATUS: numtests=13
INSTRUMENTATION_STATUS: stream=
INSTRUMENTATION_STATUS: test=freshDatabaseReusesExistingIndexKey
INSTRUMENTATION_STATUS_CODE: 1
INSTRUMENTATION_STATUS: class=com.feedme.storage.AndroidStateVaultTest
INSTRUMENTATION_STATUS: current=5
INSTRUMENTATION_STATUS: id=AndroidJUnitRunner
INSTRUMENTATION_STATUS: numtests=13
INSTRUMENTATION_STATUS: stream=.
INSTRUMENTATION_STATUS: test=freshDatabaseReusesExistingIndexKey
INSTRUMENTATION_STATUS_CODE: 0
INSTRUMENTATION_STATUS: class=com.feedme.storage.AndroidStateDatabaseTest
INSTRUMENTATION_STATUS: current=6
INSTRUMENTATION_STATUS: id=AndroidJUnitRunner
INSTRUMENTATION_STATUS: numtests=13
INSTRUMENTATION_STATUS: stream=
com.feedme.storage.AndroidStateDatabaseTest:
INSTRUMENTATION_STATUS: test=committedRecordsSurviveReopenAndErasedScopeStaysErased
INSTRUMENTATION_STATUS_CODE: 1
INSTRUMENTATION_STATUS: class=com.feedme.storage.AndroidStateDatabaseTest
INSTRUMENTATION_STATUS: current=6
INSTRUMENTATION_STATUS: id=AndroidJUnitRunner
INSTRUMENTATION_STATUS: numtests=13
INSTRUMENTATION_STATUS: stream=.
INSTRUMENTATION_STATUS: test=committedRecordsSurviveReopenAndErasedScopeStaysErased
INSTRUMENTATION_STATUS_CODE: 0
INSTRUMENTATION_STATUS: class=com.feedme.storage.AndroidStateDatabaseTest
INSTRUMENTATION_STATUS: current=7
INSTRUMENTATION_STATUS: id=AndroidJUnitRunner
INSTRUMENTATION_STATUS: numtests=13
INSTRUMENTATION_STATUS: stream=
INSTRUMENTATION_STATUS: test=symlinkDirectoryIsRejectedWithoutChangingItsTarget
INSTRUMENTATION_STATUS_CODE: 1
INSTRUMENTATION_STATUS: class=com.feedme.storage.AndroidStateDatabaseTest
INSTRUMENTATION_STATUS: current=7
INSTRUMENTATION_STATUS: id=AndroidJUnitRunner
INSTRUMENTATION_STATUS: numtests=13
INSTRUMENTATION_STATUS: stream=.
INSTRUMENTATION_STATUS: test=symlinkDirectoryIsRejectedWithoutChangingItsTarget
INSTRUMENTATION_STATUS_CODE: 0
INSTRUMENTATION_STATUS: class=com.feedme.storage.AndroidStateDatabaseTest
INSTRUMENTATION_STATUS: current=8
INSTRUMENTATION_STATUS: id=AndroidJUnitRunner
INSTRUMENTATION_STATUS: numtests=13
INSTRUMENTATION_STATUS: stream=
INSTRUMENTATION_STATUS: test=existingDatabaseWithMissingIndexKeyFailsClosed
INSTRUMENTATION_STATUS_CODE: 1
INSTRUMENTATION_STATUS: class=com.feedme.storage.AndroidStateDatabaseTest
INSTRUMENTATION_STATUS: current=8
INSTRUMENTATION_STATUS: id=AndroidJUnitRunner
INSTRUMENTATION_STATUS: numtests=13
INSTRUMENTATION_STATUS: stream=.
INSTRUMENTATION_STATUS: test=existingDatabaseWithMissingIndexKeyFailsClosed
INSTRUMENTATION_STATUS_CODE: 0
INSTRUMENTATION_STATUS: class=com.feedme.storage.AndroidStateDatabaseTest
INSTRUMENTATION_STATUS: current=9
INSTRUMENTATION_STATUS: id=AndroidJUnitRunner
INSTRUMENTATION_STATUS: numtests=13
INSTRUMENTATION_STATUS: stream=
INSTRUMENTATION_STATUS: test=secondManagerFailsWhileLockedAndReopensAfterClose
INSTRUMENTATION_STATUS_CODE: 1
INSTRUMENTATION_STATUS: class=com.feedme.storage.AndroidStateDatabaseTest
INSTRUMENTATION_STATUS: current=9
INSTRUMENTATION_STATUS: id=AndroidJUnitRunner
INSTRUMENTATION_STATUS: numtests=13
INSTRUMENTATION_STATUS: stream=.
INSTRUMENTATION_STATUS: test=secondManagerFailsWhileLockedAndReopensAfterClose
INSTRUMENTATION_STATUS_CODE: 0
INSTRUMENTATION_STATUS: class=com.feedme.storage.AndroidStateDatabaseTest
INSTRUMENTATION_STATUS: current=10
INSTRUMENTATION_STATUS: id=AndroidJUnitRunner
INSTRUMENTATION_STATUS: numtests=13
INSTRUMENTATION_STATUS: stream=
INSTRUMENTATION_STATUS: test=preexistingWalIsPreservedAndFailureReleasesLock
INSTRUMENTATION_STATUS_CODE: 1
INSTRUMENTATION_STATUS: class=com.feedme.storage.AndroidStateDatabaseTest
INSTRUMENTATION_STATUS: current=10
INSTRUMENTATION_STATUS: id=AndroidJUnitRunner
INSTRUMENTATION_STATUS: numtests=13
INSTRUMENTATION_STATUS: stream=.
INSTRUMENTATION_STATUS: test=preexistingWalIsPreservedAndFailureReleasesLock
INSTRUMENTATION_STATUS_CODE: 0
INSTRUMENTATION_STATUS: class=com.feedme.storage.AndroidStateDatabaseTest
INSTRUMENTATION_STATUS: current=11
INSTRUMENTATION_STATUS: id=AndroidJUnitRunner
INSTRUMENTATION_STATUS: numtests=13
INSTRUMENTATION_STATUS: stream=
INSTRUMENTATION_STATUS: test=symlinkDatabaseIsRejectedWithoutChangingItsTargetAndReleasesLock
INSTRUMENTATION_STATUS_CODE: 1
INSTRUMENTATION_STATUS: class=com.feedme.storage.AndroidStateDatabaseTest
INSTRUMENTATION_STATUS: current=11
INSTRUMENTATION_STATUS: id=AndroidJUnitRunner
INSTRUMENTATION_STATUS: numtests=13
INSTRUMENTATION_STATUS: stream=.
INSTRUMENTATION_STATUS: test=symlinkDatabaseIsRejectedWithoutChangingItsTargetAndReleasesLock
INSTRUMENTATION_STATUS_CODE: 0
INSTRUMENTATION_STATUS: class=com.feedme.storage.AndroidStateDatabaseTest
INSTRUMENTATION_STATUS: current=12
INSTRUMENTATION_STATUS: id=AndroidJUnitRunner
INSTRUMENTATION_STATUS: numtests=13
INSTRUMENTATION_STATUS: stream=
INSTRUMENTATION_STATUS: test=preexistingSharedMemoryIsPreservedAndFailureReleasesLock
INSTRUMENTATION_STATUS_CODE: 1
INSTRUMENTATION_STATUS: class=com.feedme.storage.AndroidStateDatabaseTest
INSTRUMENTATION_STATUS: current=12
INSTRUMENTATION_STATUS: id=AndroidJUnitRunner
INSTRUMENTATION_STATUS: numtests=13
INSTRUMENTATION_STATUS: stream=.
INSTRUMENTATION_STATUS: test=preexistingSharedMemoryIsPreservedAndFailureReleasesLock
INSTRUMENTATION_STATUS_CODE: 0
INSTRUMENTATION_STATUS: class=com.feedme.storage.AndroidStateDatabaseTest
INSTRUMENTATION_STATUS: current=13
INSTRUMENTATION_STATUS: id=AndroidJUnitRunner
INSTRUMENTATION_STATUS: numtests=13
INSTRUMENTATION_STATUS: stream=
INSTRUMENTATION_STATUS: test=invalidExistingSchemaFailureReleasesManagerCallbackLock
INSTRUMENTATION_STATUS_CODE: 1
INSTRUMENTATION_STATUS: class=com.feedme.storage.AndroidStateDatabaseTest
INSTRUMENTATION_STATUS: current=13
INSTRUMENTATION_STATUS: id=AndroidJUnitRunner
INSTRUMENTATION_STATUS: numtests=13
INSTRUMENTATION_STATUS: stream=.
INSTRUMENTATION_STATUS: test=invalidExistingSchemaFailureReleasesManagerCallbackLock
INSTRUMENTATION_STATUS_CODE: 0
INSTRUMENTATION_RESULT: stream=

Time: 0.384

OK (13 tests)


INSTRUMENTATION_CODE: -1
