INSTRUMENTATION_STATUS: class=com.feedme.app.mealflow.AndroidCookingFlowHostTest
INSTRUMENTATION_STATUS: current=1
INSTRUMENTATION_STATUS: id=AndroidJUnitRunner
INSTRUMENTATION_STATUS: numtests=9
INSTRUMENTATION_STATUS: stream=
com.feedme.app.mealflow.AndroidCookingFlowHostTest:
INSTRUMENTATION_STATUS: test=dirtyFormAndStaleDialogCannotConfirmAnotherPlanOrPriorCookingPin
INSTRUMENTATION_STATUS_CODE: 1
INSTRUMENTATION_STATUS: class=com.feedme.app.mealflow.AndroidCookingFlowHostTest
INSTRUMENTATION_STATUS: current=1
INSTRUMENTATION_STATUS: id=AndroidJUnitRunner
INSTRUMENTATION_STATUS: numtests=9
INSTRUMENTATION_STATUS: stream=.
INSTRUMENTATION_STATUS: test=dirtyFormAndStaleDialogCannotConfirmAnotherPlanOrPriorCookingPin
INSTRUMENTATION_STATUS_CODE: 0
INSTRUMENTATION_STATUS: class=com.feedme.app.mealflow.AndroidCookingFlowHostTest
INSTRUMENTATION_STATUS: current=2
INSTRUMENTATION_STATUS: id=AndroidJUnitRunner
INSTRUMENTATION_STATUS: numtests=9
INSTRUMENTATION_STATUS: stream=
INSTRUMENTATION_STATUS: test=explicitOfflineProgressAndCompletionUseHeadOnlySyncAndNeverAutoFinishLastStep
INSTRUMENTATION_STATUS_CODE: 1
INSTRUMENTATION_STATUS: class=com.feedme.app.mealflow.AndroidCookingFlowHostTest
INSTRUMENTATION_STATUS: current=2
INSTRUMENTATION_STATUS: id=AndroidJUnitRunner
INSTRUMENTATION_STATUS: numtests=9
INSTRUMENTATION_STATUS: stream=.
INSTRUMENTATION_STATUS: test=explicitOfflineProgressAndCompletionUseHeadOnlySyncAndNeverAutoFinishLastStep
INSTRUMENTATION_STATUS_CODE: 0
INSTRUMENTATION_STATUS: class=com.feedme.app.mealflow.AndroidCookingFlowHostTest
INSTRUMENTATION_STATUS: current=3
INSTRUMENTATION_STATUS: id=AndroidJUnitRunner
INSTRUMENTATION_STATUS: numtests=9
INSTRUMENTATION_STATUS: stream=
INSTRUMENTATION_STATUS: test=retainedCreatedReceiptRetriesDownloadWithoutSecondPost
INSTRUMENTATION_STATUS_CODE: 1
INSTRUMENTATION_STATUS: class=com.feedme.app.mealflow.AndroidCookingFlowHostTest
INSTRUMENTATION_STATUS: current=3
INSTRUMENTATION_STATUS: id=AndroidJUnitRunner
INSTRUMENTATION_STATUS: numtests=9
INSTRUMENTATION_STATUS: stream=.
INSTRUMENTATION_STATUS: test=retainedCreatedReceiptRetriesDownloadWithoutSecondPost
INSTRUMENTATION_STATUS_CODE: 0
INSTRUMENTATION_STATUS: class=com.feedme.app.mealflow.AndroidCookingFlowHostTest
INSTRUMENTATION_STATUS: current=4
INSTRUMENTATION_STATUS: id=AndroidJUnitRunner
INSTRUMENTATION_STATUS: numtests=9
INSTRUMENTATION_STATUS: stream=
INSTRUMENTATION_STATUS: test=invalidationRedactsConsentAndNoncooperativeCreateCannotRevivePrivateScreen
INSTRUMENTATION_STATUS_CODE: 1
INSTRUMENTATION_STATUS: class=com.feedme.app.mealflow.AndroidCookingFlowHostTest
INSTRUMENTATION_STATUS: current=4
INSTRUMENTATION_STATUS: id=AndroidJUnitRunner
INSTRUMENTATION_STATUS: numtests=9
INSTRUMENTATION_STATUS: stream=.
INSTRUMENTATION_STATUS: test=invalidationRedactsConsentAndNoncooperativeCreateCannotRevivePrivateScreen
INSTRUMENTATION_STATUS_CODE: 0
INSTRUMENTATION_STATUS: class=com.feedme.app.mealflow.AndroidCookingFlowHostTest
INSTRUMENTATION_STATUS: current=5
INSTRUMENTATION_STATUS: id=AndroidJUnitRunner
INSTRUMENTATION_STATUS: numtests=9
INSTRUMENTATION_STATUS: stream=
INSTRUMENTATION_STATUS: test=missingProviderAndExactRecallNeverCreateOrRetainEligiblePreview
INSTRUMENTATION_STATUS_CODE: 1
INSTRUMENTATION_STATUS: class=com.feedme.app.mealflow.AndroidCookingFlowHostTest
INSTRUMENTATION_STATUS: current=5
INSTRUMENTATION_STATUS: id=AndroidJUnitRunner
INSTRUMENTATION_STATUS: numtests=9
INSTRUMENTATION_STATUS: stream=.
INSTRUMENTATION_STATUS: test=missingProviderAndExactRecallNeverCreateOrRetainEligiblePreview
INSTRUMENTATION_STATUS_CODE: 0
INSTRUMENTATION_STATUS: class=com.feedme.app.mealflow.AndroidCookingFlowHostTest
INSTRUMENTATION_STATUS: current=6
INSTRUMENTATION_STATUS: id=AndroidJUnitRunner
INSTRUMENTATION_STATUS: numtests=9
INSTRUMENTATION_STATUS: stream=
INSTRUMENTATION_STATUS: test=pendingStricterPreferencesStopContinuedCookingButPermitExplicitSafeStop
INSTRUMENTATION_STATUS_CODE: 1
INSTRUMENTATION_STATUS: class=com.feedme.app.mealflow.AndroidCookingFlowHostTest
INSTRUMENTATION_STATUS: current=6
INSTRUMENTATION_STATUS: id=AndroidJUnitRunner
INSTRUMENTATION_STATUS: numtests=9
INSTRUMENTATION_STATUS: stream=.
INSTRUMENTATION_STATUS: test=pendingStricterPreferencesStopContinuedCookingButPermitExplicitSafeStop
INSTRUMENTATION_STATUS_CODE: 0
INSTRUMENTATION_STATUS: class=com.feedme.app.mealflow.AndroidCookingFlowHostTest
INSTRUMENTATION_STATUS: current=7
INSTRUMENTATION_STATUS: id=AndroidJUnitRunner
INSTRUMENTATION_STATUS: numtests=9
INSTRUMENTATION_STATUS: stream=
INSTRUMENTATION_STATUS: test=immediateBackDuringDownloadAndReopenedOwnerKeepOriginalReceiptAndPinnedRecipe
INSTRUMENTATION_STATUS_CODE: 1
INSTRUMENTATION_STATUS: class=com.feedme.app.mealflow.AndroidCookingFlowHostTest
INSTRUMENTATION_STATUS: current=7
INSTRUMENTATION_STATUS: id=AndroidJUnitRunner
INSTRUMENTATION_STATUS: numtests=9
INSTRUMENTATION_STATUS: stream=.
INSTRUMENTATION_STATUS: test=immediateBackDuringDownloadAndReopenedOwnerKeepOriginalReceiptAndPinnedRecipe
INSTRUMENTATION_STATUS_CODE: 0
INSTRUMENTATION_STATUS: class=com.feedme.app.mealflow.AndroidCookingFlowHostTest
INSTRUMENTATION_STATUS: current=8
INSTRUMENTATION_STATUS: id=AndroidJUnitRunner
INSTRUMENTATION_STATUS: numtests=9
INSTRUMENTATION_STATUS: stream=
INSTRUMENTATION_STATUS: test=exactPreparedConsentSurvivesRecreationAndBackNeverStartsCooking
INSTRUMENTATION_STATUS_CODE: 1
INSTRUMENTATION_STATUS: class=com.feedme.app.mealflow.AndroidCookingFlowHostTest
INSTRUMENTATION_STATUS: current=8
INSTRUMENTATION_STATUS: id=AndroidJUnitRunner
INSTRUMENTATION_STATUS: numtests=9
INSTRUMENTATION_STATUS: stream=.
INSTRUMENTATION_STATUS: test=exactPreparedConsentSurvivesRecreationAndBackNeverStartsCooking
INSTRUMENTATION_STATUS_CODE: 0
INSTRUMENTATION_STATUS: class=com.feedme.app.mealflow.AndroidCookingFlowHostTest
INSTRUMENTATION_STATUS: current=9
INSTRUMENTATION_STATUS: id=AndroidJUnitRunner
INSTRUMENTATION_STATUS: numtests=9
INSTRUMENTATION_STATUS: stream=
INSTRUMENTATION_STATUS: test=lostCreateReplyKeepsOriginalBodyKeyAndExplicitRetryAcrossRecreation
INSTRUMENTATION_STATUS_CODE: 1
INSTRUMENTATION_STATUS: class=com.feedme.app.mealflow.AndroidCookingFlowHostTest
INSTRUMENTATION_STATUS: current=9
INSTRUMENTATION_STATUS: id=AndroidJUnitRunner
INSTRUMENTATION_STATUS: numtests=9
INSTRUMENTATION_STATUS: stream=.
INSTRUMENTATION_STATUS: test=lostCreateReplyKeepsOriginalBodyKeyAndExplicitRetryAcrossRecreation
INSTRUMENTATION_STATUS_CODE: 0
INSTRUMENTATION_RESULT: stream=

Time: 186.372

OK (9 tests)


INSTRUMENTATION_CODE: -1
