INSTRUMENTATION_STATUS: class=com.feedme.storage.AndroidStateVaultTest
INSTRUMENTATION_STATUS: current=1
INSTRUMENTATION_STATUS: id=AndroidJUnitRunner
INSTRUMENTATION_STATUS: numtests=29
INSTRUMENTATION_STATUS: stream=
com.feedme.storage.AndroidStateVaultTest:
INSTRUMENTATION_STATUS: test=existingDatabaseNeverRecreatesMissingIndexKey
INSTRUMENTATION_STATUS_CODE: 1
INSTRUMENTATION_STATUS: class=com.feedme.storage.AndroidStateVaultTest
INSTRUMENTATION_STATUS: current=1
INSTRUMENTATION_STATUS: id=AndroidJUnitRunner
INSTRUMENTATION_STATUS: numtests=29
INSTRUMENTATION_STATUS: stream=.
INSTRUMENTATION_STATUS: test=existingDatabaseNeverRecreatesMissingIndexKey
INSTRUMENTATION_STATUS_CODE: 0
INSTRUMENTATION_STATUS: class=com.feedme.storage.AndroidStateVaultTest
INSTRUMENTATION_STATUS: current=2
INSTRUMENTATION_STATUS: id=AndroidJUnitRunner
INSTRUMENTATION_STATUS: numtests=29
INSTRUMENTATION_STATUS: stream=
INSTRUMENTATION_STATUS: test=authenticationRejectsChangedPayloadTagNonceAadAndKey
INSTRUMENTATION_STATUS_CODE: 1
INSTRUMENTATION_STATUS: class=com.feedme.storage.AndroidStateVaultTest
INSTRUMENTATION_STATUS: current=2
INSTRUMENTATION_STATUS: id=AndroidJUnitRunner
INSTRUMENTATION_STATUS: numtests=29
INSTRUMENTATION_STATUS: stream=.
INSTRUMENTATION_STATUS: test=authenticationRejectsChangedPayloadTagNonceAadAndKey
INSTRUMENTATION_STATUS_CODE: 0
INSTRUMENTATION_STATUS: class=com.feedme.storage.AndroidStateVaultTest
INSTRUMENTATION_STATUS: current=3
INSTRUMENTATION_STATUS: id=AndroidJUnitRunner
INSTRUMENTATION_STATUS: numtests=29
INSTRUMENTATION_STATUS: stream=
INSTRUMENTATION_STATUS: test=erasedOwnerKeyCannotDecryptAndOtherOwnerRemainsReadable
INSTRUMENTATION_STATUS_CODE: 1
INSTRUMENTATION_STATUS: class=com.feedme.storage.AndroidStateVaultTest
INSTRUMENTATION_STATUS: current=3
INSTRUMENTATION_STATUS: id=AndroidJUnitRunner
INSTRUMENTATION_STATUS: numtests=29
INSTRUMENTATION_STATUS: stream=.
INSTRUMENTATION_STATUS: test=erasedOwnerKeyCannotDecryptAndOtherOwnerRemainsReadable
INSTRUMENTATION_STATUS_CODE: 0
INSTRUMENTATION_STATUS: class=com.feedme.storage.AndroidStateVaultTest
INSTRUMENTATION_STATUS: current=4
INSTRUMENTATION_STATUS: id=AndroidJUnitRunner
INSTRUMENTATION_STATUS: numtests=29
INSTRUMENTATION_STATUS: stream=
INSTRUMENTATION_STATUS: test=nativeKeysAreNonExportableAndEncryptionUsesFreshNonces
INSTRUMENTATION_STATUS_CODE: 1
INSTRUMENTATION_STATUS: class=com.feedme.storage.AndroidStateVaultTest
INSTRUMENTATION_STATUS: current=4
INSTRUMENTATION_STATUS: id=AndroidJUnitRunner
INSTRUMENTATION_STATUS: numtests=29
INSTRUMENTATION_STATUS: stream=.
INSTRUMENTATION_STATUS: test=nativeKeysAreNonExportableAndEncryptionUsesFreshNonces
INSTRUMENTATION_STATUS_CODE: 0
INSTRUMENTATION_STATUS: class=com.feedme.storage.AndroidStateVaultTest
INSTRUMENTATION_STATUS: current=5
INSTRUMENTATION_STATUS: id=AndroidJUnitRunner
INSTRUMENTATION_STATUS: numtests=29
INSTRUMENTATION_STATUS: stream=
INSTRUMENTATION_STATUS: test=freshDatabaseReusesExistingIndexKey
INSTRUMENTATION_STATUS_CODE: 1
INSTRUMENTATION_STATUS: class=com.feedme.storage.AndroidStateVaultTest
INSTRUMENTATION_STATUS: current=5
INSTRUMENTATION_STATUS: id=AndroidJUnitRunner
INSTRUMENTATION_STATUS: numtests=29
INSTRUMENTATION_STATUS: stream=.
INSTRUMENTATION_STATUS: test=freshDatabaseReusesExistingIndexKey
INSTRUMENTATION_STATUS_CODE: 0
INSTRUMENTATION_STATUS: class=com.feedme.storage.AndroidStateDatabaseTest
INSTRUMENTATION_STATUS: current=6
INSTRUMENTATION_STATUS: id=AndroidJUnitRunner
INSTRUMENTATION_STATUS: numtests=29
INSTRUMENTATION_STATUS: stream=
com.feedme.storage.AndroidStateDatabaseTest:
INSTRUMENTATION_STATUS: test=committedRecordsSurviveReopenAndErasedScopeStaysErased
INSTRUMENTATION_STATUS_CODE: 1
INSTRUMENTATION_STATUS: class=com.feedme.storage.AndroidStateDatabaseTest
INSTRUMENTATION_STATUS: current=6
INSTRUMENTATION_STATUS: id=AndroidJUnitRunner
INSTRUMENTATION_STATUS: numtests=29
INSTRUMENTATION_STATUS: stream=.
INSTRUMENTATION_STATUS: test=committedRecordsSurviveReopenAndErasedScopeStaysErased
INSTRUMENTATION_STATUS_CODE: 0
INSTRUMENTATION_STATUS: class=com.feedme.storage.AndroidStateDatabaseTest
INSTRUMENTATION_STATUS: current=7
INSTRUMENTATION_STATUS: id=AndroidJUnitRunner
INSTRUMENTATION_STATUS: numtests=29
INSTRUMENTATION_STATUS: stream=
INSTRUMENTATION_STATUS: test=symlinkDirectoryIsRejectedWithoutChangingItsTarget
INSTRUMENTATION_STATUS_CODE: 1
INSTRUMENTATION_STATUS: class=com.feedme.storage.AndroidStateDatabaseTest
INSTRUMENTATION_STATUS: current=7
INSTRUMENTATION_STATUS: id=AndroidJUnitRunner
INSTRUMENTATION_STATUS: numtests=29
INSTRUMENTATION_STATUS: stream=.
INSTRUMENTATION_STATUS: test=symlinkDirectoryIsRejectedWithoutChangingItsTarget
INSTRUMENTATION_STATUS_CODE: 0
INSTRUMENTATION_STATUS: class=com.feedme.storage.AndroidStateDatabaseTest
INSTRUMENTATION_STATUS: current=8
INSTRUMENTATION_STATUS: id=AndroidJUnitRunner
INSTRUMENTATION_STATUS: numtests=29
INSTRUMENTATION_STATUS: stream=
INSTRUMENTATION_STATUS: test=existingDatabaseWithMissingIndexKeyFailsClosed
INSTRUMENTATION_STATUS_CODE: 1
INSTRUMENTATION_STATUS: class=com.feedme.storage.AndroidStateDatabaseTest
INSTRUMENTATION_STATUS: current=8
INSTRUMENTATION_STATUS: id=AndroidJUnitRunner
INSTRUMENTATION_STATUS: numtests=29
INSTRUMENTATION_STATUS: stream=.
INSTRUMENTATION_STATUS: test=existingDatabaseWithMissingIndexKeyFailsClosed
INSTRUMENTATION_STATUS_CODE: 0
INSTRUMENTATION_STATUS: class=com.feedme.storage.AndroidStateDatabaseTest
INSTRUMENTATION_STATUS: current=9
INSTRUMENTATION_STATUS: id=AndroidJUnitRunner
INSTRUMENTATION_STATUS: numtests=29
INSTRUMENTATION_STATUS: stream=
INSTRUMENTATION_STATUS: test=secondManagerFailsWhileLockedAndReopensAfterClose
INSTRUMENTATION_STATUS_CODE: 1
INSTRUMENTATION_STATUS: class=com.feedme.storage.AndroidStateDatabaseTest
INSTRUMENTATION_STATUS: current=9
INSTRUMENTATION_STATUS: id=AndroidJUnitRunner
INSTRUMENTATION_STATUS: numtests=29
INSTRUMENTATION_STATUS: stream=.
INSTRUMENTATION_STATUS: test=secondManagerFailsWhileLockedAndReopensAfterClose
INSTRUMENTATION_STATUS_CODE: 0
INSTRUMENTATION_STATUS: class=com.feedme.storage.AndroidStateDatabaseTest
INSTRUMENTATION_STATUS: current=10
INSTRUMENTATION_STATUS: id=AndroidJUnitRunner
INSTRUMENTATION_STATUS: numtests=29
INSTRUMENTATION_STATUS: stream=
INSTRUMENTATION_STATUS: test=preexistingWalIsPreservedAndFailureReleasesLock
INSTRUMENTATION_STATUS_CODE: 1
INSTRUMENTATION_STATUS: class=com.feedme.storage.AndroidStateDatabaseTest
INSTRUMENTATION_STATUS: current=10
INSTRUMENTATION_STATUS: id=AndroidJUnitRunner
INSTRUMENTATION_STATUS: numtests=29
INSTRUMENTATION_STATUS: stream=.
INSTRUMENTATION_STATUS: test=preexistingWalIsPreservedAndFailureReleasesLock
INSTRUMENTATION_STATUS_CODE: 0
INSTRUMENTATION_STATUS: class=com.feedme.storage.AndroidStateDatabaseTest
INSTRUMENTATION_STATUS: current=11
INSTRUMENTATION_STATUS: id=AndroidJUnitRunner
INSTRUMENTATION_STATUS: numtests=29
INSTRUMENTATION_STATUS: stream=
INSTRUMENTATION_STATUS: test=symlinkDatabaseIsRejectedWithoutChangingItsTargetAndReleasesLock
INSTRUMENTATION_STATUS_CODE: 1
INSTRUMENTATION_STATUS: class=com.feedme.storage.AndroidStateDatabaseTest
INSTRUMENTATION_STATUS: current=11
INSTRUMENTATION_STATUS: id=AndroidJUnitRunner
INSTRUMENTATION_STATUS: numtests=29
INSTRUMENTATION_STATUS: stream=.
INSTRUMENTATION_STATUS: test=symlinkDatabaseIsRejectedWithoutChangingItsTargetAndReleasesLock
INSTRUMENTATION_STATUS_CODE: 0
INSTRUMENTATION_STATUS: class=com.feedme.storage.AndroidStateDatabaseTest
INSTRUMENTATION_STATUS: current=12
INSTRUMENTATION_STATUS: id=AndroidJUnitRunner
INSTRUMENTATION_STATUS: numtests=29
INSTRUMENTATION_STATUS: stream=
INSTRUMENTATION_STATUS: test=preexistingSharedMemoryIsPreservedAndFailureReleasesLock
INSTRUMENTATION_STATUS_CODE: 1
INSTRUMENTATION_STATUS: class=com.feedme.storage.AndroidStateDatabaseTest
INSTRUMENTATION_STATUS: current=12
INSTRUMENTATION_STATUS: id=AndroidJUnitRunner
INSTRUMENTATION_STATUS: numtests=29
INSTRUMENTATION_STATUS: stream=.
INSTRUMENTATION_STATUS: test=preexistingSharedMemoryIsPreservedAndFailureReleasesLock
INSTRUMENTATION_STATUS_CODE: 0
INSTRUMENTATION_STATUS: class=com.feedme.storage.AndroidStateDatabaseTest
INSTRUMENTATION_STATUS: current=13
INSTRUMENTATION_STATUS: id=AndroidJUnitRunner
INSTRUMENTATION_STATUS: numtests=29
INSTRUMENTATION_STATUS: stream=
INSTRUMENTATION_STATUS: test=invalidExistingSchemaFailureReleasesManagerCallbackLock
INSTRUMENTATION_STATUS_CODE: 1
INSTRUMENTATION_STATUS: class=com.feedme.storage.AndroidStateDatabaseTest
INSTRUMENTATION_STATUS: current=13
INSTRUMENTATION_STATUS: id=AndroidJUnitRunner
INSTRUMENTATION_STATUS: numtests=29
INSTRUMENTATION_STATUS: stream=.
INSTRUMENTATION_STATUS: test=invalidExistingSchemaFailureReleasesManagerCallbackLock
INSTRUMENTATION_STATUS_CODE: 0
INSTRUMENTATION_STATUS: class=com.feedme.storage.AndroidSessionControlStoreTest
INSTRUMENTATION_STATUS: current=14
INSTRUMENTATION_STATUS: id=AndroidJUnitRunner
INSTRUMENTATION_STATUS: numtests=29
INSTRUMENTATION_STATUS: stream=
com.feedme.storage.AndroidSessionControlStoreTest:
INSTRUMENTATION_STATUS: test=missingControlDatabaseWithSurvivingKeysFailsWithoutCreatingReplacement
INSTRUMENTATION_STATUS_CODE: 1
INSTRUMENTATION_STATUS: class=com.feedme.storage.AndroidSessionControlStoreTest
INSTRUMENTATION_STATUS: current=14
INSTRUMENTATION_STATUS: id=AndroidJUnitRunner
INSTRUMENTATION_STATUS: numtests=29
INSTRUMENTATION_STATUS: stream=.
INSTRUMENTATION_STATUS: test=missingControlDatabaseWithSurvivingKeysFailsWithoutCreatingReplacement
INSTRUMENTATION_STATUS_CODE: 0
INSTRUMENTATION_STATUS: class=com.feedme.storage.AndroidSessionControlStoreTest
INSTRUMENTATION_STATUS: current=15
INSTRUMENTATION_STATUS: id=AndroidJUnitRunner
INSTRUMENTATION_STATUS: numtests=29
INSTRUMENTATION_STATUS: stream=
INSTRUMENTATION_STATUS: test=missingControlIndexKeyFailsWithoutRebindingExistingState
INSTRUMENTATION_STATUS_CODE: 1
INSTRUMENTATION_STATUS: class=com.feedme.storage.AndroidSessionControlStoreTest
INSTRUMENTATION_STATUS: current=15
INSTRUMENTATION_STATUS: id=AndroidJUnitRunner
INSTRUMENTATION_STATUS: numtests=29
INSTRUMENTATION_STATUS: stream=.
INSTRUMENTATION_STATUS: test=missingControlIndexKeyFailsWithoutRebindingExistingState
INSTRUMENTATION_STATUS_CODE: 0
INSTRUMENTATION_STATUS: class=com.feedme.storage.AndroidSessionControlStoreTest
INSTRUMENTATION_STATUS: current=16
INSTRUMENTATION_STATUS: id=AndroidJUnitRunner
INSTRUMENTATION_STATUS: numtests=29
INSTRUMENTATION_STATUS: stream=
INSTRUMENTATION_STATUS: test=existingEmptyLockOnlyAndLostAllStateDirectoriesCannotResetRetirementControl
INSTRUMENTATION_STATUS_CODE: 1
INSTRUMENTATION_STATUS: class=com.feedme.storage.AndroidSessionControlStoreTest
INSTRUMENTATION_STATUS: current=16
INSTRUMENTATION_STATUS: id=AndroidJUnitRunner
INSTRUMENTATION_STATUS: numtests=29
INSTRUMENTATION_STATUS: stream=.
INSTRUMENTATION_STATUS: test=existingEmptyLockOnlyAndLostAllStateDirectoriesCannotResetRetirementControl
INSTRUMENTATION_STATUS_CODE: 0
INSTRUMENTATION_STATUS: class=com.feedme.storage.AndroidSessionControlStoreTest
INSTRUMENTATION_STATUS: current=17
INSTRUMENTATION_STATUS: id=AndroidJUnitRunner
INSTRUMENTATION_STATUS: numtests=29
INSTRUMENTATION_STATUS: stream=
INSTRUMENTATION_STATUS: test=duplicateControlOpenFailsWhileLifetimeLockIsHeldAndReopensAfterClose
INSTRUMENTATION_STATUS_CODE: 1
INSTRUMENTATION_STATUS: class=com.feedme.storage.AndroidSessionControlStoreTest
INSTRUMENTATION_STATUS: current=17
INSTRUMENTATION_STATUS: id=AndroidJUnitRunner
INSTRUMENTATION_STATUS: numtests=29
INSTRUMENTATION_STATUS: stream=.
INSTRUMENTATION_STATUS: test=duplicateControlOpenFailsWhileLifetimeLockIsHeldAndReopensAfterClose
INSTRUMENTATION_STATUS_CODE: 0
INSTRUMENTATION_STATUS: class=com.feedme.storage.AndroidSessionControlStoreTest
INSTRUMENTATION_STATUS: current=18
INSTRUMENTATION_STATUS: id=AndroidJUnitRunner
INSTRUMENTATION_STATUS: numtests=29
INSTRUMENTATION_STATUS: stream=
INSTRUMENTATION_STATUS: test=missingControlOwnerKeyFailsWithoutGeneratingAnotherKey
INSTRUMENTATION_STATUS_CODE: 1
INSTRUMENTATION_STATUS: class=com.feedme.storage.AndroidSessionControlStoreTest
INSTRUMENTATION_STATUS: current=18
INSTRUMENTATION_STATUS: id=AndroidJUnitRunner
INSTRUMENTATION_STATUS: numtests=29
INSTRUMENTATION_STATUS: stream=.
INSTRUMENTATION_STATUS: test=missingControlOwnerKeyFailsWithoutGeneratingAnotherKey
INSTRUMENTATION_STATUS_CODE: 0
INSTRUMENTATION_STATUS: class=com.feedme.storage.AndroidSessionControlStoreTest
INSTRUMENTATION_STATUS: current=19
INSTRUMENTATION_STATUS: id=AndroidJUnitRunner
INSTRUMENTATION_STATUS: numtests=29
INSTRUMENTATION_STATUS: stream=
INSTRUMENTATION_STATUS: test=existingDatabaseWithMissingLedgerFailsWithoutResettingItsOwner
INSTRUMENTATION_STATUS_CODE: 1
INSTRUMENTATION_STATUS: class=com.feedme.storage.AndroidSessionControlStoreTest
INSTRUMENTATION_STATUS: current=19
INSTRUMENTATION_STATUS: id=AndroidJUnitRunner
INSTRUMENTATION_STATUS: numtests=29
INSTRUMENTATION_STATUS: stream=.
INSTRUMENTATION_STATUS: test=existingDatabaseWithMissingLedgerFailsWithoutResettingItsOwner
INSTRUMENTATION_STATUS_CODE: 0
INSTRUMENTATION_STATUS: class=com.feedme.storage.AndroidSessionControlStoreTest
INSTRUMENTATION_STATUS: current=20
INSTRUMENTATION_STATUS: id=AndroidJUnitRunner
INSTRUMENTATION_STATUS: numtests=29
INSTRUMENTATION_STATUS: stream=
INSTRUMENTATION_STATUS: test=existingDatabaseWithMissingControlOwnerFailsWithoutActivatingIt
INSTRUMENTATION_STATUS_CODE: 1
INSTRUMENTATION_STATUS: class=com.feedme.storage.AndroidSessionControlStoreTest
INSTRUMENTATION_STATUS: current=20
INSTRUMENTATION_STATUS: id=AndroidJUnitRunner
INSTRUMENTATION_STATUS: numtests=29
INSTRUMENTATION_STATUS: stream=.
INSTRUMENTATION_STATUS: test=existingDatabaseWithMissingControlOwnerFailsWithoutActivatingIt
INSTRUMENTATION_STATUS_CODE: 0
INSTRUMENTATION_STATUS: class=com.feedme.storage.AndroidSessionControlStoreTest
INSTRUMENTATION_STATUS: current=21
INSTRUMENTATION_STATUS: id=AndroidJUnitRunner
INSTRUMENTATION_STATUS: numtests=29
INSTRUMENTATION_STATUS: stream=
INSTRUMENTATION_STATUS: test=nativeControlCasReopensAndSurvivesIndependentOwnerKeyErasure
INSTRUMENTATION_STATUS_CODE: 1
INSTRUMENTATION_STATUS: class=com.feedme.storage.AndroidSessionControlStoreTest
INSTRUMENTATION_STATUS: current=21
INSTRUMENTATION_STATUS: id=AndroidJUnitRunner
INSTRUMENTATION_STATUS: numtests=29
INSTRUMENTATION_STATUS: stream=.
INSTRUMENTATION_STATUS: test=nativeControlCasReopensAndSurvivesIndependentOwnerKeyErasure
INSTRUMENTATION_STATUS_CODE: 0
INSTRUMENTATION_STATUS: class=com.feedme.storage.AndroidSessionWorkStoreTest
INSTRUMENTATION_STATUS: current=22
INSTRUMENTATION_STATUS: id=AndroidJUnitRunner
INSTRUMENTATION_STATUS: numtests=29
INSTRUMENTATION_STATUS: stream=
com.feedme.storage.AndroidSessionWorkStoreTest:
INSTRUMENTATION_STATUS: test=existingDatabaseWithMissingWorkOwnerFailsWithoutActivatingIt
INSTRUMENTATION_STATUS_CODE: 1
INSTRUMENTATION_STATUS: class=com.feedme.storage.AndroidSessionWorkStoreTest
INSTRUMENTATION_STATUS: current=22
INSTRUMENTATION_STATUS: id=AndroidJUnitRunner
INSTRUMENTATION_STATUS: numtests=29
INSTRUMENTATION_STATUS: stream=.
INSTRUMENTATION_STATUS: test=existingDatabaseWithMissingWorkOwnerFailsWithoutActivatingIt
INSTRUMENTATION_STATUS_CODE: 0
INSTRUMENTATION_STATUS: class=com.feedme.storage.AndroidSessionWorkStoreTest
INSTRUMENTATION_STATUS: current=23
INSTRUMENTATION_STATUS: id=AndroidJUnitRunner
INSTRUMENTATION_STATUS: numtests=29
INSTRUMENTATION_STATUS: stream=
INSTRUMENTATION_STATUS: test=duplicateWorkOpenFailsWhileLifetimeLockIsHeldAndReopensAfterClose
INSTRUMENTATION_STATUS_CODE: 1
INSTRUMENTATION_STATUS: class=com.feedme.storage.AndroidSessionWorkStoreTest
INSTRUMENTATION_STATUS: current=23
INSTRUMENTATION_STATUS: id=AndroidJUnitRunner
INSTRUMENTATION_STATUS: numtests=29
INSTRUMENTATION_STATUS: stream=.
INSTRUMENTATION_STATUS: test=duplicateWorkOpenFailsWhileLifetimeLockIsHeldAndReopensAfterClose
INSTRUMENTATION_STATUS_CODE: 0
INSTRUMENTATION_STATUS: class=com.feedme.storage.AndroidSessionWorkStoreTest
INSTRUMENTATION_STATUS: current=24
INSTRUMENTATION_STATUS: id=AndroidJUnitRunner
INSTRUMENTATION_STATUS: numtests=29
INSTRUMENTATION_STATUS: stream=
INSTRUMENTATION_STATUS: test=missingWorkOwnerKeyFailsWithoutGeneratingAnotherKey
INSTRUMENTATION_STATUS_CODE: 1
INSTRUMENTATION_STATUS: class=com.feedme.storage.AndroidSessionWorkStoreTest
INSTRUMENTATION_STATUS: current=24
INSTRUMENTATION_STATUS: id=AndroidJUnitRunner
INSTRUMENTATION_STATUS: numtests=29
INSTRUMENTATION_STATUS: stream=.
INSTRUMENTATION_STATUS: test=missingWorkOwnerKeyFailsWithoutGeneratingAnotherKey
INSTRUMENTATION_STATUS_CODE: 0
INSTRUMENTATION_STATUS: class=com.feedme.storage.AndroidSessionWorkStoreTest
INSTRUMENTATION_STATUS: current=25
INSTRUMENTATION_STATUS: id=AndroidJUnitRunner
INSTRUMENTATION_STATUS: numtests=29
INSTRUMENTATION_STATUS: stream=
INSTRUMENTATION_STATUS: test=missingWorkDatabaseWithSurvivingKeysFailsWithoutCreatingReplacement
INSTRUMENTATION_STATUS_CODE: 1
INSTRUMENTATION_STATUS: class=com.feedme.storage.AndroidSessionWorkStoreTest
INSTRUMENTATION_STATUS: current=25
INSTRUMENTATION_STATUS: id=AndroidJUnitRunner
INSTRUMENTATION_STATUS: numtests=29
INSTRUMENTATION_STATUS: stream=.
INSTRUMENTATION_STATUS: test=missingWorkDatabaseWithSurvivingKeysFailsWithoutCreatingReplacement
INSTRUMENTATION_STATUS_CODE: 0
INSTRUMENTATION_STATUS: class=com.feedme.storage.AndroidSessionWorkStoreTest
INSTRUMENTATION_STATUS: current=26
INSTRUMENTATION_STATUS: id=AndroidJUnitRunner
INSTRUMENTATION_STATUS: numtests=29
INSTRUMENTATION_STATUS: stream=
INSTRUMENTATION_STATUS: test=nativeWorkCasReopensAndSurvivesIndependentControlWritesAndOwnerKeyErasure
INSTRUMENTATION_STATUS_CODE: 1
INSTRUMENTATION_STATUS: class=com.feedme.storage.AndroidSessionWorkStoreTest
INSTRUMENTATION_STATUS: current=26
INSTRUMENTATION_STATUS: id=AndroidJUnitRunner
INSTRUMENTATION_STATUS: numtests=29
INSTRUMENTATION_STATUS: stream=.
INSTRUMENTATION_STATUS: test=nativeWorkCasReopensAndSurvivesIndependentControlWritesAndOwnerKeyErasure
INSTRUMENTATION_STATUS_CODE: 0
INSTRUMENTATION_STATUS: class=com.feedme.storage.AndroidSessionWorkStoreTest
INSTRUMENTATION_STATUS: current=27
INSTRUMENTATION_STATUS: id=AndroidJUnitRunner
INSTRUMENTATION_STATUS: numtests=29
INSTRUMENTATION_STATUS: stream=
INSTRUMENTATION_STATUS: test=existingEmptyLockOnlyAndLostAllStateDirectoriesCannotInitializeAnIdleRegistry
INSTRUMENTATION_STATUS_CODE: 1
INSTRUMENTATION_STATUS: class=com.feedme.storage.AndroidSessionWorkStoreTest
INSTRUMENTATION_STATUS: current=27
INSTRUMENTATION_STATUS: id=AndroidJUnitRunner
INSTRUMENTATION_STATUS: numtests=29
INSTRUMENTATION_STATUS: stream=.
INSTRUMENTATION_STATUS: test=existingEmptyLockOnlyAndLostAllStateDirectoriesCannotInitializeAnIdleRegistry
INSTRUMENTATION_STATUS_CODE: 0
INSTRUMENTATION_STATUS: class=com.feedme.storage.AndroidSessionWorkStoreTest
INSTRUMENTATION_STATUS: current=28
INSTRUMENTATION_STATUS: id=AndroidJUnitRunner
INSTRUMENTATION_STATUS: numtests=29
INSTRUMENTATION_STATUS: stream=
INSTRUMENTATION_STATUS: test=existingDatabaseWithMissingLedgerFailsWithoutResettingItsOwner
INSTRUMENTATION_STATUS_CODE: 1
INSTRUMENTATION_STATUS: class=com.feedme.storage.AndroidSessionWorkStoreTest
INSTRUMENTATION_STATUS: current=28
INSTRUMENTATION_STATUS: id=AndroidJUnitRunner
INSTRUMENTATION_STATUS: numtests=29
INSTRUMENTATION_STATUS: stream=.
INSTRUMENTATION_STATUS: test=existingDatabaseWithMissingLedgerFailsWithoutResettingItsOwner
INSTRUMENTATION_STATUS_CODE: 0
INSTRUMENTATION_STATUS: class=com.feedme.storage.AndroidSessionWorkStoreTest
INSTRUMENTATION_STATUS: current=29
INSTRUMENTATION_STATUS: id=AndroidJUnitRunner
INSTRUMENTATION_STATUS: numtests=29
INSTRUMENTATION_STATUS: stream=
INSTRUMENTATION_STATUS: test=missingWorkIndexKeyFailsWithoutRebindingExistingState
INSTRUMENTATION_STATUS_CODE: 1
INSTRUMENTATION_STATUS: class=com.feedme.storage.AndroidSessionWorkStoreTest
INSTRUMENTATION_STATUS: current=29
INSTRUMENTATION_STATUS: id=AndroidJUnitRunner
INSTRUMENTATION_STATUS: numtests=29
INSTRUMENTATION_STATUS: stream=.
INSTRUMENTATION_STATUS: test=missingWorkIndexKeyFailsWithoutRebindingExistingState
INSTRUMENTATION_STATUS_CODE: 0
INSTRUMENTATION_RESULT: stream=

Time: 1.326

OK (29 tests)


INSTRUMENTATION_CODE: -1
