INSTRUMENTATION_STATUS: class=com.feedme.session.AndroidCredentialStoreTest
INSTRUMENTATION_STATUS: current=1
INSTRUMENTATION_STATUS: id=AndroidJUnitRunner
INSTRUMENTATION_STATUS: numtests=19
INSTRUMENTATION_STATUS: stream=
com.feedme.session.AndroidCredentialStoreTest:
INSTRUMENTATION_STATUS: test=missingActiveKeyOrBlobBlocksReadsButExactRetirementCanFinish
INSTRUMENTATION_STATUS_CODE: 1
INSTRUMENTATION_STATUS: class=com.feedme.session.AndroidCredentialStoreTest
INSTRUMENTATION_STATUS: current=1
INSTRUMENTATION_STATUS: id=AndroidJUnitRunner
INSTRUMENTATION_STATUS: numtests=19
INSTRUMENTATION_STATUS: stream=.
INSTRUMENTATION_STATUS: test=missingActiveKeyOrBlobBlocksReadsButExactRetirementCanFinish
INSTRUMENTATION_STATUS_CODE: 0
INSTRUMENTATION_STATUS: class=com.feedme.session.AndroidCredentialStoreTest
INSTRUMENTATION_STATUS: current=2
INSTRUMENTATION_STATUS: id=AndroidJUnitRunner
INSTRUMENTATION_STATUS: numtests=19
INSTRUMENTATION_STATUS: stream=
INSTRUMENTATION_STATUS: test=createAcknowledgementLossAfterManifestRenameReopensExactCommittedIncarnation
INSTRUMENTATION_STATUS_CODE: 1
INSTRUMENTATION_STATUS: class=com.feedme.session.AndroidCredentialStoreTest
INSTRUMENTATION_STATUS: current=2
INSTRUMENTATION_STATUS: id=AndroidJUnitRunner
INSTRUMENTATION_STATUS: numtests=19
INSTRUMENTATION_STATUS: stream=.
INSTRUMENTATION_STATUS: test=createAcknowledgementLossAfterManifestRenameReopensExactCommittedIncarnation
INSTRUMENTATION_STATUS_CODE: 0
INSTRUMENTATION_STATUS: class=com.feedme.session.AndroidCredentialStoreTest
INSTRUMENTATION_STATUS: current=3
INSTRUMENTATION_STATUS: id=AndroidJUnitRunner
INSTRUMENTATION_STATUS: numtests=19
INSTRUMENTATION_STATUS: stream=
INSTRUMENTATION_STATUS: test=retirementAcknowledgementLossOccursOnlyAfterKeyErasureAndReopensEmpty
INSTRUMENTATION_STATUS_CODE: 1
INSTRUMENTATION_STATUS: class=com.feedme.session.AndroidCredentialStoreTest
INSTRUMENTATION_STATUS: current=3
INSTRUMENTATION_STATUS: id=AndroidJUnitRunner
INSTRUMENTATION_STATUS: numtests=19
INSTRUMENTATION_STATUS: stream=.
INSTRUMENTATION_STATUS: test=retirementAcknowledgementLossOccursOnlyAfterKeyErasureAndReopensEmpty
INSTRUMENTATION_STATUS_CODE: 0
INSTRUMENTATION_STATUS: class=com.feedme.session.AndroidCredentialStoreTest
INSTRUMENTATION_STATUS: current=4
INSTRUMENTATION_STATUS: id=AndroidJUnitRunner
INSTRUMENTATION_STATUS: numtests=19
INSTRUMENTATION_STATUS: stream=
INSTRUMENTATION_STATUS: test=refreshCannotChangeOwnerKindOrBootstrappedDeviceAndAttachmentIsExactCas
INSTRUMENTATION_STATUS_CODE: 1
INSTRUMENTATION_STATUS: class=com.feedme.session.AndroidCredentialStoreTest
INSTRUMENTATION_STATUS: current=4
INSTRUMENTATION_STATUS: id=AndroidJUnitRunner
INSTRUMENTATION_STATUS: numtests=19
INSTRUMENTATION_STATUS: stream=.
INSTRUMENTATION_STATUS: test=refreshCannotChangeOwnerKindOrBootstrappedDeviceAndAttachmentIsExactCas
INSTRUMENTATION_STATUS_CODE: 0
INSTRUMENTATION_STATUS: class=com.feedme.session.AndroidCredentialStoreTest
INSTRUMENTATION_STATUS: current=5
INSTRUMENTATION_STATUS: id=AndroidJUnitRunner
INSTRUMENTATION_STATUS: numtests=19
INSTRUMENTATION_STATUS: stream=
INSTRUMENTATION_STATUS: test=oneActiveSlotAndExactRevisionCasRejectOtherLoginAndCompetingRefresh
INSTRUMENTATION_STATUS_CODE: 1
INSTRUMENTATION_STATUS: class=com.feedme.session.AndroidCredentialStoreTest
INSTRUMENTATION_STATUS: current=5
INSTRUMENTATION_STATUS: id=AndroidJUnitRunner
INSTRUMENTATION_STATUS: numtests=19
INSTRUMENTATION_STATUS: stream=.
INSTRUMENTATION_STATUS: test=oneActiveSlotAndExactRevisionCasRejectOtherLoginAndCompetingRefresh
INSTRUMENTATION_STATUS_CODE: 0
INSTRUMENTATION_STATUS: class=com.feedme.session.AndroidCredentialStoreTest
INSTRUMENTATION_STATUS: current=6
INSTRUMENTATION_STATUS: id=AndroidJUnitRunner
INSTRUMENTATION_STATUS: numtests=19
INSTRUMENTATION_STATUS: stream=
INSTRUMENTATION_STATUS: test=guestCredentialsRemainGuestAcrossReopenAndCannotAcceptDeviceBootstrap
INSTRUMENTATION_STATUS_CODE: 1
INSTRUMENTATION_STATUS: class=com.feedme.session.AndroidCredentialStoreTest
INSTRUMENTATION_STATUS: current=6
INSTRUMENTATION_STATUS: id=AndroidJUnitRunner
INSTRUMENTATION_STATUS: numtests=19
INSTRUMENTATION_STATUS: stream=.
INSTRUMENTATION_STATUS: test=guestCredentialsRemainGuestAcrossReopenAndCannotAcceptDeviceBootstrap
INSTRUMENTATION_STATUS_CODE: 0
INSTRUMENTATION_STATUS: class=com.feedme.session.AndroidCredentialStoreTest
INSTRUMENTATION_STATUS: current=7
INSTRUMENTATION_STATUS: id=AndroidJUnitRunner
INSTRUMENTATION_STATUS: numtests=19
INSTRUMENTATION_STATUS: stream=
INSTRUMENTATION_STATUS: test=symlinkDirectoryCannotRedirectCredentialFilesOrModifyItsTarget
INSTRUMENTATION_STATUS_CODE: 1
INSTRUMENTATION_STATUS: class=com.feedme.session.AndroidCredentialStoreTest
INSTRUMENTATION_STATUS: current=7
INSTRUMENTATION_STATUS: id=AndroidJUnitRunner
INSTRUMENTATION_STATUS: numtests=19
INSTRUMENTATION_STATUS: stream=.
INSTRUMENTATION_STATUS: test=symlinkDirectoryCannotRedirectCredentialFilesOrModifyItsTarget
INSTRUMENTATION_STATUS_CODE: 0
INSTRUMENTATION_STATUS: class=com.feedme.session.AndroidCredentialStoreTest
INSTRUMENTATION_STATUS: current=8
INSTRUMENTATION_STATUS: id=AndroidJUnitRunner
INSTRUMENTATION_STATUS: numtests=19
INSTRUMENTATION_STATUS: stream=
INSTRUMENTATION_STATUS: test=createRefreshBootstrapAndReopenPreserveExactIncarnationAndSecrets
INSTRUMENTATION_STATUS_CODE: 1
INSTRUMENTATION_STATUS: class=com.feedme.session.AndroidCredentialStoreTest
INSTRUMENTATION_STATUS: current=8
INSTRUMENTATION_STATUS: id=AndroidJUnitRunner
INSTRUMENTATION_STATUS: numtests=19
INSTRUMENTATION_STATUS: stream=.
INSTRUMENTATION_STATUS: test=createRefreshBootstrapAndReopenPreserveExactIncarnationAndSecrets
INSTRUMENTATION_STATUS_CODE: 0
INSTRUMENTATION_STATUS: class=com.feedme.session.AndroidCredentialStoreTest
INSTRUMENTATION_STATUS: current=9
INSTRUMENTATION_STATUS: id=AndroidJUnitRunner
INSTRUMENTATION_STATUS: numtests=19
INSTRUMENTATION_STATUS: stream=
INSTRUMENTATION_STATUS: test=preexistingEmptyDirectoryOrLostRetiredSlotCannotResetToInitialRevision
INSTRUMENTATION_STATUS_CODE: 1
INSTRUMENTATION_STATUS: class=com.feedme.session.AndroidCredentialStoreTest
INSTRUMENTATION_STATUS: current=9
INSTRUMENTATION_STATUS: id=AndroidJUnitRunner
INSTRUMENTATION_STATUS: numtests=19
INSTRUMENTATION_STATUS: stream=.
INSTRUMENTATION_STATUS: test=preexistingEmptyDirectoryOrLostRetiredSlotCannotResetToInitialRevision
INSTRUMENTATION_STATUS_CODE: 0
INSTRUMENTATION_STATUS: class=com.feedme.session.AndroidCredentialStoreTest
INSTRUMENTATION_STATUS: current=10
INSTRUMENTATION_STATUS: id=AndroidJUnitRunner
INSTRUMENTATION_STATUS: numtests=19
INSTRUMENTATION_STATUS: stream=
INSTRUMENTATION_STATUS: test=permissiveDirectoryAndManifestModesFailInsteadOfSilentlyRepairingThem
INSTRUMENTATION_STATUS_CODE: 1
INSTRUMENTATION_STATUS: class=com.feedme.session.AndroidCredentialStoreTest
INSTRUMENTATION_STATUS: current=10
INSTRUMENTATION_STATUS: id=AndroidJUnitRunner
INSTRUMENTATION_STATUS: numtests=19
INSTRUMENTATION_STATUS: stream=.
INSTRUMENTATION_STATUS: test=permissiveDirectoryAndManifestModesFailInsteadOfSilentlyRepairingThem
INSTRUMENTATION_STATUS_CODE: 0
INSTRUMENTATION_STATUS: class=com.feedme.session.AndroidCredentialStoreTest
INSTRUMENTATION_STATUS: current=11
INSTRUMENTATION_STATUS: id=AndroidJUnitRunner
INSTRUMENTATION_STATUS: numtests=19
INSTRUMENTATION_STATUS: stream=
INSTRUMENTATION_STATUS: test=duplicateOpenRespectsLifetimeLockAndCloseAllowsExactReopen
INSTRUMENTATION_STATUS_CODE: 1
INSTRUMENTATION_STATUS: class=com.feedme.session.AndroidCredentialStoreTest
INSTRUMENTATION_STATUS: current=11
INSTRUMENTATION_STATUS: id=AndroidJUnitRunner
INSTRUMENTATION_STATUS: numtests=19
INSTRUMENTATION_STATUS: stream=.
INSTRUMENTATION_STATUS: test=duplicateOpenRespectsLifetimeLockAndCloseAllowsExactReopen
INSTRUMENTATION_STATUS_CODE: 0
INSTRUMENTATION_STATUS: class=com.feedme.session.AndroidCredentialStoreTest
INSTRUMENTATION_STATUS: current=12
INSTRUMENTATION_STATUS: id=AndroidJUnitRunner
INSTRUMENTATION_STATUS: numtests=19
INSTRUMENTATION_STATUS: stream=
INSTRUMENTATION_STATUS: test=symlinkManifestAndCredentialBlobAreRejectedWithoutChangingTargets
INSTRUMENTATION_STATUS_CODE: 1
INSTRUMENTATION_STATUS: class=com.feedme.session.AndroidCredentialStoreTest
INSTRUMENTATION_STATUS: current=12
INSTRUMENTATION_STATUS: id=AndroidJUnitRunner
INSTRUMENTATION_STATUS: numtests=19
INSTRUMENTATION_STATUS: stream=.
INSTRUMENTATION_STATUS: test=symlinkManifestAndCredentialBlobAreRejectedWithoutChangingTargets
INSTRUMENTATION_STATUS_CODE: 0
INSTRUMENTATION_STATUS: class=com.feedme.session.AndroidCredentialStoreTest
INSTRUMENTATION_STATUS: current=13
INSTRUMENTATION_STATUS: id=AndroidJUnitRunner
INSTRUMENTATION_STATUS: numtests=19
INSTRUMENTATION_STATUS: stream=
INSTRUMENTATION_STATUS: test=ownedLockDescriptorIsClosedAfterEveryOpenAndDuplicateFailureCycle
INSTRUMENTATION_STATUS_CODE: 1
INSTRUMENTATION_STATUS: class=com.feedme.session.AndroidCredentialStoreTest
INSTRUMENTATION_STATUS: current=13
INSTRUMENTATION_STATUS: id=AndroidJUnitRunner
INSTRUMENTATION_STATUS: numtests=19
INSTRUMENTATION_STATUS: stream=.
INSTRUMENTATION_STATUS: test=ownedLockDescriptorIsClosedAfterEveryOpenAndDuplicateFailureCycle
INSTRUMENTATION_STATUS_CODE: 0
INSTRUMENTATION_STATUS: class=com.feedme.session.AndroidCredentialStoreTest
INSTRUMENTATION_STATUS: current=14
INSTRUMENTATION_STATUS: id=AndroidJUnitRunner
INSTRUMENTATION_STATUS: numtests=19
INSTRUMENTATION_STATUS: stream=
INSTRUMENTATION_STATUS: test=refreshInterruptionLeavesOrphanEvidenceAsExplicitRepairGate
INSTRUMENTATION_STATUS_CODE: 1
INSTRUMENTATION_STATUS: class=com.feedme.session.AndroidCredentialStoreTest
INSTRUMENTATION_STATUS: current=14
INSTRUMENTATION_STATUS: id=AndroidJUnitRunner
INSTRUMENTATION_STATUS: numtests=19
INSTRUMENTATION_STATUS: stream=.
INSTRUMENTATION_STATUS: test=refreshInterruptionLeavesOrphanEvidenceAsExplicitRepairGate
INSTRUMENTATION_STATUS_CODE: 0
INSTRUMENTATION_STATUS: class=com.feedme.session.AndroidCredentialStoreTest
INSTRUMENTATION_STATUS: current=15
INSTRUMENTATION_STATUS: id=AndroidJUnitRunner
INSTRUMENTATION_STATUS: numtests=19
INSTRUMENTATION_STATUS: stream=
INSTRUMENTATION_STATUS: test=exactRetirementErasesKeyAndOldRetirementCannotTouchNewSameAccountLogin
INSTRUMENTATION_STATUS_CODE: 1
INSTRUMENTATION_STATUS: class=com.feedme.session.AndroidCredentialStoreTest
INSTRUMENTATION_STATUS: current=15
INSTRUMENTATION_STATUS: id=AndroidJUnitRunner
INSTRUMENTATION_STATUS: numtests=19
INSTRUMENTATION_STATUS: stream=.
INSTRUMENTATION_STATUS: test=exactRetirementErasesKeyAndOldRetirementCannotTouchNewSameAccountLogin
INSTRUMENTATION_STATUS_CODE: 0
INSTRUMENTATION_STATUS: class=com.feedme.session.AndroidCredentialStoreTest
INSTRUMENTATION_STATUS: current=16
INSTRUMENTATION_STATUS: id=AndroidJUnitRunner
INSTRUMENTATION_STATUS: numtests=19
INSTRUMENTATION_STATUS: stream=
INSTRUMENTATION_STATUS: test=missingInstallKeysNeverRecreateOrRebindExistingCredentialFiles
INSTRUMENTATION_STATUS_CODE: 1
INSTRUMENTATION_STATUS: class=com.feedme.session.AndroidCredentialStoreTest
INSTRUMENTATION_STATUS: current=16
INSTRUMENTATION_STATUS: id=AndroidJUnitRunner
INSTRUMENTATION_STATUS: numtests=19
INSTRUMENTATION_STATUS: stream=.
INSTRUMENTATION_STATUS: test=missingInstallKeysNeverRecreateOrRebindExistingCredentialFiles
INSTRUMENTATION_STATUS_CODE: 0
INSTRUMENTATION_STATUS: class=com.feedme.session.AndroidCredentialStoreTest
INSTRUMENTATION_STATUS: current=17
INSTRUMENTATION_STATUS: id=AndroidJUnitRunner
INSTRUMENTATION_STATUS: numtests=19
INSTRUMENTATION_STATUS: stream=
INSTRUMENTATION_STATUS: test=missingOrCorruptManifestFailsClosedWithoutResettingKeysOrFiles
INSTRUMENTATION_STATUS_CODE: 1
INSTRUMENTATION_STATUS: class=com.feedme.session.AndroidCredentialStoreTest
INSTRUMENTATION_STATUS: current=17
INSTRUMENTATION_STATUS: id=AndroidJUnitRunner
INSTRUMENTATION_STATUS: numtests=19
INSTRUMENTATION_STATUS: stream=.
INSTRUMENTATION_STATUS: test=missingOrCorruptManifestFailsClosedWithoutResettingKeysOrFiles
INSTRUMENTATION_STATUS_CODE: 0
INSTRUMENTATION_STATUS: class=com.feedme.session.AndroidCredentialStoreTest
INSTRUMENTATION_STATUS: current=18
INSTRUMENTATION_STATUS: id=AndroidJUnitRunner
INSTRUMENTATION_STATUS: numtests=19
INSTRUMENTATION_STATUS: stream=
INSTRUMENTATION_STATUS: test=corruptedCredentialCiphertextCannotBeOverwrittenByRefresh
INSTRUMENTATION_STATUS_CODE: 1
INSTRUMENTATION_STATUS: class=com.feedme.session.AndroidCredentialStoreTest
INSTRUMENTATION_STATUS: current=18
INSTRUMENTATION_STATUS: id=AndroidJUnitRunner
INSTRUMENTATION_STATUS: numtests=19
INSTRUMENTATION_STATUS: stream=.
INSTRUMENTATION_STATUS: test=corruptedCredentialCiphertextCannotBeOverwrittenByRefresh
INSTRUMENTATION_STATUS_CODE: 0
INSTRUMENTATION_STATUS: class=com.feedme.session.AndroidCredentialStoreTest
INSTRUMENTATION_STATUS: current=19
INSTRUMENTATION_STATUS: id=AndroidJUnitRunner
INSTRUMENTATION_STATUS: numtests=19
INSTRUMENTATION_STATUS: stream=
INSTRUMENTATION_STATUS: test=hardLinkedManifestAndCredentialBlobAreRejectedWithoutChangingTargets
INSTRUMENTATION_STATUS_CODE: 1
INSTRUMENTATION_STATUS: class=com.feedme.session.AndroidCredentialStoreTest
INSTRUMENTATION_STATUS: current=19
INSTRUMENTATION_STATUS: id=AndroidJUnitRunner
INSTRUMENTATION_STATUS: numtests=19
INSTRUMENTATION_STATUS: stack=android.system.ErrnoException: link failed: EACCES (Permission denied)
	at libcore.io.Linux.link(Native Method)
	at libcore.io.ForwardingOs.link(ForwardingOs.java:454)
	at libcore.io.BlockGuardOs.link(BlockGuardOs.java:237)
	at libcore.io.ForwardingOs.link(ForwardingOs.java:454)
	at android.system.Os.link(Os.java:424)
	at com.feedme.session.AndroidCredentialStoreTest$hardLinkedManifestAndCredentialBlobAreRejectedWithoutChangingTargets$1.invokeSuspend(AndroidCredentialStoreTest.kt:345)
	at kotlin.coroutines.jvm.internal.BaseContinuationImpl.resumeWith(ContinuationImpl.kt:34)
	at kotlinx.coroutines.DispatchedTask.run(DispatchedTask.kt:100)
	at kotlinx.coroutines.EventLoopImplBase.processNextEvent(EventLoop.common.kt:256)
	at kotlinx.coroutines.BlockingCoroutine.joinBlocking(Builders.kt:54)
	at kotlinx.coroutines.BuildersKt__BuildersKt.runBlockingImpl(Builders.kt:30)
	at kotlinx.coroutines.BuildersKt.runBlockingImpl(Unknown Source:1)
	at kotlinx.coroutines.BuildersKt__Builders_concurrentKt.runBlockingK(Builders.concurrent.kt:172)
	at kotlinx.coroutines.BuildersKt.runBlockingK(Unknown Source:1)
	at kotlinx.coroutines.BuildersKt__Builders_concurrentKt.runBlockingK$default(Builders.concurrent.kt:157)
	at kotlinx.coroutines.BuildersKt.runBlockingK$default(Unknown Source:1)
	at com.feedme.session.AndroidCredentialStoreTest.hardLinkedManifestAndCredentialBlobAreRejectedWithoutChangingTargets(AndroidCredentialStoreTest.kt:334)

INSTRUMENTATION_STATUS: stream=
Error in hardLinkedManifestAndCredentialBlobAreRejectedWithoutChangingTargets(com.feedme.session.AndroidCredentialStoreTest):
android.system.ErrnoException: link failed: EACCES (Permission denied)
	at libcore.io.Linux.link(Native Method)
	at libcore.io.ForwardingOs.link(ForwardingOs.java:454)
	at libcore.io.BlockGuardOs.link(BlockGuardOs.java:237)
	at libcore.io.ForwardingOs.link(ForwardingOs.java:454)
	at android.system.Os.link(Os.java:424)
	at com.feedme.session.AndroidCredentialStoreTest$hardLinkedManifestAndCredentialBlobAreRejectedWithoutChangingTargets$1.invokeSuspend(AndroidCredentialStoreTest.kt:345)
	at kotlin.coroutines.jvm.internal.BaseContinuationImpl.resumeWith(ContinuationImpl.kt:34)
	at kotlinx.coroutines.DispatchedTask.run(DispatchedTask.kt:100)
	at kotlinx.coroutines.EventLoopImplBase.processNextEvent(EventLoop.common.kt:256)
	at kotlinx.coroutines.BlockingCoroutine.joinBlocking(Builders.kt:54)
	at kotlinx.coroutines.BuildersKt__BuildersKt.runBlockingImpl(Builders.kt:30)
	at kotlinx.coroutines.BuildersKt.runBlockingImpl(Unknown Source:1)
	at kotlinx.coroutines.BuildersKt__Builders_concurrentKt.runBlockingK(Builders.concurrent.kt:172)
	at kotlinx.coroutines.BuildersKt.runBlockingK(Unknown Source:1)
	at kotlinx.coroutines.BuildersKt__Builders_concurrentKt.runBlockingK$default(Builders.concurrent.kt:157)
	at kotlinx.coroutines.BuildersKt.runBlockingK$default(Unknown Source:1)
	at com.feedme.session.AndroidCredentialStoreTest.hardLinkedManifestAndCredentialBlobAreRejectedWithoutChangingTargets(AndroidCredentialStoreTest.kt:334)

INSTRUMENTATION_STATUS: test=hardLinkedManifestAndCredentialBlobAreRejectedWithoutChangingTargets
INSTRUMENTATION_STATUS_CODE: -2
INSTRUMENTATION_RESULT: stream=

Time: 1.74
There was 1 failure:
1) hardLinkedManifestAndCredentialBlobAreRejectedWithoutChangingTargets(com.feedme.session.AndroidCredentialStoreTest)
android.system.ErrnoException: link failed: EACCES (Permission denied)
	at libcore.io.Linux.link(Native Method)
	at libcore.io.ForwardingOs.link(ForwardingOs.java:454)
	at libcore.io.BlockGuardOs.link(BlockGuardOs.java:237)
	at libcore.io.ForwardingOs.link(ForwardingOs.java:454)
	at android.system.Os.link(Os.java:424)
	at com.feedme.session.AndroidCredentialStoreTest$hardLinkedManifestAndCredentialBlobAreRejectedWithoutChangingTargets$1.invokeSuspend(AndroidCredentialStoreTest.kt:345)
	at kotlin.coroutines.jvm.internal.BaseContinuationImpl.resumeWith(ContinuationImpl.kt:34)
	at kotlinx.coroutines.DispatchedTask.run(DispatchedTask.kt:100)
	at kotlinx.coroutines.EventLoopImplBase.processNextEvent(EventLoop.common.kt:256)
	at kotlinx.coroutines.BlockingCoroutine.joinBlocking(Builders.kt:54)
	at kotlinx.coroutines.BuildersKt__BuildersKt.runBlockingImpl(Builders.kt:30)
	at kotlinx.coroutines.BuildersKt.runBlockingImpl(Unknown Source:1)
	at kotlinx.coroutines.BuildersKt__Builders_concurrentKt.runBlockingK(Builders.concurrent.kt:172)
	at kotlinx.coroutines.BuildersKt.runBlockingK(Unknown Source:1)
	at kotlinx.coroutines.BuildersKt__Builders_concurrentKt.runBlockingK$default(Builders.concurrent.kt:157)
	at kotlinx.coroutines.BuildersKt.runBlockingK$default(Unknown Source:1)
	at com.feedme.session.AndroidCredentialStoreTest.hardLinkedManifestAndCredentialBlobAreRejectedWithoutChangingTargets(AndroidCredentialStoreTest.kt:334)

FAILURES!!!
Tests run: 19,  Failures: 1


INSTRUMENTATION_CODE: -1
