INSTRUMENTATION_STATUS: class=com.feedme.session.AndroidSessionWorkRecoveryTest
INSTRUMENTATION_STATUS: current=1
INSTRUMENTATION_STATUS: id=AndroidJUnitRunner
INSTRUMENTATION_STATUS: numtests=7
INSTRUMENTATION_STATUS: stream=
com.feedme.session.AndroidSessionWorkRecoveryTest:
INSTRUMENTATION_STATUS: test=wrongScopeFailsBeforeNativeOpenAndInvalidNativeProofRetainsCloseOnlyLock
INSTRUMENTATION_STATUS_CODE: 1
INSTRUMENTATION_STATUS: class=com.feedme.session.AndroidSessionWorkRecoveryTest
INSTRUMENTATION_STATUS: current=1
INSTRUMENTATION_STATUS: id=AndroidJUnitRunner
INSTRUMENTATION_STATUS: numtests=7
INSTRUMENTATION_STATUS: stream=.
INSTRUMENTATION_STATUS: test=wrongScopeFailsBeforeNativeOpenAndInvalidNativeProofRetainsCloseOnlyLock
INSTRUMENTATION_STATUS_CODE: 0
INSTRUMENTATION_STATUS: class=com.feedme.session.AndroidSessionWorkRecoveryTest
INSTRUMENTATION_STATUS: current=2
INSTRUMENTATION_STATUS: id=AndroidJUnitRunner
INSTRUMENTATION_STATUS: numtests=7
INSTRUMENTATION_STATUS: stream=
INSTRUMENTATION_STATUS: test=everyAuthenticatedStageIsReadOnlyExactAndRetainedUntilExplicitClose
INSTRUMENTATION_STATUS_CODE: 1
INSTRUMENTATION_STATUS: class=com.feedme.session.AndroidSessionWorkRecoveryTest
INSTRUMENTATION_STATUS: current=2
INSTRUMENTATION_STATUS: id=AndroidJUnitRunner
INSTRUMENTATION_STATUS: numtests=7
INSTRUMENTATION_STATUS: stream=.
INSTRUMENTATION_STATUS: test=everyAuthenticatedStageIsReadOnlyExactAndRetainedUntilExplicitClose
INSTRUMENTATION_STATUS_CODE: 0
INSTRUMENTATION_STATUS: class=com.feedme.session.AndroidSessionWorkRecoveryTest
INSTRUMENTATION_STATUS: current=3
INSTRUMENTATION_STATUS: id=AndroidJUnitRunner
INSTRUMENTATION_STATUS: numtests=7
INSTRUMENTATION_STATUS: stream=
INSTRUMENTATION_STATUS: test=abortFromEveryStageAndReopenedAbortedReplayObtainFreshExactNextRevisions
INSTRUMENTATION_STATUS_CODE: 1
INSTRUMENTATION_STATUS: class=com.feedme.session.AndroidSessionWorkRecoveryTest
INSTRUMENTATION_STATUS: current=3
INSTRUMENTATION_STATUS: id=AndroidJUnitRunner
INSTRUMENTATION_STATUS: numtests=7
INSTRUMENTATION_STATUS: stream=.
INSTRUMENTATION_STATUS: test=abortFromEveryStageAndReopenedAbortedReplayObtainFreshExactNextRevisions
INSTRUMENTATION_STATUS_CODE: 0
INSTRUMENTATION_STATUS: class=com.feedme.session.AndroidSessionWorkRecoveryTest
INSTRUMENTATION_STATUS: current=4
INSTRUMENTATION_STATUS: id=AndroidJUnitRunner
INSTRUMENTATION_STATUS: numtests=7
INSTRUMENTATION_STATUS: stream=
INSTRUMENTATION_STATUS: test=publicConstructionAndCloseBeforeOpenPerformNoContextOrNativeIo
INSTRUMENTATION_STATUS_CODE: 1
INSTRUMENTATION_STATUS: class=com.feedme.session.AndroidSessionWorkRecoveryTest
INSTRUMENTATION_STATUS: current=4
INSTRUMENTATION_STATUS: id=AndroidJUnitRunner
INSTRUMENTATION_STATUS: numtests=7
INSTRUMENTATION_STATUS: stream=.
INSTRUMENTATION_STATUS: test=publicConstructionAndCloseBeforeOpenPerformNoContextOrNativeIo
INSTRUMENTATION_STATUS_CODE: 0
INSTRUMENTATION_STATUS: class=com.feedme.session.AndroidSessionWorkRecoveryTest
INSTRUMENTATION_STATUS: current=5
INSTRUMENTATION_STATUS: id=AndroidJUnitRunner
INSTRUMENTATION_STATUS: numtests=7
INSTRUMENTATION_STATUS: stream=
INSTRUMENTATION_STATUS: test=currentLeaseBlocksOpeningOrLateAbortAndClosingNeverClearsNewerSession
INSTRUMENTATION_STATUS_CODE: 1
INSTRUMENTATION_STATUS: class=com.feedme.session.AndroidSessionWorkRecoveryTest
INSTRUMENTATION_STATUS: current=5
INSTRUMENTATION_STATUS: id=AndroidJUnitRunner
INSTRUMENTATION_STATUS: numtests=7
INSTRUMENTATION_STATUS: stream=.
INSTRUMENTATION_STATUS: test=currentLeaseBlocksOpeningOrLateAbortAndClosingNeverClearsNewerSession
INSTRUMENTATION_STATUS_CODE: 0
INSTRUMENTATION_STATUS: class=com.feedme.session.AndroidSessionWorkRecoveryTest
INSTRUMENTATION_STATUS: current=6
INSTRUMENTATION_STATUS: id=AndroidJUnitRunner
INSTRUMENTATION_STATUS: numtests=7
INSTRUMENTATION_STATUS: stream=
INSTRUMENTATION_STATUS: test=malformedNoncanonicalAndOrdinaryUsedLedgersNeverBecomeRecoveryAuthority
INSTRUMENTATION_STATUS_CODE: 1
INSTRUMENTATION_STATUS: class=com.feedme.session.AndroidSessionWorkRecoveryTest
INSTRUMENTATION_STATUS: current=6
INSTRUMENTATION_STATUS: id=AndroidJUnitRunner
INSTRUMENTATION_STATUS: numtests=7
INSTRUMENTATION_STATUS: stream=.
INSTRUMENTATION_STATUS: test=malformedNoncanonicalAndOrdinaryUsedLedgersNeverBecomeRecoveryAuthority
INSTRUMENTATION_STATUS_CODE: 0
INSTRUMENTATION_STATUS: class=com.feedme.session.AndroidSessionWorkRecoveryTest
INSTRUMENTATION_STATUS: current=7
INSTRUMENTATION_STATUS: id=AndroidJUnitRunner
INSTRUMENTATION_STATUS: numtests=7
INSTRUMENTATION_STATUS: stream=
INSTRUMENTATION_STATUS: test=authenticatedAbortedPredecessorSupportsSuccessorButNewSelectionFencesOriginal
INSTRUMENTATION_STATUS_CODE: 1
INSTRUMENTATION_STATUS: class=com.feedme.session.AndroidSessionWorkRecoveryTest
INSTRUMENTATION_STATUS: current=7
INSTRUMENTATION_STATUS: id=AndroidJUnitRunner
INSTRUMENTATION_STATUS: numtests=7
INSTRUMENTATION_STATUS: stream=.
INSTRUMENTATION_STATUS: test=authenticatedAbortedPredecessorSupportsSuccessorButNewSelectionFencesOriginal
INSTRUMENTATION_STATUS_CODE: 0
INSTRUMENTATION_RESULT: stream=

Time: 3.221

OK (7 tests)


INSTRUMENTATION_CODE: -1
