INSTRUMENTATION_STATUS: class=com.feedme.storage.AndroidStateVaultTest
INSTRUMENTATION_STATUS: current=1
INSTRUMENTATION_STATUS: id=AndroidJUnitRunner
INSTRUMENTATION_STATUS: numtests=71
INSTRUMENTATION_STATUS: stream=
com.feedme.storage.AndroidStateVaultTest:
INSTRUMENTATION_STATUS: test=existingDatabaseNeverRecreatesMissingIndexKey
INSTRUMENTATION_STATUS_CODE: 1
INSTRUMENTATION_STATUS: class=com.feedme.storage.AndroidStateVaultTest
INSTRUMENTATION_STATUS: current=1
INSTRUMENTATION_STATUS: id=AndroidJUnitRunner
INSTRUMENTATION_STATUS: numtests=71
INSTRUMENTATION_STATUS: stream=.
INSTRUMENTATION_STATUS: test=existingDatabaseNeverRecreatesMissingIndexKey
INSTRUMENTATION_STATUS_CODE: 0
INSTRUMENTATION_STATUS: class=com.feedme.storage.AndroidStateVaultTest
INSTRUMENTATION_STATUS: current=2
INSTRUMENTATION_STATUS: id=AndroidJUnitRunner
INSTRUMENTATION_STATUS: numtests=71
INSTRUMENTATION_STATUS: stream=
INSTRUMENTATION_STATUS: test=authenticationRejectsChangedPayloadTagNonceAadAndKey
INSTRUMENTATION_STATUS_CODE: 1
INSTRUMENTATION_STATUS: class=com.feedme.storage.AndroidStateVaultTest
INSTRUMENTATION_STATUS: current=2
INSTRUMENTATION_STATUS: id=AndroidJUnitRunner
INSTRUMENTATION_STATUS: numtests=71
INSTRUMENTATION_STATUS: stream=.
INSTRUMENTATION_STATUS: test=authenticationRejectsChangedPayloadTagNonceAadAndKey
INSTRUMENTATION_STATUS_CODE: 0
INSTRUMENTATION_STATUS: class=com.feedme.storage.AndroidStateVaultTest
INSTRUMENTATION_STATUS: current=3
INSTRUMENTATION_STATUS: id=AndroidJUnitRunner
INSTRUMENTATION_STATUS: numtests=71
INSTRUMENTATION_STATUS: stream=
INSTRUMENTATION_STATUS: test=erasedOwnerKeyCannotDecryptAndOtherOwnerRemainsReadable
INSTRUMENTATION_STATUS_CODE: 1
INSTRUMENTATION_STATUS: class=com.feedme.storage.AndroidStateVaultTest
INSTRUMENTATION_STATUS: current=3
INSTRUMENTATION_STATUS: id=AndroidJUnitRunner
INSTRUMENTATION_STATUS: numtests=71
INSTRUMENTATION_STATUS: stream=.
INSTRUMENTATION_STATUS: test=erasedOwnerKeyCannotDecryptAndOtherOwnerRemainsReadable
INSTRUMENTATION_STATUS_CODE: 0
INSTRUMENTATION_STATUS: class=com.feedme.storage.AndroidStateVaultTest
INSTRUMENTATION_STATUS: current=4
INSTRUMENTATION_STATUS: id=AndroidJUnitRunner
INSTRUMENTATION_STATUS: numtests=71
INSTRUMENTATION_STATUS: stream=
INSTRUMENTATION_STATUS: test=nativeKeysAreNonExportableAndEncryptionUsesFreshNonces
INSTRUMENTATION_STATUS_CODE: 1
INSTRUMENTATION_STATUS: class=com.feedme.storage.AndroidStateVaultTest
INSTRUMENTATION_STATUS: current=4
INSTRUMENTATION_STATUS: id=AndroidJUnitRunner
INSTRUMENTATION_STATUS: numtests=71
INSTRUMENTATION_STATUS: stream=.
INSTRUMENTATION_STATUS: test=nativeKeysAreNonExportableAndEncryptionUsesFreshNonces
INSTRUMENTATION_STATUS_CODE: 0
INSTRUMENTATION_STATUS: class=com.feedme.storage.AndroidStateVaultTest
INSTRUMENTATION_STATUS: current=5
INSTRUMENTATION_STATUS: id=AndroidJUnitRunner
INSTRUMENTATION_STATUS: numtests=71
INSTRUMENTATION_STATUS: stream=
INSTRUMENTATION_STATUS: test=freshDatabaseReusesExistingIndexKey
INSTRUMENTATION_STATUS_CODE: 1
INSTRUMENTATION_STATUS: class=com.feedme.storage.AndroidStateVaultTest
INSTRUMENTATION_STATUS: current=5
INSTRUMENTATION_STATUS: id=AndroidJUnitRunner
INSTRUMENTATION_STATUS: numtests=71
INSTRUMENTATION_STATUS: stream=.
INSTRUMENTATION_STATUS: test=freshDatabaseReusesExistingIndexKey
INSTRUMENTATION_STATUS_CODE: 0
INSTRUMENTATION_STATUS: class=com.feedme.storage.AndroidStateDatabaseTest
INSTRUMENTATION_STATUS: current=6
INSTRUMENTATION_STATUS: id=AndroidJUnitRunner
INSTRUMENTATION_STATUS: numtests=71
INSTRUMENTATION_STATUS: stream=
com.feedme.storage.AndroidStateDatabaseTest:
INSTRUMENTATION_STATUS: test=committedRecordsSurviveReopenAndErasedScopeStaysErased
INSTRUMENTATION_STATUS_CODE: 1
INSTRUMENTATION_STATUS: class=com.feedme.storage.AndroidStateDatabaseTest
INSTRUMENTATION_STATUS: current=6
INSTRUMENTATION_STATUS: id=AndroidJUnitRunner
INSTRUMENTATION_STATUS: numtests=71
INSTRUMENTATION_STATUS: stream=.
INSTRUMENTATION_STATUS: test=committedRecordsSurviveReopenAndErasedScopeStaysErased
INSTRUMENTATION_STATUS_CODE: 0
INSTRUMENTATION_STATUS: class=com.feedme.storage.AndroidStateDatabaseTest
INSTRUMENTATION_STATUS: current=7
INSTRUMENTATION_STATUS: id=AndroidJUnitRunner
INSTRUMENTATION_STATUS: numtests=71
INSTRUMENTATION_STATUS: stream=
INSTRUMENTATION_STATUS: test=symlinkDirectoryIsRejectedWithoutChangingItsTarget
INSTRUMENTATION_STATUS_CODE: 1
INSTRUMENTATION_STATUS: class=com.feedme.storage.AndroidStateDatabaseTest
INSTRUMENTATION_STATUS: current=7
INSTRUMENTATION_STATUS: id=AndroidJUnitRunner
INSTRUMENTATION_STATUS: numtests=71
INSTRUMENTATION_STATUS: stream=.
INSTRUMENTATION_STATUS: test=symlinkDirectoryIsRejectedWithoutChangingItsTarget
INSTRUMENTATION_STATUS_CODE: 0
INSTRUMENTATION_STATUS: class=com.feedme.storage.AndroidStateDatabaseTest
INSTRUMENTATION_STATUS: current=8
INSTRUMENTATION_STATUS: id=AndroidJUnitRunner
INSTRUMENTATION_STATUS: numtests=71
INSTRUMENTATION_STATUS: stream=
INSTRUMENTATION_STATUS: test=existingDatabaseWithMissingIndexKeyFailsClosed
INSTRUMENTATION_STATUS_CODE: 1
INSTRUMENTATION_STATUS: class=com.feedme.storage.AndroidStateDatabaseTest
INSTRUMENTATION_STATUS: current=8
INSTRUMENTATION_STATUS: id=AndroidJUnitRunner
INSTRUMENTATION_STATUS: numtests=71
INSTRUMENTATION_STATUS: stream=.
INSTRUMENTATION_STATUS: test=existingDatabaseWithMissingIndexKeyFailsClosed
INSTRUMENTATION_STATUS_CODE: 0
INSTRUMENTATION_STATUS: class=com.feedme.storage.AndroidStateDatabaseTest
INSTRUMENTATION_STATUS: current=9
INSTRUMENTATION_STATUS: id=AndroidJUnitRunner
INSTRUMENTATION_STATUS: numtests=71
INSTRUMENTATION_STATUS: stream=
INSTRUMENTATION_STATUS: test=secondManagerFailsWhileLockedAndReopensAfterClose
INSTRUMENTATION_STATUS_CODE: 1
INSTRUMENTATION_STATUS: class=com.feedme.storage.AndroidStateDatabaseTest
INSTRUMENTATION_STATUS: current=9
INSTRUMENTATION_STATUS: id=AndroidJUnitRunner
INSTRUMENTATION_STATUS: numtests=71
INSTRUMENTATION_STATUS: stream=.
INSTRUMENTATION_STATUS: test=secondManagerFailsWhileLockedAndReopensAfterClose
INSTRUMENTATION_STATUS_CODE: 0
INSTRUMENTATION_STATUS: class=com.feedme.storage.AndroidStateDatabaseTest
INSTRUMENTATION_STATUS: current=10
INSTRUMENTATION_STATUS: id=AndroidJUnitRunner
INSTRUMENTATION_STATUS: numtests=71
INSTRUMENTATION_STATUS: stream=
INSTRUMENTATION_STATUS: test=preexistingWalIsPreservedAndFailureReleasesLock
INSTRUMENTATION_STATUS_CODE: 1
INSTRUMENTATION_STATUS: class=com.feedme.storage.AndroidStateDatabaseTest
INSTRUMENTATION_STATUS: current=10
INSTRUMENTATION_STATUS: id=AndroidJUnitRunner
INSTRUMENTATION_STATUS: numtests=71
INSTRUMENTATION_STATUS: stream=.
INSTRUMENTATION_STATUS: test=preexistingWalIsPreservedAndFailureReleasesLock
INSTRUMENTATION_STATUS_CODE: 0
INSTRUMENTATION_STATUS: class=com.feedme.storage.AndroidStateDatabaseTest
INSTRUMENTATION_STATUS: current=11
INSTRUMENTATION_STATUS: id=AndroidJUnitRunner
INSTRUMENTATION_STATUS: numtests=71
INSTRUMENTATION_STATUS: stream=
INSTRUMENTATION_STATUS: test=symlinkDatabaseIsRejectedWithoutChangingItsTargetAndReleasesLock
INSTRUMENTATION_STATUS_CODE: 1
INSTRUMENTATION_STATUS: class=com.feedme.storage.AndroidStateDatabaseTest
INSTRUMENTATION_STATUS: current=11
INSTRUMENTATION_STATUS: id=AndroidJUnitRunner
INSTRUMENTATION_STATUS: numtests=71
INSTRUMENTATION_STATUS: stream=.
INSTRUMENTATION_STATUS: test=symlinkDatabaseIsRejectedWithoutChangingItsTargetAndReleasesLock
INSTRUMENTATION_STATUS_CODE: 0
INSTRUMENTATION_STATUS: class=com.feedme.storage.AndroidStateDatabaseTest
INSTRUMENTATION_STATUS: current=12
INSTRUMENTATION_STATUS: id=AndroidJUnitRunner
INSTRUMENTATION_STATUS: numtests=71
INSTRUMENTATION_STATUS: stream=
INSTRUMENTATION_STATUS: test=preexistingSharedMemoryIsPreservedAndFailureReleasesLock
INSTRUMENTATION_STATUS_CODE: 1
INSTRUMENTATION_STATUS: class=com.feedme.storage.AndroidStateDatabaseTest
INSTRUMENTATION_STATUS: current=12
INSTRUMENTATION_STATUS: id=AndroidJUnitRunner
INSTRUMENTATION_STATUS: numtests=71
INSTRUMENTATION_STATUS: stream=.
INSTRUMENTATION_STATUS: test=preexistingSharedMemoryIsPreservedAndFailureReleasesLock
INSTRUMENTATION_STATUS_CODE: 0
INSTRUMENTATION_STATUS: class=com.feedme.storage.AndroidStateDatabaseTest
INSTRUMENTATION_STATUS: current=13
INSTRUMENTATION_STATUS: id=AndroidJUnitRunner
INSTRUMENTATION_STATUS: numtests=71
INSTRUMENTATION_STATUS: stream=
INSTRUMENTATION_STATUS: test=invalidExistingSchemaFailureReleasesManagerCallbackLock
INSTRUMENTATION_STATUS_CODE: 1
INSTRUMENTATION_STATUS: class=com.feedme.storage.AndroidStateDatabaseTest
INSTRUMENTATION_STATUS: current=13
INSTRUMENTATION_STATUS: id=AndroidJUnitRunner
INSTRUMENTATION_STATUS: numtests=71
INSTRUMENTATION_STATUS: stream=.
INSTRUMENTATION_STATUS: test=invalidExistingSchemaFailureReleasesManagerCallbackLock
INSTRUMENTATION_STATUS_CODE: 0
INSTRUMENTATION_STATUS: class=com.feedme.storage.AndroidSessionControlStoreTest
INSTRUMENTATION_STATUS: current=14
INSTRUMENTATION_STATUS: id=AndroidJUnitRunner
INSTRUMENTATION_STATUS: numtests=71
INSTRUMENTATION_STATUS: stream=
com.feedme.storage.AndroidSessionControlStoreTest:
INSTRUMENTATION_STATUS: test=missingControlDatabaseWithSurvivingKeysFailsWithoutCreatingReplacement
INSTRUMENTATION_STATUS_CODE: 1
INSTRUMENTATION_STATUS: class=com.feedme.storage.AndroidSessionControlStoreTest
INSTRUMENTATION_STATUS: current=14
INSTRUMENTATION_STATUS: id=AndroidJUnitRunner
INSTRUMENTATION_STATUS: numtests=71
INSTRUMENTATION_STATUS: stream=.
INSTRUMENTATION_STATUS: test=missingControlDatabaseWithSurvivingKeysFailsWithoutCreatingReplacement
INSTRUMENTATION_STATUS_CODE: 0
INSTRUMENTATION_STATUS: class=com.feedme.storage.AndroidSessionControlStoreTest
INSTRUMENTATION_STATUS: current=15
INSTRUMENTATION_STATUS: id=AndroidJUnitRunner
INSTRUMENTATION_STATUS: numtests=71
INSTRUMENTATION_STATUS: stream=
INSTRUMENTATION_STATUS: test=missingControlIndexKeyFailsWithoutRebindingExistingState
INSTRUMENTATION_STATUS_CODE: 1
INSTRUMENTATION_STATUS: class=com.feedme.storage.AndroidSessionControlStoreTest
INSTRUMENTATION_STATUS: current=15
INSTRUMENTATION_STATUS: id=AndroidJUnitRunner
INSTRUMENTATION_STATUS: numtests=71
INSTRUMENTATION_STATUS: stream=.
INSTRUMENTATION_STATUS: test=missingControlIndexKeyFailsWithoutRebindingExistingState
INSTRUMENTATION_STATUS_CODE: 0
INSTRUMENTATION_STATUS: class=com.feedme.storage.AndroidSessionControlStoreTest
INSTRUMENTATION_STATUS: current=16
INSTRUMENTATION_STATUS: id=AndroidJUnitRunner
INSTRUMENTATION_STATUS: numtests=71
INSTRUMENTATION_STATUS: stream=
INSTRUMENTATION_STATUS: test=existingEmptyLockOnlyAndLostAllStateDirectoriesCannotResetRetirementControl
INSTRUMENTATION_STATUS_CODE: 1
INSTRUMENTATION_STATUS: class=com.feedme.storage.AndroidSessionControlStoreTest
INSTRUMENTATION_STATUS: current=16
INSTRUMENTATION_STATUS: id=AndroidJUnitRunner
INSTRUMENTATION_STATUS: numtests=71
INSTRUMENTATION_STATUS: stream=.
INSTRUMENTATION_STATUS: test=existingEmptyLockOnlyAndLostAllStateDirectoriesCannotResetRetirementControl
INSTRUMENTATION_STATUS_CODE: 0
INSTRUMENTATION_STATUS: class=com.feedme.storage.AndroidSessionControlStoreTest
INSTRUMENTATION_STATUS: current=17
INSTRUMENTATION_STATUS: id=AndroidJUnitRunner
INSTRUMENTATION_STATUS: numtests=71
INSTRUMENTATION_STATUS: stream=
INSTRUMENTATION_STATUS: test=duplicateControlOpenFailsWhileLifetimeLockIsHeldAndReopensAfterClose
INSTRUMENTATION_STATUS_CODE: 1
INSTRUMENTATION_STATUS: class=com.feedme.storage.AndroidSessionControlStoreTest
INSTRUMENTATION_STATUS: current=17
INSTRUMENTATION_STATUS: id=AndroidJUnitRunner
INSTRUMENTATION_STATUS: numtests=71
INSTRUMENTATION_STATUS: stream=.
INSTRUMENTATION_STATUS: test=duplicateControlOpenFailsWhileLifetimeLockIsHeldAndReopensAfterClose
INSTRUMENTATION_STATUS_CODE: 0
INSTRUMENTATION_STATUS: class=com.feedme.storage.AndroidSessionControlStoreTest
INSTRUMENTATION_STATUS: current=18
INSTRUMENTATION_STATUS: id=AndroidJUnitRunner
INSTRUMENTATION_STATUS: numtests=71
INSTRUMENTATION_STATUS: stream=
INSTRUMENTATION_STATUS: test=missingControlOwnerKeyFailsWithoutGeneratingAnotherKey
INSTRUMENTATION_STATUS_CODE: 1
INSTRUMENTATION_STATUS: class=com.feedme.storage.AndroidSessionControlStoreTest
INSTRUMENTATION_STATUS: current=18
INSTRUMENTATION_STATUS: id=AndroidJUnitRunner
INSTRUMENTATION_STATUS: numtests=71
INSTRUMENTATION_STATUS: stream=.
INSTRUMENTATION_STATUS: test=missingControlOwnerKeyFailsWithoutGeneratingAnotherKey
INSTRUMENTATION_STATUS_CODE: 0
INSTRUMENTATION_STATUS: class=com.feedme.storage.AndroidSessionControlStoreTest
INSTRUMENTATION_STATUS: current=19
INSTRUMENTATION_STATUS: id=AndroidJUnitRunner
INSTRUMENTATION_STATUS: numtests=71
INSTRUMENTATION_STATUS: stream=
INSTRUMENTATION_STATUS: test=existingDatabaseWithMissingLedgerFailsWithoutResettingItsOwner
INSTRUMENTATION_STATUS_CODE: 1
INSTRUMENTATION_STATUS: class=com.feedme.storage.AndroidSessionControlStoreTest
INSTRUMENTATION_STATUS: current=19
INSTRUMENTATION_STATUS: id=AndroidJUnitRunner
INSTRUMENTATION_STATUS: numtests=71
INSTRUMENTATION_STATUS: stream=.
INSTRUMENTATION_STATUS: test=existingDatabaseWithMissingLedgerFailsWithoutResettingItsOwner
INSTRUMENTATION_STATUS_CODE: 0
INSTRUMENTATION_STATUS: class=com.feedme.storage.AndroidSessionControlStoreTest
INSTRUMENTATION_STATUS: current=20
INSTRUMENTATION_STATUS: id=AndroidJUnitRunner
INSTRUMENTATION_STATUS: numtests=71
INSTRUMENTATION_STATUS: stream=
INSTRUMENTATION_STATUS: test=existingDatabaseWithMissingControlOwnerFailsWithoutActivatingIt
INSTRUMENTATION_STATUS_CODE: 1
INSTRUMENTATION_STATUS: class=com.feedme.storage.AndroidSessionControlStoreTest
INSTRUMENTATION_STATUS: current=20
INSTRUMENTATION_STATUS: id=AndroidJUnitRunner
INSTRUMENTATION_STATUS: numtests=71
INSTRUMENTATION_STATUS: stream=.
INSTRUMENTATION_STATUS: test=existingDatabaseWithMissingControlOwnerFailsWithoutActivatingIt
INSTRUMENTATION_STATUS_CODE: 0
INSTRUMENTATION_STATUS: class=com.feedme.storage.AndroidSessionControlStoreTest
INSTRUMENTATION_STATUS: current=21
INSTRUMENTATION_STATUS: id=AndroidJUnitRunner
INSTRUMENTATION_STATUS: numtests=71
INSTRUMENTATION_STATUS: stream=
INSTRUMENTATION_STATUS: test=nativeControlCasReopensAndSurvivesIndependentOwnerKeyErasure
INSTRUMENTATION_STATUS_CODE: 1
INSTRUMENTATION_STATUS: class=com.feedme.storage.AndroidSessionControlStoreTest
INSTRUMENTATION_STATUS: current=21
INSTRUMENTATION_STATUS: id=AndroidJUnitRunner
INSTRUMENTATION_STATUS: numtests=71
INSTRUMENTATION_STATUS: stream=.
INSTRUMENTATION_STATUS: test=nativeControlCasReopensAndSurvivesIndependentOwnerKeyErasure
INSTRUMENTATION_STATUS_CODE: 0
INSTRUMENTATION_STATUS: class=com.feedme.storage.AndroidSessionWorkStoreTest
INSTRUMENTATION_STATUS: current=22
INSTRUMENTATION_STATUS: id=AndroidJUnitRunner
INSTRUMENTATION_STATUS: numtests=71
INSTRUMENTATION_STATUS: stream=
com.feedme.storage.AndroidSessionWorkStoreTest:
INSTRUMENTATION_STATUS: test=existingDatabaseWithMissingWorkOwnerFailsWithoutActivatingIt
INSTRUMENTATION_STATUS_CODE: 1
INSTRUMENTATION_STATUS: class=com.feedme.storage.AndroidSessionWorkStoreTest
INSTRUMENTATION_STATUS: current=22
INSTRUMENTATION_STATUS: id=AndroidJUnitRunner
INSTRUMENTATION_STATUS: numtests=71
INSTRUMENTATION_STATUS: stream=.
INSTRUMENTATION_STATUS: test=existingDatabaseWithMissingWorkOwnerFailsWithoutActivatingIt
INSTRUMENTATION_STATUS_CODE: 0
INSTRUMENTATION_STATUS: class=com.feedme.storage.AndroidSessionWorkStoreTest
INSTRUMENTATION_STATUS: current=23
INSTRUMENTATION_STATUS: id=AndroidJUnitRunner
INSTRUMENTATION_STATUS: numtests=71
INSTRUMENTATION_STATUS: stream=
INSTRUMENTATION_STATUS: test=duplicateWorkOpenFailsWhileLifetimeLockIsHeldAndReopensAfterClose
INSTRUMENTATION_STATUS_CODE: 1
INSTRUMENTATION_STATUS: class=com.feedme.storage.AndroidSessionWorkStoreTest
INSTRUMENTATION_STATUS: current=23
INSTRUMENTATION_STATUS: id=AndroidJUnitRunner
INSTRUMENTATION_STATUS: numtests=71
INSTRUMENTATION_STATUS: stream=.
INSTRUMENTATION_STATUS: test=duplicateWorkOpenFailsWhileLifetimeLockIsHeldAndReopensAfterClose
INSTRUMENTATION_STATUS_CODE: 0
INSTRUMENTATION_STATUS: class=com.feedme.storage.AndroidSessionWorkStoreTest
INSTRUMENTATION_STATUS: current=24
INSTRUMENTATION_STATUS: id=AndroidJUnitRunner
INSTRUMENTATION_STATUS: numtests=71
INSTRUMENTATION_STATUS: stream=
INSTRUMENTATION_STATUS: test=missingWorkOwnerKeyFailsWithoutGeneratingAnotherKey
INSTRUMENTATION_STATUS_CODE: 1
INSTRUMENTATION_STATUS: class=com.feedme.storage.AndroidSessionWorkStoreTest
INSTRUMENTATION_STATUS: current=24
INSTRUMENTATION_STATUS: id=AndroidJUnitRunner
INSTRUMENTATION_STATUS: numtests=71
INSTRUMENTATION_STATUS: stream=.
INSTRUMENTATION_STATUS: test=missingWorkOwnerKeyFailsWithoutGeneratingAnotherKey
INSTRUMENTATION_STATUS_CODE: 0
INSTRUMENTATION_STATUS: class=com.feedme.storage.AndroidSessionWorkStoreTest
INSTRUMENTATION_STATUS: current=25
INSTRUMENTATION_STATUS: id=AndroidJUnitRunner
INSTRUMENTATION_STATUS: numtests=71
INSTRUMENTATION_STATUS: stream=
INSTRUMENTATION_STATUS: test=missingWorkDatabaseWithSurvivingKeysFailsWithoutCreatingReplacement
INSTRUMENTATION_STATUS_CODE: 1
INSTRUMENTATION_STATUS: class=com.feedme.storage.AndroidSessionWorkStoreTest
INSTRUMENTATION_STATUS: current=25
INSTRUMENTATION_STATUS: id=AndroidJUnitRunner
INSTRUMENTATION_STATUS: numtests=71
INSTRUMENTATION_STATUS: stream=.
INSTRUMENTATION_STATUS: test=missingWorkDatabaseWithSurvivingKeysFailsWithoutCreatingReplacement
INSTRUMENTATION_STATUS_CODE: 0
INSTRUMENTATION_STATUS: class=com.feedme.storage.AndroidSessionWorkStoreTest
INSTRUMENTATION_STATUS: current=26
INSTRUMENTATION_STATUS: id=AndroidJUnitRunner
INSTRUMENTATION_STATUS: numtests=71
INSTRUMENTATION_STATUS: stream=
INSTRUMENTATION_STATUS: test=nativeWorkCasReopensAndSurvivesIndependentControlWritesAndOwnerKeyErasure
INSTRUMENTATION_STATUS_CODE: 1
INSTRUMENTATION_STATUS: class=com.feedme.storage.AndroidSessionWorkStoreTest
INSTRUMENTATION_STATUS: current=26
INSTRUMENTATION_STATUS: id=AndroidJUnitRunner
INSTRUMENTATION_STATUS: numtests=71
INSTRUMENTATION_STATUS: stream=.
INSTRUMENTATION_STATUS: test=nativeWorkCasReopensAndSurvivesIndependentControlWritesAndOwnerKeyErasure
INSTRUMENTATION_STATUS_CODE: 0
INSTRUMENTATION_STATUS: class=com.feedme.storage.AndroidSessionWorkStoreTest
INSTRUMENTATION_STATUS: current=27
INSTRUMENTATION_STATUS: id=AndroidJUnitRunner
INSTRUMENTATION_STATUS: numtests=71
INSTRUMENTATION_STATUS: stream=
INSTRUMENTATION_STATUS: test=existingEmptyLockOnlyAndLostAllStateDirectoriesCannotInitializeAnIdleRegistry
INSTRUMENTATION_STATUS_CODE: 1
INSTRUMENTATION_STATUS: class=com.feedme.storage.AndroidSessionWorkStoreTest
INSTRUMENTATION_STATUS: current=27
INSTRUMENTATION_STATUS: id=AndroidJUnitRunner
INSTRUMENTATION_STATUS: numtests=71
INSTRUMENTATION_STATUS: stream=.
INSTRUMENTATION_STATUS: test=existingEmptyLockOnlyAndLostAllStateDirectoriesCannotInitializeAnIdleRegistry
INSTRUMENTATION_STATUS_CODE: 0
INSTRUMENTATION_STATUS: class=com.feedme.storage.AndroidSessionWorkStoreTest
INSTRUMENTATION_STATUS: current=28
INSTRUMENTATION_STATUS: id=AndroidJUnitRunner
INSTRUMENTATION_STATUS: numtests=71
INSTRUMENTATION_STATUS: stream=
INSTRUMENTATION_STATUS: test=existingDatabaseWithMissingLedgerFailsWithoutResettingItsOwner
INSTRUMENTATION_STATUS_CODE: 1
INSTRUMENTATION_STATUS: class=com.feedme.storage.AndroidSessionWorkStoreTest
INSTRUMENTATION_STATUS: current=28
INSTRUMENTATION_STATUS: id=AndroidJUnitRunner
INSTRUMENTATION_STATUS: numtests=71
INSTRUMENTATION_STATUS: stream=.
INSTRUMENTATION_STATUS: test=existingDatabaseWithMissingLedgerFailsWithoutResettingItsOwner
INSTRUMENTATION_STATUS_CODE: 0
INSTRUMENTATION_STATUS: class=com.feedme.storage.AndroidSessionWorkStoreTest
INSTRUMENTATION_STATUS: current=29
INSTRUMENTATION_STATUS: id=AndroidJUnitRunner
INSTRUMENTATION_STATUS: numtests=71
INSTRUMENTATION_STATUS: stream=
INSTRUMENTATION_STATUS: test=missingWorkIndexKeyFailsWithoutRebindingExistingState
INSTRUMENTATION_STATUS_CODE: 1
INSTRUMENTATION_STATUS: class=com.feedme.storage.AndroidSessionWorkStoreTest
INSTRUMENTATION_STATUS: current=29
INSTRUMENTATION_STATUS: id=AndroidJUnitRunner
INSTRUMENTATION_STATUS: numtests=71
INSTRUMENTATION_STATUS: stream=.
INSTRUMENTATION_STATUS: test=missingWorkIndexKeyFailsWithoutRebindingExistingState
INSTRUMENTATION_STATUS_CODE: 0
INSTRUMENTATION_STATUS: class=com.feedme.storage.AndroidStateActivationPlanTest
INSTRUMENTATION_STATUS: current=30
INSTRUMENTATION_STATUS: id=AndroidJUnitRunner
INSTRUMENTATION_STATUS: numtests=71
INSTRUMENTATION_STATUS: stream=
com.feedme.storage.AndroidStateActivationPlanTest:
INSTRUMENTATION_STATUS: test=planningCommitAndSelectedReplayNeverExecuteUnrelatedKeyGarbageCollection
INSTRUMENTATION_STATUS_CODE: 1
INSTRUMENTATION_STATUS: class=com.feedme.storage.AndroidStateActivationPlanTest
INSTRUMENTATION_STATUS: current=30
INSTRUMENTATION_STATUS: id=AndroidJUnitRunner
INSTRUMENTATION_STATUS: numtests=71
INSTRUMENTATION_STATUS: stream=.
INSTRUMENTATION_STATUS: test=planningCommitAndSelectedReplayNeverExecuteUnrelatedKeyGarbageCollection
INSTRUMENTATION_STATUS_CODE: 0
INSTRUMENTATION_STATUS: class=com.feedme.storage.AndroidStateActivationPlanTest
INSTRUMENTATION_STATUS: current=31
INSTRUMENTATION_STATUS: id=AndroidJUnitRunner
INSTRUMENTATION_STATUS: numtests=71
INSTRUMENTATION_STATUS: stream=
INSTRUMENTATION_STATUS: test=unfinishedRetiredKeyOrGarbageEntryCannotBeSilentlyCollectedByPlanning
INSTRUMENTATION_STATUS_CODE: 1
INSTRUMENTATION_STATUS: class=com.feedme.storage.AndroidStateActivationPlanTest
INSTRUMENTATION_STATUS: current=31
INSTRUMENTATION_STATUS: id=AndroidJUnitRunner
INSTRUMENTATION_STATUS: numtests=71
INSTRUMENTATION_STATUS: stream=.
INSTRUMENTATION_STATUS: test=unfinishedRetiredKeyOrGarbageEntryCannotBeSilentlyCollectedByPlanning
INSTRUMENTATION_STATUS_CODE: 0
INSTRUMENTATION_STATUS: class=com.feedme.storage.AndroidStateActivationPlanTest
INSTRUMENTATION_STATUS: current=32
INSTRUMENTATION_STATUS: id=AndroidJUnitRunner
INSTRUMENTATION_STATUS: numtests=71
INSTRUMENTATION_STATUS: stream=
INSTRUMENTATION_STATUS: test=fullyRetiredPredecessorCanBePlannedWithoutChangingOtherNativeOwners
INSTRUMENTATION_STATUS_CODE: 1
INSTRUMENTATION_STATUS: class=com.feedme.storage.AndroidStateActivationPlanTest
INSTRUMENTATION_STATUS: current=32
INSTRUMENTATION_STATUS: id=AndroidJUnitRunner
INSTRUMENTATION_STATUS: numtests=71
INSTRUMENTATION_STATUS: stream=.
INSTRUMENTATION_STATUS: test=fullyRetiredPredecessorCanBePlannedWithoutChangingOtherNativeOwners
INSTRUMENTATION_STATUS_CODE: 0
INSTRUMENTATION_STATUS: class=com.feedme.storage.AndroidStateActivationPlanTest
INSTRUMENTATION_STATUS: current=33
INSTRUMENTATION_STATUS: id=AndroidJUnitRunner
INSTRUMENTATION_STATUS: numtests=71
INSTRUMENTATION_STATUS: stream=
INSTRUMENTATION_STATUS: test=cancellationAfterNativeKeyCreationPropagatesWithoutDeletingItsExactCandidate
INSTRUMENTATION_STATUS_CODE: 1
INSTRUMENTATION_STATUS: class=com.feedme.storage.AndroidStateActivationPlanTest
INSTRUMENTATION_STATUS: current=33
INSTRUMENTATION_STATUS: id=AndroidJUnitRunner
INSTRUMENTATION_STATUS: numtests=71
INSTRUMENTATION_STATUS: stream=.
INSTRUMENTATION_STATUS: test=cancellationAfterNativeKeyCreationPropagatesWithoutDeletingItsExactCandidate
INSTRUMENTATION_STATUS_CODE: 0
INSTRUMENTATION_STATUS: class=com.feedme.storage.AndroidStateActivationPlanTest
INSTRUMENTATION_STATUS: current=34
INSTRUMENTATION_STATUS: id=AndroidJUnitRunner
INSTRUMENTATION_STATUS: numtests=71
INSTRUMENTATION_STATUS: stream=
INSTRUMENTATION_STATUS: test=planningIsReadOnlyDetachedOpaqueAndAllocatesNoNativeOwnerKey
INSTRUMENTATION_STATUS_CODE: 1
INSTRUMENTATION_STATUS: class=com.feedme.storage.AndroidStateActivationPlanTest
INSTRUMENTATION_STATUS: current=34
INSTRUMENTATION_STATUS: id=AndroidJUnitRunner
INSTRUMENTATION_STATUS: numtests=71
INSTRUMENTATION_STATUS: stream=.
INSTRUMENTATION_STATUS: test=planningIsReadOnlyDetachedOpaqueAndAllocatesNoNativeOwnerKey
INSTRUMENTATION_STATUS_CODE: 0
INSTRUMENTATION_STATUS: class=com.feedme.storage.AndroidStateActivationPlanTest
INSTRUMENTATION_STATUS: current=35
INSTRUMENTATION_STATUS: id=AndroidJUnitRunner
INSTRUMENTATION_STATUS: numtests=71
INSTRUMENTATION_STATUS: stream=
INSTRUMENTATION_STATUS: test=commitAcknowledgesOnlyAndExactSelectedReplayPreservesRecordsAcrossNativeReopen
INSTRUMENTATION_STATUS_CODE: 1
INSTRUMENTATION_STATUS: class=com.feedme.storage.AndroidStateActivationPlanTest
INSTRUMENTATION_STATUS: current=35
INSTRUMENTATION_STATUS: id=AndroidJUnitRunner
INSTRUMENTATION_STATUS: numtests=71
INSTRUMENTATION_STATUS: stream=.
INSTRUMENTATION_STATUS: test=commitAcknowledgesOnlyAndExactSelectedReplayPreservesRecordsAcrossNativeReopen
INSTRUMENTATION_STATUS_CODE: 0
INSTRUMENTATION_STATUS: class=com.feedme.storage.AndroidStateActivationPlanTest
INSTRUMENTATION_STATUS: current=36
INSTRUMENTATION_STATUS: id=AndroidJUnitRunner
INSTRUMENTATION_STATUS: numtests=71
INSTRUMENTATION_STATUS: stream=
INSTRUMENTATION_STATUS: test=candidateReferencesAndOrphanRowsBlockCommitWithoutCreatingOrDeletingKeys
INSTRUMENTATION_STATUS_CODE: 1
INSTRUMENTATION_STATUS: class=com.feedme.storage.AndroidStateActivationPlanTest
INSTRUMENTATION_STATUS: current=36
INSTRUMENTATION_STATUS: id=AndroidJUnitRunner
INSTRUMENTATION_STATUS: numtests=71
INSTRUMENTATION_STATUS: stream=.
INSTRUMENTATION_STATUS: test=candidateReferencesAndOrphanRowsBlockCommitWithoutCreatingOrDeletingKeys
INSTRUMENTATION_STATUS_CODE: 0
INSTRUMENTATION_STATUS: class=com.feedme.storage.AndroidStateActivationPlanTest
INSTRUMENTATION_STATUS: current=37
INSTRUMENTATION_STATUS: id=AndroidJUnitRunner
INSTRUMENTATION_STATUS: numtests=71
INSTRUMENTATION_STATUS: stream=
INSTRUMENTATION_STATUS: test=activeOrChangedOwnerPreconditionsPreserveTheWinningIncarnation
INSTRUMENTATION_STATUS_CODE: 1
INSTRUMENTATION_STATUS: class=com.feedme.storage.AndroidStateActivationPlanTest
INSTRUMENTATION_STATUS: current=37
INSTRUMENTATION_STATUS: id=AndroidJUnitRunner
INSTRUMENTATION_STATUS: numtests=71
INSTRUMENTATION_STATUS: stream=.
INSTRUMENTATION_STATUS: test=activeOrChangedOwnerPreconditionsPreserveTheWinningIncarnation
INSTRUMENTATION_STATUS_CODE: 0
INSTRUMENTATION_STATUS: class=com.feedme.storage.AndroidStateActivationPlanTest
INSTRUMENTATION_STATUS: current=38
INSTRUMENTATION_STATUS: id=AndroidJUnitRunner
INSTRUMENTATION_STATUS: numtests=71
INSTRUMENTATION_STATUS: stream=
INSTRUMENTATION_STATUS: test=forgedWrongScopeAndForeignInstallPlansCannotChangeKeysOrFiles
INSTRUMENTATION_STATUS_CODE: 1
INSTRUMENTATION_STATUS: class=com.feedme.storage.AndroidStateActivationPlanTest
INSTRUMENTATION_STATUS: current=38
INSTRUMENTATION_STATUS: id=AndroidJUnitRunner
INSTRUMENTATION_STATUS: numtests=71
INSTRUMENTATION_STATUS: stream=.
INSTRUMENTATION_STATUS: test=forgedWrongScopeAndForeignInstallPlansCannotChangeKeysOrFiles
INSTRUMENTATION_STATUS_CODE: 0
INSTRUMENTATION_STATUS: class=com.feedme.storage.AndroidStateActivationPlanTest
INSTRUMENTATION_STATUS: current=39
INSTRUMENTATION_STATUS: id=AndroidJUnitRunner
INSTRUMENTATION_STATUS: numtests=71
INSTRUMENTATION_STATUS: stream=
INSTRUMENTATION_STATUS: test=selectedMissingNativeKeyCannotBeRegeneratedByExactReplay
INSTRUMENTATION_STATUS_CODE: 1
INSTRUMENTATION_STATUS: class=com.feedme.storage.AndroidStateActivationPlanTest
INSTRUMENTATION_STATUS: current=39
INSTRUMENTATION_STATUS: id=AndroidJUnitRunner
INSTRUMENTATION_STATUS: numtests=71
INSTRUMENTATION_STATUS: stream=.
INSTRUMENTATION_STATUS: test=selectedMissingNativeKeyCannotBeRegeneratedByExactReplay
INSTRUMENTATION_STATUS_CODE: 0
INSTRUMENTATION_STATUS: class=com.feedme.storage.AndroidStateActivationPlanTest
INSTRUMENTATION_STATUS: current=40
INSTRUMENTATION_STATUS: id=AndroidJUnitRunner
INSTRUMENTATION_STATUS: numtests=71
INSTRUMENTATION_STATUS: stream=
INSTRUMENTATION_STATUS: test=interruptedExactKeyCreationRetainsAndReusesTheSameNativeKeyAfterReopen
INSTRUMENTATION_STATUS_CODE: 1
INSTRUMENTATION_STATUS: class=com.feedme.storage.AndroidStateActivationPlanTest
INSTRUMENTATION_STATUS: current=40
INSTRUMENTATION_STATUS: id=AndroidJUnitRunner
INSTRUMENTATION_STATUS: numtests=71
INSTRUMENTATION_STATUS: stream=.
INSTRUMENTATION_STATUS: test=interruptedExactKeyCreationRetainsAndReusesTheSameNativeKeyAfterReopen
INSTRUMENTATION_STATUS_CODE: 0
INSTRUMENTATION_STATUS: class=com.feedme.storage.AndroidStateActivationPlanTest
INSTRUMENTATION_STATUS: current=41
INSTRUMENTATION_STATUS: id=AndroidJUnitRunner
INSTRUMENTATION_STATUS: numtests=71
INSTRUMENTATION_STATUS: stream=
INSTRUMENTATION_STATUS: test=nativeCandidateSelectionCreatesNoAliasAndExactCreationNeverOverwritesAnyAlias
INSTRUMENTATION_STATUS_CODE: 1
INSTRUMENTATION_STATUS: class=com.feedme.storage.AndroidStateActivationPlanTest
INSTRUMENTATION_STATUS: current=41
INSTRUMENTATION_STATUS: id=AndroidJUnitRunner
INSTRUMENTATION_STATUS: numtests=71
INSTRUMENTATION_STATUS: stream=.
INSTRUMENTATION_STATUS: test=nativeCandidateSelectionCreatesNoAliasAndExactCreationNeverOverwritesAnyAlias
INSTRUMENTATION_STATUS_CODE: 0
INSTRUMENTATION_STATUS: class=com.feedme.storage.AndroidStateActivationPlanTest
INSTRUMENTATION_STATUS: current=42
INSTRUMENTATION_STATUS: id=AndroidJUnitRunner
INSTRUMENTATION_STATUS: numtests=71
INSTRUMENTATION_STATUS: stream=
INSTRUMENTATION_STATUS: test=beforeAndAfterRealSqliteCommitFailuresPreserveExactNativeReplay
INSTRUMENTATION_STATUS_CODE: 1
INSTRUMENTATION_STATUS: class=com.feedme.storage.AndroidStateActivationPlanTest
INSTRUMENTATION_STATUS: current=42
INSTRUMENTATION_STATUS: id=AndroidJUnitRunner
INSTRUMENTATION_STATUS: numtests=71
INSTRUMENTATION_STATUS: stream=.
INSTRUMENTATION_STATUS: test=beforeAndAfterRealSqliteCommitFailuresPreserveExactNativeReplay
INSTRUMENTATION_STATUS_CODE: 0
INSTRUMENTATION_STATUS: class=com.feedme.storage.AndroidStateActivationPlanTest
INSTRUMENTATION_STATUS: current=43
INSTRUMENTATION_STATUS: id=AndroidJUnitRunner
INSTRUMENTATION_STATUS: numtests=71
INSTRUMENTATION_STATUS: stream=
INSTRUMENTATION_STATUS: test=selectedReplayDoesNotDecryptOrRewriteUnknownRowsAndTombstones
INSTRUMENTATION_STATUS_CODE: 1
INSTRUMENTATION_STATUS: class=com.feedme.storage.AndroidStateActivationPlanTest
INSTRUMENTATION_STATUS: current=43
INSTRUMENTATION_STATUS: id=AndroidJUnitRunner
INSTRUMENTATION_STATUS: numtests=71
INSTRUMENTATION_STATUS: stream=.
INSTRUMENTATION_STATUS: test=selectedReplayDoesNotDecryptOrRewriteUnknownRowsAndTombstones
INSTRUMENTATION_STATUS_CODE: 0
INSTRUMENTATION_STATUS: class=com.feedme.storage.AndroidStateActivationRecoveryTest
INSTRUMENTATION_STATUS: current=44
INSTRUMENTATION_STATUS: id=AndroidJUnitRunner
INSTRUMENTATION_STATUS: numtests=71
INSTRUMENTATION_STATUS: stream=
com.feedme.storage.AndroidStateActivationRecoveryTest:
INSTRUMENTATION_STATUS: test=existingOnlyRefusesOldForeignOrUninitializedSchemaAndWrongIndexType
INSTRUMENTATION_STATUS_CODE: 1
INSTRUMENTATION_STATUS: class=com.feedme.storage.AndroidStateActivationRecoveryTest
INSTRUMENTATION_STATUS: current=44
INSTRUMENTATION_STATUS: id=AndroidJUnitRunner
INSTRUMENTATION_STATUS: numtests=71
INSTRUMENTATION_STATUS: stream=.
INSTRUMENTATION_STATUS: test=existingOnlyRefusesOldForeignOrUninitializedSchemaAndWrongIndexType
INSTRUMENTATION_STATUS_CODE: 0
INSTRUMENTATION_STATUS: class=com.feedme.storage.AndroidStateActivationRecoveryTest
INSTRUMENTATION_STATUS: current=45
INSTRUMENTATION_STATUS: id=AndroidJUnitRunner
INSTRUMENTATION_STATUS: numtests=71
INSTRUMENTATION_STATUS: stream=
INSTRUMENTATION_STATUS: test=lostConsumedCommitReceiptNeverDeletesKeyUntilAnotherChangingCommitSucceeds
INSTRUMENTATION_STATUS_CODE: 1
INSTRUMENTATION_STATUS: class=com.feedme.storage.AndroidStateActivationRecoveryTest
INSTRUMENTATION_STATUS: current=45
INSTRUMENTATION_STATUS: id=AndroidJUnitRunner
INSTRUMENTATION_STATUS: numtests=71
INSTRUMENTATION_STATUS: stream=.
INSTRUMENTATION_STATUS: test=lostConsumedCommitReceiptNeverDeletesKeyUntilAnotherChangingCommitSucceeds
INSTRUMENTATION_STATUS_CODE: 0
INSTRUMENTATION_STATUS: class=com.feedme.storage.AndroidStateActivationRecoveryTest
INSTRUMENTATION_STATUS: current=46
INSTRUMENTATION_STATUS: id=AndroidJUnitRunner
INSTRUMENTATION_STATUS: numtests=71
INSTRUMENTATION_STATUS: stream=
INSTRUMENTATION_STATUS: test=rollbackWalSharedMemoryAndUnknownChildrenArePreservedAndNeverRecovered
INSTRUMENTATION_STATUS_CODE: 1
INSTRUMENTATION_STATUS: class=com.feedme.storage.AndroidStateActivationRecoveryTest
INSTRUMENTATION_STATUS: current=46
INSTRUMENTATION_STATUS: id=AndroidJUnitRunner
INSTRUMENTATION_STATUS: numtests=71
INSTRUMENTATION_STATUS: stream=.
INSTRUMENTATION_STATUS: test=rollbackWalSharedMemoryAndUnknownChildrenArePreservedAndNeverRecovered
INSTRUMENTATION_STATUS_CODE: 0
INSTRUMENTATION_STATUS: class=com.feedme.storage.AndroidStateActivationRecoveryTest
INSTRUMENTATION_STATUS: current=47
INSTRUMENTATION_STATUS: id=AndroidJUnitRunner
INSTRUMENTATION_STATUS: numtests=71
INSTRUMENTATION_STATUS: stream=
INSTRUMENTATION_STATUS: test=selectedEmptyAbortPreservesSiblingDataAndOldRecoveryCannotEraseNewerOwner
INSTRUMENTATION_STATUS_CODE: 1
INSTRUMENTATION_STATUS: class=com.feedme.storage.AndroidStateActivationRecoveryTest
INSTRUMENTATION_STATUS: current=47
INSTRUMENTATION_STATUS: id=AndroidJUnitRunner
INSTRUMENTATION_STATUS: numtests=71
INSTRUMENTATION_STATUS: stream=.
INSTRUMENTATION_STATUS: test=selectedEmptyAbortPreservesSiblingDataAndOldRecoveryCannotEraseNewerOwner
INSTRUMENTATION_STATUS_CODE: 0
INSTRUMENTATION_STATUS: class=com.feedme.storage.AndroidStateActivationRecoveryTest
INSTRUMENTATION_STATUS: current=48
INSTRUMENTATION_STATUS: id=AndroidJUnitRunner
INSTRUMENTATION_STATUS: numtests=71
INSTRUMENTATION_STATUS: stream=
INSTRUMENTATION_STATUS: test=cancellationAndKeyDeletionFailureKeepConsumedPlanRetryableWithoutGarbageCollection
INSTRUMENTATION_STATUS_CODE: 1
INSTRUMENTATION_STATUS: class=com.feedme.storage.AndroidStateActivationRecoveryTest
INSTRUMENTATION_STATUS: current=48
INSTRUMENTATION_STATUS: id=AndroidJUnitRunner
INSTRUMENTATION_STATUS: numtests=71
INSTRUMENTATION_STATUS: stream=.
INSTRUMENTATION_STATUS: test=cancellationAndKeyDeletionFailureKeepConsumedPlanRetryableWithoutGarbageCollection
INSTRUMENTATION_STATUS_CODE: 0
INSTRUMENTATION_STATUS: class=com.feedme.storage.AndroidStateActivationRecoveryTest
INSTRUMENTATION_STATUS: current=49
INSTRUMENTATION_STATUS: id=AndroidJUnitRunner
INSTRUMENTATION_STATUS: numtests=71
INSTRUMENTATION_STATUS: stream=
INSTRUMENTATION_STATUS: test=selectedMissingKeyRemainsInspectableAndExplicitlyAbortableWithoutRegeneration
INSTRUMENTATION_STATUS_CODE: 1
INSTRUMENTATION_STATUS: class=com.feedme.storage.AndroidStateActivationRecoveryTest
INSTRUMENTATION_STATUS: current=49
INSTRUMENTATION_STATUS: id=AndroidJUnitRunner
INSTRUMENTATION_STATUS: numtests=71
INSTRUMENTATION_STATUS: stream=.
INSTRUMENTATION_STATUS: test=selectedMissingKeyRemainsInspectableAndExplicitlyAbortableWithoutRegeneration
INSTRUMENTATION_STATUS_CODE: 0
INSTRUMENTATION_STATUS: class=com.feedme.storage.AndroidStateActivationRecoveryTest
INSTRUMENTATION_STATUS: current=50
INSTRUMENTATION_STATUS: id=AndroidJUnitRunner
INSTRUMENTATION_STATUS: numtests=71
INSTRUMENTATION_STATUS: stream=
INSTRUMENTATION_STATUS: test=selectedRowsIncludingOnlyTombstonesRejectAbortWithoutDecryptingOrDeleting
INSTRUMENTATION_STATUS_CODE: 1
INSTRUMENTATION_STATUS: class=com.feedme.storage.AndroidStateActivationRecoveryTest
INSTRUMENTATION_STATUS: current=50
INSTRUMENTATION_STATUS: id=AndroidJUnitRunner
INSTRUMENTATION_STATUS: numtests=71
INSTRUMENTATION_STATUS: stream=.
INSTRUMENTATION_STATUS: test=selectedRowsIncludingOnlyTombstonesRejectAbortWithoutDecryptingOrDeleting
INSTRUMENTATION_STATUS_CODE: 0
INSTRUMENTATION_STATUS: class=com.feedme.storage.AndroidStateActivationRecoveryTest
INSTRUMENTATION_STATUS: current=51
INSTRUMENTATION_STATUS: id=AndroidJUnitRunner
INSTRUMENTATION_STATUS: numtests=71
INSTRUMENTATION_STATUS: stream=
INSTRUMENTATION_STATUS: test=partialExactKeyIsConsumedBeforeDeletionAndRepeatedAbortChangesItsReceipt
INSTRUMENTATION_STATUS_CODE: 1
INSTRUMENTATION_STATUS: class=com.feedme.storage.AndroidStateActivationRecoveryTest
INSTRUMENTATION_STATUS: current=51
INSTRUMENTATION_STATUS: id=AndroidJUnitRunner
INSTRUMENTATION_STATUS: numtests=71
INSTRUMENTATION_STATUS: stream=.
INSTRUMENTATION_STATUS: test=partialExactKeyIsConsumedBeforeDeletionAndRepeatedAbortChangesItsReceipt
INSTRUMENTATION_STATUS_CODE: 0
INSTRUMENTATION_STATUS: class=com.feedme.storage.AndroidStateActivationRecoveryTest
INSTRUMENTATION_STATUS: current=52
INSTRUMENTATION_STATUS: id=AndroidJUnitRunner
INSTRUMENTATION_STATUS: numtests=71
INSTRUMENTATION_STATUS: stream=
INSTRUMENTATION_STATUS: test=recoveryAndOrdinaryManagersShareOneLockAndReleaseTheSingleOwnedDescriptor
INSTRUMENTATION_STATUS_CODE: 1
INSTRUMENTATION_STATUS: class=com.feedme.storage.AndroidStateActivationRecoveryTest
INSTRUMENTATION_STATUS: current=52
INSTRUMENTATION_STATUS: id=AndroidJUnitRunner
INSTRUMENTATION_STATUS: numtests=71
INSTRUMENTATION_STATUS: stream=.
INSTRUMENTATION_STATUS: test=recoveryAndOrdinaryManagersShareOneLockAndReleaseTheSingleOwnedDescriptor
INSTRUMENTATION_STATUS_CODE: 0
INSTRUMENTATION_STATUS: class=com.feedme.storage.AndroidStateActivationRecoveryTest
INSTRUMENTATION_STATUS: current=53
INSTRUMENTATION_STATUS: id=AndroidJUnitRunner
INSTRUMENTATION_STATUS: numtests=71
INSTRUMENTATION_STATUS: stream=
INSTRUMENTATION_STATUS: test=preparedInspectionIsReadOnlyAndNeverAllocatesKeysOrPrivateHandles
INSTRUMENTATION_STATUS_CODE: 1
INSTRUMENTATION_STATUS: class=com.feedme.storage.AndroidStateActivationRecoveryTest
INSTRUMENTATION_STATUS: current=53
INSTRUMENTATION_STATUS: id=AndroidJUnitRunner
INSTRUMENTATION_STATUS: numtests=71
INSTRUMENTATION_STATUS: stream=.
INSTRUMENTATION_STATUS: test=preparedInspectionIsReadOnlyAndNeverAllocatesKeysOrPrivateHandles
INSTRUMENTATION_STATUS_CODE: 0
INSTRUMENTATION_STATUS: class=com.feedme.storage.AndroidStateActivationRecoveryTest
INSTRUMENTATION_STATUS: current=54
INSTRUMENTATION_STATUS: id=AndroidJUnitRunner
INSTRUMENTATION_STATUS: numtests=71
INSTRUMENTATION_STATUS: stream=
INSTRUMENTATION_STATUS: test=exactUnusableAliasIsPresentForInspectionAndCanBeDeletedWithoutUsingIt
INSTRUMENTATION_STATUS_CODE: 1
INSTRUMENTATION_STATUS: class=com.feedme.storage.AndroidStateActivationRecoveryTest
INSTRUMENTATION_STATUS: current=54
INSTRUMENTATION_STATUS: id=AndroidJUnitRunner
INSTRUMENTATION_STATUS: numtests=71
INSTRUMENTATION_STATUS: stream=.
INSTRUMENTATION_STATUS: test=exactUnusableAliasIsPresentForInspectionAndCanBeDeletedWithoutUsingIt
INSTRUMENTATION_STATUS_CODE: 0
INSTRUMENTATION_STATUS: class=com.feedme.storage.AndroidStateActivationRecoveryTest
INSTRUMENTATION_STATUS: current=55
INSTRUMENTATION_STATUS: id=AndroidJUnitRunner
INSTRUMENTATION_STATUS: numtests=71
INSTRUMENTATION_STATUS: stream=
INSTRUMENTATION_STATUS: test=symlinksNonprivateFilesAndNonemptyLockAreRejectedWithoutChangingTargets
INSTRUMENTATION_STATUS_CODE: 1
INSTRUMENTATION_STATUS: class=com.feedme.storage.AndroidStateActivationRecoveryTest
INSTRUMENTATION_STATUS: current=55
INSTRUMENTATION_STATUS: id=AndroidJUnitRunner
INSTRUMENTATION_STATUS: numtests=71
INSTRUMENTATION_STATUS: stream=.
INSTRUMENTATION_STATUS: test=symlinksNonprivateFilesAndNonemptyLockAreRejectedWithoutChangingTargets
INSTRUMENTATION_STATUS_CODE: 0
INSTRUMENTATION_STATUS: class=com.feedme.storage.AndroidStateActivationRecoveryTest
INSTRUMENTATION_STATUS: current=56
INSTRUMENTATION_STATUS: id=AndroidJUnitRunner
INSTRUMENTATION_STATUS: numtests=71
INSTRUMENTATION_STATUS: stream=
INSTRUMENTATION_STATUS: test=missingDirectoryDatabaseLockOrIndexNeverInitializesAnyReplacement
INSTRUMENTATION_STATUS_CODE: 1
INSTRUMENTATION_STATUS: class=com.feedme.storage.AndroidStateActivationRecoveryTest
INSTRUMENTATION_STATUS: current=56
INSTRUMENTATION_STATUS: id=AndroidJUnitRunner
INSTRUMENTATION_STATUS: numtests=71
INSTRUMENTATION_STATUS: stream=.
INSTRUMENTATION_STATUS: test=missingDirectoryDatabaseLockOrIndexNeverInitializesAnyReplacement
INSTRUMENTATION_STATUS_CODE: 0
INSTRUMENTATION_STATUS: class=com.feedme.storage.AndroidStateActivationRecoveryTest
INSTRUMENTATION_STATUS: current=57
INSTRUMENTATION_STATUS: id=AndroidJUnitRunner
INSTRUMENTATION_STATUS: numtests=71
INSTRUMENTATION_STATUS: stream=
INSTRUMENTATION_STATUS: test=wrongMacScopeAndInstallAreRejectedBeforeOpeningEvenACorruptDatabase
INSTRUMENTATION_STATUS_CODE: 1
INSTRUMENTATION_STATUS: class=com.feedme.storage.AndroidStateActivationRecoveryTest
INSTRUMENTATION_STATUS: current=57
INSTRUMENTATION_STATUS: id=AndroidJUnitRunner
INSTRUMENTATION_STATUS: numtests=71
INSTRUMENTATION_STATUS: stream=.
INSTRUMENTATION_STATUS: test=wrongMacScopeAndInstallAreRejectedBeforeOpeningEvenACorruptDatabase
INSTRUMENTATION_STATUS_CODE: 0
INSTRUMENTATION_STATUS: class=com.feedme.storage.AndroidSessionWorkOriginPlanTest
INSTRUMENTATION_STATUS: current=58
INSTRUMENTATION_STATUS: id=AndroidJUnitRunner
INSTRUMENTATION_STATUS: numtests=71
INSTRUMENTATION_STATUS: stream=
com.feedme.storage.AndroidSessionWorkOriginPlanTest:
INSTRUMENTATION_STATUS: test=selectedReplayChangesRevisionWithIdenticalPayloadAndNoOrdinarySnapshotAuthority
INSTRUMENTATION_STATUS_CODE: 1
INSTRUMENTATION_STATUS: class=com.feedme.storage.AndroidSessionWorkOriginPlanTest
INSTRUMENTATION_STATUS: current=58
INSTRUMENTATION_STATUS: id=AndroidJUnitRunner
INSTRUMENTATION_STATUS: numtests=71
INSTRUMENTATION_STATUS: stream=.
INSTRUMENTATION_STATUS: test=selectedReplayChangesRevisionWithIdenticalPayloadAndNoOrdinarySnapshotAuthority
INSTRUMENTATION_STATUS_CODE: 0
INSTRUMENTATION_STATUS: class=com.feedme.storage.AndroidSessionWorkOriginPlanTest
INSTRUMENTATION_STATUS: current=59
INSTRUMENTATION_STATUS: id=AndroidJUnitRunner
INSTRUMENTATION_STATUS: numtests=71
INSTRUMENTATION_STATUS: stream=
INSTRUMENTATION_STATUS: test=ordinaryEmptyRetiringAndEveryNativeEntryPhaseRejectSetupReplayEvenWithSameOrigin
INSTRUMENTATION_STATUS_CODE: 1
INSTRUMENTATION_STATUS: class=com.feedme.storage.AndroidSessionWorkOriginPlanTest
INSTRUMENTATION_STATUS: current=59
INSTRUMENTATION_STATUS: id=AndroidJUnitRunner
INSTRUMENTATION_STATUS: numtests=71
INSTRUMENTATION_STATUS: stream=.
INSTRUMENTATION_STATUS: test=ordinaryEmptyRetiringAndEveryNativeEntryPhaseRejectSetupReplayEvenWithSameOrigin
INSTRUMENTATION_STATUS_CODE: 0
INSTRUMENTATION_STATUS: class=com.feedme.storage.AndroidSessionWorkOriginPlanTest
INSTRUMENTATION_STATUS: current=60
INSTRUMENTATION_STATUS: id=AndroidJUnitRunner
INSTRUMENTATION_STATUS: numtests=71
INSTRUMENTATION_STATUS: stream=
INSTRUMENTATION_STATUS: test=equalRevisionIdenticalIdleInAnotherNativeStoreCannotAcceptForeignPlan
INSTRUMENTATION_STATUS_CODE: 1
INSTRUMENTATION_STATUS: class=com.feedme.storage.AndroidSessionWorkOriginPlanTest
INSTRUMENTATION_STATUS: current=60
INSTRUMENTATION_STATUS: id=AndroidJUnitRunner
INSTRUMENTATION_STATUS: numtests=71
INSTRUMENTATION_STATUS: stream=.
INSTRUMENTATION_STATUS: test=equalRevisionIdenticalIdleInAnotherNativeStoreCannotAcceptForeignPlan
INSTRUMENTATION_STATUS_CODE: 0
INSTRUMENTATION_STATUS: class=com.feedme.storage.AndroidSessionWorkOriginPlanTest
INSTRUMENTATION_STATUS: current=61
INSTRUMENTATION_STATUS: id=AndroidJUnitRunner
INSTRUMENTATION_STATUS: numtests=71
INSTRUMENTATION_STATUS: stream=
INSTRUMENTATION_STATUS: test=alteredValidPlanScopeOriginRevisionAndProofAreRejectedWithoutNativeWrites
INSTRUMENTATION_STATUS_CODE: 1
INSTRUMENTATION_STATUS: class=com.feedme.storage.AndroidSessionWorkOriginPlanTest
INSTRUMENTATION_STATUS: current=61
INSTRUMENTATION_STATUS: id=AndroidJUnitRunner
INSTRUMENTATION_STATUS: numtests=71
INSTRUMENTATION_STATUS: stream=.
INSTRUMENTATION_STATUS: test=alteredValidPlanScopeOriginRevisionAndProofAreRejectedWithoutNativeWrites
INSTRUMENTATION_STATUS_CODE: 0
INSTRUMENTATION_STATUS: class=com.feedme.storage.AndroidSessionWorkOriginPlanTest
INSTRUMENTATION_STATUS: current=62
INSTRUMENTATION_STATUS: id=AndroidJUnitRunner
INSTRUMENTATION_STATUS: numtests=71
INSTRUMENTATION_STATUS: stream=
INSTRUMENTATION_STATUS: test=planningAndInspectionPreserveExactNativeFilesRowsKeysAndInactiveBoundary
INSTRUMENTATION_STATUS_CODE: 1
INSTRUMENTATION_STATUS: class=com.feedme.storage.AndroidSessionWorkOriginPlanTest
INSTRUMENTATION_STATUS: current=62
INSTRUMENTATION_STATUS: id=AndroidJUnitRunner
INSTRUMENTATION_STATUS: numtests=71
INSTRUMENTATION_STATUS: stream=.
INSTRUMENTATION_STATUS: test=planningAndInspectionPreserveExactNativeFilesRowsKeysAndInactiveBoundary
INSTRUMENTATION_STATUS_CODE: 0
INSTRUMENTATION_STATUS: class=com.feedme.storage.AndroidSessionWorkOriginPlanTest
INSTRUMENTATION_STATUS: current=63
INSTRUMENTATION_STATUS: id=AndroidJUnitRunner
INSTRUMENTATION_STATUS: numtests=71
INSTRUMENTATION_STATUS: stream=
INSTRUMENTATION_STATUS: test=preparedAndSelectedPlansSurviveNativeCloseReopenWithoutNewKeysOrLease
INSTRUMENTATION_STATUS_CODE: 1
INSTRUMENTATION_STATUS: class=com.feedme.storage.AndroidSessionWorkOriginPlanTest
INSTRUMENTATION_STATUS: current=63
INSTRUMENTATION_STATUS: id=AndroidJUnitRunner
INSTRUMENTATION_STATUS: numtests=71
INSTRUMENTATION_STATUS: stream=.
INSTRUMENTATION_STATUS: test=preparedAndSelectedPlansSurviveNativeCloseReopenWithoutNewKeysOrLease
INSTRUMENTATION_STATUS_CODE: 0
INSTRUMENTATION_STATUS: class=com.feedme.storage.AndroidSessionWorkOriginPlanTest
INSTRUMENTATION_STATUS: current=64
INSTRUMENTATION_STATUS: id=AndroidJUnitRunner
INSTRUMENTATION_STATUS: numtests=71
INSTRUMENTATION_STATUS: stream=
INSTRUMENTATION_STATUS: test=selectedMarkerCannotBorrowAnotherPlanOrAcceptUnknownAndMalformedStoredMetadata
INSTRUMENTATION_STATUS_CODE: 1
INSTRUMENTATION_STATUS: class=com.feedme.storage.AndroidSessionWorkOriginPlanTest
INSTRUMENTATION_STATUS: current=64
INSTRUMENTATION_STATUS: id=AndroidJUnitRunner
INSTRUMENTATION_STATUS: numtests=71
INSTRUMENTATION_STATUS: stream=.
INSTRUMENTATION_STATUS: test=selectedMarkerCannotBorrowAnotherPlanOrAcceptUnknownAndMalformedStoredMetadata
INSTRUMENTATION_STATUS_CODE: 0
INSTRUMENTATION_STATUS: class=com.feedme.storage.AndroidSessionWorkOriginPlanTest
INSTRUMENTATION_STATUS: current=65
INSTRUMENTATION_STATUS: id=AndroidJUnitRunner
INSTRUMENTATION_STATUS: numtests=71
INSTRUMENTATION_STATUS: stream=
INSTRUMENTATION_STATUS: test=serializedPlanIsDetachedRedactedAndCanSelectWithoutAllocatingAnotherIdentity
INSTRUMENTATION_STATUS_CODE: 1
INSTRUMENTATION_STATUS: class=com.feedme.storage.AndroidSessionWorkOriginPlanTest
INSTRUMENTATION_STATUS: current=65
INSTRUMENTATION_STATUS: id=AndroidJUnitRunner
INSTRUMENTATION_STATUS: numtests=71
INSTRUMENTATION_STATUS: stream=.
INSTRUMENTATION_STATUS: test=serializedPlanIsDetachedRedactedAndCanSelectWithoutAllocatingAnotherIdentity
INSTRUMENTATION_STATUS_CODE: 0
INSTRUMENTATION_STATUS: class=com.feedme.storage.AndroidSessionWorkOriginPlanTest
INSTRUMENTATION_STATUS: current=66
INSTRUMENTATION_STATUS: id=AndroidJUnitRunner
INSTRUMENTATION_STATUS: numtests=71
INSTRUMENTATION_STATUS: stream=
INSTRUMENTATION_STATUS: test=changedIdleRevisionCannotBeSelectedByAnOlderPlanOrSilentlyReplanned
INSTRUMENTATION_STATUS_CODE: 1
INSTRUMENTATION_STATUS: class=com.feedme.storage.AndroidSessionWorkOriginPlanTest
INSTRUMENTATION_STATUS: current=66
INSTRUMENTATION_STATUS: id=AndroidJUnitRunner
INSTRUMENTATION_STATUS: numtests=71
INSTRUMENTATION_STATUS: stream=.
INSTRUMENTATION_STATUS: test=changedIdleRevisionCannotBeSelectedByAnOlderPlanOrSilentlyReplanned
INSTRUMENTATION_STATUS_CODE: 0
INSTRUMENTATION_STATUS: class=com.feedme.storage.AndroidSessionWorkOriginPlanTest
INSTRUMENTATION_STATUS: current=67
INSTRUMENTATION_STATUS: id=AndroidJUnitRunner
INSTRUMENTATION_STATUS: numtests=71
INSTRUMENTATION_STATUS: stream=
INSTRUMENTATION_STATUS: test=rejectedOrdinaryRetirementCannotEraseOrPoisonExactSetupSelection
INSTRUMENTATION_STATUS_CODE: 1
INSTRUMENTATION_STATUS: class=com.feedme.storage.AndroidSessionWorkOriginPlanTest
INSTRUMENTATION_STATUS: current=67
INSTRUMENTATION_STATUS: id=AndroidJUnitRunner
INSTRUMENTATION_STATUS: numtests=71
INSTRUMENTATION_STATUS: stream=.
INSTRUMENTATION_STATUS: test=rejectedOrdinaryRetirementCannotEraseOrPoisonExactSetupSelection
INSTRUMENTATION_STATUS_CODE: 0
INSTRUMENTATION_STATUS: class=com.feedme.storage.AndroidSessionWorkOriginPlanTest
INSTRUMENTATION_STATUS: current=68
INSTRUMENTATION_STATUS: id=AndroidJUnitRunner
INSTRUMENTATION_STATUS: numtests=71
INSTRUMENTATION_STATUS: stream=
INSTRUMENTATION_STATUS: test=liveBoundaryBlocksSetupMethodsWithoutClearingOrReplacingItsExistingLease
INSTRUMENTATION_STATUS_CODE: 1
INSTRUMENTATION_STATUS: class=com.feedme.storage.AndroidSessionWorkOriginPlanTest
INSTRUMENTATION_STATUS: current=68
INSTRUMENTATION_STATUS: id=AndroidJUnitRunner
INSTRUMENTATION_STATUS: numtests=71
INSTRUMENTATION_STATUS: stream=.
INSTRUMENTATION_STATUS: test=liveBoundaryBlocksSetupMethodsWithoutClearingOrReplacingItsExistingLease
INSTRUMENTATION_STATUS_CODE: 0
INSTRUMENTATION_STATUS: class=com.feedme.storage.AndroidSessionWorkOriginPlanTest
INSTRUMENTATION_STATUS: current=69
INSTRUMENTATION_STATUS: id=AndroidJUnitRunner
INSTRUMENTATION_STATUS: numtests=71
INSTRUMENTATION_STATUS: stream=
INSTRUMENTATION_STATUS: test=cancellationAfterRealSelectionCommitNeverReturnsAccessAndExactRetryAcknowledgesAgain
INSTRUMENTATION_STATUS_CODE: 1
INSTRUMENTATION_STATUS: class=com.feedme.storage.AndroidSessionWorkOriginPlanTest
INSTRUMENTATION_STATUS: current=69
INSTRUMENTATION_STATUS: id=AndroidJUnitRunner
INSTRUMENTATION_STATUS: numtests=71
INSTRUMENTATION_STATUS: stream=.
INSTRUMENTATION_STATUS: test=cancellationAfterRealSelectionCommitNeverReturnsAccessAndExactRetryAcknowledgesAgain
INSTRUMENTATION_STATUS_CODE: 0
INSTRUMENTATION_STATUS: class=com.feedme.storage.AndroidSessionWorkOriginPlanTest
INSTRUMENTATION_STATUS: current=70
INSTRUMENTATION_STATUS: id=AndroidJUnitRunner
INSTRUMENTATION_STATUS: numtests=71
INSTRUMENTATION_STATUS: stream=
INSTRUMENTATION_STATUS: test=closedRegistryAndInvalidPlanningArgumentsCannotMutateNativeEvidence
INSTRUMENTATION_STATUS_CODE: 1
INSTRUMENTATION_STATUS: class=com.feedme.storage.AndroidSessionWorkOriginPlanTest
INSTRUMENTATION_STATUS: current=70
INSTRUMENTATION_STATUS: id=AndroidJUnitRunner
INSTRUMENTATION_STATUS: numtests=71
INSTRUMENTATION_STATUS: stream=.
INSTRUMENTATION_STATUS: test=closedRegistryAndInvalidPlanningArgumentsCannotMutateNativeEvidence
INSTRUMENTATION_STATUS_CODE: 0
INSTRUMENTATION_STATUS: class=com.feedme.storage.AndroidSessionWorkOriginPlanTest
INSTRUMENTATION_STATUS: current=71
INSTRUMENTATION_STATUS: id=AndroidJUnitRunner
INSTRUMENTATION_STATUS: numtests=71
INSTRUMENTATION_STATUS: stream=
INSTRUMENTATION_STATUS: test=missingSelectedNativeOwnerKeyFailsClosedWithoutRegenerationOrChangedFiles
INSTRUMENTATION_STATUS_CODE: 1
INSTRUMENTATION_STATUS: class=com.feedme.storage.AndroidSessionWorkOriginPlanTest
INSTRUMENTATION_STATUS: current=71
INSTRUMENTATION_STATUS: id=AndroidJUnitRunner
INSTRUMENTATION_STATUS: numtests=71
INSTRUMENTATION_STATUS: stream=.
INSTRUMENTATION_STATUS: test=missingSelectedNativeOwnerKeyFailsClosedWithoutRegenerationOrChangedFiles
INSTRUMENTATION_STATUS_CODE: 0
INSTRUMENTATION_RESULT: stream=

Time: 5.301

OK (71 tests)


INSTRUMENTATION_CODE: -1
