INSTRUMENTATION_STATUS: class=com.feedme.storage.AndroidSessionWorkRecoveryStoreTest
INSTRUMENTATION_STATUS: current=1
INSTRUMENTATION_STATUS: id=AndroidJUnitRunner
INSTRUMENTATION_STATUS: numtests=12
INSTRUMENTATION_STATUS: stream=
com.feedme.storage.AndroidSessionWorkRecoveryStoreTest:
INSTRUMENTATION_STATUS: test=constructionDefersContextIoAndCloseBeforeOpenNeverInitializesMissingStorage
INSTRUMENTATION_STATUS_CODE: 1
INSTRUMENTATION_STATUS: class=com.feedme.storage.AndroidSessionWorkRecoveryStoreTest
INSTRUMENTATION_STATUS: current=1
INSTRUMENTATION_STATUS: id=AndroidJUnitRunner
INSTRUMENTATION_STATUS: numtests=12
INSTRUMENTATION_STATUS: stream=.
INSTRUMENTATION_STATUS: test=constructionDefersContextIoAndCloseBeforeOpenNeverInitializesMissingStorage
INSTRUMENTATION_STATUS_CODE: 0
INSTRUMENTATION_STATUS: class=com.feedme.storage.AndroidSessionWorkRecoveryStoreTest
INSTRUMENTATION_STATUS: current=2
INSTRUMENTATION_STATUS: id=AndroidJUnitRunner
INSTRUMENTATION_STATUS: numtests=12
INSTRUMENTATION_STATUS: stream=
INSTRUMENTATION_STATUS: test=authenticProofsRejectAnotherInstallMutationsAndInvalidBoundsWithoutSelection
INSTRUMENTATION_STATUS_CODE: 1
INSTRUMENTATION_STATUS: class=com.feedme.storage.AndroidSessionWorkRecoveryStoreTest
INSTRUMENTATION_STATUS: current=2
INSTRUMENTATION_STATUS: id=AndroidJUnitRunner
INSTRUMENTATION_STATUS: numtests=12
INSTRUMENTATION_STATUS: stream=.
INSTRUMENTATION_STATUS: test=authenticProofsRejectAnotherInstallMutationsAndInvalidBoundsWithoutSelection
INSTRUMENTATION_STATUS_CODE: 0
INSTRUMENTATION_STATUS: class=com.feedme.storage.AndroidSessionWorkRecoveryStoreTest
INSTRUMENTATION_STATUS: current=3
INSTRUMENTATION_STATUS: id=AndroidJUnitRunner
INSTRUMENTATION_STATUS: numtests=12
INSTRUMENTATION_STATUS: stream=
INSTRUMENTATION_STATUS: test=competingLegacyAndCancelledQueuedOpensCannotRevokeTheFirstReadyOwner
INSTRUMENTATION_STATUS_CODE: 1
INSTRUMENTATION_STATUS: class=com.feedme.storage.AndroidSessionWorkRecoveryStoreTest
INSTRUMENTATION_STATUS: current=3
INSTRUMENTATION_STATUS: id=AndroidJUnitRunner
INSTRUMENTATION_STATUS: numtests=12
INSTRUMENTATION_STATUS: stream=.
INSTRUMENTATION_STATUS: test=competingLegacyAndCancelledQueuedOpensCannotRevokeTheFirstReadyOwner
INSTRUMENTATION_STATUS_CODE: 0
INSTRUMENTATION_STATUS: class=com.feedme.storage.AndroidSessionWorkRecoveryStoreTest
INSTRUMENTATION_STATUS: current=4
INSTRUMENTATION_STATUS: id=AndroidJUnitRunner
INSTRUMENTATION_STATUS: numtests=12
INSTRUMENTATION_STATUS: stream=
INSTRUMENTATION_STATUS: test=absentFilesInstallOrOwnerKeysAndUnsupportedSchemaCannotCreateReplacementState
INSTRUMENTATION_STATUS_CODE: 1
INSTRUMENTATION_STATUS: class=com.feedme.storage.AndroidSessionWorkRecoveryStoreTest
INSTRUMENTATION_STATUS: current=4
INSTRUMENTATION_STATUS: id=AndroidJUnitRunner
INSTRUMENTATION_STATUS: numtests=12
INSTRUMENTATION_STATUS: stream=.
INSTRUMENTATION_STATUS: test=absentFilesInstallOrOwnerKeysAndUnsupportedSchemaCannotCreateReplacementState
INSTRUMENTATION_STATUS_CODE: 0
INSTRUMENTATION_STATUS: class=com.feedme.storage.AndroidSessionWorkRecoveryStoreTest
INSTRUMENTATION_STATUS: current=5
INSTRUMENTATION_STATUS: id=AndroidJUnitRunner
INSTRUMENTATION_STATUS: numtests=12
INSTRUMENTATION_STATUS: stream=
INSTRUMENTATION_STATUS: test=existingPreparedSelectedSealedAndAbortedRecordsAreReadWithoutWritingOrSigning
INSTRUMENTATION_STATUS_CODE: 1
INSTRUMENTATION_STATUS: class=com.feedme.storage.AndroidSessionWorkRecoveryStoreTest
INSTRUMENTATION_STATUS: current=5
INSTRUMENTATION_STATUS: id=AndroidJUnitRunner
INSTRUMENTATION_STATUS: numtests=12
INSTRUMENTATION_STATUS: stream=.
INSTRUMENTATION_STATUS: test=existingPreparedSelectedSealedAndAbortedRecordsAreReadWithoutWritingOrSigning
INSTRUMENTATION_STATUS_CODE: 0
INSTRUMENTATION_STATUS: class=com.feedme.storage.AndroidSessionWorkRecoveryStoreTest
INSTRUMENTATION_STATUS: current=6
INSTRUMENTATION_STATUS: id=AndroidJUnitRunner
INSTRUMENTATION_STATUS: numtests=12
INSTRUMENTATION_STATUS: stream=
INSTRUMENTATION_STATUS: test=sidecarsUnknownChildrenUnsafeModesAndSymlinksBlockBeforeSqliteOpening
INSTRUMENTATION_STATUS_CODE: 1
INSTRUMENTATION_STATUS: class=com.feedme.storage.AndroidSessionWorkRecoveryStoreTest
INSTRUMENTATION_STATUS: current=6
INSTRUMENTATION_STATUS: id=AndroidJUnitRunner
INSTRUMENTATION_STATUS: numtests=12
INSTRUMENTATION_STATUS: stream=.
INSTRUMENTATION_STATUS: test=sidecarsUnknownChildrenUnsafeModesAndSymlinksBlockBeforeSqliteOpening
INSTRUMENTATION_STATUS_CODE: 0
INSTRUMENTATION_STATUS: class=com.feedme.storage.AndroidSessionWorkRecoveryStoreTest
INSTRUMENTATION_STATUS: current=7
INSTRUMENTATION_STATUS: id=AndroidJUnitRunner
INSTRUMENTATION_STATUS: numtests=12
INSTRUMENTATION_STATUS: stream=
INSTRUMENTATION_STATUS: test=partialAcquisitionFailuresRetainExactOwnerAndPreventSecondDescriptorsUntilClose
INSTRUMENTATION_STATUS_CODE: 1
INSTRUMENTATION_STATUS: class=com.feedme.storage.AndroidSessionWorkRecoveryStoreTest
INSTRUMENTATION_STATUS: current=7
INSTRUMENTATION_STATUS: id=AndroidJUnitRunner
INSTRUMENTATION_STATUS: numtests=12
INSTRUMENTATION_STATUS: stream=.
INSTRUMENTATION_STATUS: test=partialAcquisitionFailuresRetainExactOwnerAndPreventSecondDescriptorsUntilClose
INSTRUMENTATION_STATUS_CODE: 0
INSTRUMENTATION_STATUS: class=com.feedme.storage.AndroidSessionWorkRecoveryStoreTest
INSTRUMENTATION_STATUS: current=8
INSTRUMENTATION_STATUS: id=AndroidJUnitRunner
INSTRUMENTATION_STATUS: numtests=12
INSTRUMENTATION_STATUS: stream=
INSTRUMENTATION_STATUS: test=failedInitializationAndEachPreCloseFaultRetryOnlyUnfinishedAcknowledgedStages
INSTRUMENTATION_STATUS_CODE: 1
INSTRUMENTATION_STATUS: class=com.feedme.storage.AndroidSessionWorkRecoveryStoreTest
INSTRUMENTATION_STATUS: current=8
INSTRUMENTATION_STATUS: id=AndroidJUnitRunner
INSTRUMENTATION_STATUS: numtests=12
INSTRUMENTATION_STATUS: stream=.
INSTRUMENTATION_STATUS: test=failedInitializationAndEachPreCloseFaultRetryOnlyUnfinishedAcknowledgedStages
INSTRUMENTATION_STATUS_CODE: 0
INSTRUMENTATION_STATUS: class=com.feedme.storage.AndroidSessionWorkRecoveryStoreTest
INSTRUMENTATION_STATUS: current=9
INSTRUMENTATION_STATUS: id=AndroidJUnitRunner
INSTRUMENTATION_STATUS: numtests=12
INSTRUMENTATION_STATUS: stream=
INSTRUMENTATION_STATUS: test=simulatedPostDescriptorCloseFailureKeepsTerminalReservationWithoutNumericRetry
INSTRUMENTATION_STATUS_CODE: 1
INSTRUMENTATION_STATUS: class=com.feedme.storage.AndroidSessionWorkRecoveryStoreTest
INSTRUMENTATION_STATUS: current=9
INSTRUMENTATION_STATUS: id=AndroidJUnitRunner
INSTRUMENTATION_STATUS: numtests=12
INSTRUMENTATION_STATUS: stream=.
INSTRUMENTATION_STATUS: test=simulatedPostDescriptorCloseFailureKeepsTerminalReservationWithoutNumericRetry
INSTRUMENTATION_STATUS_CODE: 0
INSTRUMENTATION_STATUS: class=com.feedme.storage.AndroidSessionWorkRecoveryStoreTest
INSTRUMENTATION_STATUS: current=10
INSTRUMENTATION_STATUS: id=AndroidJUnitRunner
INSTRUMENTATION_STATUS: numtests=12
INSTRUMENTATION_STATUS: stream=
INSTRUMENTATION_STATUS: test=exactSamePayloadCasChangesRevisionAndSurvivesExistingOnlyReopen
INSTRUMENTATION_STATUS_CODE: 1
INSTRUMENTATION_STATUS: class=com.feedme.storage.AndroidSessionWorkRecoveryStoreTest
INSTRUMENTATION_STATUS: current=10
INSTRUMENTATION_STATUS: id=AndroidJUnitRunner
INSTRUMENTATION_STATUS: numtests=12
INSTRUMENTATION_STATUS: stream=.
INSTRUMENTATION_STATUS: test=exactSamePayloadCasChangesRevisionAndSurvivesExistingOnlyReopen
INSTRUMENTATION_STATUS_CODE: 0
INSTRUMENTATION_STATUS: class=com.feedme.storage.AndroidSessionWorkRecoveryStoreTest
INSTRUMENTATION_STATUS: current=11
INSTRUMENTATION_STATUS: id=AndroidJUnitRunner
INSTRUMENTATION_STATUS: numtests=12
INSTRUMENTATION_STATUS: stream=
INSTRUMENTATION_STATUS: test=foreignRowsTombstonesGcAndAbortReceiptsArePreservedAndNeverCollected
INSTRUMENTATION_STATUS_CODE: 1
INSTRUMENTATION_STATUS: class=com.feedme.storage.AndroidSessionWorkRecoveryStoreTest
INSTRUMENTATION_STATUS: current=11
INSTRUMENTATION_STATUS: id=AndroidJUnitRunner
INSTRUMENTATION_STATUS: numtests=12
INSTRUMENTATION_STATUS: stream=.
INSTRUMENTATION_STATUS: test=foreignRowsTombstonesGcAndAbortReceiptsArePreservedAndNeverCollected
INSTRUMENTATION_STATUS_CODE: 0
INSTRUMENTATION_STATUS: class=com.feedme.storage.AndroidSessionWorkRecoveryStoreTest
INSTRUMENTATION_STATUS: current=12
INSTRUMENTATION_STATUS: id=AndroidJUnitRunner
INSTRUMENTATION_STATUS: numtests=12
INSTRUMENTATION_STATUS: stream=
INSTRUMENTATION_STATUS: test=cancelledAcquisitionAndCallerReturnGapNeverExposeLedgerOrCasAuthority
INSTRUMENTATION_STATUS_CODE: 1
INSTRUMENTATION_STATUS: class=com.feedme.storage.AndroidSessionWorkRecoveryStoreTest
INSTRUMENTATION_STATUS: current=12
INSTRUMENTATION_STATUS: id=AndroidJUnitRunner
INSTRUMENTATION_STATUS: numtests=12
INSTRUMENTATION_STATUS: stream=.
INSTRUMENTATION_STATUS: test=cancelledAcquisitionAndCallerReturnGapNeverExposeLedgerOrCasAuthority
INSTRUMENTATION_STATUS_CODE: 0
INSTRUMENTATION_RESULT: stream=

Time: 3.587

OK (12 tests)


INSTRUMENTATION_CODE: -1
