INSTRUMENTATION_STATUS: class=com.feedme.session.AndroidCredentialStoreTest
INSTRUMENTATION_STATUS: current=1
INSTRUMENTATION_STATUS: id=AndroidJUnitRunner
INSTRUMENTATION_STATUS: numtests=47
INSTRUMENTATION_STATUS: stream=
com.feedme.session.AndroidCredentialStoreTest:
INSTRUMENTATION_STATUS: test=missingActiveKeyOrBlobBlocksReadsButExactRetirementCanFinish
INSTRUMENTATION_STATUS_CODE: 1
INSTRUMENTATION_STATUS: class=com.feedme.session.AndroidCredentialStoreTest
INSTRUMENTATION_STATUS: current=1
INSTRUMENTATION_STATUS: id=AndroidJUnitRunner
INSTRUMENTATION_STATUS: numtests=47
INSTRUMENTATION_STATUS: stream=.
INSTRUMENTATION_STATUS: test=missingActiveKeyOrBlobBlocksReadsButExactRetirementCanFinish
INSTRUMENTATION_STATUS_CODE: 0
INSTRUMENTATION_STATUS: class=com.feedme.session.AndroidCredentialStoreTest
INSTRUMENTATION_STATUS: current=2
INSTRUMENTATION_STATUS: id=AndroidJUnitRunner
INSTRUMENTATION_STATUS: numtests=47
INSTRUMENTATION_STATUS: stream=
INSTRUMENTATION_STATUS: test=createAcknowledgementLossAfterManifestRenameReopensExactCommittedIncarnation
INSTRUMENTATION_STATUS_CODE: 1
INSTRUMENTATION_STATUS: class=com.feedme.session.AndroidCredentialStoreTest
INSTRUMENTATION_STATUS: current=2
INSTRUMENTATION_STATUS: id=AndroidJUnitRunner
INSTRUMENTATION_STATUS: numtests=47
INSTRUMENTATION_STATUS: stream=.
INSTRUMENTATION_STATUS: test=createAcknowledgementLossAfterManifestRenameReopensExactCommittedIncarnation
INSTRUMENTATION_STATUS_CODE: 0
INSTRUMENTATION_STATUS: class=com.feedme.session.AndroidCredentialStoreTest
INSTRUMENTATION_STATUS: current=3
INSTRUMENTATION_STATUS: id=AndroidJUnitRunner
INSTRUMENTATION_STATUS: numtests=47
INSTRUMENTATION_STATUS: stream=
INSTRUMENTATION_STATUS: test=retirementAcknowledgementLossOccursOnlyAfterKeyErasureAndReopensEmpty
INSTRUMENTATION_STATUS_CODE: 1
INSTRUMENTATION_STATUS: class=com.feedme.session.AndroidCredentialStoreTest
INSTRUMENTATION_STATUS: current=3
INSTRUMENTATION_STATUS: id=AndroidJUnitRunner
INSTRUMENTATION_STATUS: numtests=47
INSTRUMENTATION_STATUS: stream=.
INSTRUMENTATION_STATUS: test=retirementAcknowledgementLossOccursOnlyAfterKeyErasureAndReopensEmpty
INSTRUMENTATION_STATUS_CODE: 0
INSTRUMENTATION_STATUS: class=com.feedme.session.AndroidCredentialStoreTest
INSTRUMENTATION_STATUS: current=4
INSTRUMENTATION_STATUS: id=AndroidJUnitRunner
INSTRUMENTATION_STATUS: numtests=47
INSTRUMENTATION_STATUS: stream=
INSTRUMENTATION_STATUS: test=refreshCannotChangeOwnerKindOrBootstrappedDeviceAndAttachmentIsExactCas
INSTRUMENTATION_STATUS_CODE: 1
INSTRUMENTATION_STATUS: class=com.feedme.session.AndroidCredentialStoreTest
INSTRUMENTATION_STATUS: current=4
INSTRUMENTATION_STATUS: id=AndroidJUnitRunner
INSTRUMENTATION_STATUS: numtests=47
INSTRUMENTATION_STATUS: stream=.
INSTRUMENTATION_STATUS: test=refreshCannotChangeOwnerKindOrBootstrappedDeviceAndAttachmentIsExactCas
INSTRUMENTATION_STATUS_CODE: 0
INSTRUMENTATION_STATUS: class=com.feedme.session.AndroidCredentialStoreTest
INSTRUMENTATION_STATUS: current=5
INSTRUMENTATION_STATUS: id=AndroidJUnitRunner
INSTRUMENTATION_STATUS: numtests=47
INSTRUMENTATION_STATUS: stream=
INSTRUMENTATION_STATUS: test=oneActiveSlotAndExactRevisionCasRejectOtherLoginAndCompetingRefresh
INSTRUMENTATION_STATUS_CODE: 1
INSTRUMENTATION_STATUS: class=com.feedme.session.AndroidCredentialStoreTest
INSTRUMENTATION_STATUS: current=5
INSTRUMENTATION_STATUS: id=AndroidJUnitRunner
INSTRUMENTATION_STATUS: numtests=47
INSTRUMENTATION_STATUS: stream=.
INSTRUMENTATION_STATUS: test=oneActiveSlotAndExactRevisionCasRejectOtherLoginAndCompetingRefresh
INSTRUMENTATION_STATUS_CODE: 0
INSTRUMENTATION_STATUS: class=com.feedme.session.AndroidCredentialStoreTest
INSTRUMENTATION_STATUS: current=6
INSTRUMENTATION_STATUS: id=AndroidJUnitRunner
INSTRUMENTATION_STATUS: numtests=47
INSTRUMENTATION_STATUS: stream=
INSTRUMENTATION_STATUS: test=guestCredentialsRemainGuestAcrossReopenAndCannotAcceptDeviceBootstrap
INSTRUMENTATION_STATUS_CODE: 1
INSTRUMENTATION_STATUS: class=com.feedme.session.AndroidCredentialStoreTest
INSTRUMENTATION_STATUS: current=6
INSTRUMENTATION_STATUS: id=AndroidJUnitRunner
INSTRUMENTATION_STATUS: numtests=47
INSTRUMENTATION_STATUS: stream=.
INSTRUMENTATION_STATUS: test=guestCredentialsRemainGuestAcrossReopenAndCannotAcceptDeviceBootstrap
INSTRUMENTATION_STATUS_CODE: 0
INSTRUMENTATION_STATUS: class=com.feedme.session.AndroidCredentialStoreTest
INSTRUMENTATION_STATUS: current=7
INSTRUMENTATION_STATUS: id=AndroidJUnitRunner
INSTRUMENTATION_STATUS: numtests=47
INSTRUMENTATION_STATUS: stream=
INSTRUMENTATION_STATUS: test=symlinkDirectoryCannotRedirectCredentialFilesOrModifyItsTarget
INSTRUMENTATION_STATUS_CODE: 1
INSTRUMENTATION_STATUS: class=com.feedme.session.AndroidCredentialStoreTest
INSTRUMENTATION_STATUS: current=7
INSTRUMENTATION_STATUS: id=AndroidJUnitRunner
INSTRUMENTATION_STATUS: numtests=47
INSTRUMENTATION_STATUS: stream=.
INSTRUMENTATION_STATUS: test=symlinkDirectoryCannotRedirectCredentialFilesOrModifyItsTarget
INSTRUMENTATION_STATUS_CODE: 0
INSTRUMENTATION_STATUS: class=com.feedme.session.AndroidCredentialStoreTest
INSTRUMENTATION_STATUS: current=8
INSTRUMENTATION_STATUS: id=AndroidJUnitRunner
INSTRUMENTATION_STATUS: numtests=47
INSTRUMENTATION_STATUS: stream=
INSTRUMENTATION_STATUS: test=createRefreshBootstrapAndReopenPreserveExactIncarnationAndSecrets
INSTRUMENTATION_STATUS_CODE: 1
INSTRUMENTATION_STATUS: class=com.feedme.session.AndroidCredentialStoreTest
INSTRUMENTATION_STATUS: current=8
INSTRUMENTATION_STATUS: id=AndroidJUnitRunner
INSTRUMENTATION_STATUS: numtests=47
INSTRUMENTATION_STATUS: stream=.
INSTRUMENTATION_STATUS: test=createRefreshBootstrapAndReopenPreserveExactIncarnationAndSecrets
INSTRUMENTATION_STATUS_CODE: 0
INSTRUMENTATION_STATUS: class=com.feedme.session.AndroidCredentialStoreTest
INSTRUMENTATION_STATUS: current=9
INSTRUMENTATION_STATUS: id=AndroidJUnitRunner
INSTRUMENTATION_STATUS: numtests=47
INSTRUMENTATION_STATUS: stream=
INSTRUMENTATION_STATUS: test=preexistingEmptyDirectoryOrLostRetiredSlotCannotResetToInitialRevision
INSTRUMENTATION_STATUS_CODE: 1
INSTRUMENTATION_STATUS: class=com.feedme.session.AndroidCredentialStoreTest
INSTRUMENTATION_STATUS: current=9
INSTRUMENTATION_STATUS: id=AndroidJUnitRunner
INSTRUMENTATION_STATUS: numtests=47
INSTRUMENTATION_STATUS: stream=.
INSTRUMENTATION_STATUS: test=preexistingEmptyDirectoryOrLostRetiredSlotCannotResetToInitialRevision
INSTRUMENTATION_STATUS_CODE: 0
INSTRUMENTATION_STATUS: class=com.feedme.session.AndroidCredentialStoreTest
INSTRUMENTATION_STATUS: current=10
INSTRUMENTATION_STATUS: id=AndroidJUnitRunner
INSTRUMENTATION_STATUS: numtests=47
INSTRUMENTATION_STATUS: stream=
INSTRUMENTATION_STATUS: test=permissiveDirectoryAndManifestModesFailInsteadOfSilentlyRepairingThem
INSTRUMENTATION_STATUS_CODE: 1
INSTRUMENTATION_STATUS: class=com.feedme.session.AndroidCredentialStoreTest
INSTRUMENTATION_STATUS: current=10
INSTRUMENTATION_STATUS: id=AndroidJUnitRunner
INSTRUMENTATION_STATUS: numtests=47
INSTRUMENTATION_STATUS: stream=.
INSTRUMENTATION_STATUS: test=permissiveDirectoryAndManifestModesFailInsteadOfSilentlyRepairingThem
INSTRUMENTATION_STATUS_CODE: 0
INSTRUMENTATION_STATUS: class=com.feedme.session.AndroidCredentialStoreTest
INSTRUMENTATION_STATUS: current=11
INSTRUMENTATION_STATUS: id=AndroidJUnitRunner
INSTRUMENTATION_STATUS: numtests=47
INSTRUMENTATION_STATUS: stream=
INSTRUMENTATION_STATUS: test=duplicateOpenRespectsLifetimeLockAndCloseAllowsExactReopen
INSTRUMENTATION_STATUS_CODE: 1
INSTRUMENTATION_STATUS: class=com.feedme.session.AndroidCredentialStoreTest
INSTRUMENTATION_STATUS: current=11
INSTRUMENTATION_STATUS: id=AndroidJUnitRunner
INSTRUMENTATION_STATUS: numtests=47
INSTRUMENTATION_STATUS: stream=.
INSTRUMENTATION_STATUS: test=duplicateOpenRespectsLifetimeLockAndCloseAllowsExactReopen
INSTRUMENTATION_STATUS_CODE: 0
INSTRUMENTATION_STATUS: class=com.feedme.session.AndroidCredentialStoreTest
INSTRUMENTATION_STATUS: current=12
INSTRUMENTATION_STATUS: id=AndroidJUnitRunner
INSTRUMENTATION_STATUS: numtests=47
INSTRUMENTATION_STATUS: stream=
INSTRUMENTATION_STATUS: test=symlinkManifestAndCredentialBlobAreRejectedWithoutChangingTargets
INSTRUMENTATION_STATUS_CODE: 1
INSTRUMENTATION_STATUS: class=com.feedme.session.AndroidCredentialStoreTest
INSTRUMENTATION_STATUS: current=12
INSTRUMENTATION_STATUS: id=AndroidJUnitRunner
INSTRUMENTATION_STATUS: numtests=47
INSTRUMENTATION_STATUS: stream=.
INSTRUMENTATION_STATUS: test=symlinkManifestAndCredentialBlobAreRejectedWithoutChangingTargets
INSTRUMENTATION_STATUS_CODE: 0
INSTRUMENTATION_STATUS: class=com.feedme.session.AndroidCredentialStoreTest
INSTRUMENTATION_STATUS: current=13
INSTRUMENTATION_STATUS: id=AndroidJUnitRunner
INSTRUMENTATION_STATUS: numtests=47
INSTRUMENTATION_STATUS: stream=
INSTRUMENTATION_STATUS: test=ownedLockDescriptorIsClosedAfterEveryOpenAndDuplicateFailureCycle
INSTRUMENTATION_STATUS_CODE: 1
INSTRUMENTATION_STATUS: class=com.feedme.session.AndroidCredentialStoreTest
INSTRUMENTATION_STATUS: current=13
INSTRUMENTATION_STATUS: id=AndroidJUnitRunner
INSTRUMENTATION_STATUS: numtests=47
INSTRUMENTATION_STATUS: stream=.
INSTRUMENTATION_STATUS: test=ownedLockDescriptorIsClosedAfterEveryOpenAndDuplicateFailureCycle
INSTRUMENTATION_STATUS_CODE: 0
INSTRUMENTATION_STATUS: class=com.feedme.session.AndroidCredentialStoreTest
INSTRUMENTATION_STATUS: current=14
INSTRUMENTATION_STATUS: id=AndroidJUnitRunner
INSTRUMENTATION_STATUS: numtests=47
INSTRUMENTATION_STATUS: stream=
INSTRUMENTATION_STATUS: test=refreshInterruptionLeavesOrphanEvidenceAsExplicitRepairGate
INSTRUMENTATION_STATUS_CODE: 1
INSTRUMENTATION_STATUS: class=com.feedme.session.AndroidCredentialStoreTest
INSTRUMENTATION_STATUS: current=14
INSTRUMENTATION_STATUS: id=AndroidJUnitRunner
INSTRUMENTATION_STATUS: numtests=47
INSTRUMENTATION_STATUS: stream=.
INSTRUMENTATION_STATUS: test=refreshInterruptionLeavesOrphanEvidenceAsExplicitRepairGate
INSTRUMENTATION_STATUS_CODE: 0
INSTRUMENTATION_STATUS: class=com.feedme.session.AndroidCredentialStoreTest
INSTRUMENTATION_STATUS: current=15
INSTRUMENTATION_STATUS: id=AndroidJUnitRunner
INSTRUMENTATION_STATUS: numtests=47
INSTRUMENTATION_STATUS: stream=
INSTRUMENTATION_STATUS: test=exactRetirementErasesKeyAndOldRetirementCannotTouchNewSameAccountLogin
INSTRUMENTATION_STATUS_CODE: 1
INSTRUMENTATION_STATUS: class=com.feedme.session.AndroidCredentialStoreTest
INSTRUMENTATION_STATUS: current=15
INSTRUMENTATION_STATUS: id=AndroidJUnitRunner
INSTRUMENTATION_STATUS: numtests=47
INSTRUMENTATION_STATUS: stream=.
INSTRUMENTATION_STATUS: test=exactRetirementErasesKeyAndOldRetirementCannotTouchNewSameAccountLogin
INSTRUMENTATION_STATUS_CODE: 0
INSTRUMENTATION_STATUS: class=com.feedme.session.AndroidCredentialStoreTest
INSTRUMENTATION_STATUS: current=16
INSTRUMENTATION_STATUS: id=AndroidJUnitRunner
INSTRUMENTATION_STATUS: numtests=47
INSTRUMENTATION_STATUS: stream=
INSTRUMENTATION_STATUS: test=missingInstallKeysNeverRecreateOrRebindExistingCredentialFiles
INSTRUMENTATION_STATUS_CODE: 1
INSTRUMENTATION_STATUS: class=com.feedme.session.AndroidCredentialStoreTest
INSTRUMENTATION_STATUS: current=16
INSTRUMENTATION_STATUS: id=AndroidJUnitRunner
INSTRUMENTATION_STATUS: numtests=47
INSTRUMENTATION_STATUS: stream=.
INSTRUMENTATION_STATUS: test=missingInstallKeysNeverRecreateOrRebindExistingCredentialFiles
INSTRUMENTATION_STATUS_CODE: 0
INSTRUMENTATION_STATUS: class=com.feedme.session.AndroidCredentialStoreTest
INSTRUMENTATION_STATUS: current=17
INSTRUMENTATION_STATUS: id=AndroidJUnitRunner
INSTRUMENTATION_STATUS: numtests=47
INSTRUMENTATION_STATUS: stream=
INSTRUMENTATION_STATUS: test=missingOrCorruptManifestFailsClosedWithoutResettingKeysOrFiles
INSTRUMENTATION_STATUS_CODE: 1
INSTRUMENTATION_STATUS: class=com.feedme.session.AndroidCredentialStoreTest
INSTRUMENTATION_STATUS: current=17
INSTRUMENTATION_STATUS: id=AndroidJUnitRunner
INSTRUMENTATION_STATUS: numtests=47
INSTRUMENTATION_STATUS: stream=.
INSTRUMENTATION_STATUS: test=missingOrCorruptManifestFailsClosedWithoutResettingKeysOrFiles
INSTRUMENTATION_STATUS_CODE: 0
INSTRUMENTATION_STATUS: class=com.feedme.session.AndroidCredentialStoreTest
INSTRUMENTATION_STATUS: current=18
INSTRUMENTATION_STATUS: id=AndroidJUnitRunner
INSTRUMENTATION_STATUS: numtests=47
INSTRUMENTATION_STATUS: stream=
INSTRUMENTATION_STATUS: test=corruptedCredentialCiphertextCannotBeOverwrittenByRefresh
INSTRUMENTATION_STATUS_CODE: 1
INSTRUMENTATION_STATUS: class=com.feedme.session.AndroidCredentialStoreTest
INSTRUMENTATION_STATUS: current=18
INSTRUMENTATION_STATUS: id=AndroidJUnitRunner
INSTRUMENTATION_STATUS: numtests=47
INSTRUMENTATION_STATUS: stream=.
INSTRUMENTATION_STATUS: test=corruptedCredentialCiphertextCannotBeOverwrittenByRefresh
INSTRUMENTATION_STATUS_CODE: 0
INSTRUMENTATION_STATUS: class=com.feedme.session.AndroidCredentialStoreTest
INSTRUMENTATION_STATUS: current=19
INSTRUMENTATION_STATUS: id=AndroidJUnitRunner
INSTRUMENTATION_STATUS: numtests=47
INSTRUMENTATION_STATUS: stream=
INSTRUMENTATION_STATUS: test=hardlinksAreDeniedByPlatformOrRejectedByStoreWithoutChangingCredentials
INSTRUMENTATION_STATUS_CODE: 1
INSTRUMENTATION_STATUS: class=com.feedme.session.AndroidCredentialStoreTest
INSTRUMENTATION_STATUS: current=19
INSTRUMENTATION_STATUS: id=AndroidJUnitRunner
INSTRUMENTATION_STATUS: numtests=47
INSTRUMENTATION_STATUS: stream=.
INSTRUMENTATION_STATUS: test=hardlinksAreDeniedByPlatformOrRejectedByStoreWithoutChangingCredentials
INSTRUMENTATION_STATUS_CODE: 0
INSTRUMENTATION_STATUS: class=com.feedme.session.AndroidNativeWorkCancellationTest
INSTRUMENTATION_STATUS: current=20
INSTRUMENTATION_STATUS: id=AndroidJUnitRunner
INSTRUMENTATION_STATUS: numtests=47
INSTRUMENTATION_STATUS: stream=
com.feedme.session.AndroidNativeWorkCancellationTest:
INSTRUMENTATION_STATUS: test=timerIdentityIsOpaqueExplicitImmutableAndDefensivelyRecreated
INSTRUMENTATION_STATUS_CODE: 1
INSTRUMENTATION_STATUS: class=com.feedme.session.AndroidNativeWorkCancellationTest
INSTRUMENTATION_STATUS: current=20
INSTRUMENTATION_STATUS: id=AndroidJUnitRunner
INSTRUMENTATION_STATUS: numtests=47
INSTRUMENTATION_STATUS: stream=.
INSTRUMENTATION_STATUS: test=timerIdentityIsOpaqueExplicitImmutableAndDefensivelyRecreated
INSTRUMENTATION_STATUS_CODE: 0
INSTRUMENTATION_STATUS: class=com.feedme.session.AndroidNativeWorkCancellationTest
INSTRUMENTATION_STATUS: current=21
INSTRUMENTATION_STATUS: id=AndroidJUnitRunner
INSTRUMENTATION_STATUS: numtests=47
INSTRUMENTATION_STATUS: stream=
INSTRUMENTATION_STATUS: test=callerCancellationDoesNotBecomeSuccessfulNativeCancellation
INSTRUMENTATION_STATUS_CODE: 1
INSTRUMENTATION_STATUS: class=com.feedme.session.AndroidNativeWorkCancellationTest
INSTRUMENTATION_STATUS: current=21
INSTRUMENTATION_STATUS: id=AndroidJUnitRunner
INSTRUMENTATION_STATUS: numtests=47
INSTRUMENTATION_STATUS: stream=.
INSTRUMENTATION_STATUS: test=callerCancellationDoesNotBecomeSuccessfulNativeCancellation
INSTRUMENTATION_STATUS_CODE: 0
INSTRUMENTATION_STATUS: class=com.feedme.session.AndroidNativeWorkCancellationTest
INSTRUMENTATION_STATUS: current=22
INSTRUMENTATION_STATUS: id=AndroidJUnitRunner
INSTRUMENTATION_STATUS: numtests=47
INSTRUMENTATION_STATUS: stream=
INSTRUMENTATION_STATUS: test=notificationCancellationIsExactWhenPermissionAvailableOtherwiseReportsGate
INSTRUMENTATION_STATUS_CODE: 1
INSTRUMENTATION_STATUS: class=com.feedme.session.AndroidNativeWorkCancellationTest
INSTRUMENTATION_STATUS: current=22
INSTRUMENTATION_STATUS: id=AndroidJUnitRunner
INSTRUMENTATION_STATUS: numtests=47
INSTRUMENTATION_STATUS: stream=.
INSTRUMENTATION_STATUS: test=notificationCancellationIsExactWhenPermissionAvailableOtherwiseReportsGate
INSTRUMENTATION_STATUS_CODE: 0
INSTRUMENTATION_STATUS: class=com.feedme.session.AndroidNativeWorkCancellationTest
INSTRUMENTATION_STATUS: current=23
INSTRUMENTATION_STATUS: id=AndroidJUnitRunner
INSTRUMENTATION_STATUS: numtests=47
INSTRUMENTATION_STATUS: stream=
INSTRUMENTATION_STATUS: test=workManagerInitializerIsDisabledAndTestCompositionInitializesExplicitly
INSTRUMENTATION_STATUS_CODE: 1
INSTRUMENTATION_STATUS: class=com.feedme.session.AndroidNativeWorkCancellationTest
INSTRUMENTATION_STATUS: current=23
INSTRUMENTATION_STATUS: id=AndroidJUnitRunner
INSTRUMENTATION_STATUS: numtests=47
INSTRUMENTATION_STATUS: stream=.
INSTRUMENTATION_STATUS: test=workManagerInitializerIsDisabledAndTestCompositionInitializesExplicitly
INSTRUMENTATION_STATUS_CODE: 0
INSTRUMENTATION_STATUS: class=com.feedme.session.AndroidNativeWorkCancellationTest
INSTRUMENTATION_STATUS: current=24
INSTRUMENTATION_STATUS: id=AndroidJUnitRunner
INSTRUMENTATION_STATUS: numtests=47
INSTRUMENTATION_STATUS: stream=
INSTRUMENTATION_STATUS: test=timerCancellationInvalidatesOnlyExactPendingIntentAndIsIdempotent
INSTRUMENTATION_STATUS_CODE: 1
INSTRUMENTATION_STATUS: class=com.feedme.session.AndroidNativeWorkCancellationTest
INSTRUMENTATION_STATUS: current=24
INSTRUMENTATION_STATUS: id=AndroidJUnitRunner
INSTRUMENTATION_STATUS: numtests=47
INSTRUMENTATION_STATUS: stream=.
INSTRUMENTATION_STATUS: test=timerCancellationInvalidatesOnlyExactPendingIntentAndIsIdempotent
INSTRUMENTATION_STATUS_CODE: 0
INSTRUMENTATION_STATUS: class=com.feedme.session.AndroidNativeWorkCancellationTest
INSTRUMENTATION_STATUS: current=25
INSTRUMENTATION_STATUS: id=AndroidJUnitRunner
INSTRUMENTATION_STATUS: numtests=47
INSTRUMENTATION_STATUS: stream=
INSTRUMENTATION_STATUS: test=malformedTicketsAndNonTimerIdentityAreRejectedWithoutNativeInstallation
INSTRUMENTATION_STATUS_CODE: 1
INSTRUMENTATION_STATUS: class=com.feedme.session.AndroidNativeWorkCancellationTest
INSTRUMENTATION_STATUS: current=25
INSTRUMENTATION_STATUS: id=AndroidJUnitRunner
INSTRUMENTATION_STATUS: numtests=47
INSTRUMENTATION_STATUS: stream=.
INSTRUMENTATION_STATUS: test=malformedTicketsAndNonTimerIdentityAreRejectedWithoutNativeInstallation
INSTRUMENTATION_STATUS_CODE: 0
INSTRUMENTATION_STATUS: class=com.feedme.session.AndroidNativeWorkCancellationTest
INSTRUMENTATION_STATUS: current=26
INSTRUMENTATION_STATUS: id=AndroidJUnitRunner
INSTRUMENTATION_STATUS: numtests=47
INSTRUMENTATION_STATUS: stream=
INSTRUMENTATION_STATUS: test=nonexistentWorkCancellationIsIdempotentAndDoesNotCreateWork
INSTRUMENTATION_STATUS_CODE: 1
INSTRUMENTATION_STATUS: class=com.feedme.session.AndroidNativeWorkCancellationTest
INSTRUMENTATION_STATUS: current=26
INSTRUMENTATION_STATUS: id=AndroidJUnitRunner
INSTRUMENTATION_STATUS: numtests=47
INSTRUMENTATION_STATUS: stream=.
INSTRUMENTATION_STATUS: test=nonexistentWorkCancellationIsIdempotentAndDoesNotCreateWork
INSTRUMENTATION_STATUS_CODE: 0
INSTRUMENTATION_STATUS: class=com.feedme.session.AndroidNativeWorkCancellationTest
INSTRUMENTATION_STATUS: current=27
INSTRUMENTATION_STATUS: id=AndroidJUnitRunner
INSTRUMENTATION_STATUS: numtests=47
INSTRUMENTATION_STATUS: stream=
INSTRUMENTATION_STATUS: test=cancellationOfNeverInstalledTimerDoesNotCreatePendingIntent
INSTRUMENTATION_STATUS_CODE: 1
INSTRUMENTATION_STATUS: class=com.feedme.session.AndroidNativeWorkCancellationTest
INSTRUMENTATION_STATUS: current=27
INSTRUMENTATION_STATUS: id=AndroidJUnitRunner
INSTRUMENTATION_STATUS: numtests=47
INSTRUMENTATION_STATUS: stream=.
INSTRUMENTATION_STATUS: test=cancellationOfNeverInstalledTimerDoesNotCreatePendingIntent
INSTRUMENTATION_STATUS_CODE: 0
INSTRUMENTATION_STATUS: class=com.feedme.session.AndroidNativeWorkCancellationTest
INSTRUMENTATION_STATUS: current=28
INSTRUMENTATION_STATUS: id=AndroidJUnitRunner
INSTRUMENTATION_STATUS: numtests=47
INSTRUMENTATION_STATUS: stream=
INSTRUMENTATION_STATUS: test=foreignExportedAndUnresolvableReceiversCannotConfigureAdapter
INSTRUMENTATION_STATUS_CODE: 1
INSTRUMENTATION_STATUS: class=com.feedme.session.AndroidNativeWorkCancellationTest
INSTRUMENTATION_STATUS: current=28
INSTRUMENTATION_STATUS: id=AndroidJUnitRunner
INSTRUMENTATION_STATUS: numtests=47
INSTRUMENTATION_STATUS: stream=.
INSTRUMENTATION_STATUS: test=foreignExportedAndUnresolvableReceiversCannotConfigureAdapter
INSTRUMENTATION_STATUS_CODE: 0
INSTRUMENTATION_STATUS: class=com.feedme.session.AndroidNativeWorkCancellationTest
INSTRUMENTATION_STATUS: current=29
INSTRUMENTATION_STATUS: id=AndroidJUnitRunner
INSTRUMENTATION_STATUS: numtests=47
INSTRUMENTATION_STATUS: stream=
INSTRUMENTATION_STATUS: test=realDelayedWorkCancellationWaitsForCancelledStateAndRetainsSibling
INSTRUMENTATION_STATUS_CODE: 1
INSTRUMENTATION_STATUS: class=com.feedme.session.AndroidNativeWorkCancellationTest
INSTRUMENTATION_STATUS: current=29
INSTRUMENTATION_STATUS: id=AndroidJUnitRunner
INSTRUMENTATION_STATUS: numtests=47
INSTRUMENTATION_STATUS: stream=.
INSTRUMENTATION_STATUS: test=realDelayedWorkCancellationWaitsForCancelledStateAndRetainsSibling
INSTRUMENTATION_STATUS_CODE: 0
INSTRUMENTATION_STATUS: class=com.feedme.session.AndroidCredentialCreatePlanTest
INSTRUMENTATION_STATUS: current=30
INSTRUMENTATION_STATUS: id=AndroidJUnitRunner
INSTRUMENTATION_STATUS: numtests=47
INSTRUMENTATION_STATUS: stream=
com.feedme.session.AndroidCredentialCreatePlanTest:
INSTRUMENTATION_STATUS: test=exactOwnedZeroLengthOrCorruptPartialCiphertextCanBeAbortedWithoutDecryption
INSTRUMENTATION_STATUS_CODE: 1
INSTRUMENTATION_STATUS: class=com.feedme.session.AndroidCredentialCreatePlanTest
INSTRUMENTATION_STATUS: current=30
INSTRUMENTATION_STATUS: id=AndroidJUnitRunner
INSTRUMENTATION_STATUS: numtests=47
INSTRUMENTATION_STATUS: stream=.
INSTRUMENTATION_STATUS: test=exactOwnedZeroLengthOrCorruptPartialCiphertextCanBeAbortedWithoutDecryption
INSTRUMENTATION_STATUS_CODE: 0
INSTRUMENTATION_STATUS: class=com.feedme.session.AndroidCredentialCreatePlanTest
INSTRUMENTATION_STATUS: current=31
INSTRUMENTATION_STATUS: id=AndroidJUnitRunner
INSTRUMENTATION_STATUS: numtests=47
INSTRUMENTATION_STATUS: stream=
INSTRUMENTATION_STATUS: test=abortingPreparedPlanConsumesItPermanentlyAndRepeatedAbortDoesNotAdvanceRevision
INSTRUMENTATION_STATUS_CODE: 1
INSTRUMENTATION_STATUS: class=com.feedme.session.AndroidCredentialCreatePlanTest
INSTRUMENTATION_STATUS: current=31
INSTRUMENTATION_STATUS: id=AndroidJUnitRunner
INSTRUMENTATION_STATUS: numtests=47
INSTRUMENTATION_STATUS: stream=.
INSTRUMENTATION_STATUS: test=abortingPreparedPlanConsumesItPermanentlyAndRepeatedAbortDoesNotAdvanceRevision
INSTRUMENTATION_STATUS_CODE: 0
INSTRUMENTATION_STATUS: class=com.feedme.session.AndroidCredentialCreatePlanTest
INSTRUMENTATION_STATUS: current=32
INSTRUMENTATION_STATUS: id=AndroidJUnitRunner
INSTRUMENTATION_STATUS: numtests=47
INSTRUMENTATION_STATUS: stream=
INSTRUMENTATION_STATUS: test=recoveryHandlesAreExclusiveReadOnlyToInspectAndReleaseOwnedLockDescriptors
INSTRUMENTATION_STATUS_CODE: 1
INSTRUMENTATION_STATUS: class=com.feedme.session.AndroidCredentialCreatePlanTest
INSTRUMENTATION_STATUS: current=32
INSTRUMENTATION_STATUS: id=AndroidJUnitRunner
INSTRUMENTATION_STATUS: numtests=47
INSTRUMENTATION_STATUS: stack=java.lang.AssertionError: expected:<1> but was:<0>
	at org.junit.Assert.fail(Assert.java:89)
	at org.junit.Assert.failNotEquals(Assert.java:835)
	at org.junit.Assert.assertEquals(Assert.java:120)
	at org.junit.Assert.assertEquals(Assert.java:146)
	at com.feedme.session.AndroidCredentialCreatePlanTest$recoveryHandlesAreExclusiveReadOnlyToInspectAndReleaseOwnedLockDescriptors$1.invokeSuspend(AndroidCredentialCreatePlanTest.kt:373)
	at kotlin.coroutines.jvm.internal.BaseContinuationImpl.resumeWith(ContinuationImpl.kt:34)
	at kotlinx.coroutines.DispatchedTask.run(DispatchedTask.kt:100)
	at kotlinx.coroutines.EventLoopImplBase.processNextEvent(EventLoop.common.kt:256)
	at kotlinx.coroutines.BlockingCoroutine.joinBlocking(Builders.kt:54)
	at kotlinx.coroutines.BuildersKt__BuildersKt.runBlockingImpl(Builders.kt:30)
	at kotlinx.coroutines.BuildersKt.runBlockingImpl(Unknown Source:1)
	at kotlinx.coroutines.BuildersKt__Builders_concurrentKt.runBlockingK(Builders.concurrent.kt:172)
	at kotlinx.coroutines.BuildersKt.runBlockingK(Unknown Source:1)
	at kotlinx.coroutines.BuildersKt__Builders_concurrentKt.runBlockingK$default(Builders.concurrent.kt:157)
	at kotlinx.coroutines.BuildersKt.runBlockingK$default(Unknown Source:1)
	at com.feedme.session.AndroidCredentialCreatePlanTest.recoveryHandlesAreExclusiveReadOnlyToInspectAndReleaseOwnedLockDescriptors(AndroidCredentialCreatePlanTest.kt:367)

INSTRUMENTATION_STATUS: stream=
Error in recoveryHandlesAreExclusiveReadOnlyToInspectAndReleaseOwnedLockDescriptors(com.feedme.session.AndroidCredentialCreatePlanTest):
java.lang.AssertionError: expected:<1> but was:<0>
	at org.junit.Assert.fail(Assert.java:89)
	at org.junit.Assert.failNotEquals(Assert.java:835)
	at org.junit.Assert.assertEquals(Assert.java:120)
	at org.junit.Assert.assertEquals(Assert.java:146)
	at com.feedme.session.AndroidCredentialCreatePlanTest$recoveryHandlesAreExclusiveReadOnlyToInspectAndReleaseOwnedLockDescriptors$1.invokeSuspend(AndroidCredentialCreatePlanTest.kt:373)
	at kotlin.coroutines.jvm.internal.BaseContinuationImpl.resumeWith(ContinuationImpl.kt:34)
	at kotlinx.coroutines.DispatchedTask.run(DispatchedTask.kt:100)
	at kotlinx.coroutines.EventLoopImplBase.processNextEvent(EventLoop.common.kt:256)
	at kotlinx.coroutines.BlockingCoroutine.joinBlocking(Builders.kt:54)
	at kotlinx.coroutines.BuildersKt__BuildersKt.runBlockingImpl(Builders.kt:30)
	at kotlinx.coroutines.BuildersKt.runBlockingImpl(Unknown Source:1)
	at kotlinx.coroutines.BuildersKt__Builders_concurrentKt.runBlockingK(Builders.concurrent.kt:172)
	at kotlinx.coroutines.BuildersKt.runBlockingK(Unknown Source:1)
	at kotlinx.coroutines.BuildersKt__Builders_concurrentKt.runBlockingK$default(Builders.concurrent.kt:157)
	at kotlinx.coroutines.BuildersKt.runBlockingK$default(Unknown Source:1)
	at com.feedme.session.AndroidCredentialCreatePlanTest.recoveryHandlesAreExclusiveReadOnlyToInspectAndReleaseOwnedLockDescriptors(AndroidCredentialCreatePlanTest.kt:367)

INSTRUMENTATION_STATUS: test=recoveryHandlesAreExclusiveReadOnlyToInspectAndReleaseOwnedLockDescriptors
INSTRUMENTATION_STATUS_CODE: -2
INSTRUMENTATION_STATUS: class=com.feedme.session.AndroidCredentialCreatePlanTest
INSTRUMENTATION_STATUS: current=33
INSTRUMENTATION_STATUS: id=AndroidJUnitRunner
INSTRUMENTATION_STATUS: numtests=47
INSTRUMENTATION_STATUS: stream=
INSTRUMENTATION_STATUS: test=unsafeModesAndSymlinkTargetsFailClosedWithoutFollowingOrDeletingForeignData
INSTRUMENTATION_STATUS_CODE: 1
INSTRUMENTATION_STATUS: class=com.feedme.session.AndroidCredentialCreatePlanTest
INSTRUMENTATION_STATUS: current=33
INSTRUMENTATION_STATUS: id=AndroidJUnitRunner
INSTRUMENTATION_STATUS: numtests=47
INSTRUMENTATION_STATUS: stream=.
INSTRUMENTATION_STATUS: test=unsafeModesAndSymlinkTargetsFailClosedWithoutFollowingOrDeletingForeignData
INSTRUMENTATION_STATUS_CODE: 0
INSTRUMENTATION_STATUS: class=com.feedme.session.AndroidCredentialCreatePlanTest
INSTRUMENTATION_STATUS: current=34
INSTRUMENTATION_STATUS: id=AndroidJUnitRunner
INSTRUMENTATION_STATUS: numtests=47
INSTRUMENTATION_STATUS: stream=
INSTRUMENTATION_STATUS: test=consumedEmptyReplayMustReacknowledgeDurabilityBeforeRemainingKeyDeletion
INSTRUMENTATION_STATUS_CODE: 1
INSTRUMENTATION_STATUS: class=com.feedme.session.AndroidCredentialCreatePlanTest
INSTRUMENTATION_STATUS: current=34
INSTRUMENTATION_STATUS: id=AndroidJUnitRunner
INSTRUMENTATION_STATUS: numtests=47
INSTRUMENTATION_STATUS: stream=.
INSTRUMENTATION_STATUS: test=consumedEmptyReplayMustReacknowledgeDurabilityBeforeRemainingKeyDeletion
INSTRUMENTATION_STATUS_CODE: 0
INSTRUMENTATION_STATUS: class=com.feedme.session.AndroidCredentialCreatePlanTest
INSTRUMENTATION_STATUS: current=35
INSTRUMENTATION_STATUS: id=AndroidJUnitRunner
INSTRUMENTATION_STATUS: numtests=47
INSTRUMENTATION_STATUS: stream=
INSTRUMENTATION_STATUS: test=selectedReplayAndAbortRequireDurabilityAcknowledgmentBeforeSuccessOrDeletion
INSTRUMENTATION_STATUS_CODE: 1
INSTRUMENTATION_STATUS: class=com.feedme.session.AndroidCredentialCreatePlanTest
INSTRUMENTATION_STATUS: current=35
INSTRUMENTATION_STATUS: id=AndroidJUnitRunner
INSTRUMENTATION_STATUS: numtests=47
INSTRUMENTATION_STATUS: stream=.
INSTRUMENTATION_STATUS: test=selectedReplayAndAbortRequireDurabilityAcknowledgmentBeforeSuccessOrDeletion
INSTRUMENTATION_STATUS_CODE: 0
INSTRUMENTATION_STATUS: class=com.feedme.session.AndroidCredentialCreatePlanTest
INSTRUMENTATION_STATUS: current=36
INSTRUMENTATION_STATUS: id=AndroidJUnitRunner
INSTRUMENTATION_STATUS: numtests=47
INSTRUMENTATION_STATUS: stream=
INSTRUMENTATION_STATUS: test=invalidPlanningAndCompetingCreatesPreserveTheWinningSelection
INSTRUMENTATION_STATUS_CODE: 1
INSTRUMENTATION_STATUS: class=com.feedme.session.AndroidCredentialCreatePlanTest
INSTRUMENTATION_STATUS: current=36
INSTRUMENTATION_STATUS: id=AndroidJUnitRunner
INSTRUMENTATION_STATUS: numtests=47
INSTRUMENTATION_STATUS: stack=java.lang.AssertionError: expected:<INVALID_DATA> but was:<STORAGE_FAILURE>
	at org.junit.Assert.fail(Assert.java:89)
	at org.junit.Assert.failNotEquals(Assert.java:835)
	at org.junit.Assert.assertEquals(Assert.java:120)
	at org.junit.Assert.assertEquals(Assert.java:146)
	at com.feedme.session.AndroidCredentialCreatePlanTest.failure(AndroidCredentialCreatePlanTest.kt:448)
	at com.feedme.session.AndroidCredentialCreatePlanTest.access$failure(AndroidCredentialCreatePlanTest.kt:19)
	at com.feedme.session.AndroidCredentialCreatePlanTest$invalidPlanningAndCompetingCreatesPreserveTheWinningSelection$1.invokeSuspend(AndroidCredentialCreatePlanTest.kt:124)
	at kotlin.coroutines.jvm.internal.BaseContinuationImpl.resumeWith(ContinuationImpl.kt:34)
	at kotlinx.coroutines.DispatchedTask.run(DispatchedTask.kt:100)
	at kotlinx.coroutines.EventLoopImplBase.processNextEvent(EventLoop.common.kt:256)
	at kotlinx.coroutines.BlockingCoroutine.joinBlocking(Builders.kt:54)
	at kotlinx.coroutines.BuildersKt__BuildersKt.runBlockingImpl(Builders.kt:30)
	at kotlinx.coroutines.BuildersKt.runBlockingImpl(Unknown Source:1)
	at kotlinx.coroutines.BuildersKt__Builders_concurrentKt.runBlockingK(Builders.concurrent.kt:172)
	at kotlinx.coroutines.BuildersKt.runBlockingK(Unknown Source:1)
	at kotlinx.coroutines.BuildersKt__Builders_concurrentKt.runBlockingK$default(Builders.concurrent.kt:157)
	at kotlinx.coroutines.BuildersKt.runBlockingK$default(Unknown Source:1)
	at com.feedme.session.AndroidCredentialCreatePlanTest.invalidPlanningAndCompetingCreatesPreserveTheWinningSelection(AndroidCredentialCreatePlanTest.kt:117)

INSTRUMENTATION_STATUS: stream=
Error in invalidPlanningAndCompetingCreatesPreserveTheWinningSelection(com.feedme.session.AndroidCredentialCreatePlanTest):
java.lang.AssertionError: expected:<INVALID_DATA> but was:<STORAGE_FAILURE>
	at org.junit.Assert.fail(Assert.java:89)
	at org.junit.Assert.failNotEquals(Assert.java:835)
	at org.junit.Assert.assertEquals(Assert.java:120)
	at org.junit.Assert.assertEquals(Assert.java:146)
	at com.feedme.session.AndroidCredentialCreatePlanTest.failure(AndroidCredentialCreatePlanTest.kt:448)
	at com.feedme.session.AndroidCredentialCreatePlanTest.access$failure(AndroidCredentialCreatePlanTest.kt:19)
	at com.feedme.session.AndroidCredentialCreatePlanTest$invalidPlanningAndCompetingCreatesPreserveTheWinningSelection$1.invokeSuspend(AndroidCredentialCreatePlanTest.kt:124)
	at kotlin.coroutines.jvm.internal.BaseContinuationImpl.resumeWith(ContinuationImpl.kt:34)
	at kotlinx.coroutines.DispatchedTask.run(DispatchedTask.kt:100)
	at kotlinx.coroutines.EventLoopImplBase.processNextEvent(EventLoop.common.kt:256)
	at kotlinx.coroutines.BlockingCoroutine.joinBlocking(Builders.kt:54)
	at kotlinx.coroutines.BuildersKt__BuildersKt.runBlockingImpl(Builders.kt:30)
	at kotlinx.coroutines.BuildersKt.runBlockingImpl(Unknown Source:1)
	at kotlinx.coroutines.BuildersKt__Builders_concurrentKt.runBlockingK(Builders.concurrent.kt:172)
	at kotlinx.coroutines.BuildersKt.runBlockingK(Unknown Source:1)
	at kotlinx.coroutines.BuildersKt__Builders_concurrentKt.runBlockingK$default(Builders.concurrent.kt:157)
	at kotlinx.coroutines.BuildersKt.runBlockingK$default(Unknown Source:1)
	at com.feedme.session.AndroidCredentialCreatePlanTest.invalidPlanningAndCompetingCreatesPreserveTheWinningSelection(AndroidCredentialCreatePlanTest.kt:117)

INSTRUMENTATION_STATUS: test=invalidPlanningAndCompetingCreatesPreserveTheWinningSelection
INSTRUMENTATION_STATUS_CODE: -2
INSTRUMENTATION_STATUS: class=com.feedme.session.AndroidCredentialCreatePlanTest
INSTRUMENTATION_STATUS: current=37
INSTRUMENTATION_STATUS: id=AndroidJUnitRunner
INSTRUMENTATION_STATUS: numtests=47
INSTRUMENTATION_STATUS: stream=
INSTRUMENTATION_STATUS: test=interruptedUnselectedAbortConsumesRevisionBeforeErasingItsIncarnationKey
INSTRUMENTATION_STATUS_CODE: 1
INSTRUMENTATION_STATUS: class=com.feedme.session.AndroidCredentialCreatePlanTest
INSTRUMENTATION_STATUS: current=37
INSTRUMENTATION_STATUS: id=AndroidJUnitRunner
INSTRUMENTATION_STATUS: numtests=47
INSTRUMENTATION_STATUS: stream=.
INSTRUMENTATION_STATUS: test=interruptedUnselectedAbortConsumesRevisionBeforeErasingItsIncarnationKey
INSTRUMENTATION_STATUS_CODE: 0
INSTRUMENTATION_STATUS: class=com.feedme.session.AndroidCredentialCreatePlanTest
INSTRUMENTATION_STATUS: current=38
INSTRUMENTATION_STATUS: id=AndroidJUnitRunner
INSTRUMENTATION_STATUS: numtests=47
INSTRUMENTATION_STATUS: stream=
INSTRUMENTATION_STATUS: test=refreshedOrNewerIncarnationCannotBeReadOrErasedThroughAnOldCreatePlan
INSTRUMENTATION_STATUS_CODE: 1
INSTRUMENTATION_STATUS: class=com.feedme.session.AndroidCredentialCreatePlanTest
INSTRUMENTATION_STATUS: current=38
INSTRUMENTATION_STATUS: id=AndroidJUnitRunner
INSTRUMENTATION_STATUS: numtests=47
INSTRUMENTATION_STATUS: stream=.
INSTRUMENTATION_STATUS: test=refreshedOrNewerIncarnationCannotBeReadOrErasedThroughAnOldCreatePlan
INSTRUMENTATION_STATUS_CODE: 0
INSTRUMENTATION_STATUS: class=com.feedme.session.AndroidCredentialCreatePlanTest
INSTRUMENTATION_STATUS: current=39
INSTRUMENTATION_STATUS: id=AndroidJUnitRunner
INSTRUMENTATION_STATUS: numtests=47
INSTRUMENTATION_STATUS: stream=
INSTRUMENTATION_STATUS: test=recoveryIsExistingOnlyAndNeverInitializesMissingLockManifestOrInstallKeys
INSTRUMENTATION_STATUS_CODE: 1
INSTRUMENTATION_STATUS: class=com.feedme.session.AndroidCredentialCreatePlanTest
INSTRUMENTATION_STATUS: current=39
INSTRUMENTATION_STATUS: id=AndroidJUnitRunner
INSTRUMENTATION_STATUS: numtests=47
INSTRUMENTATION_STATUS: stream=.
INSTRUMENTATION_STATUS: test=recoveryIsExistingOnlyAndNeverInitializesMissingLockManifestOrInstallKeys
INSTRUMENTATION_STATUS_CODE: 0
INSTRUMENTATION_STATUS: class=com.feedme.session.AndroidCredentialCreatePlanTest
INSTRUMENTATION_STATUS: current=40
INSTRUMENTATION_STATUS: id=AndroidJUnitRunner
INSTRUMENTATION_STATUS: numtests=47
INSTRUMENTATION_STATUS: stream=
INSTRUMENTATION_STATUS: test=committedAccountAndGuestReplayExactSnapshotAcrossCloseWithoutNewKeyOrWrite
INSTRUMENTATION_STATUS_CODE: 1
INSTRUMENTATION_STATUS: class=com.feedme.session.AndroidCredentialCreatePlanTest
INSTRUMENTATION_STATUS: current=40
INSTRUMENTATION_STATUS: id=AndroidJUnitRunner
INSTRUMENTATION_STATUS: numtests=47
INSTRUMENTATION_STATUS: stream=.
INSTRUMENTATION_STATUS: test=committedAccountAndGuestReplayExactSnapshotAcrossCloseWithoutNewKeyOrWrite
INSTRUMENTATION_STATUS_CODE: 0
INSTRUMENTATION_STATUS: class=com.feedme.session.AndroidCredentialCreatePlanTest
INSTRUMENTATION_STATUS: current=41
INSTRUMENTATION_STATUS: id=AndroidJUnitRunner
INSTRUMENTATION_STATUS: numtests=47
INSTRUMENTATION_STATUS: stream=
INSTRUMENTATION_STATUS: test=cancellationAtNativeWriteAndAbortCheckpointsPreservesExactRecoverableIntent
INSTRUMENTATION_STATUS_CODE: 1
INSTRUMENTATION_STATUS: class=com.feedme.session.AndroidCredentialCreatePlanTest
INSTRUMENTATION_STATUS: current=41
INSTRUMENTATION_STATUS: id=AndroidJUnitRunner
INSTRUMENTATION_STATUS: numtests=47
INSTRUMENTATION_STATUS: stream=.
INSTRUMENTATION_STATUS: test=cancellationAtNativeWriteAndAbortCheckpointsPreservesExactRecoverableIntent
INSTRUMENTATION_STATUS_CODE: 0
INSTRUMENTATION_STATUS: class=com.feedme.session.AndroidCredentialCreatePlanTest
INSTRUMENTATION_STATUS: current=42
INSTRUMENTATION_STATUS: id=AndroidJUnitRunner
INSTRUMENTATION_STATUS: numtests=47
INSTRUMENTATION_STATUS: stream=
INSTRUMENTATION_STATUS: test=payloadChangesAndStructurallyValidForgedPlansCannotWriteOrDelete
INSTRUMENTATION_STATUS_CODE: 1
INSTRUMENTATION_STATUS: class=com.feedme.session.AndroidCredentialCreatePlanTest
INSTRUMENTATION_STATUS: current=42
INSTRUMENTATION_STATUS: id=AndroidJUnitRunner
INSTRUMENTATION_STATUS: numtests=47
INSTRUMENTATION_STATUS: stream=.
INSTRUMENTATION_STATUS: test=payloadChangesAndStructurallyValidForgedPlansCannotWriteOrDelete
INSTRUMENTATION_STATUS_CODE: 0
INSTRUMENTATION_STATUS: class=com.feedme.session.AndroidCredentialCreatePlanTest
INSTRUMENTATION_STATUS: current=43
INSTRUMENTATION_STATUS: id=AndroidJUnitRunner
INSTRUMENTATION_STATUS: numtests=47
INSTRUMENTATION_STATUS: stream=
INSTRUMENTATION_STATUS: test=selectedAbortDeletesKeyFirstAndResumesWithoutReadingLostSelectedSecrets
INSTRUMENTATION_STATUS_CODE: 1
INSTRUMENTATION_STATUS: class=com.feedme.session.AndroidCredentialCreatePlanTest
INSTRUMENTATION_STATUS: current=43
INSTRUMENTATION_STATUS: id=AndroidJUnitRunner
INSTRUMENTATION_STATUS: numtests=47
INSTRUMENTATION_STATUS: stream=.
INSTRUMENTATION_STATUS: test=selectedAbortDeletesKeyFirstAndResumesWithoutReadingLostSelectedSecrets
INSTRUMENTATION_STATUS_CODE: 0
INSTRUMENTATION_STATUS: class=com.feedme.session.AndroidCredentialCreatePlanTest
INSTRUMENTATION_STATUS: current=44
INSTRUMENTATION_STATUS: id=AndroidJUnitRunner
INSTRUMENTATION_STATUS: numtests=47
INSTRUMENTATION_STATUS: stream=
INSTRUMENTATION_STATUS: test=planningUsesOnlyExistingInstallKeysAndDoesNotWriteCredentialMaterial
INSTRUMENTATION_STATUS_CODE: 1
INSTRUMENTATION_STATUS: class=com.feedme.session.AndroidCredentialCreatePlanTest
INSTRUMENTATION_STATUS: current=44
INSTRUMENTATION_STATUS: id=AndroidJUnitRunner
INSTRUMENTATION_STATUS: numtests=47
INSTRUMENTATION_STATUS: stream=.
INSTRUMENTATION_STATUS: test=planningUsesOnlyExistingInstallKeysAndDoesNotWriteCredentialMaterial
INSTRUMENTATION_STATUS_CODE: 0
INSTRUMENTATION_STATUS: class=com.feedme.session.AndroidCredentialCreatePlanTest
INSTRUMENTATION_STATUS: current=45
INSTRUMENTATION_STATUS: id=AndroidJUnitRunner
INSTRUMENTATION_STATUS: numtests=47
INSTRUMENTATION_STATUS: stream=
INSTRUMENTATION_STATUS: test=selectedMissingOrCorruptMaterialNeverRegeneratesAKeyDuringExactReplay
INSTRUMENTATION_STATUS_CODE: 1
INSTRUMENTATION_STATUS: class=com.feedme.session.AndroidCredentialCreatePlanTest
INSTRUMENTATION_STATUS: current=45
INSTRUMENTATION_STATUS: id=AndroidJUnitRunner
INSTRUMENTATION_STATUS: numtests=47
INSTRUMENTATION_STATUS: stream=.
INSTRUMENTATION_STATUS: test=selectedMissingOrCorruptMaterialNeverRegeneratesAKeyDuringExactReplay
INSTRUMENTATION_STATUS_CODE: 0
INSTRUMENTATION_STATUS: class=com.feedme.session.AndroidCredentialCreatePlanTest
INSTRUMENTATION_STATUS: current=46
INSTRUMENTATION_STATUS: id=AndroidJUnitRunner
INSTRUMENTATION_STATUS: numtests=47
INSTRUMENTATION_STATUS: stream=
INSTRUMENTATION_STATUS: test=unknownArtifactsAndOtherIncarnationKeysAreNeverAdoptedOrErasedByAPlan
INSTRUMENTATION_STATUS_CODE: 1
INSTRUMENTATION_STATUS: class=com.feedme.session.AndroidCredentialCreatePlanTest
INSTRUMENTATION_STATUS: current=46
INSTRUMENTATION_STATUS: id=AndroidJUnitRunner
INSTRUMENTATION_STATUS: numtests=47
INSTRUMENTATION_STATUS: stream=.
INSTRUMENTATION_STATUS: test=unknownArtifactsAndOtherIncarnationKeysAreNeverAdoptedOrErasedByAPlan
INSTRUMENTATION_STATUS_CODE: 0
INSTRUMENTATION_STATUS: class=com.feedme.session.AndroidCredentialCreatePlanTest
INSTRUMENTATION_STATUS: current=47
INSTRUMENTATION_STATUS: id=AndroidJUnitRunner
INSTRUMENTATION_STATUS: numtests=47
INSTRUMENTATION_STATUS: stream=
INSTRUMENTATION_STATUS: test=everyCreateInterruptionRetainsExactPlanArtifactsUntilExplicitAbort
INSTRUMENTATION_STATUS_CODE: 1
INSTRUMENTATION_STATUS: class=com.feedme.session.AndroidCredentialCreatePlanTest
INSTRUMENTATION_STATUS: current=47
INSTRUMENTATION_STATUS: id=AndroidJUnitRunner
INSTRUMENTATION_STATUS: numtests=47
INSTRUMENTATION_STATUS: stream=.
INSTRUMENTATION_STATUS: test=everyCreateInterruptionRetainsExactPlanArtifactsUntilExplicitAbort
INSTRUMENTATION_STATUS_CODE: 0
INSTRUMENTATION_RESULT: credential_hardlink_blob=platform-denied:13; existing-hardlink-branch-unexercised
INSTRUMENTATION_RESULT: credential_hardlink_manifest=platform-denied:13; existing-hardlink-branch-unexercised
INSTRUMENTATION_RESULT: native_work_notification=NATIVE_WORK_NOTIFICATION_EXACT_CANCELLATION_VERIFIED
INSTRUMENTATION_RESULT: stream=

Time: 6.75
There were 2 failures:
1) recoveryHandlesAreExclusiveReadOnlyToInspectAndReleaseOwnedLockDescriptors(com.feedme.session.AndroidCredentialCreatePlanTest)
java.lang.AssertionError: expected:<1> but was:<0>
	at org.junit.Assert.fail(Assert.java:89)
	at org.junit.Assert.failNotEquals(Assert.java:835)
	at org.junit.Assert.assertEquals(Assert.java:120)
	at org.junit.Assert.assertEquals(Assert.java:146)
	at com.feedme.session.AndroidCredentialCreatePlanTest$recoveryHandlesAreExclusiveReadOnlyToInspectAndReleaseOwnedLockDescriptors$1.invokeSuspend(AndroidCredentialCreatePlanTest.kt:373)
	at kotlin.coroutines.jvm.internal.BaseContinuationImpl.resumeWith(ContinuationImpl.kt:34)
	at kotlinx.coroutines.DispatchedTask.run(DispatchedTask.kt:100)
	at kotlinx.coroutines.EventLoopImplBase.processNextEvent(EventLoop.common.kt:256)
	at kotlinx.coroutines.BlockingCoroutine.joinBlocking(Builders.kt:54)
	at kotlinx.coroutines.BuildersKt__BuildersKt.runBlockingImpl(Builders.kt:30)
	at kotlinx.coroutines.BuildersKt.runBlockingImpl(Unknown Source:1)
	at kotlinx.coroutines.BuildersKt__Builders_concurrentKt.runBlockingK(Builders.concurrent.kt:172)
	at kotlinx.coroutines.BuildersKt.runBlockingK(Unknown Source:1)
	at kotlinx.coroutines.BuildersKt__Builders_concurrentKt.runBlockingK$default(Builders.concurrent.kt:157)
	at kotlinx.coroutines.BuildersKt.runBlockingK$default(Unknown Source:1)
	at com.feedme.session.AndroidCredentialCreatePlanTest.recoveryHandlesAreExclusiveReadOnlyToInspectAndReleaseOwnedLockDescriptors(AndroidCredentialCreatePlanTest.kt:367)
2) invalidPlanningAndCompetingCreatesPreserveTheWinningSelection(com.feedme.session.AndroidCredentialCreatePlanTest)
java.lang.AssertionError: expected:<INVALID_DATA> but was:<STORAGE_FAILURE>
	at org.junit.Assert.fail(Assert.java:89)
	at org.junit.Assert.failNotEquals(Assert.java:835)
	at org.junit.Assert.assertEquals(Assert.java:120)
	at org.junit.Assert.assertEquals(Assert.java:146)
	at com.feedme.session.AndroidCredentialCreatePlanTest.failure(AndroidCredentialCreatePlanTest.kt:448)
	at com.feedme.session.AndroidCredentialCreatePlanTest.access$failure(AndroidCredentialCreatePlanTest.kt:19)
	at com.feedme.session.AndroidCredentialCreatePlanTest$invalidPlanningAndCompetingCreatesPreserveTheWinningSelection$1.invokeSuspend(AndroidCredentialCreatePlanTest.kt:124)
	at kotlin.coroutines.jvm.internal.BaseContinuationImpl.resumeWith(ContinuationImpl.kt:34)
	at kotlinx.coroutines.DispatchedTask.run(DispatchedTask.kt:100)
	at kotlinx.coroutines.EventLoopImplBase.processNextEvent(EventLoop.common.kt:256)
	at kotlinx.coroutines.BlockingCoroutine.joinBlocking(Builders.kt:54)
	at kotlinx.coroutines.BuildersKt__BuildersKt.runBlockingImpl(Builders.kt:30)
	at kotlinx.coroutines.BuildersKt.runBlockingImpl(Unknown Source:1)
	at kotlinx.coroutines.BuildersKt__Builders_concurrentKt.runBlockingK(Builders.concurrent.kt:172)
	at kotlinx.coroutines.BuildersKt.runBlockingK(Unknown Source:1)
	at kotlinx.coroutines.BuildersKt__Builders_concurrentKt.runBlockingK$default(Builders.concurrent.kt:157)
	at kotlinx.coroutines.BuildersKt.runBlockingK$default(Unknown Source:1)
	at com.feedme.session.AndroidCredentialCreatePlanTest.invalidPlanningAndCompetingCreatesPreserveTheWinningSelection(AndroidCredentialCreatePlanTest.kt:117)

FAILURES!!!
Tests run: 47,  Failures: 2


INSTRUMENTATION_CODE: -1
