INSTRUMENTATION_STATUS: class=com.feedme.storage.AndroidSessionLedgerSyncFailureTest
INSTRUMENTATION_STATUS: current=1
INSTRUMENTATION_STATUS: id=AndroidJUnitRunner
INSTRUMENTATION_STATUS: numtests=9
INSTRUMENTATION_STATUS: stream=
com.feedme.storage.AndroidSessionLedgerSyncFailureTest:
INSTRUMENTATION_STATUS: test=workRetirementDatabaseSyncFailureCannotCancelNativeWork
INSTRUMENTATION_STATUS_CODE: 1
INSTRUMENTATION_STATUS: class=com.feedme.storage.AndroidSessionLedgerSyncFailureTest
INSTRUMENTATION_STATUS: current=1
INSTRUMENTATION_STATUS: id=AndroidJUnitRunner
INSTRUMENTATION_STATUS: numtests=9
INSTRUMENTATION_STATUS: stream=.
INSTRUMENTATION_STATUS: test=workRetirementDatabaseSyncFailureCannotCancelNativeWork
INSTRUMENTATION_STATUS_CODE: 0
INSTRUMENTATION_STATUS: class=com.feedme.storage.AndroidSessionLedgerSyncFailureTest
INSTRUMENTATION_STATUS: current=2
INSTRUMENTATION_STATUS: id=AndroidJUnitRunner
INSTRUMENTATION_STATUS: numtests=9
INSTRUMENTATION_STATUS: stream=
INSTRUMENTATION_STATUS: test=controlDirectorySyncFailureCannotAuthorizeCredentialAbort
INSTRUMENTATION_STATUS_CODE: 1
INSTRUMENTATION_STATUS: class=com.feedme.storage.AndroidSessionLedgerSyncFailureTest
INSTRUMENTATION_STATUS: current=2
INSTRUMENTATION_STATUS: id=AndroidJUnitRunner
INSTRUMENTATION_STATUS: numtests=9
INSTRUMENTATION_STATUS: stream=.
INSTRUMENTATION_STATUS: test=controlDirectorySyncFailureCannotAuthorizeCredentialAbort
INSTRUMENTATION_STATUS_CODE: 0
INSTRUMENTATION_STATUS: class=com.feedme.storage.AndroidSessionLedgerSyncFailureTest
INSTRUMENTATION_STATUS: current=3
INSTRUMENTATION_STATUS: id=AndroidJUnitRunner
INSTRUMENTATION_STATUS: numtests=9
INSTRUMENTATION_STATUS: stream=
INSTRUMENTATION_STATUS: test=workReservationDirectorySyncFailureCannotInstallNativeWork
INSTRUMENTATION_STATUS_CODE: 1
INSTRUMENTATION_STATUS: class=com.feedme.storage.AndroidSessionLedgerSyncFailureTest
INSTRUMENTATION_STATUS: current=3
INSTRUMENTATION_STATUS: id=AndroidJUnitRunner
INSTRUMENTATION_STATUS: numtests=9
INSTRUMENTATION_STATUS: stream=.
INSTRUMENTATION_STATUS: test=workReservationDirectorySyncFailureCannotInstallNativeWork
INSTRUMENTATION_STATUS_CODE: 0
INSTRUMENTATION_STATUS: class=com.feedme.storage.AndroidSessionLedgerSyncFailureTest
INSTRUMENTATION_STATUS: current=4
INSTRUMENTATION_STATUS: id=AndroidJUnitRunner
INSTRUMENTATION_STATUS: numtests=9
INSTRUMENTATION_STATUS: stream=
INSTRUMENTATION_STATUS: test=workReservationJournalSyncFailureCannotInstallNativeWork
INSTRUMENTATION_STATUS_CODE: 1
INSTRUMENTATION_STATUS: class=com.feedme.storage.AndroidSessionLedgerSyncFailureTest
INSTRUMENTATION_STATUS: current=4
INSTRUMENTATION_STATUS: id=AndroidJUnitRunner
INSTRUMENTATION_STATUS: numtests=9
INSTRUMENTATION_STATUS: stream=.
INSTRUMENTATION_STATUS: test=workReservationJournalSyncFailureCannotInstallNativeWork
INSTRUMENTATION_STATUS_CODE: 0
INSTRUMENTATION_STATUS: class=com.feedme.storage.AndroidSessionLedgerSyncFailureTest
INSTRUMENTATION_STATUS: current=5
INSTRUMENTATION_STATUS: id=AndroidJUnitRunner
INSTRUMENTATION_STATUS: numtests=9
INSTRUMENTATION_STATUS: stream=
INSTRUMENTATION_STATUS: test=workReservationDatabaseSyncFailureCannotInstallNativeWork
INSTRUMENTATION_STATUS_CODE: 1
INSTRUMENTATION_STATUS: class=com.feedme.storage.AndroidSessionLedgerSyncFailureTest
INSTRUMENTATION_STATUS: current=5
INSTRUMENTATION_STATUS: id=AndroidJUnitRunner
INSTRUMENTATION_STATUS: numtests=9
INSTRUMENTATION_STATUS: stream=.
INSTRUMENTATION_STATUS: test=workReservationDatabaseSyncFailureCannotInstallNativeWork
INSTRUMENTATION_STATUS_CODE: 0
INSTRUMENTATION_STATUS: class=com.feedme.storage.AndroidSessionLedgerSyncFailureTest
INSTRUMENTATION_STATUS: current=6
INSTRUMENTATION_STATUS: id=AndroidJUnitRunner
INSTRUMENTATION_STATUS: numtests=9
INSTRUMENTATION_STATUS: stream=
INSTRUMENTATION_STATUS: test=workRetirementJournalSyncFailureCannotCancelNativeWork
INSTRUMENTATION_STATUS_CODE: 1
INSTRUMENTATION_STATUS: class=com.feedme.storage.AndroidSessionLedgerSyncFailureTest
INSTRUMENTATION_STATUS: current=6
INSTRUMENTATION_STATUS: id=AndroidJUnitRunner
INSTRUMENTATION_STATUS: numtests=9
INSTRUMENTATION_STATUS: stream=.
INSTRUMENTATION_STATUS: test=workRetirementJournalSyncFailureCannotCancelNativeWork
INSTRUMENTATION_STATUS_CODE: 0
INSTRUMENTATION_STATUS: class=com.feedme.storage.AndroidSessionLedgerSyncFailureTest
INSTRUMENTATION_STATUS: current=7
INSTRUMENTATION_STATUS: id=AndroidJUnitRunner
INSTRUMENTATION_STATUS: numtests=9
INSTRUMENTATION_STATUS: stream=
INSTRUMENTATION_STATUS: test=workRetirementDirectorySyncFailureCannotCancelNativeWork
INSTRUMENTATION_STATUS_CODE: 1
INSTRUMENTATION_STATUS: class=com.feedme.storage.AndroidSessionLedgerSyncFailureTest
INSTRUMENTATION_STATUS: current=7
INSTRUMENTATION_STATUS: id=AndroidJUnitRunner
INSTRUMENTATION_STATUS: numtests=9
INSTRUMENTATION_STATUS: stream=.
INSTRUMENTATION_STATUS: test=workRetirementDirectorySyncFailureCannotCancelNativeWork
INSTRUMENTATION_STATUS_CODE: 0
INSTRUMENTATION_STATUS: class=com.feedme.storage.AndroidSessionLedgerSyncFailureTest
INSTRUMENTATION_STATUS: current=8
INSTRUMENTATION_STATUS: id=AndroidJUnitRunner
INSTRUMENTATION_STATUS: numtests=9
INSTRUMENTATION_STATUS: stream=
INSTRUMENTATION_STATUS: test=controlJournalSyncFailureCannotAuthorizeCredentialAbort
INSTRUMENTATION_STATUS_CODE: 1
INSTRUMENTATION_STATUS: class=com.feedme.storage.AndroidSessionLedgerSyncFailureTest
INSTRUMENTATION_STATUS: current=8
INSTRUMENTATION_STATUS: id=AndroidJUnitRunner
INSTRUMENTATION_STATUS: numtests=9
INSTRUMENTATION_STATUS: stream=.
INSTRUMENTATION_STATUS: test=controlJournalSyncFailureCannotAuthorizeCredentialAbort
INSTRUMENTATION_STATUS_CODE: 0
INSTRUMENTATION_STATUS: class=com.feedme.storage.AndroidSessionLedgerSyncFailureTest
INSTRUMENTATION_STATUS: current=9
INSTRUMENTATION_STATUS: id=AndroidJUnitRunner
INSTRUMENTATION_STATUS: numtests=9
INSTRUMENTATION_STATUS: stream=
INSTRUMENTATION_STATUS: test=controlDatabaseSyncFailureCannotAuthorizeCredentialAbort
INSTRUMENTATION_STATUS_CODE: 1
INSTRUMENTATION_STATUS: class=com.feedme.storage.AndroidSessionLedgerSyncFailureTest
INSTRUMENTATION_STATUS: current=9
INSTRUMENTATION_STATUS: id=AndroidJUnitRunner
INSTRUMENTATION_STATUS: numtests=9
INSTRUMENTATION_STATUS: stream=.
INSTRUMENTATION_STATUS: test=controlDatabaseSyncFailureCannotAuthorizeCredentialAbort
INSTRUMENTATION_STATUS_CODE: 0
INSTRUMENTATION_RESULT: session_ledger_sync_control-database=sqlite=1034;failures=1;effects=0;vfs=1;delegatedUnlink=0
INSTRUMENTATION_RESULT: session_ledger_sync_control-directory=sqlite=1290;failures=1;effects=0;vfs=1;delegatedUnlink=1
INSTRUMENTATION_RESULT: session_ledger_sync_control-journal=sqlite=1034;failures=1;effects=0;vfs=1;delegatedUnlink=0
INSTRUMENTATION_RESULT: session_ledger_sync_work-reservation-database=sqlite=1034;failures=1;effects=0;vfs=1;delegatedUnlink=0
INSTRUMENTATION_RESULT: session_ledger_sync_work-reservation-directory=sqlite=1290;failures=1;effects=0;vfs=1;delegatedUnlink=1
INSTRUMENTATION_RESULT: session_ledger_sync_work-reservation-journal=sqlite=1034;failures=1;effects=0;vfs=1;delegatedUnlink=0
INSTRUMENTATION_RESULT: session_ledger_sync_work-retirement-database=sqlite=1034;failures=1;effects=0;vfs=1;delegatedUnlink=0
INSTRUMENTATION_RESULT: session_ledger_sync_work-retirement-directory=sqlite=1290;failures=1;effects=0;vfs=1;delegatedUnlink=1
INSTRUMENTATION_RESULT: session_ledger_sync_work-retirement-journal=sqlite=1034;failures=1;effects=0;vfs=1;delegatedUnlink=0
INSTRUMENTATION_RESULT: stream=

Time: 1.89

OK (9 tests)


INSTRUMENTATION_CODE: -1
