INSTRUMENTATION_STATUS: class=com.feedme.session.AndroidCredentialRecoveryOwnerTest
INSTRUMENTATION_STATUS: current=1
INSTRUMENTATION_STATUS: id=AndroidJUnitRunner
INSTRUMENTATION_STATUS: numtests=12
INSTRUMENTATION_STATUS: stream=
com.feedme.session.AndroidCredentialRecoveryOwnerTest:
INSTRUMENTATION_STATUS: test=unknownInventoryAndForeignIncarnationKeysCannotBeAdoptedByRetainedRecovery
INSTRUMENTATION_STATUS_CODE: 1
INSTRUMENTATION_STATUS: class=com.feedme.session.AndroidCredentialRecoveryOwnerTest
INSTRUMENTATION_STATUS: current=1
INSTRUMENTATION_STATUS: id=AndroidJUnitRunner
INSTRUMENTATION_STATUS: numtests=12
INSTRUMENTATION_STATUS: stream=.
INSTRUMENTATION_STATUS: test=unknownInventoryAndForeignIncarnationKeysCannotBeAdoptedByRetainedRecovery
INSTRUMENTATION_STATUS_CODE: 0
INSTRUMENTATION_STATUS: class=com.feedme.session.AndroidCredentialRecoveryOwnerTest
INSTRUMENTATION_STATUS: current=2
INSTRUMENTATION_STATUS: id=AndroidJUnitRunner
INSTRUMENTATION_STATUS: numtests=12
INSTRUMENTATION_STATUS: stream=
INSTRUMENTATION_STATUS: test=simulatedPlatformErrorAfterActualDescriptorCloseIsTerminalAndNeverRetriesNumericFd
INSTRUMENTATION_STATUS_CODE: 1
INSTRUMENTATION_STATUS: class=com.feedme.session.AndroidCredentialRecoveryOwnerTest
INSTRUMENTATION_STATUS: current=2
INSTRUMENTATION_STATUS: id=AndroidJUnitRunner
INSTRUMENTATION_STATUS: numtests=12
INSTRUMENTATION_STATUS: stream=.
INSTRUMENTATION_STATUS: test=simulatedPlatformErrorAfterActualDescriptorCloseIsTerminalAndNeverRetriesNumericFd
INSTRUMENTATION_STATUS_CODE: 0
INSTRUMENTATION_STATUS: class=com.feedme.session.AndroidCredentialRecoveryOwnerTest
INSTRUMENTATION_STATUS: current=3
INSTRUMENTATION_STATUS: id=AndroidJUnitRunner
INSTRUMENTATION_STATUS: numtests=12
INSTRUMENTATION_STATUS: stream=
INSTRUMENTATION_STATUS: test=constructionDefersContextAndNativeIoAndCloseBeforeOpenNeverAcquiresAnything
INSTRUMENTATION_STATUS_CODE: 1
INSTRUMENTATION_STATUS: class=com.feedme.session.AndroidCredentialRecoveryOwnerTest
INSTRUMENTATION_STATUS: current=3
INSTRUMENTATION_STATUS: id=AndroidJUnitRunner
INSTRUMENTATION_STATUS: numtests=12
INSTRUMENTATION_STATUS: stream=.
INSTRUMENTATION_STATUS: test=constructionDefersContextAndNativeIoAndCloseBeforeOpenNeverAcquiresAnything
INSTRUMENTATION_STATUS_CODE: 0
INSTRUMENTATION_STATUS: class=com.feedme.session.AndroidCredentialRecoveryOwnerTest
INSTRUMENTATION_STATUS: current=4
INSTRUMENTATION_STATUS: id=AndroidJUnitRunner
INSTRUMENTATION_STATUS: numtests=12
INSTRUMENTATION_STATUS: stream=
INSTRUMENTATION_STATUS: test=failuresAtEveryOpeningStageKeepPartialDescriptorsReachableUntilAcknowledgedClose
INSTRUMENTATION_STATUS_CODE: 1
INSTRUMENTATION_STATUS: class=com.feedme.session.AndroidCredentialRecoveryOwnerTest
INSTRUMENTATION_STATUS: current=4
INSTRUMENTATION_STATUS: id=AndroidJUnitRunner
INSTRUMENTATION_STATUS: numtests=12
INSTRUMENTATION_STATUS: stack=java.lang.AssertionError: expected:<1> but was:<0>
	at org.junit.Assert.fail(Assert.java:89)
	at org.junit.Assert.failNotEquals(Assert.java:835)
	at org.junit.Assert.assertEquals(Assert.java:120)
	at org.junit.Assert.assertEquals(Assert.java:146)
	at com.feedme.session.AndroidCredentialRecoveryOwnerTest$failuresAtEveryOpeningStageKeepPartialDescriptorsReachableUntilAcknowledgedClose$1.invokeSuspend(AndroidCredentialRecoveryOwnerTest.kt:138)
	at kotlin.coroutines.jvm.internal.BaseContinuationImpl.resumeWith(ContinuationImpl.kt:34)
	at kotlinx.coroutines.DispatchedTask.run(DispatchedTask.kt:100)
	at kotlinx.coroutines.EventLoopImplBase.processNextEvent(EventLoop.common.kt:256)
	at kotlinx.coroutines.BlockingCoroutine.joinBlocking(Builders.kt:54)
	at kotlinx.coroutines.BuildersKt__BuildersKt.runBlockingImpl(Builders.kt:30)
	at kotlinx.coroutines.BuildersKt.runBlockingImpl(Unknown Source:1)
	at kotlinx.coroutines.BuildersKt__Builders_concurrentKt.runBlockingK(Builders.concurrent.kt:172)
	at kotlinx.coroutines.BuildersKt.runBlockingK(Unknown Source:1)
	at kotlinx.coroutines.BuildersKt__Builders_concurrentKt.runBlockingK$default(Builders.concurrent.kt:157)
	at kotlinx.coroutines.BuildersKt.runBlockingK$default(Unknown Source:1)
	at com.feedme.session.AndroidCredentialRecoveryOwnerTest.failuresAtEveryOpeningStageKeepPartialDescriptorsReachableUntilAcknowledgedClose(AndroidCredentialRecoveryOwnerTest.kt:132)

INSTRUMENTATION_STATUS: stream=
Error in failuresAtEveryOpeningStageKeepPartialDescriptorsReachableUntilAcknowledgedClose(com.feedme.session.AndroidCredentialRecoveryOwnerTest):
java.lang.AssertionError: expected:<1> but was:<0>
	at org.junit.Assert.fail(Assert.java:89)
	at org.junit.Assert.failNotEquals(Assert.java:835)
	at org.junit.Assert.assertEquals(Assert.java:120)
	at org.junit.Assert.assertEquals(Assert.java:146)
	at com.feedme.session.AndroidCredentialRecoveryOwnerTest$failuresAtEveryOpeningStageKeepPartialDescriptorsReachableUntilAcknowledgedClose$1.invokeSuspend(AndroidCredentialRecoveryOwnerTest.kt:138)
	at kotlin.coroutines.jvm.internal.BaseContinuationImpl.resumeWith(ContinuationImpl.kt:34)
	at kotlinx.coroutines.DispatchedTask.run(DispatchedTask.kt:100)
	at kotlinx.coroutines.EventLoopImplBase.processNextEvent(EventLoop.common.kt:256)
	at kotlinx.coroutines.BlockingCoroutine.joinBlocking(Builders.kt:54)
	at kotlinx.coroutines.BuildersKt__BuildersKt.runBlockingImpl(Builders.kt:30)
	at kotlinx.coroutines.BuildersKt.runBlockingImpl(Unknown Source:1)
	at kotlinx.coroutines.BuildersKt__Builders_concurrentKt.runBlockingK(Builders.concurrent.kt:172)
	at kotlinx.coroutines.BuildersKt.runBlockingK(Unknown Source:1)
	at kotlinx.coroutines.BuildersKt__Builders_concurrentKt.runBlockingK$default(Builders.concurrent.kt:157)
	at kotlinx.coroutines.BuildersKt.runBlockingK$default(Unknown Source:1)
	at com.feedme.session.AndroidCredentialRecoveryOwnerTest.failuresAtEveryOpeningStageKeepPartialDescriptorsReachableUntilAcknowledgedClose(AndroidCredentialRecoveryOwnerTest.kt:132)

INSTRUMENTATION_STATUS: test=failuresAtEveryOpeningStageKeepPartialDescriptorsReachableUntilAcknowledgedClose
INSTRUMENTATION_STATUS_CODE: -2
INSTRUMENTATION_STATUS: class=com.feedme.session.AndroidCredentialRecoveryOwnerTest
INSTRUMENTATION_STATUS: current=5
INSTRUMENTATION_STATUS: id=AndroidJUnitRunner
INSTRUMENTATION_STATUS: numtests=12
INSTRUMENTATION_STATUS: stream=
INSTRUMENTATION_STATUS: test=interruptedAbortPoisonsOwnerUntilExactCloseAndFreshExistingOnlyRetry
INSTRUMENTATION_STATUS_CODE: 1
INSTRUMENTATION_STATUS: class=com.feedme.session.AndroidCredentialRecoveryOwnerTest
INSTRUMENTATION_STATUS: current=5
INSTRUMENTATION_STATUS: id=AndroidJUnitRunner
INSTRUMENTATION_STATUS: numtests=12
INSTRUMENTATION_STATUS: stack=java.lang.AssertionError: expected:<1> but was:<0>
	at org.junit.Assert.fail(Assert.java:89)
	at org.junit.Assert.failNotEquals(Assert.java:835)
	at org.junit.Assert.assertEquals(Assert.java:120)
	at org.junit.Assert.assertEquals(Assert.java:146)
	at com.feedme.session.AndroidCredentialRecoveryOwnerTest$interruptedAbortPoisonsOwnerUntilExactCloseAndFreshExistingOnlyRetry$1.invokeSuspend(AndroidCredentialRecoveryOwnerTest.kt:295)
	at kotlin.coroutines.jvm.internal.BaseContinuationImpl.resumeWith(ContinuationImpl.kt:34)
	at kotlinx.coroutines.DispatchedTask.run(DispatchedTask.kt:100)
	at kotlinx.coroutines.EventLoopImplBase.processNextEvent(EventLoop.common.kt:256)
	at kotlinx.coroutines.BlockingCoroutine.joinBlocking(Builders.kt:54)
	at kotlinx.coroutines.BuildersKt__BuildersKt.runBlockingImpl(Builders.kt:30)
	at kotlinx.coroutines.BuildersKt.runBlockingImpl(Unknown Source:1)
	at kotlinx.coroutines.BuildersKt__Builders_concurrentKt.runBlockingK(Builders.concurrent.kt:172)
	at kotlinx.coroutines.BuildersKt.runBlockingK(Unknown Source:1)
	at kotlinx.coroutines.BuildersKt__Builders_concurrentKt.runBlockingK$default(Builders.concurrent.kt:157)
	at kotlinx.coroutines.BuildersKt.runBlockingK$default(Unknown Source:1)
	at com.feedme.session.AndroidCredentialRecoveryOwnerTest.interruptedAbortPoisonsOwnerUntilExactCloseAndFreshExistingOnlyRetry(AndroidCredentialRecoveryOwnerTest.kt:284)

INSTRUMENTATION_STATUS: stream=
Error in interruptedAbortPoisonsOwnerUntilExactCloseAndFreshExistingOnlyRetry(com.feedme.session.AndroidCredentialRecoveryOwnerTest):
java.lang.AssertionError: expected:<1> but was:<0>
	at org.junit.Assert.fail(Assert.java:89)
	at org.junit.Assert.failNotEquals(Assert.java:835)
	at org.junit.Assert.assertEquals(Assert.java:120)
	at org.junit.Assert.assertEquals(Assert.java:146)
	at com.feedme.session.AndroidCredentialRecoveryOwnerTest$interruptedAbortPoisonsOwnerUntilExactCloseAndFreshExistingOnlyRetry$1.invokeSuspend(AndroidCredentialRecoveryOwnerTest.kt:295)
	at kotlin.coroutines.jvm.internal.BaseContinuationImpl.resumeWith(ContinuationImpl.kt:34)
	at kotlinx.coroutines.DispatchedTask.run(DispatchedTask.kt:100)
	at kotlinx.coroutines.EventLoopImplBase.processNextEvent(EventLoop.common.kt:256)
	at kotlinx.coroutines.BlockingCoroutine.joinBlocking(Builders.kt:54)
	at kotlinx.coroutines.BuildersKt__BuildersKt.runBlockingImpl(Builders.kt:30)
	at kotlinx.coroutines.BuildersKt.runBlockingImpl(Unknown Source:1)
	at kotlinx.coroutines.BuildersKt__Builders_concurrentKt.runBlockingK(Builders.concurrent.kt:172)
	at kotlinx.coroutines.BuildersKt.runBlockingK(Unknown Source:1)
	at kotlinx.coroutines.BuildersKt__Builders_concurrentKt.runBlockingK$default(Builders.concurrent.kt:157)
	at kotlinx.coroutines.BuildersKt.runBlockingK$default(Unknown Source:1)
	at com.feedme.session.AndroidCredentialRecoveryOwnerTest.interruptedAbortPoisonsOwnerUntilExactCloseAndFreshExistingOnlyRetry(AndroidCredentialRecoveryOwnerTest.kt:284)

INSTRUMENTATION_STATUS: test=interruptedAbortPoisonsOwnerUntilExactCloseAndFreshExistingOnlyRetry
INSTRUMENTATION_STATUS_CODE: -2
INSTRUMENTATION_STATUS: class=com.feedme.session.AndroidCredentialRecoveryOwnerTest
INSTRUMENTATION_STATUS: current=6
INSTRUMENTATION_STATUS: id=AndroidJUnitRunner
INSTRUMENTATION_STATUS: numtests=12
INSTRUMENTATION_STATUS: stream=
INSTRUMENTATION_STATUS: test=scopeMacTamperingAndForeignInstallFailuresRetainCloseOnlyOwnerWithoutDeletion
INSTRUMENTATION_STATUS_CODE: 1
INSTRUMENTATION_STATUS: class=com.feedme.session.AndroidCredentialRecoveryOwnerTest
INSTRUMENTATION_STATUS: current=6
INSTRUMENTATION_STATUS: id=AndroidJUnitRunner
INSTRUMENTATION_STATUS: numtests=12
INSTRUMENTATION_STATUS: stack=java.lang.AssertionError: expected:<1> but was:<0>
	at org.junit.Assert.fail(Assert.java:89)
	at org.junit.Assert.failNotEquals(Assert.java:835)
	at org.junit.Assert.assertEquals(Assert.java:120)
	at org.junit.Assert.assertEquals(Assert.java:146)
	at com.feedme.session.AndroidCredentialRecoveryOwnerTest$scopeMacTamperingAndForeignInstallFailuresRetainCloseOnlyOwnerWithoutDeletion$1.invokeSuspend(AndroidCredentialRecoveryOwnerTest.kt:97)
	at kotlin.coroutines.jvm.internal.BaseContinuationImpl.resumeWith(ContinuationImpl.kt:34)
	at kotlinx.coroutines.DispatchedTask.run(DispatchedTask.kt:100)
	at kotlinx.coroutines.EventLoopImplBase.processNextEvent(EventLoop.common.kt:256)
	at kotlinx.coroutines.BlockingCoroutine.joinBlocking(Builders.kt:54)
	at kotlinx.coroutines.BuildersKt__BuildersKt.runBlockingImpl(Builders.kt:30)
	at kotlinx.coroutines.BuildersKt.runBlockingImpl(Unknown Source:1)
	at kotlinx.coroutines.BuildersKt__Builders_concurrentKt.runBlockingK(Builders.concurrent.kt:172)
	at kotlinx.coroutines.BuildersKt.runBlockingK(Unknown Source:1)
	at kotlinx.coroutines.BuildersKt__Builders_concurrentKt.runBlockingK$default(Builders.concurrent.kt:157)
	at kotlinx.coroutines.BuildersKt.runBlockingK$default(Unknown Source:1)
	at com.feedme.session.AndroidCredentialRecoveryOwnerTest.scopeMacTamperingAndForeignInstallFailuresRetainCloseOnlyOwnerWithoutDeletion(AndroidCredentialRecoveryOwnerTest.kt:85)

INSTRUMENTATION_STATUS: stream=
Error in scopeMacTamperingAndForeignInstallFailuresRetainCloseOnlyOwnerWithoutDeletion(com.feedme.session.AndroidCredentialRecoveryOwnerTest):
java.lang.AssertionError: expected:<1> but was:<0>
	at org.junit.Assert.fail(Assert.java:89)
	at org.junit.Assert.failNotEquals(Assert.java:835)
	at org.junit.Assert.assertEquals(Assert.java:120)
	at org.junit.Assert.assertEquals(Assert.java:146)
	at com.feedme.session.AndroidCredentialRecoveryOwnerTest$scopeMacTamperingAndForeignInstallFailuresRetainCloseOnlyOwnerWithoutDeletion$1.invokeSuspend(AndroidCredentialRecoveryOwnerTest.kt:97)
	at kotlin.coroutines.jvm.internal.BaseContinuationImpl.resumeWith(ContinuationImpl.kt:34)
	at kotlinx.coroutines.DispatchedTask.run(DispatchedTask.kt:100)
	at kotlinx.coroutines.EventLoopImplBase.processNextEvent(EventLoop.common.kt:256)
	at kotlinx.coroutines.BlockingCoroutine.joinBlocking(Builders.kt:54)
	at kotlinx.coroutines.BuildersKt__BuildersKt.runBlockingImpl(Builders.kt:30)
	at kotlinx.coroutines.BuildersKt.runBlockingImpl(Unknown Source:1)
	at kotlinx.coroutines.BuildersKt__Builders_concurrentKt.runBlockingK(Builders.concurrent.kt:172)
	at kotlinx.coroutines.BuildersKt.runBlockingK(Unknown Source:1)
	at kotlinx.coroutines.BuildersKt__Builders_concurrentKt.runBlockingK$default(Builders.concurrent.kt:157)
	at kotlinx.coroutines.BuildersKt.runBlockingK$default(Unknown Source:1)
	at com.feedme.session.AndroidCredentialRecoveryOwnerTest.scopeMacTamperingAndForeignInstallFailuresRetainCloseOnlyOwnerWithoutDeletion(AndroidCredentialRecoveryOwnerTest.kt:85)

INSTRUMENTATION_STATUS: test=scopeMacTamperingAndForeignInstallFailuresRetainCloseOnlyOwnerWithoutDeletion
INSTRUMENTATION_STATUS_CODE: -2
INSTRUMENTATION_STATUS: class=com.feedme.session.AndroidCredentialRecoveryOwnerTest
INSTRUMENTATION_STATUS: current=7
INSTRUMENTATION_STATUS: id=AndroidJUnitRunner
INSTRUMENTATION_STATUS: numtests=12
INSTRUMENTATION_STATUS: stream=
INSTRUMENTATION_STATUS: test=everyPreCloseStageFailureRetainsReservationAndRetriesOnlyUnfinishedStages
INSTRUMENTATION_STATUS_CODE: 1
INSTRUMENTATION_STATUS: class=com.feedme.session.AndroidCredentialRecoveryOwnerTest
INSTRUMENTATION_STATUS: current=7
INSTRUMENTATION_STATUS: id=AndroidJUnitRunner
INSTRUMENTATION_STATUS: numtests=12
INSTRUMENTATION_STATUS: stack=java.lang.AssertionError: expected:<1> but was:<0>
	at org.junit.Assert.fail(Assert.java:89)
	at org.junit.Assert.failNotEquals(Assert.java:835)
	at org.junit.Assert.assertEquals(Assert.java:120)
	at org.junit.Assert.assertEquals(Assert.java:146)
	at com.feedme.session.AndroidCredentialRecoveryOwnerTest$everyPreCloseStageFailureRetainsReservationAndRetriesOnlyUnfinishedStages$1.invokeSuspend(AndroidCredentialRecoveryOwnerTest.kt:220)
	at kotlin.coroutines.jvm.internal.BaseContinuationImpl.resumeWith(ContinuationImpl.kt:34)
	at kotlinx.coroutines.DispatchedTask.run(DispatchedTask.kt:100)
	at kotlinx.coroutines.EventLoopImplBase.processNextEvent(EventLoop.common.kt:256)
	at kotlinx.coroutines.BlockingCoroutine.joinBlocking(Builders.kt:54)
	at kotlinx.coroutines.BuildersKt__BuildersKt.runBlockingImpl(Builders.kt:30)
	at kotlinx.coroutines.BuildersKt.runBlockingImpl(Unknown Source:1)
	at kotlinx.coroutines.BuildersKt__Builders_concurrentKt.runBlockingK(Builders.concurrent.kt:172)
	at kotlinx.coroutines.BuildersKt.runBlockingK(Unknown Source:1)
	at kotlinx.coroutines.BuildersKt__Builders_concurrentKt.runBlockingK$default(Builders.concurrent.kt:157)
	at kotlinx.coroutines.BuildersKt.runBlockingK$default(Unknown Source:1)
	at com.feedme.session.AndroidCredentialRecoveryOwnerTest.everyPreCloseStageFailureRetainsReservationAndRetriesOnlyUnfinishedStages(AndroidCredentialRecoveryOwnerTest.kt:210)

INSTRUMENTATION_STATUS: stream=
Error in everyPreCloseStageFailureRetainsReservationAndRetriesOnlyUnfinishedStages(com.feedme.session.AndroidCredentialRecoveryOwnerTest):
java.lang.AssertionError: expected:<1> but was:<0>
	at org.junit.Assert.fail(Assert.java:89)
	at org.junit.Assert.failNotEquals(Assert.java:835)
	at org.junit.Assert.assertEquals(Assert.java:120)
	at org.junit.Assert.assertEquals(Assert.java:146)
	at com.feedme.session.AndroidCredentialRecoveryOwnerTest$everyPreCloseStageFailureRetainsReservationAndRetriesOnlyUnfinishedStages$1.invokeSuspend(AndroidCredentialRecoveryOwnerTest.kt:220)
	at kotlin.coroutines.jvm.internal.BaseContinuationImpl.resumeWith(ContinuationImpl.kt:34)
	at kotlinx.coroutines.DispatchedTask.run(DispatchedTask.kt:100)
	at kotlinx.coroutines.EventLoopImplBase.processNextEvent(EventLoop.common.kt:256)
	at kotlinx.coroutines.BlockingCoroutine.joinBlocking(Builders.kt:54)
	at kotlinx.coroutines.BuildersKt__BuildersKt.runBlockingImpl(Builders.kt:30)
	at kotlinx.coroutines.BuildersKt.runBlockingImpl(Unknown Source:1)
	at kotlinx.coroutines.BuildersKt__Builders_concurrentKt.runBlockingK(Builders.concurrent.kt:172)
	at kotlinx.coroutines.BuildersKt.runBlockingK(Unknown Source:1)
	at kotlinx.coroutines.BuildersKt__Builders_concurrentKt.runBlockingK$default(Builders.concurrent.kt:157)
	at kotlinx.coroutines.BuildersKt.runBlockingK$default(Unknown Source:1)
	at com.feedme.session.AndroidCredentialRecoveryOwnerTest.everyPreCloseStageFailureRetainsReservationAndRetriesOnlyUnfinishedStages(AndroidCredentialRecoveryOwnerTest.kt:210)

INSTRUMENTATION_STATUS: test=everyPreCloseStageFailureRetainsReservationAndRetriesOnlyUnfinishedStages
INSTRUMENTATION_STATUS_CODE: -2
INSTRUMENTATION_STATUS: class=com.feedme.session.AndroidCredentialRecoveryOwnerTest
INSTRUMENTATION_STATUS: current=8
INSTRUMENTATION_STATUS: id=AndroidJUnitRunner
INSTRUMENTATION_STATUS: numtests=12
INSTRUMENTATION_STATUS: stream=
INSTRUMENTATION_STATUS: test=refreshedAndNewerSelectionsCannotBeOpenedThroughOldPlanOrClosedOwner
INSTRUMENTATION_STATUS_CODE: 1
INSTRUMENTATION_STATUS: class=com.feedme.session.AndroidCredentialRecoveryOwnerTest
INSTRUMENTATION_STATUS: current=8
INSTRUMENTATION_STATUS: id=AndroidJUnitRunner
INSTRUMENTATION_STATUS: numtests=12
INSTRUMENTATION_STATUS: stream=.
INSTRUMENTATION_STATUS: test=refreshedAndNewerSelectionsCannotBeOpenedThroughOldPlanOrClosedOwner
INSTRUMENTATION_STATUS_CODE: 0
INSTRUMENTATION_STATUS: class=com.feedme.session.AndroidCredentialRecoveryOwnerTest
INSTRUMENTATION_STATUS: current=9
INSTRUMENTATION_STATUS: id=AndroidJUnitRunner
INSTRUMENTATION_STATUS: numtests=12
INSTRUMENTATION_STATUS: stream=
INSTRUMENTATION_STATUS: test=missingAndCorruptSelectedMaterialCanBeInspectedAndAbortedWithoutCredentialReads
INSTRUMENTATION_STATUS_CODE: 1
INSTRUMENTATION_STATUS: class=com.feedme.session.AndroidCredentialRecoveryOwnerTest
INSTRUMENTATION_STATUS: current=9
INSTRUMENTATION_STATUS: id=AndroidJUnitRunner
INSTRUMENTATION_STATUS: numtests=12
INSTRUMENTATION_STATUS: stream=.
INSTRUMENTATION_STATUS: test=missingAndCorruptSelectedMaterialCanBeInspectedAndAbortedWithoutCredentialReads
INSTRUMENTATION_STATUS_CODE: 0
INSTRUMENTATION_STATUS: class=com.feedme.session.AndroidCredentialRecoveryOwnerTest
INSTRUMENTATION_STATUS: current=10
INSTRUMENTATION_STATUS: id=AndroidJUnitRunner
INSTRUMENTATION_STATUS: numtests=12
INSTRUMENTATION_STATUS: stream=
INSTRUMENTATION_STATUS: test=missingDirectoryLockManifestOrInstallKeyNeverInitializesReplacementState
INSTRUMENTATION_STATUS_CODE: 1
INSTRUMENTATION_STATUS: class=com.feedme.session.AndroidCredentialRecoveryOwnerTest
INSTRUMENTATION_STATUS: current=10
INSTRUMENTATION_STATUS: id=AndroidJUnitRunner
INSTRUMENTATION_STATUS: numtests=12
INSTRUMENTATION_STATUS: stream=.
INSTRUMENTATION_STATUS: test=missingDirectoryLockManifestOrInstallKeyNeverInitializesReplacementState
INSTRUMENTATION_STATUS_CODE: 0
INSTRUMENTATION_STATUS: class=com.feedme.session.AndroidCredentialRecoveryOwnerTest
INSTRUMENTATION_STATUS: current=11
INSTRUMENTATION_STATUS: id=AndroidJUnitRunner
INSTRUMENTATION_STATUS: numtests=12
INSTRUMENTATION_STATUS: stream=
INSTRUMENTATION_STATUS: test=preparedPartialSelectedAndAbortedMetadataRemainExactAcrossRetainedOpenAndAbort
INSTRUMENTATION_STATUS_CODE: 1
INSTRUMENTATION_STATUS: class=com.feedme.session.AndroidCredentialRecoveryOwnerTest
INSTRUMENTATION_STATUS: current=11
INSTRUMENTATION_STATUS: id=AndroidJUnitRunner
INSTRUMENTATION_STATUS: numtests=12
INSTRUMENTATION_STATUS: stack=java.lang.AssertionError: expected:<1> but was:<0>
	at org.junit.Assert.fail(Assert.java:89)
	at org.junit.Assert.failNotEquals(Assert.java:835)
	at org.junit.Assert.assertEquals(Assert.java:120)
	at org.junit.Assert.assertEquals(Assert.java:146)
	at com.feedme.session.AndroidCredentialRecoveryOwnerTest$preparedPartialSelectedAndAbortedMetadataRemainExactAcrossRetainedOpenAndAbort$1.invokeSuspend(AndroidCredentialRecoveryOwnerTest.kt:73)
	at kotlin.coroutines.jvm.internal.BaseContinuationImpl.resumeWith(ContinuationImpl.kt:34)
	at kotlinx.coroutines.DispatchedTask.run(DispatchedTask.kt:100)
	at kotlinx.coroutines.EventLoopImplBase.processNextEvent(EventLoop.common.kt:256)
	at kotlinx.coroutines.BlockingCoroutine.joinBlocking(Builders.kt:54)
	at kotlinx.coroutines.BuildersKt__BuildersKt.runBlockingImpl(Builders.kt:30)
	at kotlinx.coroutines.BuildersKt.runBlockingImpl(Unknown Source:1)
	at kotlinx.coroutines.BuildersKt__Builders_concurrentKt.runBlockingK(Builders.concurrent.kt:172)
	at kotlinx.coroutines.BuildersKt.runBlockingK(Unknown Source:1)
	at kotlinx.coroutines.BuildersKt__Builders_concurrentKt.runBlockingK$default(Builders.concurrent.kt:157)
	at kotlinx.coroutines.BuildersKt.runBlockingK$default(Unknown Source:1)
	at com.feedme.session.AndroidCredentialRecoveryOwnerTest.preparedPartialSelectedAndAbortedMetadataRemainExactAcrossRetainedOpenAndAbort(AndroidCredentialRecoveryOwnerTest.kt:65)

INSTRUMENTATION_STATUS: stream=
Error in preparedPartialSelectedAndAbortedMetadataRemainExactAcrossRetainedOpenAndAbort(com.feedme.session.AndroidCredentialRecoveryOwnerTest):
java.lang.AssertionError: expected:<1> but was:<0>
	at org.junit.Assert.fail(Assert.java:89)
	at org.junit.Assert.failNotEquals(Assert.java:835)
	at org.junit.Assert.assertEquals(Assert.java:120)
	at org.junit.Assert.assertEquals(Assert.java:146)
	at com.feedme.session.AndroidCredentialRecoveryOwnerTest$preparedPartialSelectedAndAbortedMetadataRemainExactAcrossRetainedOpenAndAbort$1.invokeSuspend(AndroidCredentialRecoveryOwnerTest.kt:73)
	at kotlin.coroutines.jvm.internal.BaseContinuationImpl.resumeWith(ContinuationImpl.kt:34)
	at kotlinx.coroutines.DispatchedTask.run(DispatchedTask.kt:100)
	at kotlinx.coroutines.EventLoopImplBase.processNextEvent(EventLoop.common.kt:256)
	at kotlinx.coroutines.BlockingCoroutine.joinBlocking(Builders.kt:54)
	at kotlinx.coroutines.BuildersKt__BuildersKt.runBlockingImpl(Builders.kt:30)
	at kotlinx.coroutines.BuildersKt.runBlockingImpl(Unknown Source:1)
	at kotlinx.coroutines.BuildersKt__Builders_concurrentKt.runBlockingK(Builders.concurrent.kt:172)
	at kotlinx.coroutines.BuildersKt.runBlockingK(Unknown Source:1)
	at kotlinx.coroutines.BuildersKt__Builders_concurrentKt.runBlockingK$default(Builders.concurrent.kt:157)
	at kotlinx.coroutines.BuildersKt.runBlockingK$default(Unknown Source:1)
	at com.feedme.session.AndroidCredentialRecoveryOwnerTest.preparedPartialSelectedAndAbortedMetadataRemainExactAcrossRetainedOpenAndAbort(AndroidCredentialRecoveryOwnerTest.kt:65)

INSTRUMENTATION_STATUS: test=preparedPartialSelectedAndAbortedMetadataRemainExactAcrossRetainedOpenAndAbort
INSTRUMENTATION_STATUS_CODE: -2
INSTRUMENTATION_STATUS: class=com.feedme.session.AndroidCredentialRecoveryOwnerTest
INSTRUMENTATION_STATUS: current=12
INSTRUMENTATION_STATUS: id=AndroidJUnitRunner
INSTRUMENTATION_STATUS: numtests=12
INSTRUMENTATION_STATUS: stream=
INSTRUMENTATION_STATUS: test=cancelledOpeningAndLateAuthenticatedCancellationKeepAnExplicitCloseOnlyOwner
INSTRUMENTATION_STATUS_CODE: 1
INSTRUMENTATION_STATUS: class=com.feedme.session.AndroidCredentialRecoveryOwnerTest
INSTRUMENTATION_STATUS: current=12
INSTRUMENTATION_STATUS: id=AndroidJUnitRunner
INSTRUMENTATION_STATUS: numtests=12
INSTRUMENTATION_STATUS: stack=java.lang.AssertionError: expected:<1> but was:<0>
	at org.junit.Assert.fail(Assert.java:89)
	at org.junit.Assert.failNotEquals(Assert.java:835)
	at org.junit.Assert.assertEquals(Assert.java:120)
	at org.junit.Assert.assertEquals(Assert.java:146)
	at com.feedme.session.AndroidCredentialRecoveryOwnerTest$cancelledOpeningAndLateAuthenticatedCancellationKeepAnExplicitCloseOnlyOwner$1.invokeSuspend(AndroidCredentialRecoveryOwnerTest.kt:156)
	at kotlin.coroutines.jvm.internal.BaseContinuationImpl.resumeWith(ContinuationImpl.kt:34)
	at kotlinx.coroutines.DispatchedTask.run(DispatchedTask.kt:100)
	at kotlinx.coroutines.EventLoopImplBase.processNextEvent(EventLoop.common.kt:256)
	at kotlinx.coroutines.BlockingCoroutine.joinBlocking(Builders.kt:54)
	at kotlinx.coroutines.BuildersKt__BuildersKt.runBlockingImpl(Builders.kt:30)
	at kotlinx.coroutines.BuildersKt.runBlockingImpl(Unknown Source:1)
	at kotlinx.coroutines.BuildersKt__Builders_concurrentKt.runBlockingK(Builders.concurrent.kt:172)
	at kotlinx.coroutines.BuildersKt.runBlockingK(Unknown Source:1)
	at kotlinx.coroutines.BuildersKt__Builders_concurrentKt.runBlockingK$default(Builders.concurrent.kt:157)
	at kotlinx.coroutines.BuildersKt.runBlockingK$default(Unknown Source:1)
	at com.feedme.session.AndroidCredentialRecoveryOwnerTest.cancelledOpeningAndLateAuthenticatedCancellationKeepAnExplicitCloseOnlyOwner(AndroidCredentialRecoveryOwnerTest.kt:150)

INSTRUMENTATION_STATUS: stream=
Error in cancelledOpeningAndLateAuthenticatedCancellationKeepAnExplicitCloseOnlyOwner(com.feedme.session.AndroidCredentialRecoveryOwnerTest):
java.lang.AssertionError: expected:<1> but was:<0>
	at org.junit.Assert.fail(Assert.java:89)
	at org.junit.Assert.failNotEquals(Assert.java:835)
	at org.junit.Assert.assertEquals(Assert.java:120)
	at org.junit.Assert.assertEquals(Assert.java:146)
	at com.feedme.session.AndroidCredentialRecoveryOwnerTest$cancelledOpeningAndLateAuthenticatedCancellationKeepAnExplicitCloseOnlyOwner$1.invokeSuspend(AndroidCredentialRecoveryOwnerTest.kt:156)
	at kotlin.coroutines.jvm.internal.BaseContinuationImpl.resumeWith(ContinuationImpl.kt:34)
	at kotlinx.coroutines.DispatchedTask.run(DispatchedTask.kt:100)
	at kotlinx.coroutines.EventLoopImplBase.processNextEvent(EventLoop.common.kt:256)
	at kotlinx.coroutines.BlockingCoroutine.joinBlocking(Builders.kt:54)
	at kotlinx.coroutines.BuildersKt__BuildersKt.runBlockingImpl(Builders.kt:30)
	at kotlinx.coroutines.BuildersKt.runBlockingImpl(Unknown Source:1)
	at kotlinx.coroutines.BuildersKt__Builders_concurrentKt.runBlockingK(Builders.concurrent.kt:172)
	at kotlinx.coroutines.BuildersKt.runBlockingK(Unknown Source:1)
	at kotlinx.coroutines.BuildersKt__Builders_concurrentKt.runBlockingK$default(Builders.concurrent.kt:157)
	at kotlinx.coroutines.BuildersKt.runBlockingK$default(Unknown Source:1)
	at com.feedme.session.AndroidCredentialRecoveryOwnerTest.cancelledOpeningAndLateAuthenticatedCancellationKeepAnExplicitCloseOnlyOwner(AndroidCredentialRecoveryOwnerTest.kt:150)

INSTRUMENTATION_STATUS: test=cancelledOpeningAndLateAuthenticatedCancellationKeepAnExplicitCloseOnlyOwner
INSTRUMENTATION_STATUS_CODE: -2
INSTRUMENTATION_RESULT: stream=

Time: 1.425
There were 6 failures:
1) failuresAtEveryOpeningStageKeepPartialDescriptorsReachableUntilAcknowledgedClose(com.feedme.session.AndroidCredentialRecoveryOwnerTest)
java.lang.AssertionError: expected:<1> but was:<0>
	at org.junit.Assert.fail(Assert.java:89)
	at org.junit.Assert.failNotEquals(Assert.java:835)
	at org.junit.Assert.assertEquals(Assert.java:120)
	at org.junit.Assert.assertEquals(Assert.java:146)
	at com.feedme.session.AndroidCredentialRecoveryOwnerTest$failuresAtEveryOpeningStageKeepPartialDescriptorsReachableUntilAcknowledgedClose$1.invokeSuspend(AndroidCredentialRecoveryOwnerTest.kt:138)
	at kotlin.coroutines.jvm.internal.BaseContinuationImpl.resumeWith(ContinuationImpl.kt:34)
	at kotlinx.coroutines.DispatchedTask.run(DispatchedTask.kt:100)
	at kotlinx.coroutines.EventLoopImplBase.processNextEvent(EventLoop.common.kt:256)
	at kotlinx.coroutines.BlockingCoroutine.joinBlocking(Builders.kt:54)
	at kotlinx.coroutines.BuildersKt__BuildersKt.runBlockingImpl(Builders.kt:30)
	at kotlinx.coroutines.BuildersKt.runBlockingImpl(Unknown Source:1)
	at kotlinx.coroutines.BuildersKt__Builders_concurrentKt.runBlockingK(Builders.concurrent.kt:172)
	at kotlinx.coroutines.BuildersKt.runBlockingK(Unknown Source:1)
	at kotlinx.coroutines.BuildersKt__Builders_concurrentKt.runBlockingK$default(Builders.concurrent.kt:157)
	at kotlinx.coroutines.BuildersKt.runBlockingK$default(Unknown Source:1)
	at com.feedme.session.AndroidCredentialRecoveryOwnerTest.failuresAtEveryOpeningStageKeepPartialDescriptorsReachableUntilAcknowledgedClose(AndroidCredentialRecoveryOwnerTest.kt:132)
2) interruptedAbortPoisonsOwnerUntilExactCloseAndFreshExistingOnlyRetry(com.feedme.session.AndroidCredentialRecoveryOwnerTest)
java.lang.AssertionError: expected:<1> but was:<0>
	at org.junit.Assert.fail(Assert.java:89)
	at org.junit.Assert.failNotEquals(Assert.java:835)
	at org.junit.Assert.assertEquals(Assert.java:120)
	at org.junit.Assert.assertEquals(Assert.java:146)
	at com.feedme.session.AndroidCredentialRecoveryOwnerTest$interruptedAbortPoisonsOwnerUntilExactCloseAndFreshExistingOnlyRetry$1.invokeSuspend(AndroidCredentialRecoveryOwnerTest.kt:295)
	at kotlin.coroutines.jvm.internal.BaseContinuationImpl.resumeWith(ContinuationImpl.kt:34)
	at kotlinx.coroutines.DispatchedTask.run(DispatchedTask.kt:100)
	at kotlinx.coroutines.EventLoopImplBase.processNextEvent(EventLoop.common.kt:256)
	at kotlinx.coroutines.BlockingCoroutine.joinBlocking(Builders.kt:54)
	at kotlinx.coroutines.BuildersKt__BuildersKt.runBlockingImpl(Builders.kt:30)
	at kotlinx.coroutines.BuildersKt.runBlockingImpl(Unknown Source:1)
	at kotlinx.coroutines.BuildersKt__Builders_concurrentKt.runBlockingK(Builders.concurrent.kt:172)
	at kotlinx.coroutines.BuildersKt.runBlockingK(Unknown Source:1)
	at kotlinx.coroutines.BuildersKt__Builders_concurrentKt.runBlockingK$default(Builders.concurrent.kt:157)
	at kotlinx.coroutines.BuildersKt.runBlockingK$default(Unknown Source:1)
	at com.feedme.session.AndroidCredentialRecoveryOwnerTest.interruptedAbortPoisonsOwnerUntilExactCloseAndFreshExistingOnlyRetry(AndroidCredentialRecoveryOwnerTest.kt:284)
3) scopeMacTamperingAndForeignInstallFailuresRetainCloseOnlyOwnerWithoutDeletion(com.feedme.session.AndroidCredentialRecoveryOwnerTest)
java.lang.AssertionError: expected:<1> but was:<0>
	at org.junit.Assert.fail(Assert.java:89)
	at org.junit.Assert.failNotEquals(Assert.java:835)
	at org.junit.Assert.assertEquals(Assert.java:120)
	at org.junit.Assert.assertEquals(Assert.java:146)
	at com.feedme.session.AndroidCredentialRecoveryOwnerTest$scopeMacTamperingAndForeignInstallFailuresRetainCloseOnlyOwnerWithoutDeletion$1.invokeSuspend(AndroidCredentialRecoveryOwnerTest.kt:97)
	at kotlin.coroutines.jvm.internal.BaseContinuationImpl.resumeWith(ContinuationImpl.kt:34)
	at kotlinx.coroutines.DispatchedTask.run(DispatchedTask.kt:100)
	at kotlinx.coroutines.EventLoopImplBase.processNextEvent(EventLoop.common.kt:256)
	at kotlinx.coroutines.BlockingCoroutine.joinBlocking(Builders.kt:54)
	at kotlinx.coroutines.BuildersKt__BuildersKt.runBlockingImpl(Builders.kt:30)
	at kotlinx.coroutines.BuildersKt.runBlockingImpl(Unknown Source:1)
	at kotlinx.coroutines.BuildersKt__Builders_concurrentKt.runBlockingK(Builders.concurrent.kt:172)
	at kotlinx.coroutines.BuildersKt.runBlockingK(Unknown Source:1)
	at kotlinx.coroutines.BuildersKt__Builders_concurrentKt.runBlockingK$default(Builders.concurrent.kt:157)
	at kotlinx.coroutines.BuildersKt.runBlockingK$default(Unknown Source:1)
	at com.feedme.session.AndroidCredentialRecoveryOwnerTest.scopeMacTamperingAndForeignInstallFailuresRetainCloseOnlyOwnerWithoutDeletion(AndroidCredentialRecoveryOwnerTest.kt:85)
4) everyPreCloseStageFailureRetainsReservationAndRetriesOnlyUnfinishedStages(com.feedme.session.AndroidCredentialRecoveryOwnerTest)
java.lang.AssertionError: expected:<1> but was:<0>
	at org.junit.Assert.fail(Assert.java:89)
	at org.junit.Assert.failNotEquals(Assert.java:835)
	at org.junit.Assert.assertEquals(Assert.java:120)
	at org.junit.Assert.assertEquals(Assert.java:146)
	at com.feedme.session.AndroidCredentialRecoveryOwnerTest$everyPreCloseStageFailureRetainsReservationAndRetriesOnlyUnfinishedStages$1.invokeSuspend(AndroidCredentialRecoveryOwnerTest.kt:220)
	at kotlin.coroutines.jvm.internal.BaseContinuationImpl.resumeWith(ContinuationImpl.kt:34)
	at kotlinx.coroutines.DispatchedTask.run(DispatchedTask.kt:100)
	at kotlinx.coroutines.EventLoopImplBase.processNextEvent(EventLoop.common.kt:256)
	at kotlinx.coroutines.BlockingCoroutine.joinBlocking(Builders.kt:54)
	at kotlinx.coroutines.BuildersKt__BuildersKt.runBlockingImpl(Builders.kt:30)
	at kotlinx.coroutines.BuildersKt.runBlockingImpl(Unknown Source:1)
	at kotlinx.coroutines.BuildersKt__Builders_concurrentKt.runBlockingK(Builders.concurrent.kt:172)
	at kotlinx.coroutines.BuildersKt.runBlockingK(Unknown Source:1)
	at kotlinx.coroutines.BuildersKt__Builders_concurrentKt.runBlockingK$default(Builders.concurrent.kt:157)
	at kotlinx.coroutines.BuildersKt.runBlockingK$default(Unknown Source:1)
	at com.feedme.session.AndroidCredentialRecoveryOwnerTest.everyPreCloseStageFailureRetainsReservationAndRetriesOnlyUnfinishedStages(AndroidCredentialRecoveryOwnerTest.kt:210)
5) preparedPartialSelectedAndAbortedMetadataRemainExactAcrossRetainedOpenAndAbort(com.feedme.session.AndroidCredentialRecoveryOwnerTest)
java.lang.AssertionError: expected:<1> but was:<0>
	at org.junit.Assert.fail(Assert.java:89)
	at org.junit.Assert.failNotEquals(Assert.java:835)
	at org.junit.Assert.assertEquals(Assert.java:120)
	at org.junit.Assert.assertEquals(Assert.java:146)
	at com.feedme.session.AndroidCredentialRecoveryOwnerTest$preparedPartialSelectedAndAbortedMetadataRemainExactAcrossRetainedOpenAndAbort$1.invokeSuspend(AndroidCredentialRecoveryOwnerTest.kt:73)
	at kotlin.coroutines.jvm.internal.BaseContinuationImpl.resumeWith(ContinuationImpl.kt:34)
	at kotlinx.coroutines.DispatchedTask.run(DispatchedTask.kt:100)
	at kotlinx.coroutines.EventLoopImplBase.processNextEvent(EventLoop.common.kt:256)
	at kotlinx.coroutines.BlockingCoroutine.joinBlocking(Builders.kt:54)
	at kotlinx.coroutines.BuildersKt__BuildersKt.runBlockingImpl(Builders.kt:30)
	at kotlinx.coroutines.BuildersKt.runBlockingImpl(Unknown Source:1)
	at kotlinx.coroutines.BuildersKt__Builders_concurrentKt.runBlockingK(Builders.concurrent.kt:172)
	at kotlinx.coroutines.BuildersKt.runBlockingK(Unknown Source:1)
	at kotlinx.coroutines.BuildersKt__Builders_concurrentKt.runBlockingK$default(Builders.concurrent.kt:157)
	at kotlinx.coroutines.BuildersKt.runBlockingK$default(Unknown Source:1)
	at com.feedme.session.AndroidCredentialRecoveryOwnerTest.preparedPartialSelectedAndAbortedMetadataRemainExactAcrossRetainedOpenAndAbort(AndroidCredentialRecoveryOwnerTest.kt:65)
6) cancelledOpeningAndLateAuthenticatedCancellationKeepAnExplicitCloseOnlyOwner(com.feedme.session.AndroidCredentialRecoveryOwnerTest)
java.lang.AssertionError: expected:<1> but was:<0>
	at org.junit.Assert.fail(Assert.java:89)
	at org.junit.Assert.failNotEquals(Assert.java:835)
	at org.junit.Assert.assertEquals(Assert.java:120)
	at org.junit.Assert.assertEquals(Assert.java:146)
	at com.feedme.session.AndroidCredentialRecoveryOwnerTest$cancelledOpeningAndLateAuthenticatedCancellationKeepAnExplicitCloseOnlyOwner$1.invokeSuspend(AndroidCredentialRecoveryOwnerTest.kt:156)
	at kotlin.coroutines.jvm.internal.BaseContinuationImpl.resumeWith(ContinuationImpl.kt:34)
	at kotlinx.coroutines.DispatchedTask.run(DispatchedTask.kt:100)
	at kotlinx.coroutines.EventLoopImplBase.processNextEvent(EventLoop.common.kt:256)
	at kotlinx.coroutines.BlockingCoroutine.joinBlocking(Builders.kt:54)
	at kotlinx.coroutines.BuildersKt__BuildersKt.runBlockingImpl(Builders.kt:30)
	at kotlinx.coroutines.BuildersKt.runBlockingImpl(Unknown Source:1)
	at kotlinx.coroutines.BuildersKt__Builders_concurrentKt.runBlockingK(Builders.concurrent.kt:172)
	at kotlinx.coroutines.BuildersKt.runBlockingK(Unknown Source:1)
	at kotlinx.coroutines.BuildersKt__Builders_concurrentKt.runBlockingK$default(Builders.concurrent.kt:157)
	at kotlinx.coroutines.BuildersKt.runBlockingK$default(Unknown Source:1)
	at com.feedme.session.AndroidCredentialRecoveryOwnerTest.cancelledOpeningAndLateAuthenticatedCancellationKeepAnExplicitCloseOnlyOwner(AndroidCredentialRecoveryOwnerTest.kt:150)

FAILURES!!!
Tests run: 12,  Failures: 6


INSTRUMENTATION_CODE: -1
