INSTRUMENTATION_STATUS: class=com.feedme.storage.AndroidStateActivationSyncFailureTest
INSTRUMENTATION_STATUS: current=1
INSTRUMENTATION_STATUS: id=AndroidJUnitRunner
INSTRUMENTATION_STATUS: numtests=6
INSTRUMENTATION_STATUS: stream=
com.feedme.storage.AndroidStateActivationSyncFailureTest:
INSTRUMENTATION_STATUS: test=injectedVfsFaultIsRestrictedToExactOwnedDatabaseNotAnotherSandbox
INSTRUMENTATION_STATUS_CODE: 1
INSTRUMENTATION_STATUS: class=com.feedme.storage.AndroidStateActivationSyncFailureTest
INSTRUMENTATION_STATUS: current=1
INSTRUMENTATION_STATUS: id=AndroidJUnitRunner
INSTRUMENTATION_STATUS: numtests=6
INSTRUMENTATION_STATUS: stream=.
INSTRUMENTATION_STATUS: test=injectedVfsFaultIsRestrictedToExactOwnedDatabaseNotAnotherSandbox
INSTRUMENTATION_STATUS_CODE: 0
INSTRUMENTATION_STATUS: class=com.feedme.storage.AndroidStateActivationSyncFailureTest
INSTRUMENTATION_STATUS: current=2
INSTRUMENTATION_STATUS: id=AndroidJUnitRunner
INSTRUMENTATION_STATUS: numtests=6
INSTRUMENTATION_STATUS: stream=
INSTRUMENTATION_STATUS: test=consumedReceiptReplayStillRequiresFreshSuccessfulSyncBeforeDeletingKey
INSTRUMENTATION_STATUS_CODE: 1
INSTRUMENTATION_STATUS: class=com.feedme.storage.AndroidStateActivationSyncFailureTest
INSTRUMENTATION_STATUS: current=2
INSTRUMENTATION_STATUS: id=AndroidJUnitRunner
INSTRUMENTATION_STATUS: numtests=6
INSTRUMENTATION_STATUS: stream=.
INSTRUMENTATION_STATUS: test=consumedReceiptReplayStillRequiresFreshSuccessfulSyncBeforeDeletingKey
INSTRUMENTATION_STATUS_CODE: 0
INSTRUMENTATION_STATUS: class=com.feedme.storage.AndroidStateActivationSyncFailureTest
INSTRUMENTATION_STATUS: current=3
INSTRUMENTATION_STATUS: id=AndroidJUnitRunner
INSTRUMENTATION_STATUS: numtests=6
INSTRUMENTATION_STATUS: stream=
INSTRUMENTATION_STATUS: test=injectedDatabaseVfsSyncFailureRetainsExactKeyUntilFreshSuccessfulAbort
INSTRUMENTATION_STATUS_CODE: 1
INSTRUMENTATION_STATUS: class=com.feedme.storage.AndroidStateActivationSyncFailureTest
INSTRUMENTATION_STATUS: current=3
INSTRUMENTATION_STATUS: id=AndroidJUnitRunner
INSTRUMENTATION_STATUS: numtests=6
INSTRUMENTATION_STATUS: stream=.
INSTRUMENTATION_STATUS: test=injectedDatabaseVfsSyncFailureRetainsExactKeyUntilFreshSuccessfulAbort
INSTRUMENTATION_STATUS_CODE: 0
INSTRUMENTATION_STATUS: class=com.feedme.storage.AndroidStateActivationSyncFailureTest
INSTRUMENTATION_STATUS: current=4
INSTRUMENTATION_STATUS: id=AndroidJUnitRunner
INSTRUMENTATION_STATUS: numtests=6
INSTRUMENTATION_STATUS: stream=
INSTRUMENTATION_STATUS: test=observedAbortedReplayCannotAcknowledgeWhenItsNewJournalSyncFails
INSTRUMENTATION_STATUS_CODE: 1
INSTRUMENTATION_STATUS: class=com.feedme.storage.AndroidStateActivationSyncFailureTest
INSTRUMENTATION_STATUS: current=4
INSTRUMENTATION_STATUS: id=AndroidJUnitRunner
INSTRUMENTATION_STATUS: numtests=6
INSTRUMENTATION_STATUS: stream=.
INSTRUMENTATION_STATUS: test=observedAbortedReplayCannotAcknowledgeWhenItsNewJournalSyncFails
INSTRUMENTATION_STATUS_CODE: 0
INSTRUMENTATION_STATUS: class=com.feedme.storage.AndroidStateActivationSyncFailureTest
INSTRUMENTATION_STATUS: current=5
INSTRUMENTATION_STATUS: id=AndroidJUnitRunner
INSTRUMENTATION_STATUS: numtests=6
INSTRUMENTATION_STATUS: stream=
INSTRUMENTATION_STATUS: test=injectedPostUnlinkVfsSyncFailureNeverTreatsVisibleConsumeAsDurableAcknowledgement
INSTRUMENTATION_STATUS_CODE: 1
INSTRUMENTATION_STATUS: class=com.feedme.storage.AndroidStateActivationSyncFailureTest
INSTRUMENTATION_STATUS: current=5
INSTRUMENTATION_STATUS: id=AndroidJUnitRunner
INSTRUMENTATION_STATUS: numtests=6
INSTRUMENTATION_STATUS: stream=.
INSTRUMENTATION_STATUS: test=injectedPostUnlinkVfsSyncFailureNeverTreatsVisibleConsumeAsDurableAcknowledgement
INSTRUMENTATION_STATUS_CODE: 0
INSTRUMENTATION_STATUS: class=com.feedme.storage.AndroidStateActivationSyncFailureTest
INSTRUMENTATION_STATUS: current=6
INSTRUMENTATION_STATUS: id=AndroidJUnitRunner
INSTRUMENTATION_STATUS: numtests=6
INSTRUMENTATION_STATUS: stream=
INSTRUMENTATION_STATUS: test=injectedJournalVfsSyncFailureRetainsExactKeyUntilFreshSuccessfulAbort
INSTRUMENTATION_STATUS_CODE: 1
INSTRUMENTATION_STATUS: class=com.feedme.storage.AndroidStateActivationSyncFailureTest
INSTRUMENTATION_STATUS: current=6
INSTRUMENTATION_STATUS: id=AndroidJUnitRunner
INSTRUMENTATION_STATUS: numtests=6
INSTRUMENTATION_STATUS: stream=.
INSTRUMENTATION_STATUS: test=injectedJournalVfsSyncFailureRetainsExactKeyUntilFreshSuccessfulAbort
INSTRUMENTATION_STATUS_CODE: 0
INSTRUMENTATION_RESULT: state_activation_sync_aborted-replay=sqlite=1034;failures=1;keyDeletes=0;vfs=1;delegatedUnlink=0
INSTRUMENTATION_RESULT: state_activation_sync_consumed-replay=sqlite=1290;failures=1;keyDeletes=0;vfs=1;delegatedUnlink=1
INSTRUMENTATION_RESULT: state_activation_sync_database=sqlite=1034;failures=1;keyDeletes=0;vfs=1;delegatedUnlink=0
INSTRUMENTATION_RESULT: state_activation_sync_directory=sqlite=1290;failures=1;keyDeletes=0;vfs=1;delegatedUnlink=1
INSTRUMENTATION_RESULT: state_activation_sync_exact-scope=sqlite=1034;failures=1;keyDeletes=0;vfs=1;delegatedUnlink=0
INSTRUMENTATION_RESULT: state_activation_sync_journal=sqlite=1034;failures=1;keyDeletes=0;vfs=1;delegatedUnlink=0
INSTRUMENTATION_RESULT: stream=

Time: 0.435

OK (6 tests)


INSTRUMENTATION_CODE: -1
