INSTRUMENTATION_STATUS: class=com.feedme.session.AndroidLocalRetirementIntegrationTest
INSTRUMENTATION_STATUS: current=1
INSTRUMENTATION_STATUS: id=AndroidJUnitRunner
INSTRUMENTATION_STATUS: numtests=11
INSTRUMENTATION_STATUS: stream=
com.feedme.session.AndroidLocalRetirementIntegrationTest:
INSTRUMENTATION_STATUS: test=runtimeCompositeNativeInterruptionRetainsAllPlansAndRejectsLegacyCredentialOnlyAbort
INSTRUMENTATION_STATUS_CODE: 1
INSTRUMENTATION_STATUS: class=com.feedme.session.AndroidLocalRetirementIntegrationTest
INSTRUMENTATION_STATUS: current=1
INSTRUMENTATION_STATUS: id=AndroidJUnitRunner
INSTRUMENTATION_STATUS: numtests=11
INSTRUMENTATION_STATUS: stream=.
INSTRUMENTATION_STATUS: test=runtimeCompositeNativeInterruptionRetainsAllPlansAndRejectsLegacyCredentialOnlyAbort
INSTRUMENTATION_STATUS_CODE: 0
INSTRUMENTATION_STATUS: class=com.feedme.session.AndroidLocalRetirementIntegrationTest
INSTRUMENTATION_STATUS: current=2
INSTRUMENTATION_STATUS: id=AndroidJUnitRunner
INSTRUMENTATION_STATUS: numtests=11
INSTRUMENTATION_STATUS: stream=
INSTRUMENTATION_STATUS: test=runtimeCreatesRestoresExactNativeBindingAndRetiresAllRealResources
INSTRUMENTATION_STATUS_CODE: 1
INSTRUMENTATION_STATUS: class=com.feedme.session.AndroidLocalRetirementIntegrationTest
INSTRUMENTATION_STATUS: current=2
INSTRUMENTATION_STATUS: id=AndroidJUnitRunner
INSTRUMENTATION_STATUS: numtests=11
INSTRUMENTATION_STATUS: stream=.
INSTRUMENTATION_STATUS: test=runtimeCreatesRestoresExactNativeBindingAndRetiresAllRealResources
INSTRUMENTATION_STATUS_CODE: 0
INSTRUMENTATION_STATUS: class=com.feedme.session.AndroidLocalRetirementIntegrationTest
INSTRUMENTATION_STATUS: current=3
INSTRUMENTATION_STATUS: id=AndroidJUnitRunner
INSTRUMENTATION_STATUS: numtests=11
INSTRUMENTATION_STATUS: stream=
INSTRUMENTATION_STATUS: test=delayedPriorTargetsCannotEraseNewSameOwnerCredentialsDataOrNativeOrigin
INSTRUMENTATION_STATUS_CODE: 1
INSTRUMENTATION_STATUS: class=com.feedme.session.AndroidLocalRetirementIntegrationTest
INSTRUMENTATION_STATUS: current=3
INSTRUMENTATION_STATUS: id=AndroidJUnitRunner
INSTRUMENTATION_STATUS: numtests=11
INSTRUMENTATION_STATUS: stream=.
INSTRUMENTATION_STATUS: test=delayedPriorTargetsCannotEraseNewSameOwnerCredentialsDataOrNativeOrigin
INSTRUMENTATION_STATUS_CODE: 0
INSTRUMENTATION_STATUS: class=com.feedme.session.AndroidLocalRetirementIntegrationTest
INSTRUMENTATION_STATUS: current=4
INSTRUMENTATION_STATUS: id=AndroidJUnitRunner
INSTRUMENTATION_STATUS: numtests=11
INSTRUMENTATION_STATUS: stream=
INSTRUMENTATION_STATUS: test=emptySetupDiscardRequiresExplicitConfirmationAndPreservesUnselectedOwner
INSTRUMENTATION_STATUS_CODE: 1
INSTRUMENTATION_STATUS: class=com.feedme.session.AndroidLocalRetirementIntegrationTest
INSTRUMENTATION_STATUS: current=4
INSTRUMENTATION_STATUS: id=AndroidJUnitRunner
INSTRUMENTATION_STATUS: numtests=11
INSTRUMENTATION_STATUS: stream=.
INSTRUMENTATION_STATUS: test=emptySetupDiscardRequiresExplicitConfirmationAndPreservesUnselectedOwner
INSTRUMENTATION_STATUS_CODE: 0
INSTRUMENTATION_STATUS: class=com.feedme.session.AndroidLocalRetirementIntegrationTest
INSTRUMENTATION_STATUS: current=5
INSTRUMENTATION_STATUS: id=AndroidJUnitRunner
INSTRUMENTATION_STATUS: numtests=11
INSTRUMENTATION_STATUS: stream=
INSTRUMENTATION_STATUS: test=realLogoutErasesExactIdentityAndCancelsOnlyItsNativeTickets
INSTRUMENTATION_STATUS_CODE: 1
INSTRUMENTATION_STATUS: class=com.feedme.session.AndroidLocalRetirementIntegrationTest
INSTRUMENTATION_STATUS: current=5
INSTRUMENTATION_STATUS: id=AndroidJUnitRunner
INSTRUMENTATION_STATUS: numtests=11
INSTRUMENTATION_STATUS: stream=.
INSTRUMENTATION_STATUS: test=realLogoutErasesExactIdentityAndCancelsOnlyItsNativeTickets
INSTRUMENTATION_STATUS_CODE: 0
INSTRUMENTATION_STATUS: class=com.feedme.session.AndroidLocalRetirementIntegrationTest
INSTRUMENTATION_STATUS: current=6
INSTRUMENTATION_STATUS: id=AndroidJUnitRunner
INSTRUMENTATION_STATUS: numtests=11
INSTRUMENTATION_STATUS: stream=
INSTRUMENTATION_STATUS: test=discardConfirmationRejectsChangedEvidenceAndProposalFromClosedRuntime
INSTRUMENTATION_STATUS_CODE: 1
INSTRUMENTATION_STATUS: class=com.feedme.session.AndroidLocalRetirementIntegrationTest
INSTRUMENTATION_STATUS: current=6
INSTRUMENTATION_STATUS: id=AndroidJUnitRunner
INSTRUMENTATION_STATUS: numtests=11
INSTRUMENTATION_STATUS: stream=.
INSTRUMENTATION_STATUS: test=discardConfirmationRejectsChangedEvidenceAndProposalFromClosedRuntime
INSTRUMENTATION_STATUS_CODE: 0
INSTRUMENTATION_STATUS: class=com.feedme.session.AndroidLocalRetirementIntegrationTest
INSTRUMENTATION_STATUS: current=7
INSTRUMENTATION_STATUS: id=AndroidJUnitRunner
INSTRUMENTATION_STATUS: numtests=11
INSTRUMENTATION_STATUS: stream=
INSTRUMENTATION_STATUS: test=legacyPlannedCreatePersistsIndependentControlBeforeNativeInterruptionAndExplicitAbort
INSTRUMENTATION_STATUS_CODE: 1
INSTRUMENTATION_STATUS: class=com.feedme.session.AndroidLocalRetirementIntegrationTest
INSTRUMENTATION_STATUS: current=7
INSTRUMENTATION_STATUS: id=AndroidJUnitRunner
INSTRUMENTATION_STATUS: numtests=11
INSTRUMENTATION_STATUS: stream=.
INSTRUMENTATION_STATUS: test=legacyPlannedCreatePersistsIndependentControlBeforeNativeInterruptionAndExplicitAbort
INSTRUMENTATION_STATUS_CODE: 0
INSTRUMENTATION_STATUS: class=com.feedme.session.AndroidLocalRetirementIntegrationTest
INSTRUMENTATION_STATUS: current=8
INSTRUMENTATION_STATUS: id=AndroidJUnitRunner
INSTRUMENTATION_STATUS: numtests=11
INSTRUMENTATION_STATUS: stream=
INSTRUMENTATION_STATUS: test=coherentMetadataDoesNotClaimMissingOrDamagedCredentialMaterialIsUsable
INSTRUMENTATION_STATUS_CODE: 1
INSTRUMENTATION_STATUS: class=com.feedme.session.AndroidLocalRetirementIntegrationTest
INSTRUMENTATION_STATUS: current=8
INSTRUMENTATION_STATUS: id=AndroidJUnitRunner
INSTRUMENTATION_STATUS: numtests=11
INSTRUMENTATION_STATUS: stream=.
INSTRUMENTATION_STATUS: test=coherentMetadataDoesNotClaimMissingOrDamagedCredentialMaterialIsUsable
INSTRUMENTATION_STATUS_CODE: 0
INSTRUMENTATION_STATUS: class=com.feedme.session.AndroidLocalRetirementIntegrationTest
INSTRUMENTATION_STATUS: current=9
INSTRUMENTATION_STATUS: id=AndroidJUnitRunner
INSTRUMENTATION_STATUS: numtests=11
INSTRUMENTATION_STATUS: stream=
INSTRUMENTATION_STATUS: test=recoveryInspectionAfterReopenPreservesNativeEvidenceWithoutVerificationOrActivation
INSTRUMENTATION_STATUS_CODE: 1
INSTRUMENTATION_STATUS: class=com.feedme.session.AndroidLocalRetirementIntegrationTest
INSTRUMENTATION_STATUS: current=9
INSTRUMENTATION_STATUS: id=AndroidJUnitRunner
INSTRUMENTATION_STATUS: numtests=11
INSTRUMENTATION_STATUS: stream=.
INSTRUMENTATION_STATUS: test=recoveryInspectionAfterReopenPreservesNativeEvidenceWithoutVerificationOrActivation
INSTRUMENTATION_STATUS_CODE: 0
INSTRUMENTATION_STATUS: class=com.feedme.session.AndroidLocalRetirementIntegrationTest
INSTRUMENTATION_STATUS: current=10
INSTRUMENTATION_STATUS: id=AndroidJUnitRunner
INSTRUMENTATION_STATUS: numtests=11
INSTRUMENTATION_STATUS: stream=
INSTRUMENTATION_STATUS: test=lostNativeCancellationAcknowledgementKeepsBarrierAndRecoversAfterAllStoresReopenWithoutLease
INSTRUMENTATION_STATUS_CODE: 1
INSTRUMENTATION_STATUS: class=com.feedme.session.AndroidLocalRetirementIntegrationTest
INSTRUMENTATION_STATUS: current=10
INSTRUMENTATION_STATUS: id=AndroidJUnitRunner
INSTRUMENTATION_STATUS: numtests=11
INSTRUMENTATION_STATUS: stream=.
INSTRUMENTATION_STATUS: test=lostNativeCancellationAcknowledgementKeepsBarrierAndRecoversAfterAllStoresReopenWithoutLease
INSTRUMENTATION_STATUS_CODE: 0
INSTRUMENTATION_STATUS: class=com.feedme.session.AndroidLocalRetirementIntegrationTest
INSTRUMENTATION_STATUS: current=11
INSTRUMENTATION_STATUS: id=AndroidJUnitRunner
INSTRUMENTATION_STATUS: numtests=11
INSTRUMENTATION_STATUS: stream=
INSTRUMENTATION_STATUS: test=discardPreparationRejectsPrivateRowsTombstonesBindingAndNativeTickets
INSTRUMENTATION_STATUS_CODE: 1
INSTRUMENTATION_STATUS: class=com.feedme.session.AndroidLocalRetirementIntegrationTest
INSTRUMENTATION_STATUS: current=11
INSTRUMENTATION_STATUS: id=AndroidJUnitRunner
INSTRUMENTATION_STATUS: numtests=11
INSTRUMENTATION_STATUS: stream=.
INSTRUMENTATION_STATUS: test=discardPreparationRejectsPrivateRowsTombstonesBindingAndNativeTickets
INSTRUMENTATION_STATUS_CODE: 0
INSTRUMENTATION_RESULT: stream=

Time: 11.14

OK (11 tests)


INSTRUMENTATION_CODE: -1
