INSTRUMENTATION_STATUS: class=com.feedme.app.mealflow.AndroidCookingFlowHostTest
INSTRUMENTATION_STATUS: current=1
INSTRUMENTATION_STATUS: id=AndroidJUnitRunner
INSTRUMENTATION_STATUS: numtests=9
INSTRUMENTATION_STATUS: stream=
com.feedme.app.mealflow.AndroidCookingFlowHostTest:
INSTRUMENTATION_STATUS: test=dirtyFormAndStaleDialogCannotConfirmAnotherPlanOrPriorCookingPin
INSTRUMENTATION_STATUS_CODE: 1
INSTRUMENTATION_STATUS: class=com.feedme.app.mealflow.AndroidCookingFlowHostTest
INSTRUMENTATION_STATUS: current=1
INSTRUMENTATION_STATUS: id=AndroidJUnitRunner
INSTRUMENTATION_STATUS: numtests=9
INSTRUMENTATION_STATUS: stack=java.lang.AssertionError: Acknowledged result required: Failure(reason=STORAGE_FAILURE, retryAfterSeconds=null)
	at org.junit.Assert.fail(Assert.java:89)
	at org.junit.Assert.assertTrue(Assert.java:42)
	at com.feedme.app.mealflow.AndroidCookingFlowHostTest.value(AndroidCookingFlowHostTest.kt:80)
	at com.feedme.app.mealflow.AndroidCookingFlowHostTest.access$value(AndroidCookingFlowHostTest.kt:27)
	at com.feedme.app.mealflow.AndroidCookingFlowHostTest$withHost$1.invokeSuspend(AndroidCookingFlowHostTest.kt:63)
	at kotlin.coroutines.jvm.internal.BaseContinuationImpl.resumeWith(ContinuationImpl.kt:34)
	at kotlinx.coroutines.UndispatchedCoroutine.afterResume(CoroutineContext.kt:278)
	at kotlinx.coroutines.AbstractCoroutine.resumeWith(AbstractCoroutine.kt:101)
	at kotlin.coroutines.jvm.internal.BaseContinuationImpl.resumeWith(ContinuationImpl.kt:47)
	at kotlinx.coroutines.DispatchedTask.run(DispatchedTask.kt:98)
	at android.os.Handler.handleCallback(Handler.java:959)
	at android.os.Handler.dispatchMessage(Handler.java:100)
	at android.os.Looper.loopOnce(Looper.java:232)
	at android.os.Looper.loop(Looper.java:317)
	at android.app.ActivityThread.main(ActivityThread.java:8705)
	at java.lang.reflect.Method.invoke(Native Method)
	at com.android.internal.os.RuntimeInit$MethodAndArgsCaller.run(RuntimeInit.java:580)
	at com.android.internal.os.ZygoteInit.main(ZygoteInit.java:886)

INSTRUMENTATION_STATUS: stream=
Error in dirtyFormAndStaleDialogCannotConfirmAnotherPlanOrPriorCookingPin(com.feedme.app.mealflow.AndroidCookingFlowHostTest):
java.lang.AssertionError: Acknowledged result required: Failure(reason=STORAGE_FAILURE, retryAfterSeconds=null)
	at org.junit.Assert.fail(Assert.java:89)
	at org.junit.Assert.assertTrue(Assert.java:42)
	at com.feedme.app.mealflow.AndroidCookingFlowHostTest.value(AndroidCookingFlowHostTest.kt:80)
	at com.feedme.app.mealflow.AndroidCookingFlowHostTest.access$value(AndroidCookingFlowHostTest.kt:27)
	at com.feedme.app.mealflow.AndroidCookingFlowHostTest$withHost$1.invokeSuspend(AndroidCookingFlowHostTest.kt:63)
	at kotlin.coroutines.jvm.internal.BaseContinuationImpl.resumeWith(ContinuationImpl.kt:34)
	at kotlinx.coroutines.UndispatchedCoroutine.afterResume(CoroutineContext.kt:278)
	at kotlinx.coroutines.AbstractCoroutine.resumeWith(AbstractCoroutine.kt:101)
	at kotlin.coroutines.jvm.internal.BaseContinuationImpl.resumeWith(ContinuationImpl.kt:47)
	at kotlinx.coroutines.DispatchedTask.run(DispatchedTask.kt:98)
	at android.os.Handler.handleCallback(Handler.java:959)
	at android.os.Handler.dispatchMessage(Handler.java:100)
	at android.os.Looper.loopOnce(Looper.java:232)
	at android.os.Looper.loop(Looper.java:317)
	at android.app.ActivityThread.main(ActivityThread.java:8705)
	at java.lang.reflect.Method.invoke(Native Method)
	at com.android.internal.os.RuntimeInit$MethodAndArgsCaller.run(RuntimeInit.java:580)
	at com.android.internal.os.ZygoteInit.main(ZygoteInit.java:886)

INSTRUMENTATION_STATUS: test=dirtyFormAndStaleDialogCannotConfirmAnotherPlanOrPriorCookingPin
INSTRUMENTATION_STATUS_CODE: -2
INSTRUMENTATION_STATUS: class=com.feedme.app.mealflow.AndroidCookingFlowHostTest
INSTRUMENTATION_STATUS: current=2
INSTRUMENTATION_STATUS: id=AndroidJUnitRunner
INSTRUMENTATION_STATUS: numtests=9
INSTRUMENTATION_STATUS: stream=
INSTRUMENTATION_STATUS: test=explicitOfflineProgressAndCompletionUseHeadOnlySyncAndNeverAutoFinishLastStep
INSTRUMENTATION_STATUS_CODE: 1
INSTRUMENTATION_STATUS: class=com.feedme.app.mealflow.AndroidCookingFlowHostTest
INSTRUMENTATION_STATUS: current=2
INSTRUMENTATION_STATUS: id=AndroidJUnitRunner
INSTRUMENTATION_STATUS: numtests=9
INSTRUMENTATION_STATUS: stack=java.lang.AssertionError: Acknowledged result required: Failure(reason=STORAGE_FAILURE, retryAfterSeconds=null)
	at org.junit.Assert.fail(Assert.java:89)
	at org.junit.Assert.assertTrue(Assert.java:42)
	at com.feedme.app.mealflow.AndroidCookingFlowHostTest.value(AndroidCookingFlowHostTest.kt:80)
	at com.feedme.app.mealflow.AndroidCookingFlowHostTest.access$value(AndroidCookingFlowHostTest.kt:27)
	at com.feedme.app.mealflow.AndroidCookingFlowHostTest$withHost$1.invokeSuspend(AndroidCookingFlowHostTest.kt:63)
	at kotlin.coroutines.jvm.internal.BaseContinuationImpl.resumeWith(ContinuationImpl.kt:34)
	at kotlinx.coroutines.UndispatchedCoroutine.afterResume(CoroutineContext.kt:278)
	at kotlinx.coroutines.AbstractCoroutine.resumeWith(AbstractCoroutine.kt:101)
	at kotlin.coroutines.jvm.internal.BaseContinuationImpl.resumeWith(ContinuationImpl.kt:47)
	at kotlinx.coroutines.DispatchedTask.run(DispatchedTask.kt:98)
	at android.os.Handler.handleCallback(Handler.java:959)
	at android.os.Handler.dispatchMessage(Handler.java:100)
	at android.os.Looper.loopOnce(Looper.java:232)
	at android.os.Looper.loop(Looper.java:317)
	at android.app.ActivityThread.main(ActivityThread.java:8705)
	at java.lang.reflect.Method.invoke(Native Method)
	at com.android.internal.os.RuntimeInit$MethodAndArgsCaller.run(RuntimeInit.java:580)
	at com.android.internal.os.ZygoteInit.main(ZygoteInit.java:886)

INSTRUMENTATION_STATUS: stream=
Error in explicitOfflineProgressAndCompletionUseHeadOnlySyncAndNeverAutoFinishLastStep(com.feedme.app.mealflow.AndroidCookingFlowHostTest):
java.lang.AssertionError: Acknowledged result required: Failure(reason=STORAGE_FAILURE, retryAfterSeconds=null)
	at org.junit.Assert.fail(Assert.java:89)
	at org.junit.Assert.assertTrue(Assert.java:42)
	at com.feedme.app.mealflow.AndroidCookingFlowHostTest.value(AndroidCookingFlowHostTest.kt:80)
	at com.feedme.app.mealflow.AndroidCookingFlowHostTest.access$value(AndroidCookingFlowHostTest.kt:27)
	at com.feedme.app.mealflow.AndroidCookingFlowHostTest$withHost$1.invokeSuspend(AndroidCookingFlowHostTest.kt:63)
	at kotlin.coroutines.jvm.internal.BaseContinuationImpl.resumeWith(ContinuationImpl.kt:34)
	at kotlinx.coroutines.UndispatchedCoroutine.afterResume(CoroutineContext.kt:278)
	at kotlinx.coroutines.AbstractCoroutine.resumeWith(AbstractCoroutine.kt:101)
	at kotlin.coroutines.jvm.internal.BaseContinuationImpl.resumeWith(ContinuationImpl.kt:47)
	at kotlinx.coroutines.DispatchedTask.run(DispatchedTask.kt:98)
	at android.os.Handler.handleCallback(Handler.java:959)
	at android.os.Handler.dispatchMessage(Handler.java:100)
	at android.os.Looper.loopOnce(Looper.java:232)
	at android.os.Looper.loop(Looper.java:317)
	at android.app.ActivityThread.main(ActivityThread.java:8705)
	at java.lang.reflect.Method.invoke(Native Method)
	at com.android.internal.os.RuntimeInit$MethodAndArgsCaller.run(RuntimeInit.java:580)
	at com.android.internal.os.ZygoteInit.main(ZygoteInit.java:886)

INSTRUMENTATION_STATUS: test=explicitOfflineProgressAndCompletionUseHeadOnlySyncAndNeverAutoFinishLastStep
INSTRUMENTATION_STATUS_CODE: -2
INSTRUMENTATION_STATUS: class=com.feedme.app.mealflow.AndroidCookingFlowHostTest
INSTRUMENTATION_STATUS: current=3
INSTRUMENTATION_STATUS: id=AndroidJUnitRunner
INSTRUMENTATION_STATUS: numtests=9
INSTRUMENTATION_STATUS: stream=
INSTRUMENTATION_STATUS: test=retainedCreatedReceiptRetriesDownloadWithoutSecondPost
INSTRUMENTATION_STATUS_CODE: 1
INSTRUMENTATION_STATUS: class=com.feedme.app.mealflow.AndroidCookingFlowHostTest
INSTRUMENTATION_STATUS: current=3
INSTRUMENTATION_STATUS: id=AndroidJUnitRunner
INSTRUMENTATION_STATUS: numtests=9
INSTRUMENTATION_STATUS: stack=java.lang.AssertionError: Acknowledged result required: Failure(reason=STORAGE_FAILURE, retryAfterSeconds=null)
	at org.junit.Assert.fail(Assert.java:89)
	at org.junit.Assert.assertTrue(Assert.java:42)
	at com.feedme.app.mealflow.AndroidCookingFlowHostTest.value(AndroidCookingFlowHostTest.kt:80)
	at com.feedme.app.mealflow.AndroidCookingFlowHostTest.access$value(AndroidCookingFlowHostTest.kt:27)
	at com.feedme.app.mealflow.AndroidCookingFlowHostTest$withHost$1.invokeSuspend(AndroidCookingFlowHostTest.kt:63)
	at kotlin.coroutines.jvm.internal.BaseContinuationImpl.resumeWith(ContinuationImpl.kt:34)
	at kotlinx.coroutines.UndispatchedCoroutine.afterResume(CoroutineContext.kt:278)
	at kotlinx.coroutines.AbstractCoroutine.resumeWith(AbstractCoroutine.kt:101)
	at kotlin.coroutines.jvm.internal.BaseContinuationImpl.resumeWith(ContinuationImpl.kt:47)
	at kotlinx.coroutines.DispatchedTask.run(DispatchedTask.kt:98)
	at android.os.Handler.handleCallback(Handler.java:959)
	at android.os.Handler.dispatchMessage(Handler.java:100)
	at android.os.Looper.loopOnce(Looper.java:232)
	at android.os.Looper.loop(Looper.java:317)
	at android.app.ActivityThread.main(ActivityThread.java:8705)
	at java.lang.reflect.Method.invoke(Native Method)
	at com.android.internal.os.RuntimeInit$MethodAndArgsCaller.run(RuntimeInit.java:580)
	at com.android.internal.os.ZygoteInit.main(ZygoteInit.java:886)

INSTRUMENTATION_STATUS: stream=
Error in retainedCreatedReceiptRetriesDownloadWithoutSecondPost(com.feedme.app.mealflow.AndroidCookingFlowHostTest):
java.lang.AssertionError: Acknowledged result required: Failure(reason=STORAGE_FAILURE, retryAfterSeconds=null)
	at org.junit.Assert.fail(Assert.java:89)
	at org.junit.Assert.assertTrue(Assert.java:42)
	at com.feedme.app.mealflow.AndroidCookingFlowHostTest.value(AndroidCookingFlowHostTest.kt:80)
	at com.feedme.app.mealflow.AndroidCookingFlowHostTest.access$value(AndroidCookingFlowHostTest.kt:27)
	at com.feedme.app.mealflow.AndroidCookingFlowHostTest$withHost$1.invokeSuspend(AndroidCookingFlowHostTest.kt:63)
	at kotlin.coroutines.jvm.internal.BaseContinuationImpl.resumeWith(ContinuationImpl.kt:34)
	at kotlinx.coroutines.UndispatchedCoroutine.afterResume(CoroutineContext.kt:278)
	at kotlinx.coroutines.AbstractCoroutine.resumeWith(AbstractCoroutine.kt:101)
	at kotlin.coroutines.jvm.internal.BaseContinuationImpl.resumeWith(ContinuationImpl.kt:47)
	at kotlinx.coroutines.DispatchedTask.run(DispatchedTask.kt:98)
	at android.os.Handler.handleCallback(Handler.java:959)
	at android.os.Handler.dispatchMessage(Handler.java:100)
	at android.os.Looper.loopOnce(Looper.java:232)
	at android.os.Looper.loop(Looper.java:317)
	at android.app.ActivityThread.main(ActivityThread.java:8705)
	at java.lang.reflect.Method.invoke(Native Method)
	at com.android.internal.os.RuntimeInit$MethodAndArgsCaller.run(RuntimeInit.java:580)
	at com.android.internal.os.ZygoteInit.main(ZygoteInit.java:886)

INSTRUMENTATION_STATUS: test=retainedCreatedReceiptRetriesDownloadWithoutSecondPost
INSTRUMENTATION_STATUS_CODE: -2
INSTRUMENTATION_STATUS: class=com.feedme.app.mealflow.AndroidCookingFlowHostTest
INSTRUMENTATION_STATUS: current=4
INSTRUMENTATION_STATUS: id=AndroidJUnitRunner
INSTRUMENTATION_STATUS: numtests=9
INSTRUMENTATION_STATUS: stream=
INSTRUMENTATION_STATUS: test=invalidationRedactsConsentAndNoncooperativeCreateCannotRevivePrivateScreen
INSTRUMENTATION_STATUS_CODE: 1
INSTRUMENTATION_STATUS: class=com.feedme.app.mealflow.AndroidCookingFlowHostTest
INSTRUMENTATION_STATUS: current=4
INSTRUMENTATION_STATUS: id=AndroidJUnitRunner
INSTRUMENTATION_STATUS: numtests=9
INSTRUMENTATION_STATUS: stack=java.lang.AssertionError: Acknowledged result required: Failure(reason=STORAGE_FAILURE, retryAfterSeconds=null)
	at org.junit.Assert.fail(Assert.java:89)
	at org.junit.Assert.assertTrue(Assert.java:42)
	at com.feedme.app.mealflow.AndroidCookingFlowHostTest.value(AndroidCookingFlowHostTest.kt:80)
	at com.feedme.app.mealflow.AndroidCookingFlowHostTest.access$value(AndroidCookingFlowHostTest.kt:27)
	at com.feedme.app.mealflow.AndroidCookingFlowHostTest$withHost$1.invokeSuspend(AndroidCookingFlowHostTest.kt:63)
	at kotlin.coroutines.jvm.internal.BaseContinuationImpl.resumeWith(ContinuationImpl.kt:34)
	at kotlinx.coroutines.UndispatchedCoroutine.afterResume(CoroutineContext.kt:278)
	at kotlinx.coroutines.AbstractCoroutine.resumeWith(AbstractCoroutine.kt:101)
	at kotlin.coroutines.jvm.internal.BaseContinuationImpl.resumeWith(ContinuationImpl.kt:47)
	at kotlinx.coroutines.DispatchedTask.run(DispatchedTask.kt:98)
	at android.os.Handler.handleCallback(Handler.java:959)
	at android.os.Handler.dispatchMessage(Handler.java:100)
	at android.os.Looper.loopOnce(Looper.java:232)
	at android.os.Looper.loop(Looper.java:317)
	at android.app.ActivityThread.main(ActivityThread.java:8705)
	at java.lang.reflect.Method.invoke(Native Method)
	at com.android.internal.os.RuntimeInit$MethodAndArgsCaller.run(RuntimeInit.java:580)
	at com.android.internal.os.ZygoteInit.main(ZygoteInit.java:886)

INSTRUMENTATION_STATUS: stream=
Error in invalidationRedactsConsentAndNoncooperativeCreateCannotRevivePrivateScreen(com.feedme.app.mealflow.AndroidCookingFlowHostTest):
java.lang.AssertionError: Acknowledged result required: Failure(reason=STORAGE_FAILURE, retryAfterSeconds=null)
	at org.junit.Assert.fail(Assert.java:89)
	at org.junit.Assert.assertTrue(Assert.java:42)
	at com.feedme.app.mealflow.AndroidCookingFlowHostTest.value(AndroidCookingFlowHostTest.kt:80)
	at com.feedme.app.mealflow.AndroidCookingFlowHostTest.access$value(AndroidCookingFlowHostTest.kt:27)
	at com.feedme.app.mealflow.AndroidCookingFlowHostTest$withHost$1.invokeSuspend(AndroidCookingFlowHostTest.kt:63)
	at kotlin.coroutines.jvm.internal.BaseContinuationImpl.resumeWith(ContinuationImpl.kt:34)
	at kotlinx.coroutines.UndispatchedCoroutine.afterResume(CoroutineContext.kt:278)
	at kotlinx.coroutines.AbstractCoroutine.resumeWith(AbstractCoroutine.kt:101)
	at kotlin.coroutines.jvm.internal.BaseContinuationImpl.resumeWith(ContinuationImpl.kt:47)
	at kotlinx.coroutines.DispatchedTask.run(DispatchedTask.kt:98)
	at android.os.Handler.handleCallback(Handler.java:959)
	at android.os.Handler.dispatchMessage(Handler.java:100)
	at android.os.Looper.loopOnce(Looper.java:232)
	at android.os.Looper.loop(Looper.java:317)
	at android.app.ActivityThread.main(ActivityThread.java:8705)
	at java.lang.reflect.Method.invoke(Native Method)
	at com.android.internal.os.RuntimeInit$MethodAndArgsCaller.run(RuntimeInit.java:580)
	at com.android.internal.os.ZygoteInit.main(ZygoteInit.java:886)

INSTRUMENTATION_STATUS: test=invalidationRedactsConsentAndNoncooperativeCreateCannotRevivePrivateScreen
INSTRUMENTATION_STATUS_CODE: -2
INSTRUMENTATION_STATUS: class=com.feedme.app.mealflow.AndroidCookingFlowHostTest
INSTRUMENTATION_STATUS: current=5
INSTRUMENTATION_STATUS: id=AndroidJUnitRunner
INSTRUMENTATION_STATUS: numtests=9
INSTRUMENTATION_STATUS: stream=
INSTRUMENTATION_STATUS: test=missingProviderAndExactRecallNeverCreateOrRetainEligiblePreview
INSTRUMENTATION_STATUS_CODE: 1
INSTRUMENTATION_STATUS: class=com.feedme.app.mealflow.AndroidCookingFlowHostTest
INSTRUMENTATION_STATUS: current=5
INSTRUMENTATION_STATUS: id=AndroidJUnitRunner
INSTRUMENTATION_STATUS: numtests=9
INSTRUMENTATION_STATUS: stack=java.lang.AssertionError: Acknowledged result required: Failure(reason=STORAGE_FAILURE, retryAfterSeconds=null)
	at org.junit.Assert.fail(Assert.java:89)
	at org.junit.Assert.assertTrue(Assert.java:42)
	at com.feedme.app.mealflow.AndroidCookingFlowHostTest.value(AndroidCookingFlowHostTest.kt:80)
	at com.feedme.app.mealflow.AndroidCookingFlowHostTest.access$value(AndroidCookingFlowHostTest.kt:27)
	at com.feedme.app.mealflow.AndroidCookingFlowHostTest$withHost$1.invokeSuspend(AndroidCookingFlowHostTest.kt:63)
	at kotlin.coroutines.jvm.internal.BaseContinuationImpl.resumeWith(ContinuationImpl.kt:34)
	at kotlinx.coroutines.UndispatchedCoroutine.afterResume(CoroutineContext.kt:278)
	at kotlinx.coroutines.AbstractCoroutine.resumeWith(AbstractCoroutine.kt:101)
	at kotlin.coroutines.jvm.internal.BaseContinuationImpl.resumeWith(ContinuationImpl.kt:47)
	at kotlinx.coroutines.DispatchedTask.run(DispatchedTask.kt:98)
	at android.os.Handler.handleCallback(Handler.java:959)
	at android.os.Handler.dispatchMessage(Handler.java:100)
	at android.os.Looper.loopOnce(Looper.java:232)
	at android.os.Looper.loop(Looper.java:317)
	at android.app.ActivityThread.main(ActivityThread.java:8705)
	at java.lang.reflect.Method.invoke(Native Method)
	at com.android.internal.os.RuntimeInit$MethodAndArgsCaller.run(RuntimeInit.java:580)
	at com.android.internal.os.ZygoteInit.main(ZygoteInit.java:886)

INSTRUMENTATION_STATUS: stream=
Error in missingProviderAndExactRecallNeverCreateOrRetainEligiblePreview(com.feedme.app.mealflow.AndroidCookingFlowHostTest):
java.lang.AssertionError: Acknowledged result required: Failure(reason=STORAGE_FAILURE, retryAfterSeconds=null)
	at org.junit.Assert.fail(Assert.java:89)
	at org.junit.Assert.assertTrue(Assert.java:42)
	at com.feedme.app.mealflow.AndroidCookingFlowHostTest.value(AndroidCookingFlowHostTest.kt:80)
	at com.feedme.app.mealflow.AndroidCookingFlowHostTest.access$value(AndroidCookingFlowHostTest.kt:27)
	at com.feedme.app.mealflow.AndroidCookingFlowHostTest$withHost$1.invokeSuspend(AndroidCookingFlowHostTest.kt:63)
	at kotlin.coroutines.jvm.internal.BaseContinuationImpl.resumeWith(ContinuationImpl.kt:34)
	at kotlinx.coroutines.UndispatchedCoroutine.afterResume(CoroutineContext.kt:278)
	at kotlinx.coroutines.AbstractCoroutine.resumeWith(AbstractCoroutine.kt:101)
	at kotlin.coroutines.jvm.internal.BaseContinuationImpl.resumeWith(ContinuationImpl.kt:47)
	at kotlinx.coroutines.DispatchedTask.run(DispatchedTask.kt:98)
	at android.os.Handler.handleCallback(Handler.java:959)
	at android.os.Handler.dispatchMessage(Handler.java:100)
	at android.os.Looper.loopOnce(Looper.java:232)
	at android.os.Looper.loop(Looper.java:317)
	at android.app.ActivityThread.main(ActivityThread.java:8705)
	at java.lang.reflect.Method.invoke(Native Method)
	at com.android.internal.os.RuntimeInit$MethodAndArgsCaller.run(RuntimeInit.java:580)
	at com.android.internal.os.ZygoteInit.main(ZygoteInit.java:886)

INSTRUMENTATION_STATUS: test=missingProviderAndExactRecallNeverCreateOrRetainEligiblePreview
INSTRUMENTATION_STATUS_CODE: -2
INSTRUMENTATION_STATUS: class=com.feedme.app.mealflow.AndroidCookingFlowHostTest
INSTRUMENTATION_STATUS: current=6
INSTRUMENTATION_STATUS: id=AndroidJUnitRunner
INSTRUMENTATION_STATUS: numtests=9
INSTRUMENTATION_STATUS: stream=
INSTRUMENTATION_STATUS: test=pendingStricterPreferencesStopContinuedCookingButPermitExplicitSafeStop
INSTRUMENTATION_STATUS_CODE: 1
INSTRUMENTATION_STATUS: class=com.feedme.app.mealflow.AndroidCookingFlowHostTest
INSTRUMENTATION_STATUS: current=6
INSTRUMENTATION_STATUS: id=AndroidJUnitRunner
INSTRUMENTATION_STATUS: numtests=9
INSTRUMENTATION_STATUS: stack=java.lang.AssertionError: Acknowledged result required: Failure(reason=STORAGE_FAILURE, retryAfterSeconds=null)
	at org.junit.Assert.fail(Assert.java:89)
	at org.junit.Assert.assertTrue(Assert.java:42)
	at com.feedme.app.mealflow.AndroidCookingFlowHostTest.value(AndroidCookingFlowHostTest.kt:80)
	at com.feedme.app.mealflow.AndroidCookingFlowHostTest.access$value(AndroidCookingFlowHostTest.kt:27)
	at com.feedme.app.mealflow.AndroidCookingFlowHostTest$withHost$1.invokeSuspend(AndroidCookingFlowHostTest.kt:63)
	at kotlin.coroutines.jvm.internal.BaseContinuationImpl.resumeWith(ContinuationImpl.kt:34)
	at kotlinx.coroutines.UndispatchedCoroutine.afterResume(CoroutineContext.kt:278)
	at kotlinx.coroutines.AbstractCoroutine.resumeWith(AbstractCoroutine.kt:101)
	at kotlin.coroutines.jvm.internal.BaseContinuationImpl.resumeWith(ContinuationImpl.kt:47)
	at kotlinx.coroutines.DispatchedTask.run(DispatchedTask.kt:98)
	at android.os.Handler.handleCallback(Handler.java:959)
	at android.os.Handler.dispatchMessage(Handler.java:100)
	at android.os.Looper.loopOnce(Looper.java:232)
	at android.os.Looper.loop(Looper.java:317)
	at android.app.ActivityThread.main(ActivityThread.java:8705)
	at java.lang.reflect.Method.invoke(Native Method)
	at com.android.internal.os.RuntimeInit$MethodAndArgsCaller.run(RuntimeInit.java:580)
	at com.android.internal.os.ZygoteInit.main(ZygoteInit.java:886)

INSTRUMENTATION_STATUS: stream=
Error in pendingStricterPreferencesStopContinuedCookingButPermitExplicitSafeStop(com.feedme.app.mealflow.AndroidCookingFlowHostTest):
java.lang.AssertionError: Acknowledged result required: Failure(reason=STORAGE_FAILURE, retryAfterSeconds=null)
	at org.junit.Assert.fail(Assert.java:89)
	at org.junit.Assert.assertTrue(Assert.java:42)
	at com.feedme.app.mealflow.AndroidCookingFlowHostTest.value(AndroidCookingFlowHostTest.kt:80)
	at com.feedme.app.mealflow.AndroidCookingFlowHostTest.access$value(AndroidCookingFlowHostTest.kt:27)
	at com.feedme.app.mealflow.AndroidCookingFlowHostTest$withHost$1.invokeSuspend(AndroidCookingFlowHostTest.kt:63)
	at kotlin.coroutines.jvm.internal.BaseContinuationImpl.resumeWith(ContinuationImpl.kt:34)
	at kotlinx.coroutines.UndispatchedCoroutine.afterResume(CoroutineContext.kt:278)
	at kotlinx.coroutines.AbstractCoroutine.resumeWith(AbstractCoroutine.kt:101)
	at kotlin.coroutines.jvm.internal.BaseContinuationImpl.resumeWith(ContinuationImpl.kt:47)
	at kotlinx.coroutines.DispatchedTask.run(DispatchedTask.kt:98)
	at android.os.Handler.handleCallback(Handler.java:959)
	at android.os.Handler.dispatchMessage(Handler.java:100)
	at android.os.Looper.loopOnce(Looper.java:232)
	at android.os.Looper.loop(Looper.java:317)
	at android.app.ActivityThread.main(ActivityThread.java:8705)
	at java.lang.reflect.Method.invoke(Native Method)
	at com.android.internal.os.RuntimeInit$MethodAndArgsCaller.run(RuntimeInit.java:580)
	at com.android.internal.os.ZygoteInit.main(ZygoteInit.java:886)

INSTRUMENTATION_STATUS: test=pendingStricterPreferencesStopContinuedCookingButPermitExplicitSafeStop
INSTRUMENTATION_STATUS_CODE: -2
INSTRUMENTATION_STATUS: class=com.feedme.app.mealflow.AndroidCookingFlowHostTest
INSTRUMENTATION_STATUS: current=7
INSTRUMENTATION_STATUS: id=AndroidJUnitRunner
INSTRUMENTATION_STATUS: numtests=9
INSTRUMENTATION_STATUS: stream=
INSTRUMENTATION_STATUS: test=immediateBackDuringDownloadAndReopenedOwnerKeepOriginalReceiptAndPinnedRecipe
INSTRUMENTATION_STATUS_CODE: 1
INSTRUMENTATION_STATUS: class=com.feedme.app.mealflow.AndroidCookingFlowHostTest
INSTRUMENTATION_STATUS: current=7
INSTRUMENTATION_STATUS: id=AndroidJUnitRunner
INSTRUMENTATION_STATUS: numtests=9
INSTRUMENTATION_STATUS: stack=java.lang.AssertionError: Acknowledged result required: Failure(reason=STORAGE_FAILURE, retryAfterSeconds=null)
	at org.junit.Assert.fail(Assert.java:89)
	at org.junit.Assert.assertTrue(Assert.java:42)
	at com.feedme.app.mealflow.AndroidCookingFlowHostTest.value(AndroidCookingFlowHostTest.kt:80)
	at com.feedme.app.mealflow.AndroidCookingFlowHostTest.access$value(AndroidCookingFlowHostTest.kt:27)
	at com.feedme.app.mealflow.AndroidCookingFlowHostTest$withHost$1.invokeSuspend(AndroidCookingFlowHostTest.kt:63)
	at kotlin.coroutines.jvm.internal.BaseContinuationImpl.resumeWith(ContinuationImpl.kt:34)
	at kotlinx.coroutines.UndispatchedCoroutine.afterResume(CoroutineContext.kt:278)
	at kotlinx.coroutines.AbstractCoroutine.resumeWith(AbstractCoroutine.kt:101)
	at kotlin.coroutines.jvm.internal.BaseContinuationImpl.resumeWith(ContinuationImpl.kt:47)
	at kotlinx.coroutines.DispatchedTask.run(DispatchedTask.kt:98)
	at android.os.Handler.handleCallback(Handler.java:959)
	at android.os.Handler.dispatchMessage(Handler.java:100)
	at android.os.Looper.loopOnce(Looper.java:232)
	at android.os.Looper.loop(Looper.java:317)
	at android.app.ActivityThread.main(ActivityThread.java:8705)
	at java.lang.reflect.Method.invoke(Native Method)
	at com.android.internal.os.RuntimeInit$MethodAndArgsCaller.run(RuntimeInit.java:580)
	at com.android.internal.os.ZygoteInit.main(ZygoteInit.java:886)

INSTRUMENTATION_STATUS: stream=
Error in immediateBackDuringDownloadAndReopenedOwnerKeepOriginalReceiptAndPinnedRecipe(com.feedme.app.mealflow.AndroidCookingFlowHostTest):
java.lang.AssertionError: Acknowledged result required: Failure(reason=STORAGE_FAILURE, retryAfterSeconds=null)
	at org.junit.Assert.fail(Assert.java:89)
	at org.junit.Assert.assertTrue(Assert.java:42)
	at com.feedme.app.mealflow.AndroidCookingFlowHostTest.value(AndroidCookingFlowHostTest.kt:80)
	at com.feedme.app.mealflow.AndroidCookingFlowHostTest.access$value(AndroidCookingFlowHostTest.kt:27)
	at com.feedme.app.mealflow.AndroidCookingFlowHostTest$withHost$1.invokeSuspend(AndroidCookingFlowHostTest.kt:63)
	at kotlin.coroutines.jvm.internal.BaseContinuationImpl.resumeWith(ContinuationImpl.kt:34)
	at kotlinx.coroutines.UndispatchedCoroutine.afterResume(CoroutineContext.kt:278)
	at kotlinx.coroutines.AbstractCoroutine.resumeWith(AbstractCoroutine.kt:101)
	at kotlin.coroutines.jvm.internal.BaseContinuationImpl.resumeWith(ContinuationImpl.kt:47)
	at kotlinx.coroutines.DispatchedTask.run(DispatchedTask.kt:98)
	at android.os.Handler.handleCallback(Handler.java:959)
	at android.os.Handler.dispatchMessage(Handler.java:100)
	at android.os.Looper.loopOnce(Looper.java:232)
	at android.os.Looper.loop(Looper.java:317)
	at android.app.ActivityThread.main(ActivityThread.java:8705)
	at java.lang.reflect.Method.invoke(Native Method)
	at com.android.internal.os.RuntimeInit$MethodAndArgsCaller.run(RuntimeInit.java:580)
	at com.android.internal.os.ZygoteInit.main(ZygoteInit.java:886)

INSTRUMENTATION_STATUS: test=immediateBackDuringDownloadAndReopenedOwnerKeepOriginalReceiptAndPinnedRecipe
INSTRUMENTATION_STATUS_CODE: -2
INSTRUMENTATION_STATUS: class=com.feedme.app.mealflow.AndroidCookingFlowHostTest
INSTRUMENTATION_STATUS: current=8
INSTRUMENTATION_STATUS: id=AndroidJUnitRunner
INSTRUMENTATION_STATUS: numtests=9
INSTRUMENTATION_STATUS: stream=
INSTRUMENTATION_STATUS: test=exactPreparedConsentSurvivesRecreationAndBackNeverStartsCooking
INSTRUMENTATION_STATUS_CODE: 1
INSTRUMENTATION_STATUS: class=com.feedme.app.mealflow.AndroidCookingFlowHostTest
INSTRUMENTATION_STATUS: current=8
INSTRUMENTATION_STATUS: id=AndroidJUnitRunner
INSTRUMENTATION_STATUS: numtests=9
INSTRUMENTATION_STATUS: stack=java.lang.AssertionError: Acknowledged result required: Failure(reason=STORAGE_FAILURE, retryAfterSeconds=null)
	at org.junit.Assert.fail(Assert.java:89)
	at org.junit.Assert.assertTrue(Assert.java:42)
	at com.feedme.app.mealflow.AndroidCookingFlowHostTest.value(AndroidCookingFlowHostTest.kt:80)
	at com.feedme.app.mealflow.AndroidCookingFlowHostTest.access$value(AndroidCookingFlowHostTest.kt:27)
	at com.feedme.app.mealflow.AndroidCookingFlowHostTest$withHost$1.invokeSuspend(AndroidCookingFlowHostTest.kt:63)
	at kotlin.coroutines.jvm.internal.BaseContinuationImpl.resumeWith(ContinuationImpl.kt:34)
	at kotlinx.coroutines.UndispatchedCoroutine.afterResume(CoroutineContext.kt:278)
	at kotlinx.coroutines.AbstractCoroutine.resumeWith(AbstractCoroutine.kt:101)
	at kotlin.coroutines.jvm.internal.BaseContinuationImpl.resumeWith(ContinuationImpl.kt:47)
	at kotlinx.coroutines.DispatchedTask.run(DispatchedTask.kt:98)
	at android.os.Handler.handleCallback(Handler.java:959)
	at android.os.Handler.dispatchMessage(Handler.java:100)
	at android.os.Looper.loopOnce(Looper.java:232)
	at android.os.Looper.loop(Looper.java:317)
	at android.app.ActivityThread.main(ActivityThread.java:8705)
	at java.lang.reflect.Method.invoke(Native Method)
	at com.android.internal.os.RuntimeInit$MethodAndArgsCaller.run(RuntimeInit.java:580)
	at com.android.internal.os.ZygoteInit.main(ZygoteInit.java:886)

INSTRUMENTATION_STATUS: stream=
Error in exactPreparedConsentSurvivesRecreationAndBackNeverStartsCooking(com.feedme.app.mealflow.AndroidCookingFlowHostTest):
java.lang.AssertionError: Acknowledged result required: Failure(reason=STORAGE_FAILURE, retryAfterSeconds=null)
	at org.junit.Assert.fail(Assert.java:89)
	at org.junit.Assert.assertTrue(Assert.java:42)
	at com.feedme.app.mealflow.AndroidCookingFlowHostTest.value(AndroidCookingFlowHostTest.kt:80)
	at com.feedme.app.mealflow.AndroidCookingFlowHostTest.access$value(AndroidCookingFlowHostTest.kt:27)
	at com.feedme.app.mealflow.AndroidCookingFlowHostTest$withHost$1.invokeSuspend(AndroidCookingFlowHostTest.kt:63)
	at kotlin.coroutines.jvm.internal.BaseContinuationImpl.resumeWith(ContinuationImpl.kt:34)
	at kotlinx.coroutines.UndispatchedCoroutine.afterResume(CoroutineContext.kt:278)
	at kotlinx.coroutines.AbstractCoroutine.resumeWith(AbstractCoroutine.kt:101)
	at kotlin.coroutines.jvm.internal.BaseContinuationImpl.resumeWith(ContinuationImpl.kt:47)
	at kotlinx.coroutines.DispatchedTask.run(DispatchedTask.kt:98)
	at android.os.Handler.handleCallback(Handler.java:959)
	at android.os.Handler.dispatchMessage(Handler.java:100)
	at android.os.Looper.loopOnce(Looper.java:232)
	at android.os.Looper.loop(Looper.java:317)
	at android.app.ActivityThread.main(ActivityThread.java:8705)
	at java.lang.reflect.Method.invoke(Native Method)
	at com.android.internal.os.RuntimeInit$MethodAndArgsCaller.run(RuntimeInit.java:580)
	at com.android.internal.os.ZygoteInit.main(ZygoteInit.java:886)

INSTRUMENTATION_STATUS: test=exactPreparedConsentSurvivesRecreationAndBackNeverStartsCooking
INSTRUMENTATION_STATUS_CODE: -2
INSTRUMENTATION_STATUS: class=com.feedme.app.mealflow.AndroidCookingFlowHostTest
INSTRUMENTATION_STATUS: current=9
INSTRUMENTATION_STATUS: id=AndroidJUnitRunner
INSTRUMENTATION_STATUS: numtests=9
INSTRUMENTATION_STATUS: stream=
INSTRUMENTATION_STATUS: test=lostCreateReplyKeepsOriginalBodyKeyAndExplicitRetryAcrossRecreation
INSTRUMENTATION_STATUS_CODE: 1
INSTRUMENTATION_STATUS: class=com.feedme.app.mealflow.AndroidCookingFlowHostTest
INSTRUMENTATION_STATUS: current=9
INSTRUMENTATION_STATUS: id=AndroidJUnitRunner
INSTRUMENTATION_STATUS: numtests=9
INSTRUMENTATION_STATUS: stack=java.lang.AssertionError: Acknowledged result required: Failure(reason=STORAGE_FAILURE, retryAfterSeconds=null)
	at org.junit.Assert.fail(Assert.java:89)
	at org.junit.Assert.assertTrue(Assert.java:42)
	at com.feedme.app.mealflow.AndroidCookingFlowHostTest.value(AndroidCookingFlowHostTest.kt:80)
	at com.feedme.app.mealflow.AndroidCookingFlowHostTest.access$value(AndroidCookingFlowHostTest.kt:27)
	at com.feedme.app.mealflow.AndroidCookingFlowHostTest$withHost$1.invokeSuspend(AndroidCookingFlowHostTest.kt:63)
	at kotlin.coroutines.jvm.internal.BaseContinuationImpl.resumeWith(ContinuationImpl.kt:34)
	at kotlinx.coroutines.UndispatchedCoroutine.afterResume(CoroutineContext.kt:278)
	at kotlinx.coroutines.AbstractCoroutine.resumeWith(AbstractCoroutine.kt:101)
	at kotlin.coroutines.jvm.internal.BaseContinuationImpl.resumeWith(ContinuationImpl.kt:47)
	at kotlinx.coroutines.DispatchedTask.run(DispatchedTask.kt:98)
	at android.os.Handler.handleCallback(Handler.java:959)
	at android.os.Handler.dispatchMessage(Handler.java:100)
	at android.os.Looper.loopOnce(Looper.java:232)
	at android.os.Looper.loop(Looper.java:317)
	at android.app.ActivityThread.main(ActivityThread.java:8705)
	at java.lang.reflect.Method.invoke(Native Method)
	at com.android.internal.os.RuntimeInit$MethodAndArgsCaller.run(RuntimeInit.java:580)
	at com.android.internal.os.ZygoteInit.main(ZygoteInit.java:886)

INSTRUMENTATION_STATUS: stream=
Error in lostCreateReplyKeepsOriginalBodyKeyAndExplicitRetryAcrossRecreation(com.feedme.app.mealflow.AndroidCookingFlowHostTest):
java.lang.AssertionError: Acknowledged result required: Failure(reason=STORAGE_FAILURE, retryAfterSeconds=null)
	at org.junit.Assert.fail(Assert.java:89)
	at org.junit.Assert.assertTrue(Assert.java:42)
	at com.feedme.app.mealflow.AndroidCookingFlowHostTest.value(AndroidCookingFlowHostTest.kt:80)
	at com.feedme.app.mealflow.AndroidCookingFlowHostTest.access$value(AndroidCookingFlowHostTest.kt:27)
	at com.feedme.app.mealflow.AndroidCookingFlowHostTest$withHost$1.invokeSuspend(AndroidCookingFlowHostTest.kt:63)
	at kotlin.coroutines.jvm.internal.BaseContinuationImpl.resumeWith(ContinuationImpl.kt:34)
	at kotlinx.coroutines.UndispatchedCoroutine.afterResume(CoroutineContext.kt:278)
	at kotlinx.coroutines.AbstractCoroutine.resumeWith(AbstractCoroutine.kt:101)
	at kotlin.coroutines.jvm.internal.BaseContinuationImpl.resumeWith(ContinuationImpl.kt:47)
	at kotlinx.coroutines.DispatchedTask.run(DispatchedTask.kt:98)
	at android.os.Handler.handleCallback(Handler.java:959)
	at android.os.Handler.dispatchMessage(Handler.java:100)
	at android.os.Looper.loopOnce(Looper.java:232)
	at android.os.Looper.loop(Looper.java:317)
	at android.app.ActivityThread.main(ActivityThread.java:8705)
	at java.lang.reflect.Method.invoke(Native Method)
	at com.android.internal.os.RuntimeInit$MethodAndArgsCaller.run(RuntimeInit.java:580)
	at com.android.internal.os.ZygoteInit.main(ZygoteInit.java:886)

INSTRUMENTATION_STATUS: test=lostCreateReplyKeepsOriginalBodyKeyAndExplicitRetryAcrossRecreation
INSTRUMENTATION_STATUS_CODE: -2
INSTRUMENTATION_RESULT: stream=

Time: 0.1
There were 9 failures:
1) dirtyFormAndStaleDialogCannotConfirmAnotherPlanOrPriorCookingPin(com.feedme.app.mealflow.AndroidCookingFlowHostTest)
java.lang.AssertionError: Acknowledged result required: Failure(reason=STORAGE_FAILURE, retryAfterSeconds=null)
	at org.junit.Assert.fail(Assert.java:89)
	at org.junit.Assert.assertTrue(Assert.java:42)
	at com.feedme.app.mealflow.AndroidCookingFlowHostTest.value(AndroidCookingFlowHostTest.kt:80)
	at com.feedme.app.mealflow.AndroidCookingFlowHostTest.access$value(AndroidCookingFlowHostTest.kt:27)
	at com.feedme.app.mealflow.AndroidCookingFlowHostTest$withHost$1.invokeSuspend(AndroidCookingFlowHostTest.kt:63)
	at kotlin.coroutines.jvm.internal.BaseContinuationImpl.resumeWith(ContinuationImpl.kt:34)
	at kotlinx.coroutines.UndispatchedCoroutine.afterResume(CoroutineContext.kt:278)
	at kotlinx.coroutines.AbstractCoroutine.resumeWith(AbstractCoroutine.kt:101)
	at kotlin.coroutines.jvm.internal.BaseContinuationImpl.resumeWith(ContinuationImpl.kt:47)
	at kotlinx.coroutines.DispatchedTask.run(DispatchedTask.kt:98)
	at android.os.Handler.handleCallback(Handler.java:959)
	at android.os.Handler.dispatchMessage(Handler.java:100)
	at android.os.Looper.loopOnce(Looper.java:232)
	at android.os.Looper.loop(Looper.java:317)
	at android.app.ActivityThread.main(ActivityThread.java:8705)
	at java.lang.reflect.Method.invoke(Native Method)
	at com.android.internal.os.RuntimeInit$MethodAndArgsCaller.run(RuntimeInit.java:580)
	at com.android.internal.os.ZygoteInit.main(ZygoteInit.java:886)
2) explicitOfflineProgressAndCompletionUseHeadOnlySyncAndNeverAutoFinishLastStep(com.feedme.app.mealflow.AndroidCookingFlowHostTest)
java.lang.AssertionError: Acknowledged result required: Failure(reason=STORAGE_FAILURE, retryAfterSeconds=null)
	at org.junit.Assert.fail(Assert.java:89)
	at org.junit.Assert.assertTrue(Assert.java:42)
	at com.feedme.app.mealflow.AndroidCookingFlowHostTest.value(AndroidCookingFlowHostTest.kt:80)
	at com.feedme.app.mealflow.AndroidCookingFlowHostTest.access$value(AndroidCookingFlowHostTest.kt:27)
	at com.feedme.app.mealflow.AndroidCookingFlowHostTest$withHost$1.invokeSuspend(AndroidCookingFlowHostTest.kt:63)
	at kotlin.coroutines.jvm.internal.BaseContinuationImpl.resumeWith(ContinuationImpl.kt:34)
	at kotlinx.coroutines.UndispatchedCoroutine.afterResume(CoroutineContext.kt:278)
	at kotlinx.coroutines.AbstractCoroutine.resumeWith(AbstractCoroutine.kt:101)
	at kotlin.coroutines.jvm.internal.BaseContinuationImpl.resumeWith(ContinuationImpl.kt:47)
	at kotlinx.coroutines.DispatchedTask.run(DispatchedTask.kt:98)
	at android.os.Handler.handleCallback(Handler.java:959)
	at android.os.Handler.dispatchMessage(Handler.java:100)
	at android.os.Looper.loopOnce(Looper.java:232)
	at android.os.Looper.loop(Looper.java:317)
	at android.app.ActivityThread.main(ActivityThread.java:8705)
	at java.lang.reflect.Method.invoke(Native Method)
	at com.android.internal.os.RuntimeInit$MethodAndArgsCaller.run(RuntimeInit.java:580)
	at com.android.internal.os.ZygoteInit.main(ZygoteInit.java:886)
3) retainedCreatedReceiptRetriesDownloadWithoutSecondPost(com.feedme.app.mealflow.AndroidCookingFlowHostTest)
java.lang.AssertionError: Acknowledged result required: Failure(reason=STORAGE_FAILURE, retryAfterSeconds=null)
	at org.junit.Assert.fail(Assert.java:89)
	at org.junit.Assert.assertTrue(Assert.java:42)
	at com.feedme.app.mealflow.AndroidCookingFlowHostTest.value(AndroidCookingFlowHostTest.kt:80)
	at com.feedme.app.mealflow.AndroidCookingFlowHostTest.access$value(AndroidCookingFlowHostTest.kt:27)
	at com.feedme.app.mealflow.AndroidCookingFlowHostTest$withHost$1.invokeSuspend(AndroidCookingFlowHostTest.kt:63)
	at kotlin.coroutines.jvm.internal.BaseContinuationImpl.resumeWith(ContinuationImpl.kt:34)
	at kotlinx.coroutines.UndispatchedCoroutine.afterResume(CoroutineContext.kt:278)
	at kotlinx.coroutines.AbstractCoroutine.resumeWith(AbstractCoroutine.kt:101)
	at kotlin.coroutines.jvm.internal.BaseContinuationImpl.resumeWith(ContinuationImpl.kt:47)
	at kotlinx.coroutines.DispatchedTask.run(DispatchedTask.kt:98)
	at android.os.Handler.handleCallback(Handler.java:959)
	at android.os.Handler.dispatchMessage(Handler.java:100)
	at android.os.Looper.loopOnce(Looper.java:232)
	at android.os.Looper.loop(Looper.java:317)
	at android.app.ActivityThread.main(ActivityThread.java:8705)
	at java.lang.reflect.Method.invoke(Native Method)
	at com.android.internal.os.RuntimeInit$MethodAndArgsCaller.run(RuntimeInit.java:580)
	at com.android.internal.os.ZygoteInit.main(ZygoteInit.java:886)
4) invalidationRedactsConsentAndNoncooperativeCreateCannotRevivePrivateScreen(com.feedme.app.mealflow.AndroidCookingFlowHostTest)
java.lang.AssertionError: Acknowledged result required: Failure(reason=STORAGE_FAILURE, retryAfterSeconds=null)
	at org.junit.Assert.fail(Assert.java:89)
	at org.junit.Assert.assertTrue(Assert.java:42)
	at com.feedme.app.mealflow.AndroidCookingFlowHostTest.value(AndroidCookingFlowHostTest.kt:80)
	at com.feedme.app.mealflow.AndroidCookingFlowHostTest.access$value(AndroidCookingFlowHostTest.kt:27)
	at com.feedme.app.mealflow.AndroidCookingFlowHostTest$withHost$1.invokeSuspend(AndroidCookingFlowHostTest.kt:63)
	at kotlin.coroutines.jvm.internal.BaseContinuationImpl.resumeWith(ContinuationImpl.kt:34)
	at kotlinx.coroutines.UndispatchedCoroutine.afterResume(CoroutineContext.kt:278)
	at kotlinx.coroutines.AbstractCoroutine.resumeWith(AbstractCoroutine.kt:101)
	at kotlin.coroutines.jvm.internal.BaseContinuationImpl.resumeWith(ContinuationImpl.kt:47)
	at kotlinx.coroutines.DispatchedTask.run(DispatchedTask.kt:98)
	at android.os.Handler.handleCallback(Handler.java:959)
	at android.os.Handler.dispatchMessage(Handler.java:100)
	at android.os.Looper.loopOnce(Looper.java:232)
	at android.os.Looper.loop(Looper.java:317)
	at android.app.ActivityThread.main(ActivityThread.java:8705)
	at java.lang.reflect.Method.invoke(Native Method)
	at com.android.internal.os.RuntimeInit$MethodAndArgsCaller.run(RuntimeInit.java:580)
	at com.android.internal.os.ZygoteInit.main(ZygoteInit.java:886)
5) missingProviderAndExactRecallNeverCreateOrRetainEligiblePreview(com.feedme.app.mealflow.AndroidCookingFlowHostTest)
java.lang.AssertionError: Acknowledged result required: Failure(reason=STORAGE_FAILURE, retryAfterSeconds=null)
	at org.junit.Assert.fail(Assert.java:89)
	at org.junit.Assert.assertTrue(Assert.java:42)
	at com.feedme.app.mealflow.AndroidCookingFlowHostTest.value(AndroidCookingFlowHostTest.kt:80)
	at com.feedme.app.mealflow.AndroidCookingFlowHostTest.access$value(AndroidCookingFlowHostTest.kt:27)
	at com.feedme.app.mealflow.AndroidCookingFlowHostTest$withHost$1.invokeSuspend(AndroidCookingFlowHostTest.kt:63)
	at kotlin.coroutines.jvm.internal.BaseContinuationImpl.resumeWith(ContinuationImpl.kt:34)
	at kotlinx.coroutines.UndispatchedCoroutine.afterResume(CoroutineContext.kt:278)
	at kotlinx.coroutines.AbstractCoroutine.resumeWith(AbstractCoroutine.kt:101)
	at kotlin.coroutines.jvm.internal.BaseContinuationImpl.resumeWith(ContinuationImpl.kt:47)
	at kotlinx.coroutines.DispatchedTask.run(DispatchedTask.kt:98)
	at android.os.Handler.handleCallback(Handler.java:959)
	at android.os.Handler.dispatchMessage(Handler.java:100)
	at android.os.Looper.loopOnce(Looper.java:232)
	at android.os.Looper.loop(Looper.java:317)
	at android.app.ActivityThread.main(ActivityThread.java:8705)
	at java.lang.reflect.Method.invoke(Native Method)
	at com.android.internal.os.RuntimeInit$MethodAndArgsCaller.run(RuntimeInit.java:580)
	at com.android.internal.os.ZygoteInit.main(ZygoteInit.java:886)
6) pendingStricterPreferencesStopContinuedCookingButPermitExplicitSafeStop(com.feedme.app.mealflow.AndroidCookingFlowHostTest)
java.lang.AssertionError: Acknowledged result required: Failure(reason=STORAGE_FAILURE, retryAfterSeconds=null)
	at org.junit.Assert.fail(Assert.java:89)
	at org.junit.Assert.assertTrue(Assert.java:42)
	at com.feedme.app.mealflow.AndroidCookingFlowHostTest.value(AndroidCookingFlowHostTest.kt:80)
	at com.feedme.app.mealflow.AndroidCookingFlowHostTest.access$value(AndroidCookingFlowHostTest.kt:27)
	at com.feedme.app.mealflow.AndroidCookingFlowHostTest$withHost$1.invokeSuspend(AndroidCookingFlowHostTest.kt:63)
	at kotlin.coroutines.jvm.internal.BaseContinuationImpl.resumeWith(ContinuationImpl.kt:34)
	at kotlinx.coroutines.UndispatchedCoroutine.afterResume(CoroutineContext.kt:278)
	at kotlinx.coroutines.AbstractCoroutine.resumeWith(AbstractCoroutine.kt:101)
	at kotlin.coroutines.jvm.internal.BaseContinuationImpl.resumeWith(ContinuationImpl.kt:47)
	at kotlinx.coroutines.DispatchedTask.run(DispatchedTask.kt:98)
	at android.os.Handler.handleCallback(Handler.java:959)
	at android.os.Handler.dispatchMessage(Handler.java:100)
	at android.os.Looper.loopOnce(Looper.java:232)
	at android.os.Looper.loop(Looper.java:317)
	at android.app.ActivityThread.main(ActivityThread.java:8705)
	at java.lang.reflect.Method.invoke(Native Method)
	at com.android.internal.os.RuntimeInit$MethodAndArgsCaller.run(RuntimeInit.java:580)
	at com.android.internal.os.ZygoteInit.main(ZygoteInit.java:886)
7) immediateBackDuringDownloadAndReopenedOwnerKeepOriginalReceiptAndPinnedRecipe(com.feedme.app.mealflow.AndroidCookingFlowHostTest)
java.lang.AssertionError: Acknowledged result required: Failure(reason=STORAGE_FAILURE, retryAfterSeconds=null)
	at org.junit.Assert.fail(Assert.java:89)
	at org.junit.Assert.assertTrue(Assert.java:42)
	at com.feedme.app.mealflow.AndroidCookingFlowHostTest.value(AndroidCookingFlowHostTest.kt:80)
	at com.feedme.app.mealflow.AndroidCookingFlowHostTest.access$value(AndroidCookingFlowHostTest.kt:27)
	at com.feedme.app.mealflow.AndroidCookingFlowHostTest$withHost$1.invokeSuspend(AndroidCookingFlowHostTest.kt:63)
	at kotlin.coroutines.jvm.internal.BaseContinuationImpl.resumeWith(ContinuationImpl.kt:34)
	at kotlinx.coroutines.UndispatchedCoroutine.afterResume(CoroutineContext.kt:278)
	at kotlinx.coroutines.AbstractCoroutine.resumeWith(AbstractCoroutine.kt:101)
	at kotlin.coroutines.jvm.internal.BaseContinuationImpl.resumeWith(ContinuationImpl.kt:47)
	at kotlinx.coroutines.DispatchedTask.run(DispatchedTask.kt:98)
	at android.os.Handler.handleCallback(Handler.java:959)
	at android.os.Handler.dispatchMessage(Handler.java:100)
	at android.os.Looper.loopOnce(Looper.java:232)
	at android.os.Looper.loop(Looper.java:317)
	at android.app.ActivityThread.main(ActivityThread.java:8705)
	at java.lang.reflect.Method.invoke(Native Method)
	at com.android.internal.os.RuntimeInit$MethodAndArgsCaller.run(RuntimeInit.java:580)
	at com.android.internal.os.ZygoteInit.main(ZygoteInit.java:886)
8) exactPreparedConsentSurvivesRecreationAndBackNeverStartsCooking(com.feedme.app.mealflow.AndroidCookingFlowHostTest)
java.lang.AssertionError: Acknowledged result required: Failure(reason=STORAGE_FAILURE, retryAfterSeconds=null)
	at org.junit.Assert.fail(Assert.java:89)
	at org.junit.Assert.assertTrue(Assert.java:42)
	at com.feedme.app.mealflow.AndroidCookingFlowHostTest.value(AndroidCookingFlowHostTest.kt:80)
	at com.feedme.app.mealflow.AndroidCookingFlowHostTest.access$value(AndroidCookingFlowHostTest.kt:27)
	at com.feedme.app.mealflow.AndroidCookingFlowHostTest$withHost$1.invokeSuspend(AndroidCookingFlowHostTest.kt:63)
	at kotlin.coroutines.jvm.internal.BaseContinuationImpl.resumeWith(ContinuationImpl.kt:34)
	at kotlinx.coroutines.UndispatchedCoroutine.afterResume(CoroutineContext.kt:278)
	at kotlinx.coroutines.AbstractCoroutine.resumeWith(AbstractCoroutine.kt:101)
	at kotlin.coroutines.jvm.internal.BaseContinuationImpl.resumeWith(ContinuationImpl.kt:47)
	at kotlinx.coroutines.DispatchedTask.run(DispatchedTask.kt:98)
	at android.os.Handler.handleCallback(Handler.java:959)
	at android.os.Handler.dispatchMessage(Handler.java:100)
	at android.os.Looper.loopOnce(Looper.java:232)
	at android.os.Looper.loop(Looper.java:317)
	at android.app.ActivityThread.main(ActivityThread.java:8705)
	at java.lang.reflect.Method.invoke(Native Method)
	at com.android.internal.os.RuntimeInit$MethodAndArgsCaller.run(RuntimeInit.java:580)
	at com.android.internal.os.ZygoteInit.main(ZygoteInit.java:886)
9) lostCreateReplyKeepsOriginalBodyKeyAndExplicitRetryAcrossRecreation(com.feedme.app.mealflow.AndroidCookingFlowHostTest)
java.lang.AssertionError: Acknowledged result required: Failure(reason=STORAGE_FAILURE, retryAfterSeconds=null)
	at org.junit.Assert.fail(Assert.java:89)
	at org.junit.Assert.assertTrue(Assert.java:42)
	at com.feedme.app.mealflow.AndroidCookingFlowHostTest.value(AndroidCookingFlowHostTest.kt:80)
	at com.feedme.app.mealflow.AndroidCookingFlowHostTest.access$value(AndroidCookingFlowHostTest.kt:27)
	at com.feedme.app.mealflow.AndroidCookingFlowHostTest$withHost$1.invokeSuspend(AndroidCookingFlowHostTest.kt:63)
	at kotlin.coroutines.jvm.internal.BaseContinuationImpl.resumeWith(ContinuationImpl.kt:34)
	at kotlinx.coroutines.UndispatchedCoroutine.afterResume(CoroutineContext.kt:278)
	at kotlinx.coroutines.AbstractCoroutine.resumeWith(AbstractCoroutine.kt:101)
	at kotlin.coroutines.jvm.internal.BaseContinuationImpl.resumeWith(ContinuationImpl.kt:47)
	at kotlinx.coroutines.DispatchedTask.run(DispatchedTask.kt:98)
	at android.os.Handler.handleCallback(Handler.java:959)
	at android.os.Handler.dispatchMessage(Handler.java:100)
	at android.os.Looper.loopOnce(Looper.java:232)
	at android.os.Looper.loop(Looper.java:317)
	at android.app.ActivityThread.main(ActivityThread.java:8705)
	at java.lang.reflect.Method.invoke(Native Method)
	at com.android.internal.os.RuntimeInit$MethodAndArgsCaller.run(RuntimeInit.java:580)
	at com.android.internal.os.ZygoteInit.main(ZygoteInit.java:886)

FAILURES!!!
Tests run: 9,  Failures: 9


INSTRUMENTATION_CODE: -1
