INSTRUMENTATION_STATUS: class=com.feedme.session.AndroidSessionSetupRecoveryOwnerTest
INSTRUMENTATION_STATUS: current=1
INSTRUMENTATION_STATUS: id=AndroidJUnitRunner
INSTRUMENTATION_STATUS: numtests=12
INSTRUMENTATION_STATUS: stream=
com.feedme.session.AndroidSessionSetupRecoveryOwnerTest:
INSTRUMENTATION_STATUS: test=allReachableOriginalSetupStagesUseRealExistingOwnersAndCloseBeforeComplete
INSTRUMENTATION_STATUS_CODE: 1
INSTRUMENTATION_STATUS: class=com.feedme.session.AndroidSessionSetupRecoveryOwnerTest
INSTRUMENTATION_STATUS: current=1
INSTRUMENTATION_STATUS: id=AndroidJUnitRunner
INSTRUMENTATION_STATUS: numtests=12
INSTRUMENTATION_STATUS: stream=.
INSTRUMENTATION_STATUS: test=allReachableOriginalSetupStagesUseRealExistingOwnersAndCloseBeforeComplete
INSTRUMENTATION_STATUS_CODE: 0
INSTRUMENTATION_STATUS: class=com.feedme.session.AndroidSessionSetupRecoveryOwnerTest
INSTRUMENTATION_STATUS: current=2
INSTRUMENTATION_STATUS: id=AndroidJUnitRunner
INSTRUMENTATION_STATUS: numtests=12
INSTRUMENTATION_STATUS: stream=
INSTRUMENTATION_STATUS: test=oneOrTwoClosedNativeOwnersCanRestartOriginalConfirmedPlanWithoutReopeningClosedHandles
INSTRUMENTATION_STATUS_CODE: 1
INSTRUMENTATION_STATUS: class=com.feedme.session.AndroidSessionSetupRecoveryOwnerTest
INSTRUMENTATION_STATUS: current=2
INSTRUMENTATION_STATUS: id=AndroidJUnitRunner
INSTRUMENTATION_STATUS: numtests=12
INSTRUMENTATION_STATUS: stream=.
INSTRUMENTATION_STATUS: test=oneOrTwoClosedNativeOwnersCanRestartOriginalConfirmedPlanWithoutReopeningClosedHandles
INSTRUMENTATION_STATUS_CODE: 0
INSTRUMENTATION_STATUS: class=com.feedme.session.AndroidSessionSetupRecoveryOwnerTest
INSTRUMENTATION_STATUS: current=3
INSTRUMENTATION_STATUS: id=AndroidJUnitRunner
INSTRUMENTATION_STATUS: numtests=12
INSTRUMENTATION_STATUS: stream=
INSTRUMENTATION_STATUS: test=lostFinalCompleteReceiptNeedsSameOwnedCheckpointAndFreshControlAcknowledgement
INSTRUMENTATION_STATUS_CODE: 1
INSTRUMENTATION_STATUS: class=com.feedme.session.AndroidSessionSetupRecoveryOwnerTest
INSTRUMENTATION_STATUS: current=3
INSTRUMENTATION_STATUS: id=AndroidJUnitRunner
INSTRUMENTATION_STATUS: numtests=12
INSTRUMENTATION_STATUS: stream=.
INSTRUMENTATION_STATUS: test=lostFinalCompleteReceiptNeedsSameOwnedCheckpointAndFreshControlAcknowledgement
INSTRUMENTATION_STATUS_CODE: 0
INSTRUMENTATION_STATUS: class=com.feedme.session.AndroidSessionSetupRecoveryOwnerTest
INSTRUMENTATION_STATUS: current=4
INSTRUMENTATION_STATUS: id=AndroidJUnitRunner
INSTRUMENTATION_STATUS: numtests=12
INSTRUMENTATION_STATUS: stream=
INSTRUMENTATION_STATUS: test=authoritativeSelectedCredentialMetadataSupportsExactMissingKeyOrBlobCleanup
INSTRUMENTATION_STATUS_CODE: 1
INSTRUMENTATION_STATUS: class=com.feedme.session.AndroidSessionSetupRecoveryOwnerTest
INSTRUMENTATION_STATUS: current=4
INSTRUMENTATION_STATUS: id=AndroidJUnitRunner
INSTRUMENTATION_STATUS: numtests=12
INSTRUMENTATION_STATUS: stream=.
INSTRUMENTATION_STATUS: test=authoritativeSelectedCredentialMetadataSupportsExactMissingKeyOrBlobCleanup
INSTRUMENTATION_STATUS_CODE: 0
INSTRUMENTATION_STATUS: class=com.feedme.session.AndroidSessionSetupRecoveryOwnerTest
INSTRUMENTATION_STATUS: current=5
INSTRUMENTATION_STATUS: id=AndroidJUnitRunner
INSTRUMENTATION_STATUS: numtests=12
INSTRUMENTATION_STATUS: stream=
INSTRUMENTATION_STATUS: test=failedDataAcquisitionRetainsPriorNativeOwnersAndNeverInitializesMissingDatabase
INSTRUMENTATION_STATUS_CODE: 1
INSTRUMENTATION_STATUS: class=com.feedme.session.AndroidSessionSetupRecoveryOwnerTest
INSTRUMENTATION_STATUS: current=5
INSTRUMENTATION_STATUS: id=AndroidJUnitRunner
INSTRUMENTATION_STATUS: numtests=12
INSTRUMENTATION_STATUS: stream=.
INSTRUMENTATION_STATUS: test=failedDataAcquisitionRetainsPriorNativeOwnersAndNeverInitializesMissingDatabase
INSTRUMENTATION_STATUS_CODE: 0
INSTRUMENTATION_STATUS: class=com.feedme.session.AndroidSessionSetupRecoveryOwnerTest
INSTRUMENTATION_STATUS: current=6
INSTRUMENTATION_STATUS: id=AndroidJUnitRunner
INSTRUMENTATION_STATUS: numtests=12
INSTRUMENTATION_STATUS: stream=
INSTRUMENTATION_STATUS: test=applicationInvalidationFencesReadyOwnerWhileExactCloseAndRootReplacementRemainSafe
INSTRUMENTATION_STATUS_CODE: 1
INSTRUMENTATION_STATUS: class=com.feedme.session.AndroidSessionSetupRecoveryOwnerTest
INSTRUMENTATION_STATUS: current=6
INSTRUMENTATION_STATUS: id=AndroidJUnitRunner
INSTRUMENTATION_STATUS: numtests=12
INSTRUMENTATION_STATUS: stream=.
INSTRUMENTATION_STATUS: test=applicationInvalidationFencesReadyOwnerWhileExactCloseAndRootReplacementRemainSafe
INSTRUMENTATION_STATUS_CODE: 0
INSTRUMENTATION_STATUS: class=com.feedme.session.AndroidSessionSetupRecoveryOwnerTest
INSTRUMENTATION_STATUS: current=7
INSTRUMENTATION_STATUS: id=AndroidJUnitRunner
INSTRUMENTATION_STATUS: numtests=12
INSTRUMENTATION_STATUS: stream=
INSTRUMENTATION_STATUS: test=reservedRuntimeActuallyRegistersAndCannotReleaseBorrowedNativeResourcesEarly
INSTRUMENTATION_STATUS_CODE: 1
INSTRUMENTATION_STATUS: class=com.feedme.session.AndroidSessionSetupRecoveryOwnerTest
INSTRUMENTATION_STATUS: current=7
INSTRUMENTATION_STATUS: id=AndroidJUnitRunner
INSTRUMENTATION_STATUS: numtests=12
INSTRUMENTATION_STATUS: stream=.
INSTRUMENTATION_STATUS: test=reservedRuntimeActuallyRegistersAndCannotReleaseBorrowedNativeResourcesEarly
INSTRUMENTATION_STATUS_CODE: 0
INSTRUMENTATION_STATUS: class=com.feedme.session.AndroidSessionSetupRecoveryOwnerTest
INSTRUMENTATION_STATUS: current=8
INSTRUMENTATION_STATUS: id=AndroidJUnitRunner
INSTRUMENTATION_STATUS: numtests=12
INSTRUMENTATION_STATUS: stream=
INSTRUMENTATION_STATUS: test=constructingAndInspectingRetainedPublicOwnerNeverMutatesNativeMetadataOrCreatesAuthority
INSTRUMENTATION_STATUS_CODE: 1
INSTRUMENTATION_STATUS: class=com.feedme.session.AndroidSessionSetupRecoveryOwnerTest
INSTRUMENTATION_STATUS: current=8
INSTRUMENTATION_STATUS: id=AndroidJUnitRunner
INSTRUMENTATION_STATUS: numtests=12
INSTRUMENTATION_STATUS: stream=.
INSTRUMENTATION_STATUS: test=constructingAndInspectingRetainedPublicOwnerNeverMutatesNativeMetadataOrCreatesAuthority
INSTRUMENTATION_STATUS_CODE: 0
INSTRUMENTATION_STATUS: class=com.feedme.session.AndroidSessionSetupRecoveryOwnerTest
INSTRUMENTATION_STATUS: current=9
INSTRUMENTATION_STATUS: id=AndroidJUnitRunner
INSTRUMENTATION_STATUS: numtests=12
INSTRUMENTATION_STATUS: stream=
INSTRUMENTATION_STATUS: test=freshOwnerNeverTreatsPersistedCompleteAsUserConfirmationOrRecoveryCapability
INSTRUMENTATION_STATUS_CODE: 1
INSTRUMENTATION_STATUS: class=com.feedme.session.AndroidSessionSetupRecoveryOwnerTest
INSTRUMENTATION_STATUS: current=9
INSTRUMENTATION_STATUS: id=AndroidJUnitRunner
INSTRUMENTATION_STATUS: numtests=12
INSTRUMENTATION_STATUS: stream=.
INSTRUMENTATION_STATUS: test=freshOwnerNeverTreatsPersistedCompleteAsUserConfirmationOrRecoveryCapability
INSTRUMENTATION_STATUS_CODE: 0
INSTRUMENTATION_STATUS: class=com.feedme.session.AndroidSessionSetupRecoveryOwnerTest
INSTRUMENTATION_STATUS: current=10
INSTRUMENTATION_STATUS: id=AndroidJUnitRunner
INSTRUMENTATION_STATUS: numtests=12
INSTRUMENTATION_STATUS: stream=
INSTRUMENTATION_STATUS: test=eachNativeCloseFailureRetainsExactOwnershipAndCheckpointWithoutFurtherObservations
INSTRUMENTATION_STATUS_CODE: 1
INSTRUMENTATION_STATUS: class=com.feedme.session.AndroidSessionSetupRecoveryOwnerTest
INSTRUMENTATION_STATUS: current=10
INSTRUMENTATION_STATUS: id=AndroidJUnitRunner
INSTRUMENTATION_STATUS: numtests=12
INSTRUMENTATION_STATUS: stream=.
INSTRUMENTATION_STATUS: test=eachNativeCloseFailureRetainsExactOwnershipAndCheckpointWithoutFurtherObservations
INSTRUMENTATION_STATUS_CODE: 0
INSTRUMENTATION_STATUS: class=com.feedme.session.AndroidSessionSetupRecoveryOwnerTest
INSTRUMENTATION_STATUS: current=11
INSTRUMENTATION_STATUS: id=AndroidJUnitRunner
INSTRUMENTATION_STATUS: numtests=12
INSTRUMENTATION_STATUS: stream=
INSTRUMENTATION_STATUS: test=legacyRuntimeBlocksARealApplicationRootAndFailedReservedOpenDoesNotLeakRegistration
INSTRUMENTATION_STATUS_CODE: 1
INSTRUMENTATION_STATUS: class=com.feedme.session.AndroidSessionSetupRecoveryOwnerTest
INSTRUMENTATION_STATUS: current=11
INSTRUMENTATION_STATUS: id=AndroidJUnitRunner
INSTRUMENTATION_STATUS: numtests=12
INSTRUMENTATION_STATUS: stream=.
INSTRUMENTATION_STATUS: test=legacyRuntimeBlocksARealApplicationRootAndFailedReservedOpenDoesNotLeakRegistration
INSTRUMENTATION_STATUS_CODE: 0
INSTRUMENTATION_STATUS: class=com.feedme.session.AndroidSessionSetupRecoveryOwnerTest
INSTRUMENTATION_STATUS: current=12
INSTRUMENTATION_STATUS: id=AndroidJUnitRunner
INSTRUMENTATION_STATUS: numtests=12
INSTRUMENTATION_STATUS: stream=
INSTRUMENTATION_STATUS: test=realProcessRetirementLatchBlocksBeforeAnyNativeControlFactoryOrOpen
INSTRUMENTATION_STATUS_CODE: 1
INSTRUMENTATION_STATUS: class=com.feedme.session.AndroidSessionSetupRecoveryOwnerTest
INSTRUMENTATION_STATUS: current=12
INSTRUMENTATION_STATUS: id=AndroidJUnitRunner
INSTRUMENTATION_STATUS: numtests=12
INSTRUMENTATION_STATUS: stack=java.lang.AssertionError
	at org.junit.Assert.fail(Assert.java:87)
	at org.junit.Assert.assertTrue(Assert.java:42)
	at org.junit.Assert.assertTrue(Assert.java:53)
	at com.feedme.session.AndroidSessionSetupRecoveryOwnerTest$realProcessRetirementLatchBlocksBeforeAnyNativeControlFactoryOrOpen$1.invokeSuspend(AndroidSessionSetupRecoveryOwnerTest.kt:109)
	at kotlin.coroutines.jvm.internal.BaseContinuationImpl.resumeWith(ContinuationImpl.kt:34)
	at kotlinx.coroutines.UndispatchedCoroutine.afterResume(CoroutineContext.kt:278)
	at kotlinx.coroutines.AbstractCoroutine.resumeWith(AbstractCoroutine.kt:101)
	at kotlin.coroutines.jvm.internal.BaseContinuationImpl.resumeWith(ContinuationImpl.kt:47)
	at kotlinx.coroutines.DispatchedTask.run(DispatchedTask.kt:100)
	at android.os.Handler.handleCallback(Handler.java:959)
	at android.os.Handler.dispatchMessage(Handler.java:100)
	at android.os.Looper.loopOnce(Looper.java:232)
	at android.os.Looper.loop(Looper.java:317)
	at android.app.ActivityThread.main(ActivityThread.java:8705)
	at java.lang.reflect.Method.invoke(Native Method)
	at com.android.internal.os.RuntimeInit$MethodAndArgsCaller.run(RuntimeInit.java:580)
	at com.android.internal.os.ZygoteInit.main(ZygoteInit.java:886)

INSTRUMENTATION_STATUS: stream=
Error in realProcessRetirementLatchBlocksBeforeAnyNativeControlFactoryOrOpen(com.feedme.session.AndroidSessionSetupRecoveryOwnerTest):
java.lang.AssertionError
	at org.junit.Assert.fail(Assert.java:87)
	at org.junit.Assert.assertTrue(Assert.java:42)
	at org.junit.Assert.assertTrue(Assert.java:53)
	at com.feedme.session.AndroidSessionSetupRecoveryOwnerTest$realProcessRetirementLatchBlocksBeforeAnyNativeControlFactoryOrOpen$1.invokeSuspend(AndroidSessionSetupRecoveryOwnerTest.kt:109)
	at kotlin.coroutines.jvm.internal.BaseContinuationImpl.resumeWith(ContinuationImpl.kt:34)
	at kotlinx.coroutines.UndispatchedCoroutine.afterResume(CoroutineContext.kt:278)
	at kotlinx.coroutines.AbstractCoroutine.resumeWith(AbstractCoroutine.kt:101)
	at kotlin.coroutines.jvm.internal.BaseContinuationImpl.resumeWith(ContinuationImpl.kt:47)
	at kotlinx.coroutines.DispatchedTask.run(DispatchedTask.kt:100)
	at android.os.Handler.handleCallback(Handler.java:959)
	at android.os.Handler.dispatchMessage(Handler.java:100)
	at android.os.Looper.loopOnce(Looper.java:232)
	at android.os.Looper.loop(Looper.java:317)
	at android.app.ActivityThread.main(ActivityThread.java:8705)
	at java.lang.reflect.Method.invoke(Native Method)
	at com.android.internal.os.RuntimeInit$MethodAndArgsCaller.run(RuntimeInit.java:580)
	at com.android.internal.os.ZygoteInit.main(ZygoteInit.java:886)

INSTRUMENTATION_STATUS: test=realProcessRetirementLatchBlocksBeforeAnyNativeControlFactoryOrOpen
INSTRUMENTATION_STATUS_CODE: -2
INSTRUMENTATION_RESULT: stream=

Time: 21.928
There was 1 failure:
1) realProcessRetirementLatchBlocksBeforeAnyNativeControlFactoryOrOpen(com.feedme.session.AndroidSessionSetupRecoveryOwnerTest)
java.lang.AssertionError
	at org.junit.Assert.fail(Assert.java:87)
	at org.junit.Assert.assertTrue(Assert.java:42)
	at org.junit.Assert.assertTrue(Assert.java:53)
	at com.feedme.session.AndroidSessionSetupRecoveryOwnerTest$realProcessRetirementLatchBlocksBeforeAnyNativeControlFactoryOrOpen$1.invokeSuspend(AndroidSessionSetupRecoveryOwnerTest.kt:109)
	at kotlin.coroutines.jvm.internal.BaseContinuationImpl.resumeWith(ContinuationImpl.kt:34)
	at kotlinx.coroutines.UndispatchedCoroutine.afterResume(CoroutineContext.kt:278)
	at kotlinx.coroutines.AbstractCoroutine.resumeWith(AbstractCoroutine.kt:101)
	at kotlin.coroutines.jvm.internal.BaseContinuationImpl.resumeWith(ContinuationImpl.kt:47)
	at kotlinx.coroutines.DispatchedTask.run(DispatchedTask.kt:100)
	at android.os.Handler.handleCallback(Handler.java:959)
	at android.os.Handler.dispatchMessage(Handler.java:100)
	at android.os.Looper.loopOnce(Looper.java:232)
	at android.os.Looper.loop(Looper.java:317)
	at android.app.ActivityThread.main(ActivityThread.java:8705)
	at java.lang.reflect.Method.invoke(Native Method)
	at com.android.internal.os.RuntimeInit$MethodAndArgsCaller.run(RuntimeInit.java:580)
	at com.android.internal.os.ZygoteInit.main(ZygoteInit.java:886)

FAILURES!!!
Tests run: 12,  Failures: 1


INSTRUMENTATION_CODE: -1
