INSTRUMENTATION_STATUS: class=com.feedme.session.AndroidSessionSetupJournalTest
INSTRUMENTATION_STATUS: current=1
INSTRUMENTATION_STATUS: id=AndroidJUnitRunner
INSTRUMENTATION_STATUS: numtests=7
INSTRUMENTATION_STATUS: stream=
com.feedme.session.AndroidSessionSetupJournalTest:
INSTRUMENTATION_STATUS: test=realNativePlansRoundTripThroughIndependentEncryptedControlWithoutSelectingResources
INSTRUMENTATION_STATUS_CODE: 1
INSTRUMENTATION_STATUS: class=com.feedme.session.AndroidSessionSetupJournalTest
INSTRUMENTATION_STATUS: current=1
INSTRUMENTATION_STATUS: id=AndroidJUnitRunner
INSTRUMENTATION_STATUS: numtests=7
INSTRUMENTATION_STATUS: stream=.
INSTRUMENTATION_STATUS: test=realNativePlansRoundTripThroughIndependentEncryptedControlWithoutSelectingResources
INSTRUMENTATION_STATUS_CODE: 0
INSTRUMENTATION_STATUS: class=com.feedme.session.AndroidSessionSetupJournalTest
INSTRUMENTATION_STATUS: current=2
INSTRUMENTATION_STATUS: id=AndroidJUnitRunner
INSTRUMENTATION_STATUS: numtests=7
INSTRUMENTATION_STATUS: stream=
INSTRUMENTATION_STATUS: test=legacyCredentialAbortCannotConsumeEitherUnconfirmedOrConfirmedCompositeJournal
INSTRUMENTATION_STATUS_CODE: 1
INSTRUMENTATION_STATUS: class=com.feedme.session.AndroidSessionSetupJournalTest
INSTRUMENTATION_STATUS: current=2
INSTRUMENTATION_STATUS: id=AndroidJUnitRunner
INSTRUMENTATION_STATUS: numtests=7
INSTRUMENTATION_STATUS: stream=.
INSTRUMENTATION_STATUS: test=legacyCredentialAbortCannotConsumeEitherUnconfirmedOrConfirmedCompositeJournal
INSTRUMENTATION_STATUS_CODE: 0
INSTRUMENTATION_STATUS: class=com.feedme.session.AndroidSessionSetupJournalTest
INSTRUMENTATION_STATUS: current=3
INSTRUMENTATION_STATUS: id=AndroidJUnitRunner
INSTRUMENTATION_STATUS: numtests=7
INSTRUMENTATION_STATUS: stream=
INSTRUMENTATION_STATUS: test=ordinaryRetirementCannotOverwriteCompositeSetupOrTreatItAsEmptyDiscard
INSTRUMENTATION_STATUS_CODE: 1
INSTRUMENTATION_STATUS: class=com.feedme.session.AndroidSessionSetupJournalTest
INSTRUMENTATION_STATUS: current=3
INSTRUMENTATION_STATUS: id=AndroidJUnitRunner
INSTRUMENTATION_STATUS: numtests=7
INSTRUMENTATION_STATUS: stream=.
INSTRUMENTATION_STATUS: test=ordinaryRetirementCannotOverwriteCompositeSetupOrTreatItAsEmptyDiscard
INSTRUMENTATION_STATUS_CODE: 0
INSTRUMENTATION_STATUS: class=com.feedme.session.AndroidSessionSetupJournalTest
INSTRUMENTATION_STATUS: current=4
INSTRUMENTATION_STATUS: id=AndroidJUnitRunner
INSTRUMENTATION_STATUS: numtests=7
INSTRUMENTATION_STATUS: stream=
INSTRUMENTATION_STATUS: test=startupRuntimeReportsPartialCompositeStateWithoutProviderReadbackRepairOrAccess
INSTRUMENTATION_STATUS_CODE: 1
INSTRUMENTATION_STATUS: class=com.feedme.session.AndroidSessionSetupJournalTest
INSTRUMENTATION_STATUS: current=4
INSTRUMENTATION_STATUS: id=AndroidJUnitRunner
INSTRUMENTATION_STATUS: numtests=7
INSTRUMENTATION_STATUS: stream=.
INSTRUMENTATION_STATUS: test=startupRuntimeReportsPartialCompositeStateWithoutProviderReadbackRepairOrAccess
INSTRUMENTATION_STATUS_CODE: 0
INSTRUMENTATION_STATUS: class=com.feedme.session.AndroidSessionSetupJournalTest
INSTRUMENTATION_STATUS: current=5
INSTRUMENTATION_STATUS: id=AndroidJUnitRunner
INSTRUMENTATION_STATUS: numtests=7
INSTRUMENTATION_STATUS: stream=
INSTRUMENTATION_STATUS: test=compositeBarrierIntroducedAfterSignedOutBlocksProviderAcquisitionAndLiveCreate
INSTRUMENTATION_STATUS_CODE: 1
INSTRUMENTATION_STATUS: class=com.feedme.session.AndroidSessionSetupJournalTest
INSTRUMENTATION_STATUS: current=5
INSTRUMENTATION_STATUS: id=AndroidJUnitRunner
INSTRUMENTATION_STATUS: numtests=7
INSTRUMENTATION_STATUS: stream=.
INSTRUMENTATION_STATUS: test=compositeBarrierIntroducedAfterSignedOutBlocksProviderAcquisitionAndLiveCreate
INSTRUMENTATION_STATUS_CODE: 0
INSTRUMENTATION_STATUS: class=com.feedme.session.AndroidSessionSetupJournalTest
INSTRUMENTATION_STATUS: current=6
INSTRUMENTATION_STATUS: id=AndroidJUnitRunner
INSTRUMENTATION_STATUS: numtests=7
INSTRUMENTATION_STATUS: stream=
INSTRUMENTATION_STATUS: test=malformedCompositeControlIsRejectedWithoutLegacyFallbackWritesOrNativeEffects
INSTRUMENTATION_STATUS_CODE: 1
INSTRUMENTATION_STATUS: class=com.feedme.session.AndroidSessionSetupJournalTest
INSTRUMENTATION_STATUS: current=6
INSTRUMENTATION_STATUS: id=AndroidJUnitRunner
INSTRUMENTATION_STATUS: numtests=7
INSTRUMENTATION_STATUS: stream=.
INSTRUMENTATION_STATUS: test=malformedCompositeControlIsRejectedWithoutLegacyFallbackWritesOrNativeEffects
INSTRUMENTATION_STATUS_CODE: 0
INSTRUMENTATION_STATUS: class=com.feedme.session.AndroidSessionSetupJournalTest
INSTRUMENTATION_STATUS: current=7
INSTRUMENTATION_STATUS: id=AndroidJUnitRunner
INSTRUMENTATION_STATUS: numtests=7
INSTRUMENTATION_STATUS: stream=
INSTRUMENTATION_STATUS: test=explicitAbortFlagPersistsAsMetadataOnlyAndNeverSelectsOrCleansAnyPlannedResource
INSTRUMENTATION_STATUS_CODE: 1
INSTRUMENTATION_STATUS: class=com.feedme.session.AndroidSessionSetupJournalTest
INSTRUMENTATION_STATUS: current=7
INSTRUMENTATION_STATUS: id=AndroidJUnitRunner
INSTRUMENTATION_STATUS: numtests=7
INSTRUMENTATION_STATUS: stream=.
INSTRUMENTATION_STATUS: test=explicitAbortFlagPersistsAsMetadataOnlyAndNeverSelectsOrCleansAnyPlannedResource
INSTRUMENTATION_STATUS_CODE: 0
INSTRUMENTATION_RESULT: stream=

Time: 1.745

OK (7 tests)


INSTRUMENTATION_CODE: -1
