INSTRUMENTATION_STATUS: class=com.feedme.storage.AndroidStateActivationSyncFailureTest
INSTRUMENTATION_STATUS: current=1
INSTRUMENTATION_STATUS: id=AndroidJUnitRunner
INSTRUMENTATION_STATUS: numtests=6
INSTRUMENTATION_STATUS: stream=
com.feedme.storage.AndroidStateActivationSyncFailureTest:
INSTRUMENTATION_STATUS: test=consumedReceiptReplayStillRequiresFreshSuccessfulSyncBeforeDeletingKey
INSTRUMENTATION_STATUS_CODE: 1
INSTRUMENTATION_STATUS: class=com.feedme.storage.AndroidStateActivationSyncFailureTest
INSTRUMENTATION_STATUS: current=1
INSTRUMENTATION_STATUS: id=AndroidJUnitRunner
INSTRUMENTATION_STATUS: numtests=6
INSTRUMENTATION_STATUS: stack=java.lang.IllegalStateException: Isolated SQLite sync injector unavailable [stage=9,vfs=3,name=1]
	at com.feedme.storage.SqliteSyncFailureInjector.install(Native Method)
	at com.feedme.storage.AndroidStateActivationSyncFailureTest.injectFailure(AndroidStateActivationSyncFailureTest.kt:137)
	at com.feedme.storage.AndroidStateActivationSyncFailureTest.access$injectFailure(AndroidStateActivationSyncFailureTest.kt:32)
	at com.feedme.storage.AndroidStateActivationSyncFailureTest$consumedReceiptReplayStillRequiresFreshSuccessfulSyncBeforeDeletingKey$1.invokeSuspend(AndroidStateActivationSyncFailureTest.kt:66)
	at kotlin.coroutines.jvm.internal.BaseContinuationImpl.resumeWith(ContinuationImpl.kt:34)
	at kotlinx.coroutines.DispatchedTask.run(DispatchedTask.kt:100)
	at kotlinx.coroutines.EventLoopImplBase.processNextEvent(EventLoop.common.kt:256)
	at kotlinx.coroutines.BlockingCoroutine.joinBlocking(Builders.kt:54)
	at kotlinx.coroutines.BuildersKt__BuildersKt.runBlockingImpl(Builders.kt:30)
	at kotlinx.coroutines.BuildersKt.runBlockingImpl(Unknown Source:1)
	at kotlinx.coroutines.BuildersKt__Builders_concurrentKt.runBlockingK(Builders.concurrent.kt:172)
	at kotlinx.coroutines.BuildersKt.runBlockingK(Unknown Source:1)
	at kotlinx.coroutines.BuildersKt__Builders_concurrentKt.runBlockingK$default(Builders.concurrent.kt:157)
	at kotlinx.coroutines.BuildersKt.runBlockingK$default(Unknown Source:1)
	at com.feedme.storage.AndroidStateActivationSyncFailureTest.consumedReceiptReplayStillRequiresFreshSuccessfulSyncBeforeDeletingKey(AndroidStateActivationSyncFailureTest.kt:58)

INSTRUMENTATION_STATUS: stream=
Error in consumedReceiptReplayStillRequiresFreshSuccessfulSyncBeforeDeletingKey(com.feedme.storage.AndroidStateActivationSyncFailureTest):
java.lang.IllegalStateException: Isolated SQLite sync injector unavailable [stage=9,vfs=3,name=1]
	at com.feedme.storage.SqliteSyncFailureInjector.install(Native Method)
	at com.feedme.storage.AndroidStateActivationSyncFailureTest.injectFailure(AndroidStateActivationSyncFailureTest.kt:137)
	at com.feedme.storage.AndroidStateActivationSyncFailureTest.access$injectFailure(AndroidStateActivationSyncFailureTest.kt:32)
	at com.feedme.storage.AndroidStateActivationSyncFailureTest$consumedReceiptReplayStillRequiresFreshSuccessfulSyncBeforeDeletingKey$1.invokeSuspend(AndroidStateActivationSyncFailureTest.kt:66)
	at kotlin.coroutines.jvm.internal.BaseContinuationImpl.resumeWith(ContinuationImpl.kt:34)
	at kotlinx.coroutines.DispatchedTask.run(DispatchedTask.kt:100)
	at kotlinx.coroutines.EventLoopImplBase.processNextEvent(EventLoop.common.kt:256)
	at kotlinx.coroutines.BlockingCoroutine.joinBlocking(Builders.kt:54)
	at kotlinx.coroutines.BuildersKt__BuildersKt.runBlockingImpl(Builders.kt:30)
	at kotlinx.coroutines.BuildersKt.runBlockingImpl(Unknown Source:1)
	at kotlinx.coroutines.BuildersKt__Builders_concurrentKt.runBlockingK(Builders.concurrent.kt:172)
	at kotlinx.coroutines.BuildersKt.runBlockingK(Unknown Source:1)
	at kotlinx.coroutines.BuildersKt__Builders_concurrentKt.runBlockingK$default(Builders.concurrent.kt:157)
	at kotlinx.coroutines.BuildersKt.runBlockingK$default(Unknown Source:1)
	at com.feedme.storage.AndroidStateActivationSyncFailureTest.consumedReceiptReplayStillRequiresFreshSuccessfulSyncBeforeDeletingKey(AndroidStateActivationSyncFailureTest.kt:58)

INSTRUMENTATION_STATUS: test=consumedReceiptReplayStillRequiresFreshSuccessfulSyncBeforeDeletingKey
INSTRUMENTATION_STATUS_CODE: -2
INSTRUMENTATION_STATUS: class=com.feedme.storage.AndroidStateActivationSyncFailureTest
INSTRUMENTATION_STATUS: current=2
INSTRUMENTATION_STATUS: id=AndroidJUnitRunner
INSTRUMENTATION_STATUS: numtests=6
INSTRUMENTATION_STATUS: stream=
INSTRUMENTATION_STATUS: test=realDatabaseSyncEioRetainsExactKeyUntilFreshSuccessfulAbort
INSTRUMENTATION_STATUS_CODE: 1
INSTRUMENTATION_STATUS: class=com.feedme.storage.AndroidStateActivationSyncFailureTest
INSTRUMENTATION_STATUS: current=2
INSTRUMENTATION_STATUS: id=AndroidJUnitRunner
INSTRUMENTATION_STATUS: numtests=6
INSTRUMENTATION_STATUS: stack=java.lang.IllegalStateException: Isolated SQLite sync injector unavailable [stage=9,vfs=3,name=1]
	at com.feedme.storage.SqliteSyncFailureInjector.install(Native Method)
	at com.feedme.storage.AndroidStateActivationSyncFailureTest.injectFailure(AndroidStateActivationSyncFailureTest.kt:137)
	at com.feedme.storage.AndroidStateActivationSyncFailureTest.failFirstAbort(AndroidStateActivationSyncFailureTest.kt:119)
	at com.feedme.storage.AndroidStateActivationSyncFailureTest.access$failFirstAbort(AndroidStateActivationSyncFailureTest.kt:32)
	at com.feedme.storage.AndroidStateActivationSyncFailureTest$failFirstAbort$1.invokeSuspend(Unknown Source:15)
	at kotlin.coroutines.jvm.internal.BaseContinuationImpl.resumeWith(ContinuationImpl.kt:34)
	at kotlinx.coroutines.DispatchedTask.run(DispatchedTask.kt:100)
	at kotlinx.coroutines.EventLoopImplBase.processNextEvent(EventLoop.common.kt:256)
	at kotlinx.coroutines.BlockingCoroutine.joinBlocking(Builders.kt:54)
	at kotlinx.coroutines.BuildersKt__BuildersKt.runBlockingImpl(Builders.kt:30)
	at kotlinx.coroutines.BuildersKt.runBlockingImpl(Unknown Source:1)
	at kotlinx.coroutines.BuildersKt__Builders_concurrentKt.runBlockingK(Builders.concurrent.kt:172)
	at kotlinx.coroutines.BuildersKt.runBlockingK(Unknown Source:1)
	at kotlinx.coroutines.BuildersKt__Builders_concurrentKt.runBlockingK$default(Builders.concurrent.kt:157)
	at kotlinx.coroutines.BuildersKt.runBlockingK$default(Unknown Source:1)
	at com.feedme.storage.AndroidStateActivationSyncFailureTest.realDatabaseSyncEioRetainsExactKeyUntilFreshSuccessfulAbort(AndroidStateActivationSyncFailureTest.kt:50)

INSTRUMENTATION_STATUS: stream=
Error in realDatabaseSyncEioRetainsExactKeyUntilFreshSuccessfulAbort(com.feedme.storage.AndroidStateActivationSyncFailureTest):
java.lang.IllegalStateException: Isolated SQLite sync injector unavailable [stage=9,vfs=3,name=1]
	at com.feedme.storage.SqliteSyncFailureInjector.install(Native Method)
	at com.feedme.storage.AndroidStateActivationSyncFailureTest.injectFailure(AndroidStateActivationSyncFailureTest.kt:137)
	at com.feedme.storage.AndroidStateActivationSyncFailureTest.failFirstAbort(AndroidStateActivationSyncFailureTest.kt:119)
	at com.feedme.storage.AndroidStateActivationSyncFailureTest.access$failFirstAbort(AndroidStateActivationSyncFailureTest.kt:32)
	at com.feedme.storage.AndroidStateActivationSyncFailureTest$failFirstAbort$1.invokeSuspend(Unknown Source:15)
	at kotlin.coroutines.jvm.internal.BaseContinuationImpl.resumeWith(ContinuationImpl.kt:34)
	at kotlinx.coroutines.DispatchedTask.run(DispatchedTask.kt:100)
	at kotlinx.coroutines.EventLoopImplBase.processNextEvent(EventLoop.common.kt:256)
	at kotlinx.coroutines.BlockingCoroutine.joinBlocking(Builders.kt:54)
	at kotlinx.coroutines.BuildersKt__BuildersKt.runBlockingImpl(Builders.kt:30)
	at kotlinx.coroutines.BuildersKt.runBlockingImpl(Unknown Source:1)
	at kotlinx.coroutines.BuildersKt__Builders_concurrentKt.runBlockingK(Builders.concurrent.kt:172)
	at kotlinx.coroutines.BuildersKt.runBlockingK(Unknown Source:1)
	at kotlinx.coroutines.BuildersKt__Builders_concurrentKt.runBlockingK$default(Builders.concurrent.kt:157)
	at kotlinx.coroutines.BuildersKt.runBlockingK$default(Unknown Source:1)
	at com.feedme.storage.AndroidStateActivationSyncFailureTest.realDatabaseSyncEioRetainsExactKeyUntilFreshSuccessfulAbort(AndroidStateActivationSyncFailureTest.kt:50)

INSTRUMENTATION_STATUS: test=realDatabaseSyncEioRetainsExactKeyUntilFreshSuccessfulAbort
INSTRUMENTATION_STATUS_CODE: -2
INSTRUMENTATION_STATUS: class=com.feedme.storage.AndroidStateActivationSyncFailureTest
INSTRUMENTATION_STATUS: current=3
INSTRUMENTATION_STATUS: id=AndroidJUnitRunner
INSTRUMENTATION_STATUS: numtests=6
INSTRUMENTATION_STATUS: stream=
INSTRUMENTATION_STATUS: test=nativeFaultIsRestrictedToExactOwnedDatabaseNotAnotherSandbox
INSTRUMENTATION_STATUS_CODE: 1
INSTRUMENTATION_STATUS: class=com.feedme.storage.AndroidStateActivationSyncFailureTest
INSTRUMENTATION_STATUS: current=3
INSTRUMENTATION_STATUS: id=AndroidJUnitRunner
INSTRUMENTATION_STATUS: numtests=6
INSTRUMENTATION_STATUS: stack=java.lang.IllegalStateException: Isolated SQLite sync injector unavailable [stage=9,vfs=3,name=1]
	at com.feedme.storage.SqliteSyncFailureInjector.install(Native Method)
	at com.feedme.storage.AndroidStateActivationSyncFailureTest$nativeFaultIsRestrictedToExactOwnedDatabaseNotAnotherSandbox$1.invokeSuspend(AndroidStateActivationSyncFailureTest.kt:98)
	at kotlin.coroutines.jvm.internal.BaseContinuationImpl.resumeWith(ContinuationImpl.kt:34)
	at kotlinx.coroutines.DispatchedTask.run(DispatchedTask.kt:100)
	at kotlinx.coroutines.EventLoopImplBase.processNextEvent(EventLoop.common.kt:256)
	at kotlinx.coroutines.BlockingCoroutine.joinBlocking(Builders.kt:54)
	at kotlinx.coroutines.BuildersKt__BuildersKt.runBlockingImpl(Builders.kt:30)
	at kotlinx.coroutines.BuildersKt.runBlockingImpl(Unknown Source:1)
	at kotlinx.coroutines.BuildersKt__Builders_concurrentKt.runBlockingK(Builders.concurrent.kt:172)
	at kotlinx.coroutines.BuildersKt.runBlockingK(Unknown Source:1)
	at kotlinx.coroutines.BuildersKt__Builders_concurrentKt.runBlockingK$default(Builders.concurrent.kt:157)
	at kotlinx.coroutines.BuildersKt.runBlockingK$default(Unknown Source:1)
	at com.feedme.storage.AndroidStateActivationSyncFailureTest.nativeFaultIsRestrictedToExactOwnedDatabaseNotAnotherSandbox(AndroidStateActivationSyncFailureTest.kt:95)

INSTRUMENTATION_STATUS: stream=
Error in nativeFaultIsRestrictedToExactOwnedDatabaseNotAnotherSandbox(com.feedme.storage.AndroidStateActivationSyncFailureTest):
java.lang.IllegalStateException: Isolated SQLite sync injector unavailable [stage=9,vfs=3,name=1]
	at com.feedme.storage.SqliteSyncFailureInjector.install(Native Method)
	at com.feedme.storage.AndroidStateActivationSyncFailureTest$nativeFaultIsRestrictedToExactOwnedDatabaseNotAnotherSandbox$1.invokeSuspend(AndroidStateActivationSyncFailureTest.kt:98)
	at kotlin.coroutines.jvm.internal.BaseContinuationImpl.resumeWith(ContinuationImpl.kt:34)
	at kotlinx.coroutines.DispatchedTask.run(DispatchedTask.kt:100)
	at kotlinx.coroutines.EventLoopImplBase.processNextEvent(EventLoop.common.kt:256)
	at kotlinx.coroutines.BlockingCoroutine.joinBlocking(Builders.kt:54)
	at kotlinx.coroutines.BuildersKt__BuildersKt.runBlockingImpl(Builders.kt:30)
	at kotlinx.coroutines.BuildersKt.runBlockingImpl(Unknown Source:1)
	at kotlinx.coroutines.BuildersKt__Builders_concurrentKt.runBlockingK(Builders.concurrent.kt:172)
	at kotlinx.coroutines.BuildersKt.runBlockingK(Unknown Source:1)
	at kotlinx.coroutines.BuildersKt__Builders_concurrentKt.runBlockingK$default(Builders.concurrent.kt:157)
	at kotlinx.coroutines.BuildersKt.runBlockingK$default(Unknown Source:1)
	at com.feedme.storage.AndroidStateActivationSyncFailureTest.nativeFaultIsRestrictedToExactOwnedDatabaseNotAnotherSandbox(AndroidStateActivationSyncFailureTest.kt:95)

INSTRUMENTATION_STATUS: test=nativeFaultIsRestrictedToExactOwnedDatabaseNotAnotherSandbox
INSTRUMENTATION_STATUS_CODE: -2
INSTRUMENTATION_STATUS: class=com.feedme.storage.AndroidStateActivationSyncFailureTest
INSTRUMENTATION_STATUS: current=4
INSTRUMENTATION_STATUS: id=AndroidJUnitRunner
INSTRUMENTATION_STATUS: numtests=6
INSTRUMENTATION_STATUS: stream=
INSTRUMENTATION_STATUS: test=realPostUnlinkDirectorySyncEioNeverTreatsVisibleConsumeAsDurableAcknowledgement
INSTRUMENTATION_STATUS_CODE: 1
INSTRUMENTATION_STATUS: class=com.feedme.storage.AndroidStateActivationSyncFailureTest
INSTRUMENTATION_STATUS: current=4
INSTRUMENTATION_STATUS: id=AndroidJUnitRunner
INSTRUMENTATION_STATUS: numtests=6
INSTRUMENTATION_STATUS: stack=java.lang.IllegalStateException: Isolated SQLite sync injector unavailable [stage=9,vfs=3,name=1]
	at com.feedme.storage.SqliteSyncFailureInjector.install(Native Method)
	at com.feedme.storage.AndroidStateActivationSyncFailureTest.injectFailure(AndroidStateActivationSyncFailureTest.kt:137)
	at com.feedme.storage.AndroidStateActivationSyncFailureTest.failFirstAbort(AndroidStateActivationSyncFailureTest.kt:119)
	at com.feedme.storage.AndroidStateActivationSyncFailureTest.access$failFirstAbort(AndroidStateActivationSyncFailureTest.kt:32)
	at com.feedme.storage.AndroidStateActivationSyncFailureTest$failFirstAbort$1.invokeSuspend(Unknown Source:15)
	at kotlin.coroutines.jvm.internal.BaseContinuationImpl.resumeWith(ContinuationImpl.kt:34)
	at kotlinx.coroutines.DispatchedTask.run(DispatchedTask.kt:100)
	at kotlinx.coroutines.EventLoopImplBase.processNextEvent(EventLoop.common.kt:256)
	at kotlinx.coroutines.BlockingCoroutine.joinBlocking(Builders.kt:54)
	at kotlinx.coroutines.BuildersKt__BuildersKt.runBlockingImpl(Builders.kt:30)
	at kotlinx.coroutines.BuildersKt.runBlockingImpl(Unknown Source:1)
	at kotlinx.coroutines.BuildersKt__Builders_concurrentKt.runBlockingK(Builders.concurrent.kt:172)
	at kotlinx.coroutines.BuildersKt.runBlockingK(Unknown Source:1)
	at kotlinx.coroutines.BuildersKt__Builders_concurrentKt.runBlockingK$default(Builders.concurrent.kt:157)
	at kotlinx.coroutines.BuildersKt.runBlockingK$default(Unknown Source:1)
	at com.feedme.storage.AndroidStateActivationSyncFailureTest.realPostUnlinkDirectorySyncEioNeverTreatsVisibleConsumeAsDurableAcknowledgement(AndroidStateActivationSyncFailureTest.kt:54)

INSTRUMENTATION_STATUS: stream=
Error in realPostUnlinkDirectorySyncEioNeverTreatsVisibleConsumeAsDurableAcknowledgement(com.feedme.storage.AndroidStateActivationSyncFailureTest):
java.lang.IllegalStateException: Isolated SQLite sync injector unavailable [stage=9,vfs=3,name=1]
	at com.feedme.storage.SqliteSyncFailureInjector.install(Native Method)
	at com.feedme.storage.AndroidStateActivationSyncFailureTest.injectFailure(AndroidStateActivationSyncFailureTest.kt:137)
	at com.feedme.storage.AndroidStateActivationSyncFailureTest.failFirstAbort(AndroidStateActivationSyncFailureTest.kt:119)
	at com.feedme.storage.AndroidStateActivationSyncFailureTest.access$failFirstAbort(AndroidStateActivationSyncFailureTest.kt:32)
	at com.feedme.storage.AndroidStateActivationSyncFailureTest$failFirstAbort$1.invokeSuspend(Unknown Source:15)
	at kotlin.coroutines.jvm.internal.BaseContinuationImpl.resumeWith(ContinuationImpl.kt:34)
	at kotlinx.coroutines.DispatchedTask.run(DispatchedTask.kt:100)
	at kotlinx.coroutines.EventLoopImplBase.processNextEvent(EventLoop.common.kt:256)
	at kotlinx.coroutines.BlockingCoroutine.joinBlocking(Builders.kt:54)
	at kotlinx.coroutines.BuildersKt__BuildersKt.runBlockingImpl(Builders.kt:30)
	at kotlinx.coroutines.BuildersKt.runBlockingImpl(Unknown Source:1)
	at kotlinx.coroutines.BuildersKt__Builders_concurrentKt.runBlockingK(Builders.concurrent.kt:172)
	at kotlinx.coroutines.BuildersKt.runBlockingK(Unknown Source:1)
	at kotlinx.coroutines.BuildersKt__Builders_concurrentKt.runBlockingK$default(Builders.concurrent.kt:157)
	at kotlinx.coroutines.BuildersKt.runBlockingK$default(Unknown Source:1)
	at com.feedme.storage.AndroidStateActivationSyncFailureTest.realPostUnlinkDirectorySyncEioNeverTreatsVisibleConsumeAsDurableAcknowledgement(AndroidStateActivationSyncFailureTest.kt:54)

INSTRUMENTATION_STATUS: test=realPostUnlinkDirectorySyncEioNeverTreatsVisibleConsumeAsDurableAcknowledgement
INSTRUMENTATION_STATUS_CODE: -2
INSTRUMENTATION_STATUS: class=com.feedme.storage.AndroidStateActivationSyncFailureTest
INSTRUMENTATION_STATUS: current=5
INSTRUMENTATION_STATUS: id=AndroidJUnitRunner
INSTRUMENTATION_STATUS: numtests=6
INSTRUMENTATION_STATUS: stream=
INSTRUMENTATION_STATUS: test=realJournalSyncEioRetainsExactKeyUntilFreshSuccessfulAbort
INSTRUMENTATION_STATUS_CODE: 1
INSTRUMENTATION_STATUS: class=com.feedme.storage.AndroidStateActivationSyncFailureTest
INSTRUMENTATION_STATUS: current=5
INSTRUMENTATION_STATUS: id=AndroidJUnitRunner
INSTRUMENTATION_STATUS: numtests=6
INSTRUMENTATION_STATUS: stack=java.lang.IllegalStateException: Isolated SQLite sync injector unavailable [stage=9,vfs=3,name=1]
	at com.feedme.storage.SqliteSyncFailureInjector.install(Native Method)
	at com.feedme.storage.AndroidStateActivationSyncFailureTest.injectFailure(AndroidStateActivationSyncFailureTest.kt:137)
	at com.feedme.storage.AndroidStateActivationSyncFailureTest.failFirstAbort(AndroidStateActivationSyncFailureTest.kt:119)
	at com.feedme.storage.AndroidStateActivationSyncFailureTest.access$failFirstAbort(AndroidStateActivationSyncFailureTest.kt:32)
	at com.feedme.storage.AndroidStateActivationSyncFailureTest$failFirstAbort$1.invokeSuspend(Unknown Source:15)
	at kotlin.coroutines.jvm.internal.BaseContinuationImpl.resumeWith(ContinuationImpl.kt:34)
	at kotlinx.coroutines.DispatchedTask.run(DispatchedTask.kt:100)
	at kotlinx.coroutines.EventLoopImplBase.processNextEvent(EventLoop.common.kt:256)
	at kotlinx.coroutines.BlockingCoroutine.joinBlocking(Builders.kt:54)
	at kotlinx.coroutines.BuildersKt__BuildersKt.runBlockingImpl(Builders.kt:30)
	at kotlinx.coroutines.BuildersKt.runBlockingImpl(Unknown Source:1)
	at kotlinx.coroutines.BuildersKt__Builders_concurrentKt.runBlockingK(Builders.concurrent.kt:172)
	at kotlinx.coroutines.BuildersKt.runBlockingK(Unknown Source:1)
	at kotlinx.coroutines.BuildersKt__Builders_concurrentKt.runBlockingK$default(Builders.concurrent.kt:157)
	at kotlinx.coroutines.BuildersKt.runBlockingK$default(Unknown Source:1)
	at com.feedme.storage.AndroidStateActivationSyncFailureTest.realJournalSyncEioRetainsExactKeyUntilFreshSuccessfulAbort(AndroidStateActivationSyncFailureTest.kt:46)

INSTRUMENTATION_STATUS: stream=
Error in realJournalSyncEioRetainsExactKeyUntilFreshSuccessfulAbort(com.feedme.storage.AndroidStateActivationSyncFailureTest):
java.lang.IllegalStateException: Isolated SQLite sync injector unavailable [stage=9,vfs=3,name=1]
	at com.feedme.storage.SqliteSyncFailureInjector.install(Native Method)
	at com.feedme.storage.AndroidStateActivationSyncFailureTest.injectFailure(AndroidStateActivationSyncFailureTest.kt:137)
	at com.feedme.storage.AndroidStateActivationSyncFailureTest.failFirstAbort(AndroidStateActivationSyncFailureTest.kt:119)
	at com.feedme.storage.AndroidStateActivationSyncFailureTest.access$failFirstAbort(AndroidStateActivationSyncFailureTest.kt:32)
	at com.feedme.storage.AndroidStateActivationSyncFailureTest$failFirstAbort$1.invokeSuspend(Unknown Source:15)
	at kotlin.coroutines.jvm.internal.BaseContinuationImpl.resumeWith(ContinuationImpl.kt:34)
	at kotlinx.coroutines.DispatchedTask.run(DispatchedTask.kt:100)
	at kotlinx.coroutines.EventLoopImplBase.processNextEvent(EventLoop.common.kt:256)
	at kotlinx.coroutines.BlockingCoroutine.joinBlocking(Builders.kt:54)
	at kotlinx.coroutines.BuildersKt__BuildersKt.runBlockingImpl(Builders.kt:30)
	at kotlinx.coroutines.BuildersKt.runBlockingImpl(Unknown Source:1)
	at kotlinx.coroutines.BuildersKt__Builders_concurrentKt.runBlockingK(Builders.concurrent.kt:172)
	at kotlinx.coroutines.BuildersKt.runBlockingK(Unknown Source:1)
	at kotlinx.coroutines.BuildersKt__Builders_concurrentKt.runBlockingK$default(Builders.concurrent.kt:157)
	at kotlinx.coroutines.BuildersKt.runBlockingK$default(Unknown Source:1)
	at com.feedme.storage.AndroidStateActivationSyncFailureTest.realJournalSyncEioRetainsExactKeyUntilFreshSuccessfulAbort(AndroidStateActivationSyncFailureTest.kt:46)

INSTRUMENTATION_STATUS: test=realJournalSyncEioRetainsExactKeyUntilFreshSuccessfulAbort
INSTRUMENTATION_STATUS_CODE: -2
INSTRUMENTATION_STATUS: class=com.feedme.storage.AndroidStateActivationSyncFailureTest
INSTRUMENTATION_STATUS: current=6
INSTRUMENTATION_STATUS: id=AndroidJUnitRunner
INSTRUMENTATION_STATUS: numtests=6
INSTRUMENTATION_STATUS: stream=
INSTRUMENTATION_STATUS: test=observedAbortedReplayCannotAcknowledgeWhenItsNewJournalSyncFails
INSTRUMENTATION_STATUS_CODE: 1
INSTRUMENTATION_STATUS: class=com.feedme.storage.AndroidStateActivationSyncFailureTest
INSTRUMENTATION_STATUS: current=6
INSTRUMENTATION_STATUS: id=AndroidJUnitRunner
INSTRUMENTATION_STATUS: numtests=6
INSTRUMENTATION_STATUS: stack=java.lang.IllegalStateException: Isolated SQLite sync injector unavailable [stage=9,vfs=3,name=1]
	at com.feedme.storage.SqliteSyncFailureInjector.install(Native Method)
	at com.feedme.storage.AndroidStateActivationSyncFailureTest.injectFailure(AndroidStateActivationSyncFailureTest.kt:137)
	at com.feedme.storage.AndroidStateActivationSyncFailureTest.access$injectFailure(AndroidStateActivationSyncFailureTest.kt:32)
	at com.feedme.storage.AndroidStateActivationSyncFailureTest$observedAbortedReplayCannotAcknowledgeWhenItsNewJournalSyncFails$1.invokeSuspend(AndroidStateActivationSyncFailureTest.kt:85)
	at kotlin.coroutines.jvm.internal.BaseContinuationImpl.resumeWith(ContinuationImpl.kt:34)
	at kotlinx.coroutines.DispatchedTask.run(DispatchedTask.kt:100)
	at kotlinx.coroutines.EventLoopImplBase.processNextEvent(EventLoop.common.kt:256)
	at kotlinx.coroutines.BlockingCoroutine.joinBlocking(Builders.kt:54)
	at kotlinx.coroutines.BuildersKt__BuildersKt.runBlockingImpl(Builders.kt:30)
	at kotlinx.coroutines.BuildersKt.runBlockingImpl(Unknown Source:1)
	at kotlinx.coroutines.BuildersKt__Builders_concurrentKt.runBlockingK(Builders.concurrent.kt:172)
	at kotlinx.coroutines.BuildersKt.runBlockingK(Unknown Source:1)
	at kotlinx.coroutines.BuildersKt__Builders_concurrentKt.runBlockingK$default(Builders.concurrent.kt:157)
	at kotlinx.coroutines.BuildersKt.runBlockingK$default(Unknown Source:1)
	at com.feedme.storage.AndroidStateActivationSyncFailureTest.observedAbortedReplayCannotAcknowledgeWhenItsNewJournalSyncFails(AndroidStateActivationSyncFailureTest.kt:78)

INSTRUMENTATION_STATUS: stream=
Error in observedAbortedReplayCannotAcknowledgeWhenItsNewJournalSyncFails(com.feedme.storage.AndroidStateActivationSyncFailureTest):
java.lang.IllegalStateException: Isolated SQLite sync injector unavailable [stage=9,vfs=3,name=1]
	at com.feedme.storage.SqliteSyncFailureInjector.install(Native Method)
	at com.feedme.storage.AndroidStateActivationSyncFailureTest.injectFailure(AndroidStateActivationSyncFailureTest.kt:137)
	at com.feedme.storage.AndroidStateActivationSyncFailureTest.access$injectFailure(AndroidStateActivationSyncFailureTest.kt:32)
	at com.feedme.storage.AndroidStateActivationSyncFailureTest$observedAbortedReplayCannotAcknowledgeWhenItsNewJournalSyncFails$1.invokeSuspend(AndroidStateActivationSyncFailureTest.kt:85)
	at kotlin.coroutines.jvm.internal.BaseContinuationImpl.resumeWith(ContinuationImpl.kt:34)
	at kotlinx.coroutines.DispatchedTask.run(DispatchedTask.kt:100)
	at kotlinx.coroutines.EventLoopImplBase.processNextEvent(EventLoop.common.kt:256)
	at kotlinx.coroutines.BlockingCoroutine.joinBlocking(Builders.kt:54)
	at kotlinx.coroutines.BuildersKt__BuildersKt.runBlockingImpl(Builders.kt:30)
	at kotlinx.coroutines.BuildersKt.runBlockingImpl(Unknown Source:1)
	at kotlinx.coroutines.BuildersKt__Builders_concurrentKt.runBlockingK(Builders.concurrent.kt:172)
	at kotlinx.coroutines.BuildersKt.runBlockingK(Unknown Source:1)
	at kotlinx.coroutines.BuildersKt__Builders_concurrentKt.runBlockingK$default(Builders.concurrent.kt:157)
	at kotlinx.coroutines.BuildersKt.runBlockingK$default(Unknown Source:1)
	at com.feedme.storage.AndroidStateActivationSyncFailureTest.observedAbortedReplayCannotAcknowledgeWhenItsNewJournalSyncFails(AndroidStateActivationSyncFailureTest.kt:78)

INSTRUMENTATION_STATUS: test=observedAbortedReplayCannotAcknowledgeWhenItsNewJournalSyncFails
INSTRUMENTATION_STATUS_CODE: -2
INSTRUMENTATION_RESULT: stream=

Time: 0.328
There were 6 failures:
1) consumedReceiptReplayStillRequiresFreshSuccessfulSyncBeforeDeletingKey(com.feedme.storage.AndroidStateActivationSyncFailureTest)
java.lang.IllegalStateException: Isolated SQLite sync injector unavailable [stage=9,vfs=3,name=1]
	at com.feedme.storage.SqliteSyncFailureInjector.install(Native Method)
	at com.feedme.storage.AndroidStateActivationSyncFailureTest.injectFailure(AndroidStateActivationSyncFailureTest.kt:137)
	at com.feedme.storage.AndroidStateActivationSyncFailureTest.access$injectFailure(AndroidStateActivationSyncFailureTest.kt:32)
	at com.feedme.storage.AndroidStateActivationSyncFailureTest$consumedReceiptReplayStillRequiresFreshSuccessfulSyncBeforeDeletingKey$1.invokeSuspend(AndroidStateActivationSyncFailureTest.kt:66)
	at kotlin.coroutines.jvm.internal.BaseContinuationImpl.resumeWith(ContinuationImpl.kt:34)
	at kotlinx.coroutines.DispatchedTask.run(DispatchedTask.kt:100)
	at kotlinx.coroutines.EventLoopImplBase.processNextEvent(EventLoop.common.kt:256)
	at kotlinx.coroutines.BlockingCoroutine.joinBlocking(Builders.kt:54)
	at kotlinx.coroutines.BuildersKt__BuildersKt.runBlockingImpl(Builders.kt:30)
	at kotlinx.coroutines.BuildersKt.runBlockingImpl(Unknown Source:1)
	at kotlinx.coroutines.BuildersKt__Builders_concurrentKt.runBlockingK(Builders.concurrent.kt:172)
	at kotlinx.coroutines.BuildersKt.runBlockingK(Unknown Source:1)
	at kotlinx.coroutines.BuildersKt__Builders_concurrentKt.runBlockingK$default(Builders.concurrent.kt:157)
	at kotlinx.coroutines.BuildersKt.runBlockingK$default(Unknown Source:1)
	at com.feedme.storage.AndroidStateActivationSyncFailureTest.consumedReceiptReplayStillRequiresFreshSuccessfulSyncBeforeDeletingKey(AndroidStateActivationSyncFailureTest.kt:58)
2) realDatabaseSyncEioRetainsExactKeyUntilFreshSuccessfulAbort(com.feedme.storage.AndroidStateActivationSyncFailureTest)
java.lang.IllegalStateException: Isolated SQLite sync injector unavailable [stage=9,vfs=3,name=1]
	at com.feedme.storage.SqliteSyncFailureInjector.install(Native Method)
	at com.feedme.storage.AndroidStateActivationSyncFailureTest.injectFailure(AndroidStateActivationSyncFailureTest.kt:137)
	at com.feedme.storage.AndroidStateActivationSyncFailureTest.failFirstAbort(AndroidStateActivationSyncFailureTest.kt:119)
	at com.feedme.storage.AndroidStateActivationSyncFailureTest.access$failFirstAbort(AndroidStateActivationSyncFailureTest.kt:32)
	at com.feedme.storage.AndroidStateActivationSyncFailureTest$failFirstAbort$1.invokeSuspend(Unknown Source:15)
	at kotlin.coroutines.jvm.internal.BaseContinuationImpl.resumeWith(ContinuationImpl.kt:34)
	at kotlinx.coroutines.DispatchedTask.run(DispatchedTask.kt:100)
	at kotlinx.coroutines.EventLoopImplBase.processNextEvent(EventLoop.common.kt:256)
	at kotlinx.coroutines.BlockingCoroutine.joinBlocking(Builders.kt:54)
	at kotlinx.coroutines.BuildersKt__BuildersKt.runBlockingImpl(Builders.kt:30)
	at kotlinx.coroutines.BuildersKt.runBlockingImpl(Unknown Source:1)
	at kotlinx.coroutines.BuildersKt__Builders_concurrentKt.runBlockingK(Builders.concurrent.kt:172)
	at kotlinx.coroutines.BuildersKt.runBlockingK(Unknown Source:1)
	at kotlinx.coroutines.BuildersKt__Builders_concurrentKt.runBlockingK$default(Builders.concurrent.kt:157)
	at kotlinx.coroutines.BuildersKt.runBlockingK$default(Unknown Source:1)
	at com.feedme.storage.AndroidStateActivationSyncFailureTest.realDatabaseSyncEioRetainsExactKeyUntilFreshSuccessfulAbort(AndroidStateActivationSyncFailureTest.kt:50)
3) nativeFaultIsRestrictedToExactOwnedDatabaseNotAnotherSandbox(com.feedme.storage.AndroidStateActivationSyncFailureTest)
java.lang.IllegalStateException: Isolated SQLite sync injector unavailable [stage=9,vfs=3,name=1]
	at com.feedme.storage.SqliteSyncFailureInjector.install(Native Method)
	at com.feedme.storage.AndroidStateActivationSyncFailureTest$nativeFaultIsRestrictedToExactOwnedDatabaseNotAnotherSandbox$1.invokeSuspend(AndroidStateActivationSyncFailureTest.kt:98)
	at kotlin.coroutines.jvm.internal.BaseContinuationImpl.resumeWith(ContinuationImpl.kt:34)
	at kotlinx.coroutines.DispatchedTask.run(DispatchedTask.kt:100)
	at kotlinx.coroutines.EventLoopImplBase.processNextEvent(EventLoop.common.kt:256)
	at kotlinx.coroutines.BlockingCoroutine.joinBlocking(Builders.kt:54)
	at kotlinx.coroutines.BuildersKt__BuildersKt.runBlockingImpl(Builders.kt:30)
	at kotlinx.coroutines.BuildersKt.runBlockingImpl(Unknown Source:1)
	at kotlinx.coroutines.BuildersKt__Builders_concurrentKt.runBlockingK(Builders.concurrent.kt:172)
	at kotlinx.coroutines.BuildersKt.runBlockingK(Unknown Source:1)
	at kotlinx.coroutines.BuildersKt__Builders_concurrentKt.runBlockingK$default(Builders.concurrent.kt:157)
	at kotlinx.coroutines.BuildersKt.runBlockingK$default(Unknown Source:1)
	at com.feedme.storage.AndroidStateActivationSyncFailureTest.nativeFaultIsRestrictedToExactOwnedDatabaseNotAnotherSandbox(AndroidStateActivationSyncFailureTest.kt:95)
4) realPostUnlinkDirectorySyncEioNeverTreatsVisibleConsumeAsDurableAcknowledgement(com.feedme.storage.AndroidStateActivationSyncFailureTest)
java.lang.IllegalStateException: Isolated SQLite sync injector unavailable [stage=9,vfs=3,name=1]
	at com.feedme.storage.SqliteSyncFailureInjector.install(Native Method)
	at com.feedme.storage.AndroidStateActivationSyncFailureTest.injectFailure(AndroidStateActivationSyncFailureTest.kt:137)
	at com.feedme.storage.AndroidStateActivationSyncFailureTest.failFirstAbort(AndroidStateActivationSyncFailureTest.kt:119)
	at com.feedme.storage.AndroidStateActivationSyncFailureTest.access$failFirstAbort(AndroidStateActivationSyncFailureTest.kt:32)
	at com.feedme.storage.AndroidStateActivationSyncFailureTest$failFirstAbort$1.invokeSuspend(Unknown Source:15)
	at kotlin.coroutines.jvm.internal.BaseContinuationImpl.resumeWith(ContinuationImpl.kt:34)
	at kotlinx.coroutines.DispatchedTask.run(DispatchedTask.kt:100)
	at kotlinx.coroutines.EventLoopImplBase.processNextEvent(EventLoop.common.kt:256)
	at kotlinx.coroutines.BlockingCoroutine.joinBlocking(Builders.kt:54)
	at kotlinx.coroutines.BuildersKt__BuildersKt.runBlockingImpl(Builders.kt:30)
	at kotlinx.coroutines.BuildersKt.runBlockingImpl(Unknown Source:1)
	at kotlinx.coroutines.BuildersKt__Builders_concurrentKt.runBlockingK(Builders.concurrent.kt:172)
	at kotlinx.coroutines.BuildersKt.runBlockingK(Unknown Source:1)
	at kotlinx.coroutines.BuildersKt__Builders_concurrentKt.runBlockingK$default(Builders.concurrent.kt:157)
	at kotlinx.coroutines.BuildersKt.runBlockingK$default(Unknown Source:1)
	at com.feedme.storage.AndroidStateActivationSyncFailureTest.realPostUnlinkDirectorySyncEioNeverTreatsVisibleConsumeAsDurableAcknowledgement(AndroidStateActivationSyncFailureTest.kt:54)
5) realJournalSyncEioRetainsExactKeyUntilFreshSuccessfulAbort(com.feedme.storage.AndroidStateActivationSyncFailureTest)
java.lang.IllegalStateException: Isolated SQLite sync injector unavailable [stage=9,vfs=3,name=1]
	at com.feedme.storage.SqliteSyncFailureInjector.install(Native Method)
	at com.feedme.storage.AndroidStateActivationSyncFailureTest.injectFailure(AndroidStateActivationSyncFailureTest.kt:137)
	at com.feedme.storage.AndroidStateActivationSyncFailureTest.failFirstAbort(AndroidStateActivationSyncFailureTest.kt:119)
	at com.feedme.storage.AndroidStateActivationSyncFailureTest.access$failFirstAbort(AndroidStateActivationSyncFailureTest.kt:32)
	at com.feedme.storage.AndroidStateActivationSyncFailureTest$failFirstAbort$1.invokeSuspend(Unknown Source:15)
	at kotlin.coroutines.jvm.internal.BaseContinuationImpl.resumeWith(ContinuationImpl.kt:34)
	at kotlinx.coroutines.DispatchedTask.run(DispatchedTask.kt:100)
	at kotlinx.coroutines.EventLoopImplBase.processNextEvent(EventLoop.common.kt:256)
	at kotlinx.coroutines.BlockingCoroutine.joinBlocking(Builders.kt:54)
	at kotlinx.coroutines.BuildersKt__BuildersKt.runBlockingImpl(Builders.kt:30)
	at kotlinx.coroutines.BuildersKt.runBlockingImpl(Unknown Source:1)
	at kotlinx.coroutines.BuildersKt__Builders_concurrentKt.runBlockingK(Builders.concurrent.kt:172)
	at kotlinx.coroutines.BuildersKt.runBlockingK(Unknown Source:1)
	at kotlinx.coroutines.BuildersKt__Builders_concurrentKt.runBlockingK$default(Builders.concurrent.kt:157)
	at kotlinx.coroutines.BuildersKt.runBlockingK$default(Unknown Source:1)
	at com.feedme.storage.AndroidStateActivationSyncFailureTest.realJournalSyncEioRetainsExactKeyUntilFreshSuccessfulAbort(AndroidStateActivationSyncFailureTest.kt:46)
6) observedAbortedReplayCannotAcknowledgeWhenItsNewJournalSyncFails(com.feedme.storage.AndroidStateActivationSyncFailureTest)
java.lang.IllegalStateException: Isolated SQLite sync injector unavailable [stage=9,vfs=3,name=1]
	at com.feedme.storage.SqliteSyncFailureInjector.install(Native Method)
	at com.feedme.storage.AndroidStateActivationSyncFailureTest.injectFailure(AndroidStateActivationSyncFailureTest.kt:137)
	at com.feedme.storage.AndroidStateActivationSyncFailureTest.access$injectFailure(AndroidStateActivationSyncFailureTest.kt:32)
	at com.feedme.storage.AndroidStateActivationSyncFailureTest$observedAbortedReplayCannotAcknowledgeWhenItsNewJournalSyncFails$1.invokeSuspend(AndroidStateActivationSyncFailureTest.kt:85)
	at kotlin.coroutines.jvm.internal.BaseContinuationImpl.resumeWith(ContinuationImpl.kt:34)
	at kotlinx.coroutines.DispatchedTask.run(DispatchedTask.kt:100)
	at kotlinx.coroutines.EventLoopImplBase.processNextEvent(EventLoop.common.kt:256)
	at kotlinx.coroutines.BlockingCoroutine.joinBlocking(Builders.kt:54)
	at kotlinx.coroutines.BuildersKt__BuildersKt.runBlockingImpl(Builders.kt:30)
	at kotlinx.coroutines.BuildersKt.runBlockingImpl(Unknown Source:1)
	at kotlinx.coroutines.BuildersKt__Builders_concurrentKt.runBlockingK(Builders.concurrent.kt:172)
	at kotlinx.coroutines.BuildersKt.runBlockingK(Unknown Source:1)
	at kotlinx.coroutines.BuildersKt__Builders_concurrentKt.runBlockingK$default(Builders.concurrent.kt:157)
	at kotlinx.coroutines.BuildersKt.runBlockingK$default(Unknown Source:1)
	at com.feedme.storage.AndroidStateActivationSyncFailureTest.observedAbortedReplayCannotAcknowledgeWhenItsNewJournalSyncFails(AndroidStateActivationSyncFailureTest.kt:78)

FAILURES!!!
Tests run: 6,  Failures: 6


INSTRUMENTATION_CODE: -1
