INSTRUMENTATION_STATUS: class=com.feedme.app.mealflow.AndroidMealFlowHostTest
INSTRUMENTATION_STATUS: current=1
INSTRUMENTATION_STATUS: id=AndroidJUnitRunner
INSTRUMENTATION_STATUS: numtests=7
INSTRUMENTATION_STATUS: stream=
com.feedme.app.mealflow.AndroidMealFlowHostTest:
INSTRUMENTATION_STATUS: test=saveAndBackAcknowledgesExactNativeDraftAndNewOwnerRestoresIt
INSTRUMENTATION_STATUS_CODE: 1
INSTRUMENTATION_STATUS: class=com.feedme.app.mealflow.AndroidMealFlowHostTest
INSTRUMENTATION_STATUS: current=1
INSTRUMENTATION_STATUS: id=AndroidJUnitRunner
INSTRUMENTATION_STATUS: numtests=7
INSTRUMENTATION_STATUS: stream=.
INSTRUMENTATION_STATUS: test=saveAndBackAcknowledgesExactNativeDraftAndNewOwnerRestoresIt
INSTRUMENTATION_STATUS_CODE: 0
INSTRUMENTATION_STATUS: class=com.feedme.app.mealflow.AndroidMealFlowHostTest
INSTRUMENTATION_STATUS: current=2
INSTRUMENTATION_STATUS: id=AndroidJUnitRunner
INSTRUMENTATION_STATUS: numtests=7
INSTRUMENTATION_STATUS: stream=
INSTRUMENTATION_STATUS: test=actualPlanRecipeAndSystemBackStayOnExactCandidateAcrossRecreation
INSTRUMENTATION_STATUS_CODE: 1
INSTRUMENTATION_STATUS: class=com.feedme.app.mealflow.AndroidMealFlowHostTest
INSTRUMENTATION_STATUS: current=2
INSTRUMENTATION_STATUS: id=AndroidJUnitRunner
INSTRUMENTATION_STATUS: numtests=7
INSTRUMENTATION_STATUS: stream=.
INSTRUMENTATION_STATUS: test=actualPlanRecipeAndSystemBackStayOnExactCandidateAcrossRecreation
INSTRUMENTATION_STATUS_CODE: 0
INSTRUMENTATION_STATUS: class=com.feedme.app.mealflow.AndroidMealFlowHostTest
INSTRUMENTATION_STATUS: current=3
INSTRUMENTATION_STATUS: id=AndroidJUnitRunner
INSTRUMENTATION_STATUS: numtests=7
INSTRUMENTATION_STATUS: stream=
INSTRUMENTATION_STATUS: test=invalidatedRealSessionSynchronouslyRedactsAndLatePlanCannotReviveUi
INSTRUMENTATION_STATUS_CODE: 1
INSTRUMENTATION_STATUS: class=com.feedme.app.mealflow.AndroidMealFlowHostTest
INSTRUMENTATION_STATUS: current=3
INSTRUMENTATION_STATUS: id=AndroidJUnitRunner
INSTRUMENTATION_STATUS: numtests=7
INSTRUMENTATION_STATUS: stream=.
INSTRUMENTATION_STATUS: test=invalidatedRealSessionSynchronouslyRedactsAndLatePlanCannotReviveUi
INSTRUMENTATION_STATUS_CODE: 0
INSTRUMENTATION_STATUS: class=com.feedme.app.mealflow.AndroidMealFlowHostTest
INSTRUMENTATION_STATUS: current=4
INSTRUMENTATION_STATUS: id=AndroidJUnitRunner
INSTRUMENTATION_STATUS: numtests=7
INSTRUMENTATION_STATUS: stream=
INSTRUMENTATION_STATUS: test=unknownPlanOutcomeRetainsExactKeyAndBodyUntilExplicitUiRetry
INSTRUMENTATION_STATUS_CODE: 1
INSTRUMENTATION_STATUS: class=com.feedme.app.mealflow.AndroidMealFlowHostTest
INSTRUMENTATION_STATUS: current=4
INSTRUMENTATION_STATUS: id=AndroidJUnitRunner
INSTRUMENTATION_STATUS: numtests=7
INSTRUMENTATION_STATUS: stream=.
INSTRUMENTATION_STATUS: test=unknownPlanOutcomeRetainsExactKeyAndBodyUntilExplicitUiRetry
INSTRUMENTATION_STATUS_CODE: 0
INSTRUMENTATION_STATUS: class=com.feedme.app.mealflow.AndroidMealFlowHostTest
INSTRUMENTATION_STATUS: current=5
INSTRUMENTATION_STATUS: id=AndroidJUnitRunner
INSTRUMENTATION_STATUS: numtests=7
INSTRUMENTATION_STATUS: stream=
INSTRUMENTATION_STATUS: test=recreationCancelsActiveUiRequestWithoutRotatingDurableRetryIntent
INSTRUMENTATION_STATUS_CODE: 1
INSTRUMENTATION_STATUS: class=com.feedme.app.mealflow.AndroidMealFlowHostTest
INSTRUMENTATION_STATUS: current=5
INSTRUMENTATION_STATUS: id=AndroidJUnitRunner
INSTRUMENTATION_STATUS: numtests=7
INSTRUMENTATION_STATUS: stream=.
INSTRUMENTATION_STATUS: test=recreationCancelsActiveUiRequestWithoutRotatingDurableRetryIntent
INSTRUMENTATION_STATUS_CODE: 0
INSTRUMENTATION_STATUS: class=com.feedme.app.mealflow.AndroidMealFlowHostTest
INSTRUMENTATION_STATUS: current=6
INSTRUMENTATION_STATUS: id=AndroidJUnitRunner
INSTRUMENTATION_STATUS: numtests=7
INSTRUMENTATION_STATUS: stream=
INSTRUMENTATION_STATUS: test=dirtyRecommendationSaveReturnsToRequestedDraftInsteadOfExitingJourney
INSTRUMENTATION_STATUS_CODE: 1
INSTRUMENTATION_STATUS: class=com.feedme.app.mealflow.AndroidMealFlowHostTest
INSTRUMENTATION_STATUS: current=6
INSTRUMENTATION_STATUS: id=AndroidJUnitRunner
INSTRUMENTATION_STATUS: numtests=7
INSTRUMENTATION_STATUS: stream=.
INSTRUMENTATION_STATUS: test=dirtyRecommendationSaveReturnsToRequestedDraftInsteadOfExitingJourney
INSTRUMENTATION_STATUS_CODE: 0
INSTRUMENTATION_STATUS: class=com.feedme.app.mealflow.AndroidMealFlowHostTest
INSTRUMENTATION_STATUS: current=7
INSTRUMENTATION_STATUS: id=AndroidJUnitRunner
INSTRUMENTATION_STATUS: numtests=7
INSTRUMENTATION_STATUS: stream=
INSTRUMENTATION_STATUS: test=dirtyPartialTextSurvivesRecreationAndSystemBackDismissesOrDiscards
INSTRUMENTATION_STATUS_CODE: 1
INSTRUMENTATION_STATUS: class=com.feedme.app.mealflow.AndroidMealFlowHostTest
INSTRUMENTATION_STATUS: current=7
INSTRUMENTATION_STATUS: id=AndroidJUnitRunner
INSTRUMENTATION_STATUS: numtests=7
INSTRUMENTATION_STATUS: stack=java.lang.AssertionError: expected:<INVALID_DATA> but was:<STORAGE_FAILURE>
	at org.junit.Assert.fail(Assert.java:89)
	at org.junit.Assert.failNotEquals(Assert.java:835)
	at org.junit.Assert.assertEquals(Assert.java:120)
	at org.junit.Assert.assertEquals(Assert.java:146)
	at com.feedme.app.mealflow.AndroidMealFlowHostTest$dirtyPartialTextSurvivesRecreationAndSystemBackDismissesOrDiscards$1$3.invokeSuspend(AndroidMealFlowHostTest.kt:135)
	at com.feedme.app.mealflow.AndroidMealFlowHostTest$dirtyPartialTextSurvivesRecreationAndSystemBackDismissesOrDiscards$1$3.invoke(Unknown Source:8)
	at com.feedme.app.mealflow.AndroidMealFlowHostTest$dirtyPartialTextSurvivesRecreationAndSystemBackDismissesOrDiscards$1$3.invoke(Unknown Source:2)
	at com.feedme.app.mealflow.AndroidMealFlowHostTest$main$1$1.invokeSuspend(AndroidMealFlowHostTest.kt:29)
	at kotlin.coroutines.jvm.internal.BaseContinuationImpl.resumeWith(ContinuationImpl.kt:34)
	at kotlinx.coroutines.DispatchedTask.run(DispatchedTask.kt:100)
	at android.os.Handler.handleCallback(Handler.java:959)
	at android.os.Handler.dispatchMessage(Handler.java:100)
	at android.os.Looper.loopOnce(Looper.java:232)
	at android.os.Looper.loop(Looper.java:317)
	at android.app.ActivityThread.main(ActivityThread.java:8705)
	at java.lang.reflect.Method.invoke(Native Method)
	at com.android.internal.os.RuntimeInit$MethodAndArgsCaller.run(RuntimeInit.java:580)
	at com.android.internal.os.ZygoteInit.main(ZygoteInit.java:886)

INSTRUMENTATION_STATUS: stream=
Error in dirtyPartialTextSurvivesRecreationAndSystemBackDismissesOrDiscards(com.feedme.app.mealflow.AndroidMealFlowHostTest):
java.lang.AssertionError: expected:<INVALID_DATA> but was:<STORAGE_FAILURE>
	at org.junit.Assert.fail(Assert.java:89)
	at org.junit.Assert.failNotEquals(Assert.java:835)
	at org.junit.Assert.assertEquals(Assert.java:120)
	at org.junit.Assert.assertEquals(Assert.java:146)
	at com.feedme.app.mealflow.AndroidMealFlowHostTest$dirtyPartialTextSurvivesRecreationAndSystemBackDismissesOrDiscards$1$3.invokeSuspend(AndroidMealFlowHostTest.kt:135)
	at com.feedme.app.mealflow.AndroidMealFlowHostTest$dirtyPartialTextSurvivesRecreationAndSystemBackDismissesOrDiscards$1$3.invoke(Unknown Source:8)
	at com.feedme.app.mealflow.AndroidMealFlowHostTest$dirtyPartialTextSurvivesRecreationAndSystemBackDismissesOrDiscards$1$3.invoke(Unknown Source:2)
	at com.feedme.app.mealflow.AndroidMealFlowHostTest$main$1$1.invokeSuspend(AndroidMealFlowHostTest.kt:29)
	at kotlin.coroutines.jvm.internal.BaseContinuationImpl.resumeWith(ContinuationImpl.kt:34)
	at kotlinx.coroutines.DispatchedTask.run(DispatchedTask.kt:100)
	at android.os.Handler.handleCallback(Handler.java:959)
	at android.os.Handler.dispatchMessage(Handler.java:100)
	at android.os.Looper.loopOnce(Looper.java:232)
	at android.os.Looper.loop(Looper.java:317)
	at android.app.ActivityThread.main(ActivityThread.java:8705)
	at java.lang.reflect.Method.invoke(Native Method)
	at com.android.internal.os.RuntimeInit$MethodAndArgsCaller.run(RuntimeInit.java:580)
	at com.android.internal.os.ZygoteInit.main(ZygoteInit.java:886)

INSTRUMENTATION_STATUS: test=dirtyPartialTextSurvivesRecreationAndSystemBackDismissesOrDiscards
INSTRUMENTATION_STATUS_CODE: -2
INSTRUMENTATION_RESULT: stream=

Time: 73.909
There was 1 failure:
1) dirtyPartialTextSurvivesRecreationAndSystemBackDismissesOrDiscards(com.feedme.app.mealflow.AndroidMealFlowHostTest)
java.lang.AssertionError: expected:<INVALID_DATA> but was:<STORAGE_FAILURE>
	at org.junit.Assert.fail(Assert.java:89)
	at org.junit.Assert.failNotEquals(Assert.java:835)
	at org.junit.Assert.assertEquals(Assert.java:120)
	at org.junit.Assert.assertEquals(Assert.java:146)
	at com.feedme.app.mealflow.AndroidMealFlowHostTest$dirtyPartialTextSurvivesRecreationAndSystemBackDismissesOrDiscards$1$3.invokeSuspend(AndroidMealFlowHostTest.kt:135)
	at com.feedme.app.mealflow.AndroidMealFlowHostTest$dirtyPartialTextSurvivesRecreationAndSystemBackDismissesOrDiscards$1$3.invoke(Unknown Source:8)
	at com.feedme.app.mealflow.AndroidMealFlowHostTest$dirtyPartialTextSurvivesRecreationAndSystemBackDismissesOrDiscards$1$3.invoke(Unknown Source:2)
	at com.feedme.app.mealflow.AndroidMealFlowHostTest$main$1$1.invokeSuspend(AndroidMealFlowHostTest.kt:29)
	at kotlin.coroutines.jvm.internal.BaseContinuationImpl.resumeWith(ContinuationImpl.kt:34)
	at kotlinx.coroutines.DispatchedTask.run(DispatchedTask.kt:100)
	at android.os.Handler.handleCallback(Handler.java:959)
	at android.os.Handler.dispatchMessage(Handler.java:100)
	at android.os.Looper.loopOnce(Looper.java:232)
	at android.os.Looper.loop(Looper.java:317)
	at android.app.ActivityThread.main(ActivityThread.java:8705)
	at java.lang.reflect.Method.invoke(Native Method)
	at com.android.internal.os.RuntimeInit$MethodAndArgsCaller.run(RuntimeInit.java:580)
	at com.android.internal.os.ZygoteInit.main(ZygoteInit.java:886)

FAILURES!!!
Tests run: 7,  Failures: 1


INSTRUMENTATION_CODE: -1
