INSTRUMENTATION_STATUS: class=com.feedme.session.AndroidLiveSessionSetupCoordinatorTest
INSTRUMENTATION_STATUS: current=1
INSTRUMENTATION_STATUS: id=AndroidJUnitRunner
INSTRUMENTATION_STATUS: numtests=11
INSTRUMENTATION_STATUS: stream=
com.feedme.session.AndroidLiveSessionSetupCoordinatorTest:
INSTRUMENTATION_STATUS: test=threeRealPlansAreJournalledBeforeCredentialDataAndWorkSelectionWithoutGrantingAccess
INSTRUMENTATION_STATUS_CODE: 1
INSTRUMENTATION_STATUS: class=com.feedme.session.AndroidLiveSessionSetupCoordinatorTest
INSTRUMENTATION_STATUS: current=1
INSTRUMENTATION_STATUS: id=AndroidJUnitRunner
INSTRUMENTATION_STATUS: numtests=11
INSTRUMENTATION_STATUS: stream=.
INSTRUMENTATION_STATUS: test=threeRealPlansAreJournalledBeforeCredentialDataAndWorkSelectionWithoutGrantingAccess
INSTRUMENTATION_STATUS_CODE: 0
INSTRUMENTATION_STATUS: class=com.feedme.session.AndroidLiveSessionSetupCoordinatorTest
INSTRUMENTATION_STATUS: current=2
INSTRUMENTATION_STATUS: id=AndroidJUnitRunner
INSTRUMENTATION_STATUS: numtests=11
INSTRUMENTATION_STATUS: stream=
INSTRUMENTATION_STATUS: test=cancelAndCloseDoNotClearTheExactPendingJournalOrGrantResourceCleanupAuthority
INSTRUMENTATION_STATUS_CODE: 1
INSTRUMENTATION_STATUS: class=com.feedme.session.AndroidLiveSessionSetupCoordinatorTest
INSTRUMENTATION_STATUS: current=2
INSTRUMENTATION_STATUS: id=AndroidJUnitRunner
INSTRUMENTATION_STATUS: numtests=11
INSTRUMENTATION_STATUS: stream=.
INSTRUMENTATION_STATUS: test=cancelAndCloseDoNotClearTheExactPendingJournalOrGrantResourceCleanupAuthority
INSTRUMENTATION_STATUS_CODE: 0
INSTRUMENTATION_STATUS: class=com.feedme.session.AndroidLiveSessionSetupCoordinatorTest
INSTRUMENTATION_STATUS: current=3
INSTRUMENTATION_STATUS: id=AndroidJUnitRunner
INSTRUMENTATION_STATUS: numtests=11
INSTRUMENTATION_STATUS: stream=
INSTRUMENTATION_STATUS: test=successfulControlCommitWithLostReceiptCannotSelectUntilExactFreshAcknowledgement
INSTRUMENTATION_STATUS_CODE: 1
INSTRUMENTATION_STATUS: class=com.feedme.session.AndroidLiveSessionSetupCoordinatorTest
INSTRUMENTATION_STATUS: current=3
INSTRUMENTATION_STATUS: id=AndroidJUnitRunner
INSTRUMENTATION_STATUS: numtests=11
INSTRUMENTATION_STATUS: stream=.
INSTRUMENTATION_STATUS: test=successfulControlCommitWithLostReceiptCannotSelectUntilExactFreshAcknowledgement
INSTRUMENTATION_STATUS_CODE: 0
INSTRUMENTATION_STATUS: class=com.feedme.session.AndroidLiveSessionSetupCoordinatorTest
INSTRUMENTATION_STATUS: current=4
INSTRUMENTATION_STATUS: id=AndroidJUnitRunner
INSTRUMENTATION_STATUS: numtests=11
INSTRUMENTATION_STATUS: stream=
INSTRUMENTATION_STATUS: test=lostWorkSelectionReceiptRequiresExactSelectedReplayAndKeepsCompositeBarrier
INSTRUMENTATION_STATUS_CODE: 1
INSTRUMENTATION_STATUS: class=com.feedme.session.AndroidLiveSessionSetupCoordinatorTest
INSTRUMENTATION_STATUS: current=4
INSTRUMENTATION_STATUS: id=AndroidJUnitRunner
INSTRUMENTATION_STATUS: numtests=11
INSTRUMENTATION_STATUS: stream=.
INSTRUMENTATION_STATUS: test=lostWorkSelectionReceiptRequiresExactSelectedReplayAndKeepsCompositeBarrier
INSTRUMENTATION_STATUS_CODE: 0
INSTRUMENTATION_STATUS: class=com.feedme.session.AndroidLiveSessionSetupCoordinatorTest
INSTRUMENTATION_STATUS: current=5
INSTRUMENTATION_STATUS: id=AndroidJUnitRunner
INSTRUMENTATION_STATUS: numtests=11
INSTRUMENTATION_STATUS: stream=
INSTRUMENTATION_STATUS: test=failedJournalWriteLeavesAllThreeNativePlansUnselectedAndRetriesWithoutReplanning
INSTRUMENTATION_STATUS_CODE: 1
INSTRUMENTATION_STATUS: class=com.feedme.session.AndroidLiveSessionSetupCoordinatorTest
INSTRUMENTATION_STATUS: current=5
INSTRUMENTATION_STATUS: id=AndroidJUnitRunner
INSTRUMENTATION_STATUS: numtests=11
INSTRUMENTATION_STATUS: stream=.
INSTRUMENTATION_STATUS: test=failedJournalWriteLeavesAllThreeNativePlansUnselectedAndRetriesWithoutReplanning
INSTRUMENTATION_STATUS_CODE: 0
INSTRUMENTATION_STATUS: class=com.feedme.session.AndroidLiveSessionSetupCoordinatorTest
INSTRUMENTATION_STATUS: current=6
INSTRUMENTATION_STATUS: id=AndroidJUnitRunner
INSTRUMENTATION_STATUS: numtests=11
INSTRUMENTATION_STATUS: stream=
INSTRUMENTATION_STATUS: test=lostDataSelectionReceiptRetainsExactEmptyOwnerAndDoesNotSelectWorkEarly
INSTRUMENTATION_STATUS_CODE: 1
INSTRUMENTATION_STATUS: class=com.feedme.session.AndroidLiveSessionSetupCoordinatorTest
INSTRUMENTATION_STATUS: current=6
INSTRUMENTATION_STATUS: id=AndroidJUnitRunner
INSTRUMENTATION_STATUS: numtests=11
INSTRUMENTATION_STATUS: stream=.
INSTRUMENTATION_STATUS: test=lostDataSelectionReceiptRetainsExactEmptyOwnerAndDoesNotSelectWorkEarly
INSTRUMENTATION_STATUS_CODE: 0
INSTRUMENTATION_STATUS: class=com.feedme.session.AndroidLiveSessionSetupCoordinatorTest
INSTRUMENTATION_STATUS: current=7
INSTRUMENTATION_STATUS: id=AndroidJUnitRunner
INSTRUMENTATION_STATUS: numtests=11
INSTRUMENTATION_STATUS: stream=
INSTRUMENTATION_STATUS: test=failedExactReadbackAfterControlCommitCannotAuthorizeSelectionOrReplanning
INSTRUMENTATION_STATUS_CODE: 1
INSTRUMENTATION_STATUS: class=com.feedme.session.AndroidLiveSessionSetupCoordinatorTest
INSTRUMENTATION_STATUS: current=7
INSTRUMENTATION_STATUS: id=AndroidJUnitRunner
INSTRUMENTATION_STATUS: numtests=11
INSTRUMENTATION_STATUS: stream=.
INSTRUMENTATION_STATUS: test=failedExactReadbackAfterControlCommitCannotAuthorizeSelectionOrReplanning
INSTRUMENTATION_STATUS_CODE: 0
INSTRUMENTATION_STATUS: class=com.feedme.session.AndroidLiveSessionSetupCoordinatorTest
INSTRUMENTATION_STATUS: current=8
INSTRUMENTATION_STATUS: id=AndroidJUnitRunner
INSTRUMENTATION_STATUS: numtests=11
INSTRUMENTATION_STATUS: stream=
INSTRUMENTATION_STATUS: test=freshCoordinatorCannotContinuePersistedPlanWithoutOriginalVerifiedInMemoryAttempt
INSTRUMENTATION_STATUS_CODE: 1
INSTRUMENTATION_STATUS: class=com.feedme.session.AndroidLiveSessionSetupCoordinatorTest
INSTRUMENTATION_STATUS: current=8
INSTRUMENTATION_STATUS: id=AndroidJUnitRunner
INSTRUMENTATION_STATUS: numtests=11
INSTRUMENTATION_STATUS: stream=.
INSTRUMENTATION_STATUS: test=freshCoordinatorCannotContinuePersistedPlanWithoutOriginalVerifiedInMemoryAttempt
INSTRUMENTATION_STATUS_CODE: 0
INSTRUMENTATION_STATUS: class=com.feedme.session.AndroidLiveSessionSetupCoordinatorTest
INSTRUMENTATION_STATUS: current=9
INSTRUMENTATION_STATUS: id=AndroidJUnitRunner
INSTRUMENTATION_STATUS: numtests=11
INSTRUMENTATION_STATUS: stream=
INSTRUMENTATION_STATUS: test=lostCredentialSelectionReceiptRetainsExactPlanAndStopsLaterNativeSelections
INSTRUMENTATION_STATUS_CODE: 1
INSTRUMENTATION_STATUS: class=com.feedme.session.AndroidLiveSessionSetupCoordinatorTest
INSTRUMENTATION_STATUS: current=9
INSTRUMENTATION_STATUS: id=AndroidJUnitRunner
INSTRUMENTATION_STATUS: numtests=11
INSTRUMENTATION_STATUS: stream=.
INSTRUMENTATION_STATUS: test=lostCredentialSelectionReceiptRetainsExactPlanAndStopsLaterNativeSelections
INSTRUMENTATION_STATUS_CODE: 0
INSTRUMENTATION_STATUS: class=com.feedme.session.AndroidLiveSessionSetupCoordinatorTest
INSTRUMENTATION_STATUS: current=10
INSTRUMENTATION_STATUS: id=AndroidJUnitRunner
INSTRUMENTATION_STATUS: numtests=11
INSTRUMENTATION_STATUS: stream=
INSTRUMENTATION_STATUS: test=ordinaryWorkOriginCannotBeCrossJoinedEvenWhenItCopiesTheExactPlannedOrigin
INSTRUMENTATION_STATUS_CODE: 1
INSTRUMENTATION_STATUS: class=com.feedme.session.AndroidLiveSessionSetupCoordinatorTest
INSTRUMENTATION_STATUS: current=10
INSTRUMENTATION_STATUS: id=AndroidJUnitRunner
INSTRUMENTATION_STATUS: numtests=11
INSTRUMENTATION_STATUS: stream=.
INSTRUMENTATION_STATUS: test=ordinaryWorkOriginCannotBeCrossJoinedEvenWhenItCopiesTheExactPlannedOrigin
INSTRUMENTATION_STATUS_CODE: 0
INSTRUMENTATION_STATUS: class=com.feedme.session.AndroidLiveSessionSetupCoordinatorTest
INSTRUMENTATION_STATUS: current=11
INSTRUMENTATION_STATUS: id=AndroidJUnitRunner
INSTRUMENTATION_STATUS: numtests=11
INSTRUMENTATION_STATUS: stream=
INSTRUMENTATION_STATUS: test=selectedPrivateRecordsIncludingTombstonesBlockRetryBeforeAnyFurtherSelection
INSTRUMENTATION_STATUS_CODE: 1
INSTRUMENTATION_STATUS: class=com.feedme.session.AndroidLiveSessionSetupCoordinatorTest
INSTRUMENTATION_STATUS: current=11
INSTRUMENTATION_STATUS: id=AndroidJUnitRunner
INSTRUMENTATION_STATUS: numtests=11
INSTRUMENTATION_STATUS: stream=.
INSTRUMENTATION_STATUS: test=selectedPrivateRecordsIncludingTombstonesBlockRetryBeforeAnyFurtherSelection
INSTRUMENTATION_STATUS_CODE: 0
INSTRUMENTATION_RESULT: stream=

Time: 5.441

OK (11 tests)


INSTRUMENTATION_CODE: -1
