INSTRUMENTATION_STATUS: class=com.feedme.session.AndroidLocalRetirementIntegrationTest
INSTRUMENTATION_STATUS: current=1
INSTRUMENTATION_STATUS: id=AndroidJUnitRunner
INSTRUMENTATION_STATUS: numtests=6
INSTRUMENTATION_STATUS: stream=
com.feedme.session.AndroidLocalRetirementIntegrationTest:
INSTRUMENTATION_STATUS: test=runtimeCreatesRestoresExactNativeBindingAndRetiresAllRealResources
INSTRUMENTATION_STATUS_CODE: 1
INSTRUMENTATION_STATUS: class=com.feedme.session.AndroidLocalRetirementIntegrationTest
INSTRUMENTATION_STATUS: current=1
INSTRUMENTATION_STATUS: id=AndroidJUnitRunner
INSTRUMENTATION_STATUS: numtests=6
INSTRUMENTATION_STATUS: stream=.
INSTRUMENTATION_STATUS: test=runtimeCreatesRestoresExactNativeBindingAndRetiresAllRealResources
INSTRUMENTATION_STATUS_CODE: 0
INSTRUMENTATION_STATUS: class=com.feedme.session.AndroidLocalRetirementIntegrationTest
INSTRUMENTATION_STATUS: current=2
INSTRUMENTATION_STATUS: id=AndroidJUnitRunner
INSTRUMENTATION_STATUS: numtests=6
INSTRUMENTATION_STATUS: stream=
INSTRUMENTATION_STATUS: test=delayedPriorTargetsCannotEraseNewSameOwnerCredentialsDataOrNativeOrigin
INSTRUMENTATION_STATUS_CODE: 1
INSTRUMENTATION_STATUS: class=com.feedme.session.AndroidLocalRetirementIntegrationTest
INSTRUMENTATION_STATUS: current=2
INSTRUMENTATION_STATUS: id=AndroidJUnitRunner
INSTRUMENTATION_STATUS: numtests=6
INSTRUMENTATION_STATUS: stream=.
INSTRUMENTATION_STATUS: test=delayedPriorTargetsCannotEraseNewSameOwnerCredentialsDataOrNativeOrigin
INSTRUMENTATION_STATUS_CODE: 0
INSTRUMENTATION_STATUS: class=com.feedme.session.AndroidLocalRetirementIntegrationTest
INSTRUMENTATION_STATUS: current=3
INSTRUMENTATION_STATUS: id=AndroidJUnitRunner
INSTRUMENTATION_STATUS: numtests=6
INSTRUMENTATION_STATUS: stream=
INSTRUMENTATION_STATUS: test=realLogoutErasesExactIdentityAndCancelsOnlyItsNativeTickets
INSTRUMENTATION_STATUS_CODE: 1
INSTRUMENTATION_STATUS: class=com.feedme.session.AndroidLocalRetirementIntegrationTest
INSTRUMENTATION_STATUS: current=3
INSTRUMENTATION_STATUS: id=AndroidJUnitRunner
INSTRUMENTATION_STATUS: numtests=6
INSTRUMENTATION_STATUS: stream=.
INSTRUMENTATION_STATUS: test=realLogoutErasesExactIdentityAndCancelsOnlyItsNativeTickets
INSTRUMENTATION_STATUS_CODE: 0
INSTRUMENTATION_STATUS: class=com.feedme.session.AndroidLocalRetirementIntegrationTest
INSTRUMENTATION_STATUS: current=4
INSTRUMENTATION_STATUS: id=AndroidJUnitRunner
INSTRUMENTATION_STATUS: numtests=6
INSTRUMENTATION_STATUS: stream=
INSTRUMENTATION_STATUS: test=coherentMetadataDoesNotClaimMissingOrDamagedCredentialMaterialIsUsable
INSTRUMENTATION_STATUS_CODE: 1
INSTRUMENTATION_STATUS: class=com.feedme.session.AndroidLocalRetirementIntegrationTest
INSTRUMENTATION_STATUS: current=4
INSTRUMENTATION_STATUS: id=AndroidJUnitRunner
INSTRUMENTATION_STATUS: numtests=6
INSTRUMENTATION_STATUS: stream=.
INSTRUMENTATION_STATUS: test=coherentMetadataDoesNotClaimMissingOrDamagedCredentialMaterialIsUsable
INSTRUMENTATION_STATUS_CODE: 0
INSTRUMENTATION_STATUS: class=com.feedme.session.AndroidLocalRetirementIntegrationTest
INSTRUMENTATION_STATUS: current=5
INSTRUMENTATION_STATUS: id=AndroidJUnitRunner
INSTRUMENTATION_STATUS: numtests=6
INSTRUMENTATION_STATUS: stream=
INSTRUMENTATION_STATUS: test=recoveryInspectionAfterReopenPreservesNativeEvidenceWithoutVerificationOrActivation
INSTRUMENTATION_STATUS_CODE: 1
INSTRUMENTATION_STATUS: class=com.feedme.session.AndroidLocalRetirementIntegrationTest
INSTRUMENTATION_STATUS: current=5
INSTRUMENTATION_STATUS: id=AndroidJUnitRunner
INSTRUMENTATION_STATUS: numtests=6
INSTRUMENTATION_STATUS: stream=.
INSTRUMENTATION_STATUS: test=recoveryInspectionAfterReopenPreservesNativeEvidenceWithoutVerificationOrActivation
INSTRUMENTATION_STATUS_CODE: 0
INSTRUMENTATION_STATUS: class=com.feedme.session.AndroidLocalRetirementIntegrationTest
INSTRUMENTATION_STATUS: current=6
INSTRUMENTATION_STATUS: id=AndroidJUnitRunner
INSTRUMENTATION_STATUS: numtests=6
INSTRUMENTATION_STATUS: stream=
INSTRUMENTATION_STATUS: test=lostNativeCancellationAcknowledgementKeepsBarrierAndRecoversAfterAllStoresReopenWithoutLease
INSTRUMENTATION_STATUS_CODE: 1
INSTRUMENTATION_STATUS: class=com.feedme.session.AndroidLocalRetirementIntegrationTest
INSTRUMENTATION_STATUS: current=6
INSTRUMENTATION_STATUS: id=AndroidJUnitRunner
INSTRUMENTATION_STATUS: numtests=6
INSTRUMENTATION_STATUS: stream=.
INSTRUMENTATION_STATUS: test=lostNativeCancellationAcknowledgementKeepsBarrierAndRecoversAfterAllStoresReopenWithoutLease
INSTRUMENTATION_STATUS_CODE: 0
INSTRUMENTATION_RESULT: stream=

Time: 3.61

OK (6 tests)


INSTRUMENTATION_CODE: -1
