INSTRUMENTATION_STATUS: class=com.feedme.session.AndroidCompositeSetupAbortTest
INSTRUMENTATION_STATUS: current=1
INSTRUMENTATION_STATUS: id=AndroidJUnitRunner
INSTRUMENTATION_STATUS: numtests=10
INSTRUMENTATION_STATUS: stream=
com.feedme.session.AndroidCompositeSetupAbortTest:
INSTRUMENTATION_STATUS: test=changedControlWorkOrBindingEvidenceInvalidatesProposalBeforeAnyCleanup
INSTRUMENTATION_STATUS_CODE: 1
INSTRUMENTATION_STATUS: class=com.feedme.session.AndroidCompositeSetupAbortTest
INSTRUMENTATION_STATUS: current=1
INSTRUMENTATION_STATUS: id=AndroidJUnitRunner
INSTRUMENTATION_STATUS: numtests=10
INSTRUMENTATION_STATUS: stream=.
INSTRUMENTATION_STATUS: test=changedControlWorkOrBindingEvidenceInvalidatesProposalBeforeAnyCleanup
INSTRUMENTATION_STATUS_CODE: 0
INSTRUMENTATION_STATUS: class=com.feedme.session.AndroidCompositeSetupAbortTest
INSTRUMENTATION_STATUS: current=2
INSTRUMENTATION_STATUS: id=AndroidJUnitRunner
INSTRUMENTATION_STATUS: numtests=10
INSTRUMENTATION_STATUS: stream=
INSTRUMENTATION_STATUS: test=closedGenerationAndCancelledOrClosedSuspendedConfirmationCannotBorrowProposalAuthority
INSTRUMENTATION_STATUS_CODE: 1
INSTRUMENTATION_STATUS: class=com.feedme.session.AndroidCompositeSetupAbortTest
INSTRUMENTATION_STATUS: current=2
INSTRUMENTATION_STATUS: id=AndroidJUnitRunner
INSTRUMENTATION_STATUS: numtests=10
INSTRUMENTATION_STATUS: stream=.
INSTRUMENTATION_STATUS: test=closedGenerationAndCancelledOrClosedSuspendedConfirmationCannotBorrowProposalAuthority
INSTRUMENTATION_STATUS_CODE: 0
INSTRUMENTATION_STATUS: class=com.feedme.session.AndroidCompositeSetupAbortTest
INSTRUMENTATION_STATUS: current=3
INSTRUMENTATION_STATUS: id=AndroidJUnitRunner
INSTRUMENTATION_STATUS: numtests=10
INSTRUMENTATION_STATUS: stream=
INSTRUMENTATION_STATUS: test=failedOrLostConfirmationWriteCannotAuthorizeEvenTheFirstNativeAbort
INSTRUMENTATION_STATUS_CODE: 1
INSTRUMENTATION_STATUS: class=com.feedme.session.AndroidCompositeSetupAbortTest
INSTRUMENTATION_STATUS: current=3
INSTRUMENTATION_STATUS: id=AndroidJUnitRunner
INSTRUMENTATION_STATUS: numtests=10
INSTRUMENTATION_STATUS: stream=.
INSTRUMENTATION_STATUS: test=failedOrLostConfirmationWriteCannotAuthorizeEvenTheFirstNativeAbort
INSTRUMENTATION_STATUS_CODE: 0
INSTRUMENTATION_STATUS: class=com.feedme.session.AndroidCompositeSetupAbortTest
INSTRUMENTATION_STATUS: current=4
INSTRUMENTATION_STATUS: id=AndroidJUnitRunner
INSTRUMENTATION_STATUS: numtests=10
INSTRUMENTATION_STATUS: stream=
INSTRUMENTATION_STATUS: test=visibleWorkAbortAndRepeatedLostReplayAcknowledgementCannotAdvanceToPrivateCleanup
INSTRUMENTATION_STATUS_CODE: 1
INSTRUMENTATION_STATUS: class=com.feedme.session.AndroidCompositeSetupAbortTest
INSTRUMENTATION_STATUS: current=4
INSTRUMENTATION_STATUS: id=AndroidJUnitRunner
INSTRUMENTATION_STATUS: numtests=10
INSTRUMENTATION_STATUS: stream=.
INSTRUMENTATION_STATUS: test=visibleWorkAbortAndRepeatedLostReplayAcknowledgementCannotAdvanceToPrivateCleanup
INSTRUMENTATION_STATUS_CODE: 0
INSTRUMENTATION_STATUS: class=com.feedme.session.AndroidCompositeSetupAbortTest
INSTRUMENTATION_STATUS: current=5
INSTRUMENTATION_STATUS: id=AndroidJUnitRunner
INSTRUMENTATION_STATUS: numtests=10
INSTRUMENTATION_STATUS: stream=
INSTRUMENTATION_STATUS: test=lostCredentialAbortReceiptRetainsConfirmedJournalAndFreshRetryReacknowledgesAllResources
INSTRUMENTATION_STATUS_CODE: 1
INSTRUMENTATION_STATUS: class=com.feedme.session.AndroidCompositeSetupAbortTest
INSTRUMENTATION_STATUS: current=5
INSTRUMENTATION_STATUS: id=AndroidJUnitRunner
INSTRUMENTATION_STATUS: numtests=10
INSTRUMENTATION_STATUS: stream=.
INSTRUMENTATION_STATUS: test=lostCredentialAbortReceiptRetainsConfirmedJournalAndFreshRetryReacknowledgesAllResources
INSTRUMENTATION_STATUS_CODE: 0
INSTRUMENTATION_STATUS: class=com.feedme.session.AndroidCompositeSetupAbortTest
INSTRUMENTATION_STATUS: current=6
INSTRUMENTATION_STATUS: id=AndroidJUnitRunner
INSTRUMENTATION_STATUS: numtests=10
INSTRUMENTATION_STATUS: stream=
INSTRUMENTATION_STATUS: test=explicitConfirmationAbortsEveryPreparedThroughSealedStageWithoutPublishingOrClosingOwners
INSTRUMENTATION_STATUS_CODE: 1
INSTRUMENTATION_STATUS: class=com.feedme.session.AndroidCompositeSetupAbortTest
INSTRUMENTATION_STATUS: current=6
INSTRUMENTATION_STATUS: id=AndroidJUnitRunner
INSTRUMENTATION_STATUS: numtests=10
INSTRUMENTATION_STATUS: stream=.
INSTRUMENTATION_STATUS: test=explicitConfirmationAbortsEveryPreparedThroughSealedStageWithoutPublishingOrClosingOwners
INSTRUMENTATION_STATUS_CODE: 0
INSTRUMENTATION_STATUS: class=com.feedme.session.AndroidCompositeSetupAbortTest
INSTRUMENTATION_STATUS: current=7
INSTRUMENTATION_STATUS: id=AndroidJUnitRunner
INSTRUMENTATION_STATUS: numtests=10
INSTRUMENTATION_STATUS: stream=
INSTRUMENTATION_STATUS: test=selectedMissingAndDamagedCredentialMaterialCanBeExplicitlyAbortedWithoutSecretReads
INSTRUMENTATION_STATUS_CODE: 1
INSTRUMENTATION_STATUS: class=com.feedme.session.AndroidCompositeSetupAbortTest
INSTRUMENTATION_STATUS: current=7
INSTRUMENTATION_STATUS: id=AndroidJUnitRunner
INSTRUMENTATION_STATUS: numtests=10
INSTRUMENTATION_STATUS: stream=.
INSTRUMENTATION_STATUS: test=selectedMissingAndDamagedCredentialMaterialCanBeExplicitlyAbortedWithoutSecretReads
INSTRUMENTATION_STATUS_CODE: 0
INSTRUMENTATION_STATUS: class=com.feedme.session.AndroidCompositeSetupAbortTest
INSTRUMENTATION_STATUS: current=8
INSTRUMENTATION_STATUS: id=AndroidJUnitRunner
INSTRUMENTATION_STATUS: numtests=10
INSTRUMENTATION_STATUS: stream=
INSTRUMENTATION_STATUS: test=missingAbortCapabilityAndChangedConfigurationNeverFallBackToLegacyCleanup
INSTRUMENTATION_STATUS_CODE: 1
INSTRUMENTATION_STATUS: class=com.feedme.session.AndroidCompositeSetupAbortTest
INSTRUMENTATION_STATUS: current=8
INSTRUMENTATION_STATUS: id=AndroidJUnitRunner
INSTRUMENTATION_STATUS: numtests=10
INSTRUMENTATION_STATUS: stream=.
INSTRUMENTATION_STATUS: test=missingAbortCapabilityAndChangedConfigurationNeverFallBackToLegacyCleanup
INSTRUMENTATION_STATUS_CODE: 0
INSTRUMENTATION_STATUS: class=com.feedme.session.AndroidCompositeSetupAbortTest
INSTRUMENTATION_STATUS: current=9
INSTRUMENTATION_STATUS: id=AndroidJUnitRunner
INSTRUMENTATION_STATUS: numtests=10
INSTRUMENTATION_STATUS: stream=
INSTRUMENTATION_STATUS: test=malformedJournalAdditionalRowsTombstonesAndUsedWorkBlockConfirmationWithoutEffects
INSTRUMENTATION_STATUS_CODE: 1
INSTRUMENTATION_STATUS: class=com.feedme.session.AndroidCompositeSetupAbortTest
INSTRUMENTATION_STATUS: current=9
INSTRUMENTATION_STATUS: id=AndroidJUnitRunner
INSTRUMENTATION_STATUS: numtests=10
INSTRUMENTATION_STATUS: stream=.
INSTRUMENTATION_STATUS: test=malformedJournalAdditionalRowsTombstonesAndUsedWorkBlockConfirmationWithoutEffects
INSTRUMENTATION_STATUS_CODE: 0
INSTRUMENTATION_STATUS: class=com.feedme.session.AndroidCompositeSetupAbortTest
INSTRUMENTATION_STATUS: current=10
INSTRUMENTATION_STATUS: id=AndroidJUnitRunner
INSTRUMENTATION_STATUS: numtests=10
INSTRUMENTATION_STATUS: stream=
INSTRUMENTATION_STATUS: test=lostFinalControlReceiptNeedsExactLiveRetryAndFreshRuntimeCannotInferItsAuthority
INSTRUMENTATION_STATUS_CODE: 1
INSTRUMENTATION_STATUS: class=com.feedme.session.AndroidCompositeSetupAbortTest
INSTRUMENTATION_STATUS: current=10
INSTRUMENTATION_STATUS: id=AndroidJUnitRunner
INSTRUMENTATION_STATUS: numtests=10
INSTRUMENTATION_STATUS: stream=.
INSTRUMENTATION_STATUS: test=lostFinalControlReceiptNeedsExactLiveRetryAndFreshRuntimeCannotInferItsAuthority
INSTRUMENTATION_STATUS_CODE: 0
INSTRUMENTATION_RESULT: stream=

Time: 21.068

OK (10 tests)


INSTRUMENTATION_CODE: -1
