regular: 20 tests passed
restart-write: 1 tests passed
restart-read: 1 tests passed
{
  "startedAt": "2026-09-13T10:26:34.933Z",
  "passed": true,
  "serial": "emulator-5554",
  "scope": "Isolated Android library tests only; not FeedMe UI/auth integration, hard-kill-in-transaction, physical-device, power-loss or iOS proof.",
  "apk": {
    "path": "shared/storage/build/outputs/apk/androidTest/debug/storage-debug-androidTest.apk",
    "bytes": 6241103,
    "sha256": "9e9df2a838772f65d2a78a59cb7dd97cce6c7da733092a28c539dba424e9dd61"
  },
  "attemptDirectory": "docs/verification/client-storage/android-attempts/2026-09-13T10-26-34.931Z",
  "checks": [
    {
      "name": "regular",
      "classes": "com.feedme.storage.AndroidStateVaultTest,com.feedme.storage.AndroidStateDatabaseTest,com.feedme.storage.AndroidSessionControlStoreTest",
      "passed": true,
      "tests": 20,
      "expected": 20,
      "log": "docs/verification/client-storage/android-attempts/2026-09-13T10-26-34.931Z/regular.log"
    },
    {
      "name": "restart-write",
      "classes": "com.feedme.storage.AndroidStateProcessRestartTest#writeFixture",
      "stage": "write",
      "passed": true,
      "tests": 1,
      "expected": 1,
      "log": "docs/verification/client-storage/android-attempts/2026-09-13T10-26-34.931Z/restart-write.log"
    },
    {
      "name": "restart-read",
      "classes": "com.feedme.storage.AndroidStateProcessRestartTest#readFixtureAndCleanup",
      "stage": "read",
      "passed": true,
      "tests": 1,
      "expected": 1,
      "log": "docs/verification/client-storage/android-attempts/2026-09-13T10-26-34.931Z/restart-read.log"
    },
    {
      "name": "owned-test-directories-cleaned",
      "passed": true
    }
  ],
  "androidApi": "35",
  "androidAbi": "arm64-v8a",
  "finishedAt": "2026-09-13T10:26:36.785Z"
}
