regular: 43 tests passed
restart-write: 1 tests passed
restart-read: 1 tests passed
{
  "startedAt": "2026-09-13T13:35:35.674Z",
  "passed": true,
  "serial": "emulator-5554",
  "scope": "Isolated Android storage/control/work library tests and low-level authenticated private-data activation planning/selection. The activation slice returns only a selection acknowledgement, preserves exact interrupted key ownership and does not integrate a setup journal, existing-only abort, work-origin planning or durable selected-replay re-acknowledgement. Separate historical restart-write/read stages cover a persisted storage fixture; injected native activation faults and close/reopen are not process-hard-kill or power-loss proof. Not FeedMe UI/provider/auth integration, physical-device, iOS or release proof.",
  "apk": {
    "path": "shared/storage/build/outputs/apk/androidTest/debug/storage-debug-androidTest.apk",
    "bytes": 6306639,
    "sha256": "49ddbde04b177ed785c51de52fa703145516fa42cddccaff71136a470bc14d47"
  },
  "apkMetadata": {
    "path": "docs/verification/client-storage/android-attempts/2026-09-13T13-35-35.674Z/output-metadata.json",
    "bytes": 429,
    "sha256": "def5dc8ca9219547edb6ce42c831d996df0a557fa7f7b584b0d9e73da9bddbaa"
  },
  "attemptDirectory": "docs/verification/client-storage/android-attempts/2026-09-13T13-35-35.674Z",
  "checks": [
    {
      "name": "regular",
      "classes": "com.feedme.storage.AndroidStateVaultTest,com.feedme.storage.AndroidStateDatabaseTest,com.feedme.storage.AndroidSessionControlStoreTest,com.feedme.storage.AndroidSessionWorkStoreTest,com.feedme.storage.AndroidStateActivationPlanTest",
      "passed": true,
      "tests": 43,
      "expected": 43,
      "identities": [
        "com.feedme.storage.AndroidStateVaultTest#existingDatabaseNeverRecreatesMissingIndexKey",
        "com.feedme.storage.AndroidStateVaultTest#authenticationRejectsChangedPayloadTagNonceAadAndKey",
        "com.feedme.storage.AndroidStateVaultTest#erasedOwnerKeyCannotDecryptAndOtherOwnerRemainsReadable",
        "com.feedme.storage.AndroidStateVaultTest#nativeKeysAreNonExportableAndEncryptionUsesFreshNonces",
        "com.feedme.storage.AndroidStateVaultTest#freshDatabaseReusesExistingIndexKey",
        "com.feedme.storage.AndroidStateDatabaseTest#committedRecordsSurviveReopenAndErasedScopeStaysErased",
        "com.feedme.storage.AndroidStateDatabaseTest#symlinkDirectoryIsRejectedWithoutChangingItsTarget",
        "com.feedme.storage.AndroidStateDatabaseTest#existingDatabaseWithMissingIndexKeyFailsClosed",
        "com.feedme.storage.AndroidStateDatabaseTest#secondManagerFailsWhileLockedAndReopensAfterClose",
        "com.feedme.storage.AndroidStateDatabaseTest#preexistingWalIsPreservedAndFailureReleasesLock",
        "com.feedme.storage.AndroidStateDatabaseTest#symlinkDatabaseIsRejectedWithoutChangingItsTargetAndReleasesLock",
        "com.feedme.storage.AndroidStateDatabaseTest#preexistingSharedMemoryIsPreservedAndFailureReleasesLock",
        "com.feedme.storage.AndroidStateDatabaseTest#invalidExistingSchemaFailureReleasesManagerCallbackLock",
        "com.feedme.storage.AndroidSessionControlStoreTest#missingControlDatabaseWithSurvivingKeysFailsWithoutCreatingReplacement",
        "com.feedme.storage.AndroidSessionControlStoreTest#missingControlIndexKeyFailsWithoutRebindingExistingState",
        "com.feedme.storage.AndroidSessionControlStoreTest#existingEmptyLockOnlyAndLostAllStateDirectoriesCannotResetRetirementControl",
        "com.feedme.storage.AndroidSessionControlStoreTest#duplicateControlOpenFailsWhileLifetimeLockIsHeldAndReopensAfterClose",
        "com.feedme.storage.AndroidSessionControlStoreTest#missingControlOwnerKeyFailsWithoutGeneratingAnotherKey",
        "com.feedme.storage.AndroidSessionControlStoreTest#existingDatabaseWithMissingLedgerFailsWithoutResettingItsOwner",
        "com.feedme.storage.AndroidSessionControlStoreTest#existingDatabaseWithMissingControlOwnerFailsWithoutActivatingIt",
        "com.feedme.storage.AndroidSessionControlStoreTest#nativeControlCasReopensAndSurvivesIndependentOwnerKeyErasure",
        "com.feedme.storage.AndroidSessionWorkStoreTest#existingDatabaseWithMissingWorkOwnerFailsWithoutActivatingIt",
        "com.feedme.storage.AndroidSessionWorkStoreTest#duplicateWorkOpenFailsWhileLifetimeLockIsHeldAndReopensAfterClose",
        "com.feedme.storage.AndroidSessionWorkStoreTest#missingWorkOwnerKeyFailsWithoutGeneratingAnotherKey",
        "com.feedme.storage.AndroidSessionWorkStoreTest#missingWorkDatabaseWithSurvivingKeysFailsWithoutCreatingReplacement",
        "com.feedme.storage.AndroidSessionWorkStoreTest#nativeWorkCasReopensAndSurvivesIndependentControlWritesAndOwnerKeyErasure",
        "com.feedme.storage.AndroidSessionWorkStoreTest#existingEmptyLockOnlyAndLostAllStateDirectoriesCannotInitializeAnIdleRegistry",
        "com.feedme.storage.AndroidSessionWorkStoreTest#existingDatabaseWithMissingLedgerFailsWithoutResettingItsOwner",
        "com.feedme.storage.AndroidSessionWorkStoreTest#missingWorkIndexKeyFailsWithoutRebindingExistingState",
        "com.feedme.storage.AndroidStateActivationPlanTest#planningCommitAndSelectedReplayNeverExecuteUnrelatedKeyGarbageCollection",
        "com.feedme.storage.AndroidStateActivationPlanTest#unfinishedRetiredKeyOrGarbageEntryCannotBeSilentlyCollectedByPlanning",
        "com.feedme.storage.AndroidStateActivationPlanTest#fullyRetiredPredecessorCanBePlannedWithoutChangingOtherNativeOwners",
        "com.feedme.storage.AndroidStateActivationPlanTest#cancellationAfterNativeKeyCreationPropagatesWithoutDeletingItsExactCandidate",
        "com.feedme.storage.AndroidStateActivationPlanTest#planningIsReadOnlyDetachedOpaqueAndAllocatesNoNativeOwnerKey",
        "com.feedme.storage.AndroidStateActivationPlanTest#commitAcknowledgesOnlyAndExactSelectedReplayPreservesRecordsAcrossNativeReopen",
        "com.feedme.storage.AndroidStateActivationPlanTest#candidateReferencesAndOrphanRowsBlockCommitWithoutCreatingOrDeletingKeys",
        "com.feedme.storage.AndroidStateActivationPlanTest#activeOrChangedOwnerPreconditionsPreserveTheWinningIncarnation",
        "com.feedme.storage.AndroidStateActivationPlanTest#forgedWrongScopeAndForeignInstallPlansCannotChangeKeysOrFiles",
        "com.feedme.storage.AndroidStateActivationPlanTest#selectedMissingNativeKeyCannotBeRegeneratedByExactReplay",
        "com.feedme.storage.AndroidStateActivationPlanTest#interruptedExactKeyCreationRetainsAndReusesTheSameNativeKeyAfterReopen",
        "com.feedme.storage.AndroidStateActivationPlanTest#nativeCandidateSelectionCreatesNoAliasAndExactCreationNeverOverwritesAnyAlias",
        "com.feedme.storage.AndroidStateActivationPlanTest#beforeAndAfterRealSqliteCommitFailuresPreserveExactNativeReplay",
        "com.feedme.storage.AndroidStateActivationPlanTest#selectedReplayDoesNotDecryptOrRewriteUnknownRowsAndTombstones"
      ],
      "log": "docs/verification/client-storage/android-attempts/2026-09-13T13-35-35.674Z/regular.log"
    },
    {
      "name": "restart-write",
      "classes": "com.feedme.storage.AndroidStateProcessRestartTest#writeFixture",
      "stage": "write",
      "passed": true,
      "tests": 1,
      "expected": 1,
      "identities": [
        "com.feedme.storage.AndroidStateProcessRestartTest#writeFixture"
      ],
      "log": "docs/verification/client-storage/android-attempts/2026-09-13T13-35-35.674Z/restart-write.log"
    },
    {
      "name": "restart-read",
      "classes": "com.feedme.storage.AndroidStateProcessRestartTest#readFixtureAndCleanup",
      "stage": "read",
      "passed": true,
      "tests": 1,
      "expected": 1,
      "identities": [
        "com.feedme.storage.AndroidStateProcessRestartTest#readFixtureAndCleanup"
      ],
      "log": "docs/verification/client-storage/android-attempts/2026-09-13T13-35-35.674Z/restart-read.log"
    },
    {
      "name": "owned-test-directories-cleaned",
      "passed": true
    }
  ],
  "androidApi": "35",
  "androidAbi": "arm64-v8a",
  "finishedAt": "2026-09-13T13:35:38.561Z"
}
