INSTRUMENTATION_STATUS: class=com.feedme.storage.AndroidStateActivationRecoveryOwnerTest
INSTRUMENTATION_STATUS: current=1
INSTRUMENTATION_STATUS: id=AndroidJUnitRunner
INSTRUMENTATION_STATUS: numtests=15
INSTRUMENTATION_STATUS: stream=
com.feedme.storage.AndroidStateActivationRecoveryOwnerTest:
INSTRUMENTATION_STATUS: test=failureBeforeOpeningNativeLockCanBeExplicitlyClosedWithoutCreatingAnything
INSTRUMENTATION_STATUS_CODE: 1
INSTRUMENTATION_STATUS: class=com.feedme.storage.AndroidStateActivationRecoveryOwnerTest
INSTRUMENTATION_STATUS: current=1
INSTRUMENTATION_STATUS: id=AndroidJUnitRunner
INSTRUMENTATION_STATUS: numtests=15
INSTRUMENTATION_STATUS: stream=.
INSTRUMENTATION_STATUS: test=failureBeforeOpeningNativeLockCanBeExplicitlyClosedWithoutCreatingAnything
INSTRUMENTATION_STATUS_CODE: 0
INSTRUMENTATION_STATUS: class=com.feedme.storage.AndroidStateActivationRecoveryOwnerTest
INSTRUMENTATION_STATUS: current=2
INSTRUMENTATION_STATUS: id=AndroidJUnitRunner
INSTRUMENTATION_STATUS: numtests=15
INSTRUMENTATION_STATUS: stream=
INSTRUMENTATION_STATUS: test=missingDatabaseLockOrIndexAndUnexpectedJournalNeverInitializeOrRepair
INSTRUMENTATION_STATUS_CODE: 1
INSTRUMENTATION_STATUS: class=com.feedme.storage.AndroidStateActivationRecoveryOwnerTest
INSTRUMENTATION_STATUS: current=2
INSTRUMENTATION_STATUS: id=AndroidJUnitRunner
INSTRUMENTATION_STATUS: numtests=15
INSTRUMENTATION_STATUS: stream=.
INSTRUMENTATION_STATUS: test=missingDatabaseLockOrIndexAndUnexpectedJournalNeverInitializeOrRepair
INSTRUMENTATION_STATUS_CODE: 0
INSTRUMENTATION_STATUS: class=com.feedme.storage.AndroidStateActivationRecoveryOwnerTest
INSTRUMENTATION_STATUS: current=3
INSTRUMENTATION_STATUS: id=AndroidJUnitRunner
INSTRUMENTATION_STATUS: numtests=15
INSTRUMENTATION_STATUS: stream=
INSTRUMENTATION_STATUS: test=partialNativeKeyAndAlreadyAbortedReplayUseExactChangedReceiptWithoutRegeneration
INSTRUMENTATION_STATUS_CODE: 1
INSTRUMENTATION_STATUS: class=com.feedme.storage.AndroidStateActivationRecoveryOwnerTest
INSTRUMENTATION_STATUS: current=3
INSTRUMENTATION_STATUS: id=AndroidJUnitRunner
INSTRUMENTATION_STATUS: numtests=15
INSTRUMENTATION_STATUS: stream=.
INSTRUMENTATION_STATUS: test=partialNativeKeyAndAlreadyAbortedReplayUseExactChangedReceiptWithoutRegeneration
INSTRUMENTATION_STATUS_CODE: 0
INSTRUMENTATION_STATUS: class=com.feedme.storage.AndroidStateActivationRecoveryOwnerTest
INSTRUMENTATION_STATUS: current=4
INSTRUMENTATION_STATUS: id=AndroidJUnitRunner
INSTRUMENTATION_STATUS: numtests=15
INSTRUMENTATION_STATUS: stream=
INSTRUMENTATION_STATUS: test=successfulOwnerPinsFullReadOnlyEvidenceAndOwnsExactlyOneLockDescriptor
INSTRUMENTATION_STATUS_CODE: 1
INSTRUMENTATION_STATUS: class=com.feedme.storage.AndroidStateActivationRecoveryOwnerTest
INSTRUMENTATION_STATUS: current=4
INSTRUMENTATION_STATUS: id=AndroidJUnitRunner
INSTRUMENTATION_STATUS: numtests=15
INSTRUMENTATION_STATUS: stream=.
INSTRUMENTATION_STATUS: test=successfulOwnerPinsFullReadOnlyEvidenceAndOwnsExactlyOneLockDescriptor
INSTRUMENTATION_STATUS_CODE: 0
INSTRUMENTATION_STATUS: class=com.feedme.storage.AndroidStateActivationRecoveryOwnerTest
INSTRUMENTATION_STATUS: current=5
INSTRUMENTATION_STATUS: id=AndroidJUnitRunner
INSTRUMENTATION_STATUS: numtests=15
INSTRUMENTATION_STATUS: stream=
INSTRUMENTATION_STATUS: test=exactAbortedOwnerDoesNotGarbageCollectUnrelatedKeyMarkersDuringOpenInspectOrClose
INSTRUMENTATION_STATUS_CODE: 1
INSTRUMENTATION_STATUS: class=com.feedme.storage.AndroidStateActivationRecoveryOwnerTest
INSTRUMENTATION_STATUS: current=5
INSTRUMENTATION_STATUS: id=AndroidJUnitRunner
INSTRUMENTATION_STATUS: numtests=15
INSTRUMENTATION_STATUS: stream=.
INSTRUMENTATION_STATUS: test=exactAbortedOwnerDoesNotGarbageCollectUnrelatedKeyMarkersDuringOpenInspectOrClose
INSTRUMENTATION_STATUS_CODE: 0
INSTRUMENTATION_STATUS: class=com.feedme.storage.AndroidStateActivationRecoveryOwnerTest
INSTRUMENTATION_STATUS: current=6
INSTRUMENTATION_STATUS: id=AndroidJUnitRunner
INSTRUMENTATION_STATUS: numtests=15
INSTRUMENTATION_STATUS: stream=
INSTRUMENTATION_STATUS: test=eachPartialOpenAfterNativeDescriptorAcquisitionRetainsOwnerUntilExplicitClose
INSTRUMENTATION_STATUS_CODE: 1
INSTRUMENTATION_STATUS: class=com.feedme.storage.AndroidStateActivationRecoveryOwnerTest
INSTRUMENTATION_STATUS: current=6
INSTRUMENTATION_STATUS: id=AndroidJUnitRunner
INSTRUMENTATION_STATUS: numtests=15
INSTRUMENTATION_STATUS: stream=.
INSTRUMENTATION_STATUS: test=eachPartialOpenAfterNativeDescriptorAcquisitionRetainsOwnerUntilExplicitClose
INSTRUMENTATION_STATUS_CODE: 0
INSTRUMENTATION_STATUS: class=com.feedme.storage.AndroidStateActivationRecoveryOwnerTest
INSTRUMENTATION_STATUS: current=7
INSTRUMENTATION_STATUS: id=AndroidJUnitRunner
INSTRUMENTATION_STATUS: numtests=15
INSTRUMENTATION_STATUS: stream=
INSTRUMENTATION_STATUS: test=wrongScopePlanOrInstallNeverOpensSqliteAndCannotGainAuthorityByCallingOpenAgain
INSTRUMENTATION_STATUS_CODE: 1
INSTRUMENTATION_STATUS: class=com.feedme.storage.AndroidStateActivationRecoveryOwnerTest
INSTRUMENTATION_STATUS: current=7
INSTRUMENTATION_STATUS: id=AndroidJUnitRunner
INSTRUMENTATION_STATUS: numtests=15
INSTRUMENTATION_STATUS: stream=.
INSTRUMENTATION_STATUS: test=wrongScopePlanOrInstallNeverOpensSqliteAndCannotGainAuthorityByCallingOpenAgain
INSTRUMENTATION_STATUS_CODE: 0
INSTRUMENTATION_STATUS: class=com.feedme.storage.AndroidStateActivationRecoveryOwnerTest
INSTRUMENTATION_STATUS: current=8
INSTRUMENTATION_STATUS: id=AndroidJUnitRunner
INSTRUMENTATION_STATUS: numtests=15
INSTRUMENTATION_STATUS: stream=
INSTRUMENTATION_STATUS: test=everyInitializedCloseStageRetainsRetryableOwnershipAndNeverReopensSqlite
INSTRUMENTATION_STATUS_CODE: 1
INSTRUMENTATION_STATUS: class=com.feedme.storage.AndroidStateActivationRecoveryOwnerTest
INSTRUMENTATION_STATUS: current=8
INSTRUMENTATION_STATUS: id=AndroidJUnitRunner
INSTRUMENTATION_STATUS: numtests=15
INSTRUMENTATION_STATUS: stream=.
INSTRUMENTATION_STATUS: test=everyInitializedCloseStageRetainsRetryableOwnershipAndNeverReopensSqlite
INSTRUMENTATION_STATUS_CODE: 0
INSTRUMENTATION_STATUS: class=com.feedme.storage.AndroidStateActivationRecoveryOwnerTest
INSTRUMENTATION_STATUS: current=9
INSTRUMENTATION_STATUS: id=AndroidJUnitRunner
INSTRUMENTATION_STATUS: numtests=15
INSTRUMENTATION_STATUS: stream=
INSTRUMENTATION_STATUS: test=ambiguousPostDescriptorCloseRetainsTerminalReservationWithoutReusingItsFdNumber
INSTRUMENTATION_STATUS_CODE: 1
INSTRUMENTATION_STATUS: class=com.feedme.storage.AndroidStateActivationRecoveryOwnerTest
INSTRUMENTATION_STATUS: current=9
INSTRUMENTATION_STATUS: id=AndroidJUnitRunner
INSTRUMENTATION_STATUS: numtests=15
INSTRUMENTATION_STATUS: stream=.
INSTRUMENTATION_STATUS: test=ambiguousPostDescriptorCloseRetainsTerminalReservationWithoutReusingItsFdNumber
INSTRUMENTATION_STATUS_CODE: 0
INSTRUMENTATION_STATUS: class=com.feedme.storage.AndroidStateActivationRecoveryOwnerTest
INSTRUMENTATION_STATUS: current=10
INSTRUMENTATION_STATUS: id=AndroidJUnitRunner
INSTRUMENTATION_STATUS: numtests=15
INSTRUMENTATION_STATUS: stream=
INSTRUMENTATION_STATUS: test=constructingRetainedOwnerDoesNoIoAndMissingPathNeverInitializesAnything
INSTRUMENTATION_STATUS_CODE: 1
INSTRUMENTATION_STATUS: class=com.feedme.storage.AndroidStateActivationRecoveryOwnerTest
INSTRUMENTATION_STATUS: current=10
INSTRUMENTATION_STATUS: id=AndroidJUnitRunner
INSTRUMENTATION_STATUS: numtests=15
INSTRUMENTATION_STATUS: stream=.
INSTRUMENTATION_STATUS: test=constructingRetainedOwnerDoesNoIoAndMissingPathNeverInitializesAnything
INSTRUMENTATION_STATUS_CODE: 0
INSTRUMENTATION_STATUS: class=com.feedme.storage.AndroidStateActivationRecoveryOwnerTest
INSTRUMENTATION_STATUS: current=11
INSTRUMENTATION_STATUS: id=AndroidJUnitRunner
INSTRUMENTATION_STATUS: numtests=15
INSTRUMENTATION_STATUS: stream=
INSTRUMENTATION_STATUS: test=acquisitionFailurePlusCloseFailureDoesNotDiscardTheOnlyNativeOwnershipReference
INSTRUMENTATION_STATUS_CODE: 1
INSTRUMENTATION_STATUS: class=com.feedme.storage.AndroidStateActivationRecoveryOwnerTest
INSTRUMENTATION_STATUS: current=11
INSTRUMENTATION_STATUS: id=AndroidJUnitRunner
INSTRUMENTATION_STATUS: numtests=15
INSTRUMENTATION_STATUS: stream=.
INSTRUMENTATION_STATUS: test=acquisitionFailurePlusCloseFailureDoesNotDiscardTheOnlyNativeOwnershipReference
INSTRUMENTATION_STATUS_CODE: 0
INSTRUMENTATION_STATUS: class=com.feedme.storage.AndroidStateActivationRecoveryOwnerTest
INSTRUMENTATION_STATUS: current=12
INSTRUMENTATION_STATUS: id=AndroidJUnitRunner
INSTRUMENTATION_STATUS: numtests=15
INSTRUMENTATION_STATUS: stream=
INSTRUMENTATION_STATUS: test=missingSelectedKeyStaysObservableButBoundCiphertextCannotBeInferredOrDeleted
INSTRUMENTATION_STATUS_CODE: 1
INSTRUMENTATION_STATUS: class=com.feedme.storage.AndroidStateActivationRecoveryOwnerTest
INSTRUMENTATION_STATUS: current=12
INSTRUMENTATION_STATUS: id=AndroidJUnitRunner
INSTRUMENTATION_STATUS: numtests=15
INSTRUMENTATION_STATUS: stream=.
INSTRUMENTATION_STATUS: test=missingSelectedKeyStaysObservableButBoundCiphertextCannotBeInferredOrDeleted
INSTRUMENTATION_STATUS_CODE: 0
INSTRUMENTATION_STATUS: class=com.feedme.storage.AndroidStateActivationRecoveryOwnerTest
INSTRUMENTATION_STATUS: current=13
INSTRUMENTATION_STATUS: id=AndroidJUnitRunner
INSTRUMENTATION_STATUS: numtests=15
INSTRUMENTATION_STATUS: stream=
INSTRUMENTATION_STATUS: test=failedSqliteInitializationKeepsConnectionAndLockUntilCloseAcknowledges
INSTRUMENTATION_STATUS_CODE: 1
INSTRUMENTATION_STATUS: class=com.feedme.storage.AndroidStateActivationRecoveryOwnerTest
INSTRUMENTATION_STATUS: current=13
INSTRUMENTATION_STATUS: id=AndroidJUnitRunner
INSTRUMENTATION_STATUS: numtests=15
INSTRUMENTATION_STATUS: stream=.
INSTRUMENTATION_STATUS: test=failedSqliteInitializationKeepsConnectionAndLockUntilCloseAcknowledges
INSTRUMENTATION_STATUS_CODE: 0
INSTRUMENTATION_STATUS: class=com.feedme.storage.AndroidStateActivationRecoveryOwnerTest
INSTRUMENTATION_STATUS: current=14
INSTRUMENTATION_STATUS: id=AndroidJUnitRunner
INSTRUMENTATION_STATUS: numtests=15
INSTRUMENTATION_STATUS: stream=
INSTRUMENTATION_STATUS: test=cancellationAtPartialOpenLeavesTheSameOwnerAvailableForExplicitClose
INSTRUMENTATION_STATUS_CODE: 1
INSTRUMENTATION_STATUS: class=com.feedme.storage.AndroidStateActivationRecoveryOwnerTest
INSTRUMENTATION_STATUS: current=14
INSTRUMENTATION_STATUS: id=AndroidJUnitRunner
INSTRUMENTATION_STATUS: numtests=15
INSTRUMENTATION_STATUS: stream=.
INSTRUMENTATION_STATUS: test=cancellationAtPartialOpenLeavesTheSameOwnerAvailableForExplicitClose
INSTRUMENTATION_STATUS_CODE: 0
INSTRUMENTATION_STATUS: class=com.feedme.storage.AndroidStateActivationRecoveryOwnerTest
INSTRUMENTATION_STATUS: current=15
INSTRUMENTATION_STATUS: id=AndroidJUnitRunner
INSTRUMENTATION_STATUS: numtests=15
INSTRUMENTATION_STATUS: stream=
INSTRUMENTATION_STATUS: test=selectedOwnerReturnsOnlyExactDetachedReservedBindingAndRejectsWrongExpectedBytes
INSTRUMENTATION_STATUS_CODE: 1
INSTRUMENTATION_STATUS: class=com.feedme.storage.AndroidStateActivationRecoveryOwnerTest
INSTRUMENTATION_STATUS: current=15
INSTRUMENTATION_STATUS: id=AndroidJUnitRunner
INSTRUMENTATION_STATUS: numtests=15
INSTRUMENTATION_STATUS: stream=.
INSTRUMENTATION_STATUS: test=selectedOwnerReturnsOnlyExactDetachedReservedBindingAndRejectsWrongExpectedBytes
INSTRUMENTATION_STATUS_CODE: 0
INSTRUMENTATION_RESULT: stream=

Time: 1.2

OK (15 tests)


INSTRUMENTATION_CODE: -1
