INSTRUMENTATION_STATUS: class=com.feedme.app.mealflow.AndroidMealFlowHostTest
INSTRUMENTATION_STATUS: current=1
INSTRUMENTATION_STATUS: id=AndroidJUnitRunner
INSTRUMENTATION_STATUS: numtests=9
INSTRUMENTATION_STATUS: stream=
com.feedme.app.mealflow.AndroidMealFlowHostTest:
INSTRUMENTATION_STATUS: test=actualPreferencePageRetainsDraftBlocksPlanningAndSavesOnlyOnExplicitAction
INSTRUMENTATION_STATUS_CODE: 1
INSTRUMENTATION_STATUS: class=com.feedme.app.mealflow.AndroidMealFlowHostTest
INSTRUMENTATION_STATUS: current=1
INSTRUMENTATION_STATUS: id=AndroidJUnitRunner
INSTRUMENTATION_STATUS: numtests=9
INSTRUMENTATION_STATUS: stack=java.lang.AssertionError: Expected visible synthetic host text: Food preferences
	at org.junit.Assert.fail(Assert.java:89)
	at com.feedme.app.mealflow.AndroidMealFlowHostTest.waitText(AndroidMealFlowHostTest.kt:113)
	at com.feedme.app.mealflow.AndroidMealFlowHostTest.click(AndroidMealFlowHostTest.kt:116)
	at com.feedme.app.mealflow.AndroidMealFlowHostTest.actualPreferencePageRetainsDraftBlocksPlanningAndSavesOnlyOnExplicitAction$lambda$0(AndroidMealFlowHostTest.kt:232)
	at com.feedme.app.mealflow.AndroidMealFlowHostTest.$r8$lambda$Gh3YX3a5mgU13Za53xYIaCQwnZY(Unknown Source:0)
	at com.feedme.app.mealflow.AndroidMealFlowHostTest$$ExternalSyntheticLambda2.invoke(D8$$SyntheticClass:0)
	at com.feedme.app.mealflow.AndroidMealFlowHostTest.withHost(AndroidMealFlowHostTest.kt:62)
	at com.feedme.app.mealflow.AndroidMealFlowHostTest.actualPreferencePageRetainsDraftBlocksPlanningAndSavesOnlyOnExplicitAction(AndroidMealFlowHostTest.kt:231)

INSTRUMENTATION_STATUS: stream=
Error in actualPreferencePageRetainsDraftBlocksPlanningAndSavesOnlyOnExplicitAction(com.feedme.app.mealflow.AndroidMealFlowHostTest):
java.lang.AssertionError: Expected visible synthetic host text: Food preferences
	at org.junit.Assert.fail(Assert.java:89)
	at com.feedme.app.mealflow.AndroidMealFlowHostTest.waitText(AndroidMealFlowHostTest.kt:113)
	at com.feedme.app.mealflow.AndroidMealFlowHostTest.click(AndroidMealFlowHostTest.kt:116)
	at com.feedme.app.mealflow.AndroidMealFlowHostTest.actualPreferencePageRetainsDraftBlocksPlanningAndSavesOnlyOnExplicitAction$lambda$0(AndroidMealFlowHostTest.kt:232)
	at com.feedme.app.mealflow.AndroidMealFlowHostTest.$r8$lambda$Gh3YX3a5mgU13Za53xYIaCQwnZY(Unknown Source:0)
	at com.feedme.app.mealflow.AndroidMealFlowHostTest$$ExternalSyntheticLambda2.invoke(D8$$SyntheticClass:0)
	at com.feedme.app.mealflow.AndroidMealFlowHostTest.withHost(AndroidMealFlowHostTest.kt:62)
	at com.feedme.app.mealflow.AndroidMealFlowHostTest.actualPreferencePageRetainsDraftBlocksPlanningAndSavesOnlyOnExplicitAction(AndroidMealFlowHostTest.kt:231)

INSTRUMENTATION_STATUS: test=actualPreferencePageRetainsDraftBlocksPlanningAndSavesOnlyOnExplicitAction
INSTRUMENTATION_STATUS_CODE: -2
INSTRUMENTATION_STATUS: class=com.feedme.app.mealflow.AndroidMealFlowHostTest
INSTRUMENTATION_STATUS: current=2
INSTRUMENTATION_STATUS: id=AndroidJUnitRunner
INSTRUMENTATION_STATUS: numtests=9
INSTRUMENTATION_STATUS: stream=
INSTRUMENTATION_STATUS: test=saveAndBackAcknowledgesExactNativeDraftAndNewOwnerRestoresIt
INSTRUMENTATION_STATUS_CODE: 1
INSTRUMENTATION_STATUS: class=com.feedme.app.mealflow.AndroidMealFlowHostTest
INSTRUMENTATION_STATUS: current=2
INSTRUMENTATION_STATUS: id=AndroidJUnitRunner
INSTRUMENTATION_STATUS: numtests=9
INSTRUMENTATION_STATUS: stream=.
INSTRUMENTATION_STATUS: test=saveAndBackAcknowledgesExactNativeDraftAndNewOwnerRestoresIt
INSTRUMENTATION_STATUS_CODE: 0
INSTRUMENTATION_STATUS: class=com.feedme.app.mealflow.AndroidMealFlowHostTest
INSTRUMENTATION_STATUS: current=3
INSTRUMENTATION_STATUS: id=AndroidJUnitRunner
INSTRUMENTATION_STATUS: numtests=9
INSTRUMENTATION_STATUS: stream=
INSTRUMENTATION_STATUS: test=actualPlanRecipeAndSystemBackStayOnExactCandidateAcrossRecreation
INSTRUMENTATION_STATUS_CODE: 1
INSTRUMENTATION_STATUS: class=com.feedme.app.mealflow.AndroidMealFlowHostTest
INSTRUMENTATION_STATUS: current=3
INSTRUMENTATION_STATUS: id=AndroidJUnitRunner
INSTRUMENTATION_STATUS: numtests=9
INSTRUMENTATION_STATUS: stream=.
INSTRUMENTATION_STATUS: test=actualPlanRecipeAndSystemBackStayOnExactCandidateAcrossRecreation
INSTRUMENTATION_STATUS_CODE: 0
INSTRUMENTATION_STATUS: class=com.feedme.app.mealflow.AndroidMealFlowHostTest
INSTRUMENTATION_STATUS: current=4
INSTRUMENTATION_STATUS: id=AndroidJUnitRunner
INSTRUMENTATION_STATUS: numtests=9
INSTRUMENTATION_STATUS: stream=
INSTRUMENTATION_STATUS: test=invalidatedRealSessionSynchronouslyRedactsAndLatePlanCannotReviveUi
INSTRUMENTATION_STATUS_CODE: 1
INSTRUMENTATION_STATUS: class=com.feedme.app.mealflow.AndroidMealFlowHostTest
INSTRUMENTATION_STATUS: current=4
INSTRUMENTATION_STATUS: id=AndroidJUnitRunner
INSTRUMENTATION_STATUS: numtests=9
INSTRUMENTATION_STATUS: stream=.
INSTRUMENTATION_STATUS: test=invalidatedRealSessionSynchronouslyRedactsAndLatePlanCannotReviveUi
INSTRUMENTATION_STATUS_CODE: 0
INSTRUMENTATION_STATUS: class=com.feedme.app.mealflow.AndroidMealFlowHostTest
INSTRUMENTATION_STATUS: current=5
INSTRUMENTATION_STATUS: id=AndroidJUnitRunner
INSTRUMENTATION_STATUS: numtests=9
INSTRUMENTATION_STATUS: stream=
INSTRUMENTATION_STATUS: test=unknownPlanOutcomeRetainsExactKeyAndBodyUntilExplicitUiRetry
INSTRUMENTATION_STATUS_CODE: 1
INSTRUMENTATION_STATUS: class=com.feedme.app.mealflow.AndroidMealFlowHostTest
INSTRUMENTATION_STATUS: current=5
INSTRUMENTATION_STATUS: id=AndroidJUnitRunner
INSTRUMENTATION_STATUS: numtests=9
INSTRUMENTATION_STATUS: stream=.
INSTRUMENTATION_STATUS: test=unknownPlanOutcomeRetainsExactKeyAndBodyUntilExplicitUiRetry
INSTRUMENTATION_STATUS_CODE: 0
INSTRUMENTATION_STATUS: class=com.feedme.app.mealflow.AndroidMealFlowHostTest
INSTRUMENTATION_STATUS: current=6
INSTRUMENTATION_STATUS: id=AndroidJUnitRunner
INSTRUMENTATION_STATUS: numtests=9
INSTRUMENTATION_STATUS: stream=
INSTRUMENTATION_STATUS: test=recreationCancelsActiveUiRequestWithoutRotatingDurableRetryIntent
INSTRUMENTATION_STATUS_CODE: 1
INSTRUMENTATION_STATUS: class=com.feedme.app.mealflow.AndroidMealFlowHostTest
INSTRUMENTATION_STATUS: current=6
INSTRUMENTATION_STATUS: id=AndroidJUnitRunner
INSTRUMENTATION_STATUS: numtests=9
INSTRUMENTATION_STATUS: stream=.
INSTRUMENTATION_STATUS: test=recreationCancelsActiveUiRequestWithoutRotatingDurableRetryIntent
INSTRUMENTATION_STATUS_CODE: 0
INSTRUMENTATION_STATUS: class=com.feedme.app.mealflow.AndroidMealFlowHostTest
INSTRUMENTATION_STATUS: current=7
INSTRUMENTATION_STATUS: id=AndroidJUnitRunner
INSTRUMENTATION_STATUS: numtests=9
INSTRUMENTATION_STATUS: stream=
INSTRUMENTATION_STATUS: test=dirtyRecommendationSaveReturnsToRequestedDraftInsteadOfExitingJourney
INSTRUMENTATION_STATUS_CODE: 1
INSTRUMENTATION_STATUS: class=com.feedme.app.mealflow.AndroidMealFlowHostTest
INSTRUMENTATION_STATUS: current=7
INSTRUMENTATION_STATUS: id=AndroidJUnitRunner
INSTRUMENTATION_STATUS: numtests=9
INSTRUMENTATION_STATUS: stream=.
INSTRUMENTATION_STATUS: test=dirtyRecommendationSaveReturnsToRequestedDraftInsteadOfExitingJourney
INSTRUMENTATION_STATUS_CODE: 0
INSTRUMENTATION_STATUS: class=com.feedme.app.mealflow.AndroidMealFlowHostTest
INSTRUMENTATION_STATUS: current=8
INSTRUMENTATION_STATUS: id=AndroidJUnitRunner
INSTRUMENTATION_STATUS: numtests=9
INSTRUMENTATION_STATUS: stream=
INSTRUMENTATION_STATUS: test=actualPantryPageSavesRoughReportAndConfirmsRemovalWithoutSelectingMealIngredients
INSTRUMENTATION_STATUS_CODE: 1
INSTRUMENTATION_STATUS: class=com.feedme.app.mealflow.AndroidMealFlowHostTest
INSTRUMENTATION_STATUS: current=8
INSTRUMENTATION_STATUS: id=AndroidJUnitRunner
INSTRUMENTATION_STATUS: numtests=9
INSTRUMENTATION_STATUS: stack=java.lang.AssertionError: expected:<1> but was:<0>
	at org.junit.Assert.fail(Assert.java:89)
	at org.junit.Assert.failNotEquals(Assert.java:835)
	at org.junit.Assert.assertEquals(Assert.java:120)
	at org.junit.Assert.assertEquals(Assert.java:146)
	at com.feedme.app.mealflow.AndroidMealFlowHostTest$actualPantryPageSavesRoughReportAndConfirmsRemovalWithoutSelectingMealIngredients$1$3.invokeSuspend(AndroidMealFlowHostTest.kt:257)
	at com.feedme.app.mealflow.AndroidMealFlowHostTest$actualPantryPageSavesRoughReportAndConfirmsRemovalWithoutSelectingMealIngredients$1$3.invoke(Unknown Source:8)
	at com.feedme.app.mealflow.AndroidMealFlowHostTest$actualPantryPageSavesRoughReportAndConfirmsRemovalWithoutSelectingMealIngredients$1$3.invoke(Unknown Source:2)
	at com.feedme.app.mealflow.AndroidMealFlowHostTest$main$1$1.invokeSuspend(AndroidMealFlowHostTest.kt:29)
	at kotlin.coroutines.jvm.internal.BaseContinuationImpl.resumeWith(ContinuationImpl.kt:34)
	at kotlinx.coroutines.DispatchedTask.run(DispatchedTask.kt:100)
	at android.os.Handler.handleCallback(Handler.java:959)
	at android.os.Handler.dispatchMessage(Handler.java:100)
	at android.os.Looper.loopOnce(Looper.java:232)
	at android.os.Looper.loop(Looper.java:317)
	at android.app.ActivityThread.main(ActivityThread.java:8705)
	at java.lang.reflect.Method.invoke(Native Method)
	at com.android.internal.os.RuntimeInit$MethodAndArgsCaller.run(RuntimeInit.java:580)
	at com.android.internal.os.ZygoteInit.main(ZygoteInit.java:886)

INSTRUMENTATION_STATUS: stream=
Error in actualPantryPageSavesRoughReportAndConfirmsRemovalWithoutSelectingMealIngredients(com.feedme.app.mealflow.AndroidMealFlowHostTest):
java.lang.AssertionError: expected:<1> but was:<0>
	at org.junit.Assert.fail(Assert.java:89)
	at org.junit.Assert.failNotEquals(Assert.java:835)
	at org.junit.Assert.assertEquals(Assert.java:120)
	at org.junit.Assert.assertEquals(Assert.java:146)
	at com.feedme.app.mealflow.AndroidMealFlowHostTest$actualPantryPageSavesRoughReportAndConfirmsRemovalWithoutSelectingMealIngredients$1$3.invokeSuspend(AndroidMealFlowHostTest.kt:257)
	at com.feedme.app.mealflow.AndroidMealFlowHostTest$actualPantryPageSavesRoughReportAndConfirmsRemovalWithoutSelectingMealIngredients$1$3.invoke(Unknown Source:8)
	at com.feedme.app.mealflow.AndroidMealFlowHostTest$actualPantryPageSavesRoughReportAndConfirmsRemovalWithoutSelectingMealIngredients$1$3.invoke(Unknown Source:2)
	at com.feedme.app.mealflow.AndroidMealFlowHostTest$main$1$1.invokeSuspend(AndroidMealFlowHostTest.kt:29)
	at kotlin.coroutines.jvm.internal.BaseContinuationImpl.resumeWith(ContinuationImpl.kt:34)
	at kotlinx.coroutines.DispatchedTask.run(DispatchedTask.kt:100)
	at android.os.Handler.handleCallback(Handler.java:959)
	at android.os.Handler.dispatchMessage(Handler.java:100)
	at android.os.Looper.loopOnce(Looper.java:232)
	at android.os.Looper.loop(Looper.java:317)
	at android.app.ActivityThread.main(ActivityThread.java:8705)
	at java.lang.reflect.Method.invoke(Native Method)
	at com.android.internal.os.RuntimeInit$MethodAndArgsCaller.run(RuntimeInit.java:580)
	at com.android.internal.os.ZygoteInit.main(ZygoteInit.java:886)

INSTRUMENTATION_STATUS: test=actualPantryPageSavesRoughReportAndConfirmsRemovalWithoutSelectingMealIngredients
INSTRUMENTATION_STATUS_CODE: -2
INSTRUMENTATION_STATUS: class=com.feedme.app.mealflow.AndroidMealFlowHostTest
INSTRUMENTATION_STATUS: current=9
INSTRUMENTATION_STATUS: id=AndroidJUnitRunner
INSTRUMENTATION_STATUS: numtests=9
INSTRUMENTATION_STATUS: stream=
INSTRUMENTATION_STATUS: test=dirtyPartialTextSurvivesRecreationAndSystemBackDismissesOrDiscards
INSTRUMENTATION_STATUS_CODE: 1
INSTRUMENTATION_STATUS: class=com.feedme.app.mealflow.AndroidMealFlowHostTest
INSTRUMENTATION_STATUS: current=9
INSTRUMENTATION_STATUS: id=AndroidJUnitRunner
INSTRUMENTATION_STATUS: numtests=9
INSTRUMENTATION_STATUS: stack=java.lang.AssertionError: Expected visible synthetic host text: Discard unsaved edits
	at org.junit.Assert.fail(Assert.java:89)
	at com.feedme.app.mealflow.AndroidMealFlowHostTest.waitText(AndroidMealFlowHostTest.kt:113)
	at com.feedme.app.mealflow.AndroidMealFlowHostTest.click(AndroidMealFlowHostTest.kt:116)
	at com.feedme.app.mealflow.AndroidMealFlowHostTest.dirtyPartialTextSurvivesRecreationAndSystemBackDismissesOrDiscards$lambda$0(AndroidMealFlowHostTest.kt:138)
	at com.feedme.app.mealflow.AndroidMealFlowHostTest.$r8$lambda$lLCUT5g9_VWhO5ucuhnvaucdm0k(Unknown Source:0)
	at com.feedme.app.mealflow.AndroidMealFlowHostTest$$ExternalSyntheticLambda14.invoke(D8$$SyntheticClass:0)
	at com.feedme.app.mealflow.AndroidMealFlowHostTest.withHost(AndroidMealFlowHostTest.kt:62)
	at com.feedme.app.mealflow.AndroidMealFlowHostTest.dirtyPartialTextSurvivesRecreationAndSystemBackDismissesOrDiscards(AndroidMealFlowHostTest.kt:129)

INSTRUMENTATION_STATUS: stream=
Error in dirtyPartialTextSurvivesRecreationAndSystemBackDismissesOrDiscards(com.feedme.app.mealflow.AndroidMealFlowHostTest):
java.lang.AssertionError: Expected visible synthetic host text: Discard unsaved edits
	at org.junit.Assert.fail(Assert.java:89)
	at com.feedme.app.mealflow.AndroidMealFlowHostTest.waitText(AndroidMealFlowHostTest.kt:113)
	at com.feedme.app.mealflow.AndroidMealFlowHostTest.click(AndroidMealFlowHostTest.kt:116)
	at com.feedme.app.mealflow.AndroidMealFlowHostTest.dirtyPartialTextSurvivesRecreationAndSystemBackDismissesOrDiscards$lambda$0(AndroidMealFlowHostTest.kt:138)
	at com.feedme.app.mealflow.AndroidMealFlowHostTest.$r8$lambda$lLCUT5g9_VWhO5ucuhnvaucdm0k(Unknown Source:0)
	at com.feedme.app.mealflow.AndroidMealFlowHostTest$$ExternalSyntheticLambda14.invoke(D8$$SyntheticClass:0)
	at com.feedme.app.mealflow.AndroidMealFlowHostTest.withHost(AndroidMealFlowHostTest.kt:62)
	at com.feedme.app.mealflow.AndroidMealFlowHostTest.dirtyPartialTextSurvivesRecreationAndSystemBackDismissesOrDiscards(AndroidMealFlowHostTest.kt:129)

INSTRUMENTATION_STATUS: test=dirtyPartialTextSurvivesRecreationAndSystemBackDismissesOrDiscards
INSTRUMENTATION_STATUS_CODE: -2
INSTRUMENTATION_RESULT: stream=

Time: 165.505
There were 3 failures:
1) actualPreferencePageRetainsDraftBlocksPlanningAndSavesOnlyOnExplicitAction(com.feedme.app.mealflow.AndroidMealFlowHostTest)
java.lang.AssertionError: Expected visible synthetic host text: Food preferences
	at org.junit.Assert.fail(Assert.java:89)
	at com.feedme.app.mealflow.AndroidMealFlowHostTest.waitText(AndroidMealFlowHostTest.kt:113)
	at com.feedme.app.mealflow.AndroidMealFlowHostTest.click(AndroidMealFlowHostTest.kt:116)
	at com.feedme.app.mealflow.AndroidMealFlowHostTest.actualPreferencePageRetainsDraftBlocksPlanningAndSavesOnlyOnExplicitAction$lambda$0(AndroidMealFlowHostTest.kt:232)
	at com.feedme.app.mealflow.AndroidMealFlowHostTest.$r8$lambda$Gh3YX3a5mgU13Za53xYIaCQwnZY(Unknown Source:0)
	at com.feedme.app.mealflow.AndroidMealFlowHostTest$$ExternalSyntheticLambda2.invoke(D8$$SyntheticClass:0)
	at com.feedme.app.mealflow.AndroidMealFlowHostTest.withHost(AndroidMealFlowHostTest.kt:62)
	at com.feedme.app.mealflow.AndroidMealFlowHostTest.actualPreferencePageRetainsDraftBlocksPlanningAndSavesOnlyOnExplicitAction(AndroidMealFlowHostTest.kt:231)
2) actualPantryPageSavesRoughReportAndConfirmsRemovalWithoutSelectingMealIngredients(com.feedme.app.mealflow.AndroidMealFlowHostTest)
java.lang.AssertionError: expected:<1> but was:<0>
	at org.junit.Assert.fail(Assert.java:89)
	at org.junit.Assert.failNotEquals(Assert.java:835)
	at org.junit.Assert.assertEquals(Assert.java:120)
	at org.junit.Assert.assertEquals(Assert.java:146)
	at com.feedme.app.mealflow.AndroidMealFlowHostTest$actualPantryPageSavesRoughReportAndConfirmsRemovalWithoutSelectingMealIngredients$1$3.invokeSuspend(AndroidMealFlowHostTest.kt:257)
	at com.feedme.app.mealflow.AndroidMealFlowHostTest$actualPantryPageSavesRoughReportAndConfirmsRemovalWithoutSelectingMealIngredients$1$3.invoke(Unknown Source:8)
	at com.feedme.app.mealflow.AndroidMealFlowHostTest$actualPantryPageSavesRoughReportAndConfirmsRemovalWithoutSelectingMealIngredients$1$3.invoke(Unknown Source:2)
	at com.feedme.app.mealflow.AndroidMealFlowHostTest$main$1$1.invokeSuspend(AndroidMealFlowHostTest.kt:29)
	at kotlin.coroutines.jvm.internal.BaseContinuationImpl.resumeWith(ContinuationImpl.kt:34)
	at kotlinx.coroutines.DispatchedTask.run(DispatchedTask.kt:100)
	at android.os.Handler.handleCallback(Handler.java:959)
	at android.os.Handler.dispatchMessage(Handler.java:100)
	at android.os.Looper.loopOnce(Looper.java:232)
	at android.os.Looper.loop(Looper.java:317)
	at android.app.ActivityThread.main(ActivityThread.java:8705)
	at java.lang.reflect.Method.invoke(Native Method)
	at com.android.internal.os.RuntimeInit$MethodAndArgsCaller.run(RuntimeInit.java:580)
	at com.android.internal.os.ZygoteInit.main(ZygoteInit.java:886)
3) dirtyPartialTextSurvivesRecreationAndSystemBackDismissesOrDiscards(com.feedme.app.mealflow.AndroidMealFlowHostTest)
java.lang.AssertionError: Expected visible synthetic host text: Discard unsaved edits
	at org.junit.Assert.fail(Assert.java:89)
	at com.feedme.app.mealflow.AndroidMealFlowHostTest.waitText(AndroidMealFlowHostTest.kt:113)
	at com.feedme.app.mealflow.AndroidMealFlowHostTest.click(AndroidMealFlowHostTest.kt:116)
	at com.feedme.app.mealflow.AndroidMealFlowHostTest.dirtyPartialTextSurvivesRecreationAndSystemBackDismissesOrDiscards$lambda$0(AndroidMealFlowHostTest.kt:138)
	at com.feedme.app.mealflow.AndroidMealFlowHostTest.$r8$lambda$lLCUT5g9_VWhO5ucuhnvaucdm0k(Unknown Source:0)
	at com.feedme.app.mealflow.AndroidMealFlowHostTest$$ExternalSyntheticLambda14.invoke(D8$$SyntheticClass:0)
	at com.feedme.app.mealflow.AndroidMealFlowHostTest.withHost(AndroidMealFlowHostTest.kt:62)
	at com.feedme.app.mealflow.AndroidMealFlowHostTest.dirtyPartialTextSurvivesRecreationAndSystemBackDismissesOrDiscards(AndroidMealFlowHostTest.kt:129)

FAILURES!!!
Tests run: 9,  Failures: 3


INSTRUMENTATION_CODE: -1
