INSTRUMENTATION_STATUS: class=com.feedme.session.AndroidSessionSetupPublicationTest
INSTRUMENTATION_STATUS: current=1
INSTRUMENTATION_STATUS: id=AndroidJUnitRunner
INSTRUMENTATION_STATUS: numtests=9
INSTRUMENTATION_STATUS: stream=
com.feedme.session.AndroidSessionSetupPublicationTest:
INSTRUMENTATION_STATUS: test=cancellationAfterNativeCompleteCommitCannotPublishItsLateReceiptOrKeepLiveRetryAuthority
INSTRUMENTATION_STATUS_CODE: 1
INSTRUMENTATION_STATUS: class=com.feedme.session.AndroidSessionSetupPublicationTest
INSTRUMENTATION_STATUS: current=1
INSTRUMENTATION_STATUS: id=AndroidJUnitRunner
INSTRUMENTATION_STATUS: numtests=9
INSTRUMENTATION_STATUS: stream=.
INSTRUMENTATION_STATUS: test=cancellationAfterNativeCompleteCommitCannotPublishItsLateReceiptOrKeepLiveRetryAuthority
INSTRUMENTATION_STATUS_CODE: 0
INSTRUMENTATION_STATUS: class=com.feedme.session.AndroidSessionSetupPublicationTest
INSTRUMENTATION_STATUS: current=2
INSTRUMENTATION_STATUS: id=AndroidJUnitRunner
INSTRUMENTATION_STATUS: numtests=9
INSTRUMENTATION_STATUS: stream=
INSTRUMENTATION_STATUS: test=pendingNativeBindingAfterRestartCannotRetryRestoreOrFallBackToCredentialOnlyCleanup
INSTRUMENTATION_STATUS_CODE: 1
INSTRUMENTATION_STATUS: class=com.feedme.session.AndroidSessionSetupPublicationTest
INSTRUMENTATION_STATUS: current=2
INSTRUMENTATION_STATUS: id=AndroidJUnitRunner
INSTRUMENTATION_STATUS: numtests=9
INSTRUMENTATION_STATUS: stream=.
INSTRUMENTATION_STATUS: test=pendingNativeBindingAfterRestartCannotRetryRestoreOrFallBackToCredentialOnlyCleanup
INSTRUMENTATION_STATUS_CODE: 0
INSTRUMENTATION_STATUS: class=com.feedme.session.AndroidSessionSetupPublicationTest
INSTRUMENTATION_STATUS: current=3
INSTRUMENTATION_STATUS: id=AndroidJUnitRunner
INSTRUMENTATION_STATUS: numtests=9
INSTRUMENTATION_STATUS: stream=
INSTRUMENTATION_STATUS: test=refusedCompleteWriteKeepsOriginalPendingPlanUntilExactBindingAndSealRetrySucceeds
INSTRUMENTATION_STATUS_CODE: 1
INSTRUMENTATION_STATUS: class=com.feedme.session.AndroidSessionSetupPublicationTest
INSTRUMENTATION_STATUS: current=3
INSTRUMENTATION_STATUS: id=AndroidJUnitRunner
INSTRUMENTATION_STATUS: numtests=9
INSTRUMENTATION_STATUS: stream=.
INSTRUMENTATION_STATUS: test=refusedCompleteWriteKeepsOriginalPendingPlanUntilExactBindingAndSealRetrySucceeds
INSTRUMENTATION_STATUS_CODE: 0
INSTRUMENTATION_STATUS: class=com.feedme.session.AndroidSessionSetupPublicationTest
INSTRUMENTATION_STATUS: current=4
INSTRUMENTATION_STATUS: id=AndroidJUnitRunner
INSTRUMENTATION_STATUS: numtests=9
INSTRUMENTATION_STATUS: stream=
INSTRUMENTATION_STATUS: test=sealFailureBeforeOrAfterNativeWriteNeverPublishesAndExactRetryRewritesBinding
INSTRUMENTATION_STATUS_CODE: 1
INSTRUMENTATION_STATUS: class=com.feedme.session.AndroidSessionSetupPublicationTest
INSTRUMENTATION_STATUS: current=4
INSTRUMENTATION_STATUS: id=AndroidJUnitRunner
INSTRUMENTATION_STATUS: numtests=9
INSTRUMENTATION_STATUS: stream=.
INSTRUMENTATION_STATUS: test=sealFailureBeforeOrAfterNativeWriteNeverPublishesAndExactRetryRewritesBinding
INSTRUMENTATION_STATUS_CODE: 0
INSTRUMENTATION_STATUS: class=com.feedme.session.AndroidSessionSetupPublicationTest
INSTRUMENTATION_STATUS: current=5
INSTRUMENTATION_STATUS: id=AndroidJUnitRunner
INSTRUMENTATION_STATUS: numtests=9
INSTRUMENTATION_STATUS: stream=
INSTRUMENTATION_STATUS: test=realRuntimePublishesOnlyAfterExactCompositeBindingWorkSealAndControlAcknowledgement
INSTRUMENTATION_STATUS_CODE: 1
INSTRUMENTATION_STATUS: class=com.feedme.session.AndroidSessionSetupPublicationTest
INSTRUMENTATION_STATUS: current=5
INSTRUMENTATION_STATUS: id=AndroidJUnitRunner
INSTRUMENTATION_STATUS: numtests=9
INSTRUMENTATION_STATUS: stream=.
INSTRUMENTATION_STATUS: test=realRuntimePublishesOnlyAfterExactCompositeBindingWorkSealAndControlAcknowledgement
INSTRUMENTATION_STATUS_CODE: 0
INSTRUMENTATION_STATUS: class=com.feedme.session.AndroidSessionSetupPublicationTest
INSTRUMENTATION_STATUS: current=6
INSTRUMENTATION_STATUS: id=AndroidJUnitRunner
INSTRUMENTATION_STATUS: numtests=9
INSTRUMENTATION_STATUS: stream=
INSTRUMENTATION_STATUS: test=failedCompleteReadbackCannotPromoteVisibleNativeControlIntoPublicationAuthority
INSTRUMENTATION_STATUS_CODE: 1
INSTRUMENTATION_STATUS: class=com.feedme.session.AndroidSessionSetupPublicationTest
INSTRUMENTATION_STATUS: current=6
INSTRUMENTATION_STATUS: id=AndroidJUnitRunner
INSTRUMENTATION_STATUS: numtests=9
INSTRUMENTATION_STATUS: stream=.
INSTRUMENTATION_STATUS: test=failedCompleteReadbackCannotPromoteVisibleNativeControlIntoPublicationAuthority
INSTRUMENTATION_STATUS_CODE: 0
INSTRUMENTATION_STATUS: class=com.feedme.session.AndroidSessionSetupPublicationTest
INSTRUMENTATION_STATUS: current=7
INSTRUMENTATION_STATUS: id=AndroidJUnitRunner
INSTRUMENTATION_STATUS: numtests=9
INSTRUMENTATION_STATUS: stream=
INSTRUMENTATION_STATUS: test=closingDuringCompleteCommitKeepsLateResultClosedAndRequiresFreshNativeRestore
INSTRUMENTATION_STATUS_CODE: 1
INSTRUMENTATION_STATUS: class=com.feedme.session.AndroidSessionSetupPublicationTest
INSTRUMENTATION_STATUS: current=7
INSTRUMENTATION_STATUS: id=AndroidJUnitRunner
INSTRUMENTATION_STATUS: numtests=9
INSTRUMENTATION_STATUS: stream=.
INSTRUMENTATION_STATUS: test=closingDuringCompleteCommitKeepsLateResultClosedAndRequiresFreshNativeRestore
INSTRUMENTATION_STATUS_CODE: 0
INSTRUMENTATION_STATUS: class=com.feedme.session.AndroidSessionSetupPublicationTest
INSTRUMENTATION_STATUS: current=8
INSTRUMENTATION_STATUS: id=AndroidJUnitRunner
INSTRUMENTATION_STATUS: numtests=9
INSTRUMENTATION_STATUS: stream=
INSTRUMENTATION_STATUS: test=wrongCompletedOperationCannotJoinAnOtherwiseMatchingNativeVersionTwoBinding
INSTRUMENTATION_STATUS_CODE: 1
INSTRUMENTATION_STATUS: class=com.feedme.session.AndroidSessionSetupPublicationTest
INSTRUMENTATION_STATUS: current=8
INSTRUMENTATION_STATUS: id=AndroidJUnitRunner
INSTRUMENTATION_STATUS: numtests=9
INSTRUMENTATION_STATUS: stream=.
INSTRUMENTATION_STATUS: test=wrongCompletedOperationCannotJoinAnOtherwiseMatchingNativeVersionTwoBinding
INSTRUMENTATION_STATUS_CODE: 0
INSTRUMENTATION_STATUS: class=com.feedme.session.AndroidSessionSetupPublicationTest
INSTRUMENTATION_STATUS: current=9
INSTRUMENTATION_STATUS: id=AndroidJUnitRunner
INSTRUMENTATION_STATUS: numtests=9
INSTRUMENTATION_STATUS: stream=
INSTRUMENTATION_STATUS: test=lostCompleteReceiptLeavesNoLeaseAndSameLiveRetryAcknowledgesBindingAgainWithoutReplanning
INSTRUMENTATION_STATUS_CODE: 1
INSTRUMENTATION_STATUS: class=com.feedme.session.AndroidSessionSetupPublicationTest
INSTRUMENTATION_STATUS: current=9
INSTRUMENTATION_STATUS: id=AndroidJUnitRunner
INSTRUMENTATION_STATUS: numtests=9
INSTRUMENTATION_STATUS: stream=.
INSTRUMENTATION_STATUS: test=lostCompleteReceiptLeavesNoLeaseAndSameLiveRetryAcknowledgesBindingAgainWithoutReplanning
INSTRUMENTATION_STATUS_CODE: 0
INSTRUMENTATION_RESULT: stream=

Time: 9.597

OK (9 tests)


INSTRUMENTATION_CODE: -1
