regular: 47 isolated session tests passed
integration: 11 isolated session tests passed
setup-journal: 7 isolated session tests passed
live-setup: 11 isolated session tests passed
setup-publication: 9 isolated session tests passed
{
  "startedAt": "2026-09-13T17:12:29.587Z",
  "passed": true,
  "serial": "emulator-5554",
  "scope": "Isolated native credential/private-file, authenticated CREATE-plan and exact timer/worker cancellation tests, with separate real native-store/OS integration and a synthetic verifier. Seven journal tests cover real plans, encrypted control, malformed-state and legacy/provider barriers. Eleven live-setup tests retain selection-only ordering and exact retries without access. Nine setup-publication tests exercise the actual PrivateSessionRuntime composite create/retry path with real credential/data/work/control stores: an acknowledged exact journal precedes selection; a fresh changed schema2 private binding and work seal precede acknowledged Complete; only then may a lease/access view be published. Before/after seal and completion failures, missing readback, cancellation/close, exact retry, controlled reopen, mismatched operation and pending restart gates are covered. Runtime credential interruption retains all three plans and rejects credential-only abort; a separate explicit legacy test preserves native credential-only recovery proof. Control/work wrapper failures model application acknowledgement loss, not native engine sync errors; binding VFS failures are tested separately in the storage APK. Provider acquisition/restoration is synthetic, not actual provider/bootstrap/configuration approval. Selection-only data replay is not a fresh durability acknowledgement; binding completion supplies the changed private write. Native diagnostics inspect already-open stores only. Explicit readable-empty discard and legacy CREATE abort do not implement confirmed composite abort. No composite startup repair/abort, full first-factory or generalized orphan recovery, refresh-plan, production worker/timer/domain scheduling, FeedMe UI, real sign-in, hard-kill, physical-device, power-loss, iOS or release proof. Notification and hardlink branches remain explicitly reported.",
  "apk": {
    "path": "shared/session/build/outputs/apk/androidTest/debug/session-debug-androidTest.apk",
    "bytes": 8721783,
    "sha256": "bdd898d6a75fe7f08def4837d591c538299ea8752201a8fb73d5950620b22c36"
  },
  "apkMetadata": {
    "path": "docs/verification/native-credentials/android-attempts/2026-09-13T17-12-29.587Z/output-metadata.json",
    "bytes": 429,
    "sha256": "295c766680d7ebd3b5a40643eca570d09c34efb22974faac3b8734c19c7a38d9"
  },
  "attemptDirectory": "docs/verification/native-credentials/android-attempts/2026-09-13T17-12-29.587Z",
  "checks": [
    {
      "name": "regular",
      "classes": "com.feedme.session.AndroidCredentialStoreTest,com.feedme.session.AndroidNativeWorkCancellationTest,com.feedme.session.AndroidCredentialCreatePlanTest",
      "passed": true,
      "tests": 47,
      "expected": 47,
      "identities": [
        "com.feedme.session.AndroidCredentialStoreTest#missingActiveKeyOrBlobBlocksReadsButExactRetirementCanFinish",
        "com.feedme.session.AndroidCredentialStoreTest#createAcknowledgementLossAfterManifestRenameReopensExactCommittedIncarnation",
        "com.feedme.session.AndroidCredentialStoreTest#retirementAcknowledgementLossOccursOnlyAfterKeyErasureAndReopensEmpty",
        "com.feedme.session.AndroidCredentialStoreTest#refreshCannotChangeOwnerKindOrBootstrappedDeviceAndAttachmentIsExactCas",
        "com.feedme.session.AndroidCredentialStoreTest#oneActiveSlotAndExactRevisionCasRejectOtherLoginAndCompetingRefresh",
        "com.feedme.session.AndroidCredentialStoreTest#guestCredentialsRemainGuestAcrossReopenAndCannotAcceptDeviceBootstrap",
        "com.feedme.session.AndroidCredentialStoreTest#symlinkDirectoryCannotRedirectCredentialFilesOrModifyItsTarget",
        "com.feedme.session.AndroidCredentialStoreTest#createRefreshBootstrapAndReopenPreserveExactIncarnationAndSecrets",
        "com.feedme.session.AndroidCredentialStoreTest#preexistingEmptyDirectoryOrLostRetiredSlotCannotResetToInitialRevision",
        "com.feedme.session.AndroidCredentialStoreTest#permissiveDirectoryAndManifestModesFailInsteadOfSilentlyRepairingThem",
        "com.feedme.session.AndroidCredentialStoreTest#duplicateOpenRespectsLifetimeLockAndCloseAllowsExactReopen",
        "com.feedme.session.AndroidCredentialStoreTest#symlinkManifestAndCredentialBlobAreRejectedWithoutChangingTargets",
        "com.feedme.session.AndroidCredentialStoreTest#ownedLockDescriptorIsClosedAfterEveryOpenAndDuplicateFailureCycle",
        "com.feedme.session.AndroidCredentialStoreTest#refreshInterruptionLeavesOrphanEvidenceAsExplicitRepairGate",
        "com.feedme.session.AndroidCredentialStoreTest#exactRetirementErasesKeyAndOldRetirementCannotTouchNewSameAccountLogin",
        "com.feedme.session.AndroidCredentialStoreTest#missingInstallKeysNeverRecreateOrRebindExistingCredentialFiles",
        "com.feedme.session.AndroidCredentialStoreTest#missingOrCorruptManifestFailsClosedWithoutResettingKeysOrFiles",
        "com.feedme.session.AndroidCredentialStoreTest#corruptedCredentialCiphertextCannotBeOverwrittenByRefresh",
        "com.feedme.session.AndroidCredentialStoreTest#hardlinksAreDeniedByPlatformOrRejectedByStoreWithoutChangingCredentials",
        "com.feedme.session.AndroidNativeWorkCancellationTest#timerIdentityIsOpaqueExplicitImmutableAndDefensivelyRecreated",
        "com.feedme.session.AndroidNativeWorkCancellationTest#callerCancellationDoesNotBecomeSuccessfulNativeCancellation",
        "com.feedme.session.AndroidNativeWorkCancellationTest#notificationCancellationIsExactWhenPermissionAvailableOtherwiseReportsGate",
        "com.feedme.session.AndroidNativeWorkCancellationTest#workManagerInitializerIsDisabledAndTestCompositionInitializesExplicitly",
        "com.feedme.session.AndroidNativeWorkCancellationTest#timerCancellationInvalidatesOnlyExactPendingIntentAndIsIdempotent",
        "com.feedme.session.AndroidNativeWorkCancellationTest#malformedTicketsAndNonTimerIdentityAreRejectedWithoutNativeInstallation",
        "com.feedme.session.AndroidNativeWorkCancellationTest#nonexistentWorkCancellationIsIdempotentAndDoesNotCreateWork",
        "com.feedme.session.AndroidNativeWorkCancellationTest#cancellationOfNeverInstalledTimerDoesNotCreatePendingIntent",
        "com.feedme.session.AndroidNativeWorkCancellationTest#foreignExportedAndUnresolvableReceiversCannotConfigureAdapter",
        "com.feedme.session.AndroidNativeWorkCancellationTest#realDelayedWorkCancellationWaitsForCancelledStateAndRetainsSibling",
        "com.feedme.session.AndroidCredentialCreatePlanTest#exactOwnedZeroLengthOrCorruptPartialCiphertextCanBeAbortedWithoutDecryption",
        "com.feedme.session.AndroidCredentialCreatePlanTest#abortingPreparedPlanConsumesItPermanentlyAndRepeatedAbortDoesNotAdvanceRevision",
        "com.feedme.session.AndroidCredentialCreatePlanTest#recoveryHandlesAreExclusiveReadOnlyToInspectAndReleaseOwnedLockDescriptors",
        "com.feedme.session.AndroidCredentialCreatePlanTest#unsafeModesAndSymlinkTargetsFailClosedWithoutFollowingOrDeletingForeignData",
        "com.feedme.session.AndroidCredentialCreatePlanTest#consumedEmptyReplayMustReacknowledgeDurabilityBeforeRemainingKeyDeletion",
        "com.feedme.session.AndroidCredentialCreatePlanTest#selectedReplayAndAbortRequireDurabilityAcknowledgmentBeforeSuccessOrDeletion",
        "com.feedme.session.AndroidCredentialCreatePlanTest#invalidPlanningAndCompetingCreatesPreserveTheWinningSelection",
        "com.feedme.session.AndroidCredentialCreatePlanTest#interruptedUnselectedAbortConsumesRevisionBeforeErasingItsIncarnationKey",
        "com.feedme.session.AndroidCredentialCreatePlanTest#refreshedOrNewerIncarnationCannotBeReadOrErasedThroughAnOldCreatePlan",
        "com.feedme.session.AndroidCredentialCreatePlanTest#recoveryIsExistingOnlyAndNeverInitializesMissingLockManifestOrInstallKeys",
        "com.feedme.session.AndroidCredentialCreatePlanTest#committedAccountAndGuestReplayExactSnapshotAcrossCloseWithoutNewKeyOrWrite",
        "com.feedme.session.AndroidCredentialCreatePlanTest#cancellationAtNativeWriteAndAbortCheckpointsPreservesExactRecoverableIntent",
        "com.feedme.session.AndroidCredentialCreatePlanTest#payloadChangesAndStructurallyValidForgedPlansCannotWriteOrDelete",
        "com.feedme.session.AndroidCredentialCreatePlanTest#selectedAbortDeletesKeyFirstAndResumesWithoutReadingLostSelectedSecrets",
        "com.feedme.session.AndroidCredentialCreatePlanTest#planningUsesOnlyExistingInstallKeysAndDoesNotWriteCredentialMaterial",
        "com.feedme.session.AndroidCredentialCreatePlanTest#selectedMissingOrCorruptMaterialNeverRegeneratesAKeyDuringExactReplay",
        "com.feedme.session.AndroidCredentialCreatePlanTest#unknownArtifactsAndOtherIncarnationKeysAreNeverAdoptedOrErasedByAPlan",
        "com.feedme.session.AndroidCredentialCreatePlanTest#everyCreateInterruptionRetainsExactPlanArtifactsUntilExplicitAbort"
      ],
      "log": "docs/verification/native-credentials/android-attempts/2026-09-13T17-12-29.587Z/regular.log"
    },
    {
      "name": "integration",
      "classes": "com.feedme.session.AndroidLocalRetirementIntegrationTest",
      "passed": true,
      "tests": 11,
      "expected": 11,
      "identities": [
        "com.feedme.session.AndroidLocalRetirementIntegrationTest#runtimeCompositeNativeInterruptionRetainsAllPlansAndRejectsLegacyCredentialOnlyAbort",
        "com.feedme.session.AndroidLocalRetirementIntegrationTest#runtimeCreatesRestoresExactNativeBindingAndRetiresAllRealResources",
        "com.feedme.session.AndroidLocalRetirementIntegrationTest#delayedPriorTargetsCannotEraseNewSameOwnerCredentialsDataOrNativeOrigin",
        "com.feedme.session.AndroidLocalRetirementIntegrationTest#emptySetupDiscardRequiresExplicitConfirmationAndPreservesUnselectedOwner",
        "com.feedme.session.AndroidLocalRetirementIntegrationTest#realLogoutErasesExactIdentityAndCancelsOnlyItsNativeTickets",
        "com.feedme.session.AndroidLocalRetirementIntegrationTest#discardConfirmationRejectsChangedEvidenceAndProposalFromClosedRuntime",
        "com.feedme.session.AndroidLocalRetirementIntegrationTest#legacyPlannedCreatePersistsIndependentControlBeforeNativeInterruptionAndExplicitAbort",
        "com.feedme.session.AndroidLocalRetirementIntegrationTest#coherentMetadataDoesNotClaimMissingOrDamagedCredentialMaterialIsUsable",
        "com.feedme.session.AndroidLocalRetirementIntegrationTest#recoveryInspectionAfterReopenPreservesNativeEvidenceWithoutVerificationOrActivation",
        "com.feedme.session.AndroidLocalRetirementIntegrationTest#lostNativeCancellationAcknowledgementKeepsBarrierAndRecoversAfterAllStoresReopenWithoutLease",
        "com.feedme.session.AndroidLocalRetirementIntegrationTest#discardPreparationRejectsPrivateRowsTombstonesBindingAndNativeTickets"
      ],
      "log": "docs/verification/native-credentials/android-attempts/2026-09-13T17-12-29.587Z/integration.log"
    },
    {
      "name": "setup-journal",
      "classes": "com.feedme.session.AndroidSessionSetupJournalTest",
      "passed": true,
      "tests": 7,
      "expected": 7,
      "identities": [
        "com.feedme.session.AndroidSessionSetupJournalTest#realNativePlansRoundTripThroughIndependentEncryptedControlWithoutSelectingResources",
        "com.feedme.session.AndroidSessionSetupJournalTest#legacyCredentialAbortCannotConsumeEitherUnconfirmedOrConfirmedCompositeJournal",
        "com.feedme.session.AndroidSessionSetupJournalTest#ordinaryRetirementCannotOverwriteCompositeSetupOrTreatItAsEmptyDiscard",
        "com.feedme.session.AndroidSessionSetupJournalTest#startupRuntimeReportsPartialCompositeStateWithoutProviderReadbackRepairOrAccess",
        "com.feedme.session.AndroidSessionSetupJournalTest#compositeBarrierIntroducedAfterSignedOutBlocksProviderAcquisitionAndLiveCreate",
        "com.feedme.session.AndroidSessionSetupJournalTest#malformedCompositeControlIsRejectedWithoutLegacyFallbackWritesOrNativeEffects",
        "com.feedme.session.AndroidSessionSetupJournalTest#explicitAbortFlagPersistsAsMetadataOnlyAndNeverSelectsOrCleansAnyPlannedResource"
      ],
      "log": "docs/verification/native-credentials/android-attempts/2026-09-13T17-12-29.587Z/setup-journal.log"
    },
    {
      "name": "live-setup",
      "classes": "com.feedme.session.AndroidLiveSessionSetupCoordinatorTest",
      "passed": true,
      "tests": 11,
      "expected": 11,
      "identities": [
        "com.feedme.session.AndroidLiveSessionSetupCoordinatorTest#threeRealPlansAreJournalledBeforeCredentialDataAndWorkSelectionWithoutGrantingAccess",
        "com.feedme.session.AndroidLiveSessionSetupCoordinatorTest#cancelAndCloseDoNotClearTheExactPendingJournalOrGrantResourceCleanupAuthority",
        "com.feedme.session.AndroidLiveSessionSetupCoordinatorTest#successfulControlCommitWithLostReceiptCannotSelectUntilExactFreshAcknowledgement",
        "com.feedme.session.AndroidLiveSessionSetupCoordinatorTest#lostWorkSelectionReceiptRequiresExactSelectedReplayAndKeepsCompositeBarrier",
        "com.feedme.session.AndroidLiveSessionSetupCoordinatorTest#failedJournalWriteLeavesAllThreeNativePlansUnselectedAndRetriesWithoutReplanning",
        "com.feedme.session.AndroidLiveSessionSetupCoordinatorTest#lostDataSelectionReceiptRetainsExactEmptyOwnerAndDoesNotSelectWorkEarly",
        "com.feedme.session.AndroidLiveSessionSetupCoordinatorTest#failedExactReadbackAfterControlCommitCannotAuthorizeSelectionOrReplanning",
        "com.feedme.session.AndroidLiveSessionSetupCoordinatorTest#freshCoordinatorCannotContinuePersistedPlanWithoutOriginalVerifiedInMemoryAttempt",
        "com.feedme.session.AndroidLiveSessionSetupCoordinatorTest#lostCredentialSelectionReceiptRetainsExactPlanAndStopsLaterNativeSelections",
        "com.feedme.session.AndroidLiveSessionSetupCoordinatorTest#ordinaryWorkOriginCannotBeCrossJoinedEvenWhenItCopiesTheExactPlannedOrigin",
        "com.feedme.session.AndroidLiveSessionSetupCoordinatorTest#selectedPrivateRecordsIncludingTombstonesBlockRetryBeforeAnyFurtherSelection"
      ],
      "log": "docs/verification/native-credentials/android-attempts/2026-09-13T17-12-29.587Z/live-setup.log"
    },
    {
      "name": "setup-publication",
      "classes": "com.feedme.session.AndroidSessionSetupPublicationTest",
      "passed": true,
      "tests": 9,
      "expected": 9,
      "identities": [
        "com.feedme.session.AndroidSessionSetupPublicationTest#cancellationAfterNativeCompleteCommitCannotPublishItsLateReceiptOrKeepLiveRetryAuthority",
        "com.feedme.session.AndroidSessionSetupPublicationTest#pendingNativeBindingAfterRestartCannotRetryRestoreOrFallBackToCredentialOnlyCleanup",
        "com.feedme.session.AndroidSessionSetupPublicationTest#refusedCompleteWriteKeepsOriginalPendingPlanUntilExactBindingAndSealRetrySucceeds",
        "com.feedme.session.AndroidSessionSetupPublicationTest#sealFailureBeforeOrAfterNativeWriteNeverPublishesAndExactRetryRewritesBinding",
        "com.feedme.session.AndroidSessionSetupPublicationTest#realRuntimePublishesOnlyAfterExactCompositeBindingWorkSealAndControlAcknowledgement",
        "com.feedme.session.AndroidSessionSetupPublicationTest#failedCompleteReadbackCannotPromoteVisibleNativeControlIntoPublicationAuthority",
        "com.feedme.session.AndroidSessionSetupPublicationTest#closingDuringCompleteCommitKeepsLateResultClosedAndRequiresFreshNativeRestore",
        "com.feedme.session.AndroidSessionSetupPublicationTest#wrongCompletedOperationCannotJoinAnOtherwiseMatchingNativeVersionTwoBinding",
        "com.feedme.session.AndroidSessionSetupPublicationTest#lostCompleteReceiptLeavesNoLeaseAndSameLiveRetryAcknowledgesBindingAgainWithoutReplanning"
      ],
      "log": "docs/verification/native-credentials/android-attempts/2026-09-13T17-12-29.587Z/setup-publication.log"
    },
    {
      "name": "owned-test-directories-cleaned",
      "passed": true
    }
  ],
  "androidApi": "35",
  "androidAbi": "arm64-v8a",
  "branches": {
    "hardlinkManifest": "platform-denied:13; existing-hardlink-branch-unexercised",
    "hardlinkBlob": "platform-denied:13; existing-hardlink-branch-unexercised",
    "notification": "NATIVE_WORK_NOTIFICATION_EXACT_CANCELLATION_VERIFIED"
  },
  "finishedAt": "2026-09-13T17:13:05.622Z"
}

