INSTRUMENTATION_STATUS: class=com.feedme.session.AndroidCredentialStoreTest
INSTRUMENTATION_STATUS: current=1
INSTRUMENTATION_STATUS: id=AndroidJUnitRunner
INSTRUMENTATION_STATUS: numtests=29
INSTRUMENTATION_STATUS: stream=
com.feedme.session.AndroidCredentialStoreTest:
INSTRUMENTATION_STATUS: test=missingActiveKeyOrBlobBlocksReadsButExactRetirementCanFinish
INSTRUMENTATION_STATUS_CODE: 1
INSTRUMENTATION_STATUS: class=com.feedme.session.AndroidCredentialStoreTest
INSTRUMENTATION_STATUS: current=1
INSTRUMENTATION_STATUS: id=AndroidJUnitRunner
INSTRUMENTATION_STATUS: numtests=29
INSTRUMENTATION_STATUS: stream=.
INSTRUMENTATION_STATUS: test=missingActiveKeyOrBlobBlocksReadsButExactRetirementCanFinish
INSTRUMENTATION_STATUS_CODE: 0
INSTRUMENTATION_STATUS: class=com.feedme.session.AndroidCredentialStoreTest
INSTRUMENTATION_STATUS: current=2
INSTRUMENTATION_STATUS: id=AndroidJUnitRunner
INSTRUMENTATION_STATUS: numtests=29
INSTRUMENTATION_STATUS: stream=
INSTRUMENTATION_STATUS: test=createAcknowledgementLossAfterManifestRenameReopensExactCommittedIncarnation
INSTRUMENTATION_STATUS_CODE: 1
INSTRUMENTATION_STATUS: class=com.feedme.session.AndroidCredentialStoreTest
INSTRUMENTATION_STATUS: current=2
INSTRUMENTATION_STATUS: id=AndroidJUnitRunner
INSTRUMENTATION_STATUS: numtests=29
INSTRUMENTATION_STATUS: stream=.
INSTRUMENTATION_STATUS: test=createAcknowledgementLossAfterManifestRenameReopensExactCommittedIncarnation
INSTRUMENTATION_STATUS_CODE: 0
INSTRUMENTATION_STATUS: class=com.feedme.session.AndroidCredentialStoreTest
INSTRUMENTATION_STATUS: current=3
INSTRUMENTATION_STATUS: id=AndroidJUnitRunner
INSTRUMENTATION_STATUS: numtests=29
INSTRUMENTATION_STATUS: stream=
INSTRUMENTATION_STATUS: test=retirementAcknowledgementLossOccursOnlyAfterKeyErasureAndReopensEmpty
INSTRUMENTATION_STATUS_CODE: 1
INSTRUMENTATION_STATUS: class=com.feedme.session.AndroidCredentialStoreTest
INSTRUMENTATION_STATUS: current=3
INSTRUMENTATION_STATUS: id=AndroidJUnitRunner
INSTRUMENTATION_STATUS: numtests=29
INSTRUMENTATION_STATUS: stream=.
INSTRUMENTATION_STATUS: test=retirementAcknowledgementLossOccursOnlyAfterKeyErasureAndReopensEmpty
INSTRUMENTATION_STATUS_CODE: 0
INSTRUMENTATION_STATUS: class=com.feedme.session.AndroidCredentialStoreTest
INSTRUMENTATION_STATUS: current=4
INSTRUMENTATION_STATUS: id=AndroidJUnitRunner
INSTRUMENTATION_STATUS: numtests=29
INSTRUMENTATION_STATUS: stream=
INSTRUMENTATION_STATUS: test=refreshCannotChangeOwnerKindOrBootstrappedDeviceAndAttachmentIsExactCas
INSTRUMENTATION_STATUS_CODE: 1
INSTRUMENTATION_STATUS: class=com.feedme.session.AndroidCredentialStoreTest
INSTRUMENTATION_STATUS: current=4
INSTRUMENTATION_STATUS: id=AndroidJUnitRunner
INSTRUMENTATION_STATUS: numtests=29
INSTRUMENTATION_STATUS: stream=.
INSTRUMENTATION_STATUS: test=refreshCannotChangeOwnerKindOrBootstrappedDeviceAndAttachmentIsExactCas
INSTRUMENTATION_STATUS_CODE: 0
INSTRUMENTATION_STATUS: class=com.feedme.session.AndroidCredentialStoreTest
INSTRUMENTATION_STATUS: current=5
INSTRUMENTATION_STATUS: id=AndroidJUnitRunner
INSTRUMENTATION_STATUS: numtests=29
INSTRUMENTATION_STATUS: stream=
INSTRUMENTATION_STATUS: test=oneActiveSlotAndExactRevisionCasRejectOtherLoginAndCompetingRefresh
INSTRUMENTATION_STATUS_CODE: 1
INSTRUMENTATION_STATUS: class=com.feedme.session.AndroidCredentialStoreTest
INSTRUMENTATION_STATUS: current=5
INSTRUMENTATION_STATUS: id=AndroidJUnitRunner
INSTRUMENTATION_STATUS: numtests=29
INSTRUMENTATION_STATUS: stream=.
INSTRUMENTATION_STATUS: test=oneActiveSlotAndExactRevisionCasRejectOtherLoginAndCompetingRefresh
INSTRUMENTATION_STATUS_CODE: 0
INSTRUMENTATION_STATUS: class=com.feedme.session.AndroidCredentialStoreTest
INSTRUMENTATION_STATUS: current=6
INSTRUMENTATION_STATUS: id=AndroidJUnitRunner
INSTRUMENTATION_STATUS: numtests=29
INSTRUMENTATION_STATUS: stream=
INSTRUMENTATION_STATUS: test=guestCredentialsRemainGuestAcrossReopenAndCannotAcceptDeviceBootstrap
INSTRUMENTATION_STATUS_CODE: 1
INSTRUMENTATION_STATUS: class=com.feedme.session.AndroidCredentialStoreTest
INSTRUMENTATION_STATUS: current=6
INSTRUMENTATION_STATUS: id=AndroidJUnitRunner
INSTRUMENTATION_STATUS: numtests=29
INSTRUMENTATION_STATUS: stream=.
INSTRUMENTATION_STATUS: test=guestCredentialsRemainGuestAcrossReopenAndCannotAcceptDeviceBootstrap
INSTRUMENTATION_STATUS_CODE: 0
INSTRUMENTATION_STATUS: class=com.feedme.session.AndroidCredentialStoreTest
INSTRUMENTATION_STATUS: current=7
INSTRUMENTATION_STATUS: id=AndroidJUnitRunner
INSTRUMENTATION_STATUS: numtests=29
INSTRUMENTATION_STATUS: stream=
INSTRUMENTATION_STATUS: test=symlinkDirectoryCannotRedirectCredentialFilesOrModifyItsTarget
INSTRUMENTATION_STATUS_CODE: 1
INSTRUMENTATION_STATUS: class=com.feedme.session.AndroidCredentialStoreTest
INSTRUMENTATION_STATUS: current=7
INSTRUMENTATION_STATUS: id=AndroidJUnitRunner
INSTRUMENTATION_STATUS: numtests=29
INSTRUMENTATION_STATUS: stream=.
INSTRUMENTATION_STATUS: test=symlinkDirectoryCannotRedirectCredentialFilesOrModifyItsTarget
INSTRUMENTATION_STATUS_CODE: 0
INSTRUMENTATION_STATUS: class=com.feedme.session.AndroidCredentialStoreTest
INSTRUMENTATION_STATUS: current=8
INSTRUMENTATION_STATUS: id=AndroidJUnitRunner
INSTRUMENTATION_STATUS: numtests=29
INSTRUMENTATION_STATUS: stream=
INSTRUMENTATION_STATUS: test=createRefreshBootstrapAndReopenPreserveExactIncarnationAndSecrets
INSTRUMENTATION_STATUS_CODE: 1
INSTRUMENTATION_STATUS: class=com.feedme.session.AndroidCredentialStoreTest
INSTRUMENTATION_STATUS: current=8
INSTRUMENTATION_STATUS: id=AndroidJUnitRunner
INSTRUMENTATION_STATUS: numtests=29
INSTRUMENTATION_STATUS: stream=.
INSTRUMENTATION_STATUS: test=createRefreshBootstrapAndReopenPreserveExactIncarnationAndSecrets
INSTRUMENTATION_STATUS_CODE: 0
INSTRUMENTATION_STATUS: class=com.feedme.session.AndroidCredentialStoreTest
INSTRUMENTATION_STATUS: current=9
INSTRUMENTATION_STATUS: id=AndroidJUnitRunner
INSTRUMENTATION_STATUS: numtests=29
INSTRUMENTATION_STATUS: stream=
INSTRUMENTATION_STATUS: test=preexistingEmptyDirectoryOrLostRetiredSlotCannotResetToInitialRevision
INSTRUMENTATION_STATUS_CODE: 1
INSTRUMENTATION_STATUS: class=com.feedme.session.AndroidCredentialStoreTest
INSTRUMENTATION_STATUS: current=9
INSTRUMENTATION_STATUS: id=AndroidJUnitRunner
INSTRUMENTATION_STATUS: numtests=29
INSTRUMENTATION_STATUS: stream=.
INSTRUMENTATION_STATUS: test=preexistingEmptyDirectoryOrLostRetiredSlotCannotResetToInitialRevision
INSTRUMENTATION_STATUS_CODE: 0
INSTRUMENTATION_STATUS: class=com.feedme.session.AndroidCredentialStoreTest
INSTRUMENTATION_STATUS: current=10
INSTRUMENTATION_STATUS: id=AndroidJUnitRunner
INSTRUMENTATION_STATUS: numtests=29
INSTRUMENTATION_STATUS: stream=
INSTRUMENTATION_STATUS: test=permissiveDirectoryAndManifestModesFailInsteadOfSilentlyRepairingThem
INSTRUMENTATION_STATUS_CODE: 1
INSTRUMENTATION_STATUS: class=com.feedme.session.AndroidCredentialStoreTest
INSTRUMENTATION_STATUS: current=10
INSTRUMENTATION_STATUS: id=AndroidJUnitRunner
INSTRUMENTATION_STATUS: numtests=29
INSTRUMENTATION_STATUS: stream=.
INSTRUMENTATION_STATUS: test=permissiveDirectoryAndManifestModesFailInsteadOfSilentlyRepairingThem
INSTRUMENTATION_STATUS_CODE: 0
INSTRUMENTATION_STATUS: class=com.feedme.session.AndroidCredentialStoreTest
INSTRUMENTATION_STATUS: current=11
INSTRUMENTATION_STATUS: id=AndroidJUnitRunner
INSTRUMENTATION_STATUS: numtests=29
INSTRUMENTATION_STATUS: stream=
INSTRUMENTATION_STATUS: test=duplicateOpenRespectsLifetimeLockAndCloseAllowsExactReopen
INSTRUMENTATION_STATUS_CODE: 1
INSTRUMENTATION_STATUS: class=com.feedme.session.AndroidCredentialStoreTest
INSTRUMENTATION_STATUS: current=11
INSTRUMENTATION_STATUS: id=AndroidJUnitRunner
INSTRUMENTATION_STATUS: numtests=29
INSTRUMENTATION_STATUS: stream=.
INSTRUMENTATION_STATUS: test=duplicateOpenRespectsLifetimeLockAndCloseAllowsExactReopen
INSTRUMENTATION_STATUS_CODE: 0
INSTRUMENTATION_STATUS: class=com.feedme.session.AndroidCredentialStoreTest
INSTRUMENTATION_STATUS: current=12
INSTRUMENTATION_STATUS: id=AndroidJUnitRunner
INSTRUMENTATION_STATUS: numtests=29
INSTRUMENTATION_STATUS: stream=
INSTRUMENTATION_STATUS: test=symlinkManifestAndCredentialBlobAreRejectedWithoutChangingTargets
INSTRUMENTATION_STATUS_CODE: 1
INSTRUMENTATION_STATUS: class=com.feedme.session.AndroidCredentialStoreTest
INSTRUMENTATION_STATUS: current=12
INSTRUMENTATION_STATUS: id=AndroidJUnitRunner
INSTRUMENTATION_STATUS: numtests=29
INSTRUMENTATION_STATUS: stream=.
INSTRUMENTATION_STATUS: test=symlinkManifestAndCredentialBlobAreRejectedWithoutChangingTargets
INSTRUMENTATION_STATUS_CODE: 0
INSTRUMENTATION_STATUS: class=com.feedme.session.AndroidCredentialStoreTest
INSTRUMENTATION_STATUS: current=13
INSTRUMENTATION_STATUS: id=AndroidJUnitRunner
INSTRUMENTATION_STATUS: numtests=29
INSTRUMENTATION_STATUS: stream=
INSTRUMENTATION_STATUS: test=ownedLockDescriptorIsClosedAfterEveryOpenAndDuplicateFailureCycle
INSTRUMENTATION_STATUS_CODE: 1
INSTRUMENTATION_STATUS: class=com.feedme.session.AndroidCredentialStoreTest
INSTRUMENTATION_STATUS: current=13
INSTRUMENTATION_STATUS: id=AndroidJUnitRunner
INSTRUMENTATION_STATUS: numtests=29
INSTRUMENTATION_STATUS: stream=.
INSTRUMENTATION_STATUS: test=ownedLockDescriptorIsClosedAfterEveryOpenAndDuplicateFailureCycle
INSTRUMENTATION_STATUS_CODE: 0
INSTRUMENTATION_STATUS: class=com.feedme.session.AndroidCredentialStoreTest
INSTRUMENTATION_STATUS: current=14
INSTRUMENTATION_STATUS: id=AndroidJUnitRunner
INSTRUMENTATION_STATUS: numtests=29
INSTRUMENTATION_STATUS: stream=
INSTRUMENTATION_STATUS: test=refreshInterruptionLeavesOrphanEvidenceAsExplicitRepairGate
INSTRUMENTATION_STATUS_CODE: 1
INSTRUMENTATION_STATUS: class=com.feedme.session.AndroidCredentialStoreTest
INSTRUMENTATION_STATUS: current=14
INSTRUMENTATION_STATUS: id=AndroidJUnitRunner
INSTRUMENTATION_STATUS: numtests=29
INSTRUMENTATION_STATUS: stream=.
INSTRUMENTATION_STATUS: test=refreshInterruptionLeavesOrphanEvidenceAsExplicitRepairGate
INSTRUMENTATION_STATUS_CODE: 0
INSTRUMENTATION_STATUS: class=com.feedme.session.AndroidCredentialStoreTest
INSTRUMENTATION_STATUS: current=15
INSTRUMENTATION_STATUS: id=AndroidJUnitRunner
INSTRUMENTATION_STATUS: numtests=29
INSTRUMENTATION_STATUS: stream=
INSTRUMENTATION_STATUS: test=exactRetirementErasesKeyAndOldRetirementCannotTouchNewSameAccountLogin
INSTRUMENTATION_STATUS_CODE: 1
INSTRUMENTATION_STATUS: class=com.feedme.session.AndroidCredentialStoreTest
INSTRUMENTATION_STATUS: current=15
INSTRUMENTATION_STATUS: id=AndroidJUnitRunner
INSTRUMENTATION_STATUS: numtests=29
INSTRUMENTATION_STATUS: stream=.
INSTRUMENTATION_STATUS: test=exactRetirementErasesKeyAndOldRetirementCannotTouchNewSameAccountLogin
INSTRUMENTATION_STATUS_CODE: 0
INSTRUMENTATION_STATUS: class=com.feedme.session.AndroidCredentialStoreTest
INSTRUMENTATION_STATUS: current=16
INSTRUMENTATION_STATUS: id=AndroidJUnitRunner
INSTRUMENTATION_STATUS: numtests=29
INSTRUMENTATION_STATUS: stream=
INSTRUMENTATION_STATUS: test=missingInstallKeysNeverRecreateOrRebindExistingCredentialFiles
INSTRUMENTATION_STATUS_CODE: 1
INSTRUMENTATION_STATUS: class=com.feedme.session.AndroidCredentialStoreTest
INSTRUMENTATION_STATUS: current=16
INSTRUMENTATION_STATUS: id=AndroidJUnitRunner
INSTRUMENTATION_STATUS: numtests=29
INSTRUMENTATION_STATUS: stream=.
INSTRUMENTATION_STATUS: test=missingInstallKeysNeverRecreateOrRebindExistingCredentialFiles
INSTRUMENTATION_STATUS_CODE: 0
INSTRUMENTATION_STATUS: class=com.feedme.session.AndroidCredentialStoreTest
INSTRUMENTATION_STATUS: current=17
INSTRUMENTATION_STATUS: id=AndroidJUnitRunner
INSTRUMENTATION_STATUS: numtests=29
INSTRUMENTATION_STATUS: stream=
INSTRUMENTATION_STATUS: test=missingOrCorruptManifestFailsClosedWithoutResettingKeysOrFiles
INSTRUMENTATION_STATUS_CODE: 1
INSTRUMENTATION_STATUS: class=com.feedme.session.AndroidCredentialStoreTest
INSTRUMENTATION_STATUS: current=17
INSTRUMENTATION_STATUS: id=AndroidJUnitRunner
INSTRUMENTATION_STATUS: numtests=29
INSTRUMENTATION_STATUS: stream=.
INSTRUMENTATION_STATUS: test=missingOrCorruptManifestFailsClosedWithoutResettingKeysOrFiles
INSTRUMENTATION_STATUS_CODE: 0
INSTRUMENTATION_STATUS: class=com.feedme.session.AndroidCredentialStoreTest
INSTRUMENTATION_STATUS: current=18
INSTRUMENTATION_STATUS: id=AndroidJUnitRunner
INSTRUMENTATION_STATUS: numtests=29
INSTRUMENTATION_STATUS: stream=
INSTRUMENTATION_STATUS: test=corruptedCredentialCiphertextCannotBeOverwrittenByRefresh
INSTRUMENTATION_STATUS_CODE: 1
INSTRUMENTATION_STATUS: class=com.feedme.session.AndroidCredentialStoreTest
INSTRUMENTATION_STATUS: current=18
INSTRUMENTATION_STATUS: id=AndroidJUnitRunner
INSTRUMENTATION_STATUS: numtests=29
INSTRUMENTATION_STATUS: stream=.
INSTRUMENTATION_STATUS: test=corruptedCredentialCiphertextCannotBeOverwrittenByRefresh
INSTRUMENTATION_STATUS_CODE: 0
INSTRUMENTATION_STATUS: class=com.feedme.session.AndroidCredentialStoreTest
INSTRUMENTATION_STATUS: current=19
INSTRUMENTATION_STATUS: id=AndroidJUnitRunner
INSTRUMENTATION_STATUS: numtests=29
INSTRUMENTATION_STATUS: stream=
INSTRUMENTATION_STATUS: test=hardlinksAreDeniedByPlatformOrRejectedByStoreWithoutChangingCredentials
INSTRUMENTATION_STATUS_CODE: 1
INSTRUMENTATION_STATUS: class=com.feedme.session.AndroidCredentialStoreTest
INSTRUMENTATION_STATUS: current=19
INSTRUMENTATION_STATUS: id=AndroidJUnitRunner
INSTRUMENTATION_STATUS: numtests=29
INSTRUMENTATION_STATUS: stream=.
INSTRUMENTATION_STATUS: test=hardlinksAreDeniedByPlatformOrRejectedByStoreWithoutChangingCredentials
INSTRUMENTATION_STATUS_CODE: 0
INSTRUMENTATION_STATUS: class=com.feedme.session.AndroidNativeWorkCancellationTest
INSTRUMENTATION_STATUS: current=20
INSTRUMENTATION_STATUS: id=AndroidJUnitRunner
INSTRUMENTATION_STATUS: numtests=29
INSTRUMENTATION_STATUS: stream=
com.feedme.session.AndroidNativeWorkCancellationTest:
INSTRUMENTATION_STATUS: test=timerIdentityIsOpaqueExplicitImmutableAndDefensivelyRecreated
INSTRUMENTATION_STATUS_CODE: 1
INSTRUMENTATION_STATUS: class=com.feedme.session.AndroidNativeWorkCancellationTest
INSTRUMENTATION_STATUS: current=20
INSTRUMENTATION_STATUS: id=AndroidJUnitRunner
INSTRUMENTATION_STATUS: numtests=29
INSTRUMENTATION_STATUS: stream=.
INSTRUMENTATION_STATUS: test=timerIdentityIsOpaqueExplicitImmutableAndDefensivelyRecreated
INSTRUMENTATION_STATUS_CODE: 0
INSTRUMENTATION_STATUS: class=com.feedme.session.AndroidNativeWorkCancellationTest
INSTRUMENTATION_STATUS: current=21
INSTRUMENTATION_STATUS: id=AndroidJUnitRunner
INSTRUMENTATION_STATUS: numtests=29
INSTRUMENTATION_STATUS: stream=
INSTRUMENTATION_STATUS: test=callerCancellationDoesNotBecomeSuccessfulNativeCancellation
INSTRUMENTATION_STATUS_CODE: 1
INSTRUMENTATION_STATUS: class=com.feedme.session.AndroidNativeWorkCancellationTest
INSTRUMENTATION_STATUS: current=21
INSTRUMENTATION_STATUS: id=AndroidJUnitRunner
INSTRUMENTATION_STATUS: numtests=29
INSTRUMENTATION_STATUS: stream=.
INSTRUMENTATION_STATUS: test=callerCancellationDoesNotBecomeSuccessfulNativeCancellation
INSTRUMENTATION_STATUS_CODE: 0
INSTRUMENTATION_STATUS: class=com.feedme.session.AndroidNativeWorkCancellationTest
INSTRUMENTATION_STATUS: current=22
INSTRUMENTATION_STATUS: id=AndroidJUnitRunner
INSTRUMENTATION_STATUS: numtests=29
INSTRUMENTATION_STATUS: stream=
INSTRUMENTATION_STATUS: test=notificationCancellationIsExactWhenPermissionAvailableOtherwiseReportsGate
INSTRUMENTATION_STATUS_CODE: 1
INSTRUMENTATION_STATUS: class=com.feedme.session.AndroidNativeWorkCancellationTest
INSTRUMENTATION_STATUS: current=22
INSTRUMENTATION_STATUS: id=AndroidJUnitRunner
INSTRUMENTATION_STATUS: numtests=29
INSTRUMENTATION_STATUS: stream=.
INSTRUMENTATION_STATUS: test=notificationCancellationIsExactWhenPermissionAvailableOtherwiseReportsGate
INSTRUMENTATION_STATUS_CODE: 0
INSTRUMENTATION_STATUS: class=com.feedme.session.AndroidNativeWorkCancellationTest
INSTRUMENTATION_STATUS: current=23
INSTRUMENTATION_STATUS: id=AndroidJUnitRunner
INSTRUMENTATION_STATUS: numtests=29
INSTRUMENTATION_STATUS: stream=
INSTRUMENTATION_STATUS: test=workManagerInitializerIsDisabledAndTestCompositionInitializesExplicitly
INSTRUMENTATION_STATUS_CODE: 1
INSTRUMENTATION_STATUS: class=com.feedme.session.AndroidNativeWorkCancellationTest
INSTRUMENTATION_STATUS: current=23
INSTRUMENTATION_STATUS: id=AndroidJUnitRunner
INSTRUMENTATION_STATUS: numtests=29
INSTRUMENTATION_STATUS: stream=.
INSTRUMENTATION_STATUS: test=workManagerInitializerIsDisabledAndTestCompositionInitializesExplicitly
INSTRUMENTATION_STATUS_CODE: 0
INSTRUMENTATION_STATUS: class=com.feedme.session.AndroidNativeWorkCancellationTest
INSTRUMENTATION_STATUS: current=24
INSTRUMENTATION_STATUS: id=AndroidJUnitRunner
INSTRUMENTATION_STATUS: numtests=29
INSTRUMENTATION_STATUS: stream=
INSTRUMENTATION_STATUS: test=timerCancellationInvalidatesOnlyExactPendingIntentAndIsIdempotent
INSTRUMENTATION_STATUS_CODE: 1
INSTRUMENTATION_STATUS: class=com.feedme.session.AndroidNativeWorkCancellationTest
INSTRUMENTATION_STATUS: current=24
INSTRUMENTATION_STATUS: id=AndroidJUnitRunner
INSTRUMENTATION_STATUS: numtests=29
INSTRUMENTATION_STATUS: stream=.
INSTRUMENTATION_STATUS: test=timerCancellationInvalidatesOnlyExactPendingIntentAndIsIdempotent
INSTRUMENTATION_STATUS_CODE: 0
INSTRUMENTATION_STATUS: class=com.feedme.session.AndroidNativeWorkCancellationTest
INSTRUMENTATION_STATUS: current=25
INSTRUMENTATION_STATUS: id=AndroidJUnitRunner
INSTRUMENTATION_STATUS: numtests=29
INSTRUMENTATION_STATUS: stream=
INSTRUMENTATION_STATUS: test=malformedTicketsAndNonTimerIdentityAreRejectedWithoutNativeInstallation
INSTRUMENTATION_STATUS_CODE: 1
INSTRUMENTATION_STATUS: class=com.feedme.session.AndroidNativeWorkCancellationTest
INSTRUMENTATION_STATUS: current=25
INSTRUMENTATION_STATUS: id=AndroidJUnitRunner
INSTRUMENTATION_STATUS: numtests=29
INSTRUMENTATION_STATUS: stream=.
INSTRUMENTATION_STATUS: test=malformedTicketsAndNonTimerIdentityAreRejectedWithoutNativeInstallation
INSTRUMENTATION_STATUS_CODE: 0
INSTRUMENTATION_STATUS: class=com.feedme.session.AndroidNativeWorkCancellationTest
INSTRUMENTATION_STATUS: current=26
INSTRUMENTATION_STATUS: id=AndroidJUnitRunner
INSTRUMENTATION_STATUS: numtests=29
INSTRUMENTATION_STATUS: stream=
INSTRUMENTATION_STATUS: test=nonexistentWorkCancellationIsIdempotentAndDoesNotCreateWork
INSTRUMENTATION_STATUS_CODE: 1
INSTRUMENTATION_STATUS: class=com.feedme.session.AndroidNativeWorkCancellationTest
INSTRUMENTATION_STATUS: current=26
INSTRUMENTATION_STATUS: id=AndroidJUnitRunner
INSTRUMENTATION_STATUS: numtests=29
INSTRUMENTATION_STATUS: stream=.
INSTRUMENTATION_STATUS: test=nonexistentWorkCancellationIsIdempotentAndDoesNotCreateWork
INSTRUMENTATION_STATUS_CODE: 0
INSTRUMENTATION_STATUS: class=com.feedme.session.AndroidNativeWorkCancellationTest
INSTRUMENTATION_STATUS: current=27
INSTRUMENTATION_STATUS: id=AndroidJUnitRunner
INSTRUMENTATION_STATUS: numtests=29
INSTRUMENTATION_STATUS: stream=
INSTRUMENTATION_STATUS: test=cancellationOfNeverInstalledTimerDoesNotCreatePendingIntent
INSTRUMENTATION_STATUS_CODE: 1
INSTRUMENTATION_STATUS: class=com.feedme.session.AndroidNativeWorkCancellationTest
INSTRUMENTATION_STATUS: current=27
INSTRUMENTATION_STATUS: id=AndroidJUnitRunner
INSTRUMENTATION_STATUS: numtests=29
INSTRUMENTATION_STATUS: stream=.
INSTRUMENTATION_STATUS: test=cancellationOfNeverInstalledTimerDoesNotCreatePendingIntent
INSTRUMENTATION_STATUS_CODE: 0
INSTRUMENTATION_STATUS: class=com.feedme.session.AndroidNativeWorkCancellationTest
INSTRUMENTATION_STATUS: current=28
INSTRUMENTATION_STATUS: id=AndroidJUnitRunner
INSTRUMENTATION_STATUS: numtests=29
INSTRUMENTATION_STATUS: stream=
INSTRUMENTATION_STATUS: test=foreignExportedAndUnresolvableReceiversCannotConfigureAdapter
INSTRUMENTATION_STATUS_CODE: 1
INSTRUMENTATION_STATUS: class=com.feedme.session.AndroidNativeWorkCancellationTest
INSTRUMENTATION_STATUS: current=28
INSTRUMENTATION_STATUS: id=AndroidJUnitRunner
INSTRUMENTATION_STATUS: numtests=29
INSTRUMENTATION_STATUS: stream=.
INSTRUMENTATION_STATUS: test=foreignExportedAndUnresolvableReceiversCannotConfigureAdapter
INSTRUMENTATION_STATUS_CODE: 0
INSTRUMENTATION_STATUS: class=com.feedme.session.AndroidNativeWorkCancellationTest
INSTRUMENTATION_STATUS: current=29
INSTRUMENTATION_STATUS: id=AndroidJUnitRunner
INSTRUMENTATION_STATUS: numtests=29
INSTRUMENTATION_STATUS: stream=
INSTRUMENTATION_STATUS: test=realDelayedWorkCancellationWaitsForCancelledStateAndRetainsSibling
INSTRUMENTATION_STATUS_CODE: 1
INSTRUMENTATION_STATUS: class=com.feedme.session.AndroidNativeWorkCancellationTest
INSTRUMENTATION_STATUS: current=29
INSTRUMENTATION_STATUS: id=AndroidJUnitRunner
INSTRUMENTATION_STATUS: numtests=29
INSTRUMENTATION_STATUS: stream=.
INSTRUMENTATION_STATUS: test=realDelayedWorkCancellationWaitsForCancelledStateAndRetainsSibling
INSTRUMENTATION_STATUS_CODE: 0
INSTRUMENTATION_RESULT: credential_hardlink_blob=platform-denied:13; existing-hardlink-branch-unexercised
INSTRUMENTATION_RESULT: credential_hardlink_manifest=platform-denied:13; existing-hardlink-branch-unexercised
INSTRUMENTATION_RESULT: native_work_notification=NATIVE_WORK_NOTIFICATION_EXACT_CANCELLATION_VERIFIED
INSTRUMENTATION_RESULT: stream=

Time: 1.937

OK (29 tests)


INSTRUMENTATION_CODE: -1
