regular: 29 tests passed
restart-write: 1 tests passed
restart-read: 1 tests passed
{
  "startedAt": "2026-09-13T11:54:20.040Z",
  "passed": true,
  "serial": "emulator-5554",
  "scope": "Isolated Android library tests only; not FeedMe UI/auth integration, hard-kill-in-transaction, physical-device, power-loss or iOS proof.",
  "apk": {
    "path": "shared/storage/build/outputs/apk/androidTest/debug/storage-debug-androidTest.apk",
    "bytes": 6273871,
    "sha256": "e0d54e19e5f7a2687de6f2d00f331781930e9fc4fcab51190527da66c6a70e75"
  },
  "attemptDirectory": "docs/verification/client-storage/android-attempts/2026-09-13T11-54-20.039Z",
  "checks": [
    {
      "name": "regular",
      "classes": "com.feedme.storage.AndroidStateVaultTest,com.feedme.storage.AndroidStateDatabaseTest,com.feedme.storage.AndroidSessionControlStoreTest,com.feedme.storage.AndroidSessionWorkStoreTest",
      "passed": true,
      "tests": 29,
      "expected": 29,
      "log": "docs/verification/client-storage/android-attempts/2026-09-13T11-54-20.039Z/regular.log"
    },
    {
      "name": "restart-write",
      "classes": "com.feedme.storage.AndroidStateProcessRestartTest#writeFixture",
      "stage": "write",
      "passed": true,
      "tests": 1,
      "expected": 1,
      "log": "docs/verification/client-storage/android-attempts/2026-09-13T11-54-20.039Z/restart-write.log"
    },
    {
      "name": "restart-read",
      "classes": "com.feedme.storage.AndroidStateProcessRestartTest#readFixtureAndCleanup",
      "stage": "read",
      "passed": true,
      "tests": 1,
      "expected": 1,
      "log": "docs/verification/client-storage/android-attempts/2026-09-13T11-54-20.039Z/restart-read.log"
    },
    {
      "name": "owned-test-directories-cleaned",
      "passed": true
    }
  ],
  "androidApi": "35",
  "androidAbi": "arm64-v8a",
  "finishedAt": "2026-09-13T11:54:22.343Z"
}
