INSTRUMENTATION_STATUS: class=com.feedme.storage.AndroidStateBindingSyncFailureTest
INSTRUMENTATION_STATUS: current=1
INSTRUMENTATION_STATUS: id=AndroidJUnitRunner
INSTRUMENTATION_STATUS: numtests=3
INSTRUMENTATION_STATUS: stream=
com.feedme.storage.AndroidStateBindingSyncFailureTest:
INSTRUMENTATION_STATUS: test=directorySyncFailureCannotPromoteVisibleBindingOrReplayToAcknowledgement
INSTRUMENTATION_STATUS_CODE: 1
INSTRUMENTATION_STATUS: class=com.feedme.storage.AndroidStateBindingSyncFailureTest
INSTRUMENTATION_STATUS: current=1
INSTRUMENTATION_STATUS: id=AndroidJUnitRunner
INSTRUMENTATION_STATUS: numtests=3
INSTRUMENTATION_STATUS: stream=.
INSTRUMENTATION_STATUS: test=directorySyncFailureCannotPromoteVisibleBindingOrReplayToAcknowledgement
INSTRUMENTATION_STATUS_CODE: 0
INSTRUMENTATION_STATUS: class=com.feedme.storage.AndroidStateBindingSyncFailureTest
INSTRUMENTATION_STATUS: current=2
INSTRUMENTATION_STATUS: id=AndroidJUnitRunner
INSTRUMENTATION_STATUS: numtests=3
INSTRUMENTATION_STATUS: stream=
INSTRUMENTATION_STATUS: test=databaseSyncFailureCannotAcknowledgeInitialOrReplayedPrivateBinding
INSTRUMENTATION_STATUS_CODE: 1
INSTRUMENTATION_STATUS: class=com.feedme.storage.AndroidStateBindingSyncFailureTest
INSTRUMENTATION_STATUS: current=2
INSTRUMENTATION_STATUS: id=AndroidJUnitRunner
INSTRUMENTATION_STATUS: numtests=3
INSTRUMENTATION_STATUS: stream=.
INSTRUMENTATION_STATUS: test=databaseSyncFailureCannotAcknowledgeInitialOrReplayedPrivateBinding
INSTRUMENTATION_STATUS_CODE: 0
INSTRUMENTATION_STATUS: class=com.feedme.storage.AndroidStateBindingSyncFailureTest
INSTRUMENTATION_STATUS: current=3
INSTRUMENTATION_STATUS: id=AndroidJUnitRunner
INSTRUMENTATION_STATUS: numtests=3
INSTRUMENTATION_STATUS: stream=
INSTRUMENTATION_STATUS: test=journalSyncFailureCannotAcknowledgeInitialOrReplayedPrivateBinding
INSTRUMENTATION_STATUS_CODE: 1
INSTRUMENTATION_STATUS: class=com.feedme.storage.AndroidStateBindingSyncFailureTest
INSTRUMENTATION_STATUS: current=3
INSTRUMENTATION_STATUS: id=AndroidJUnitRunner
INSTRUMENTATION_STATUS: numtests=3
INSTRUMENTATION_STATUS: stream=.
INSTRUMENTATION_STATUS: test=journalSyncFailureCannotAcknowledgeInitialOrReplayedPrivateBinding
INSTRUMENTATION_STATUS_CODE: 0
INSTRUMENTATION_RESULT: data_binding_sync_bind-database=sqlite=1034;failures=1;receipts=0;vfs=1;delegatedUnlink=0
INSTRUMENTATION_RESULT: data_binding_sync_bind-directory=sqlite=1290;failures=1;receipts=0;vfs=1;delegatedUnlink=1
INSTRUMENTATION_RESULT: data_binding_sync_bind-journal=sqlite=1034;failures=1;receipts=0;vfs=1;delegatedUnlink=0
INSTRUMENTATION_RESULT: data_binding_sync_replay-database=sqlite=1034;failures=1;receipts=0;vfs=1;delegatedUnlink=0
INSTRUMENTATION_RESULT: data_binding_sync_replay-directory=sqlite=1290;failures=1;receipts=0;vfs=1;delegatedUnlink=1
INSTRUMENTATION_RESULT: data_binding_sync_replay-journal=sqlite=1034;failures=1;receipts=0;vfs=1;delegatedUnlink=0
INSTRUMENTATION_RESULT: stream=

Time: 0.405

OK (3 tests)


INSTRUMENTATION_CODE: -1
