INSTRUMENTATION_STATUS: class=com.feedme.storage.AndroidSessionWorkOriginAbortTest
INSTRUMENTATION_STATUS: current=1
INSTRUMENTATION_STATUS: id=AndroidJUnitRunner
INSTRUMENTATION_STATUS: numtests=12
INSTRUMENTATION_STATUS: stream=
com.feedme.storage.AndroidSessionWorkOriginAbortTest:
INSTRUMENTATION_STATUS: test=missingNativeLedgerKeyFailsClosedWithoutRegenerationOrGarbageCollection
INSTRUMENTATION_STATUS_CODE: 1
INSTRUMENTATION_STATUS: class=com.feedme.storage.AndroidSessionWorkOriginAbortTest
INSTRUMENTATION_STATUS: current=1
INSTRUMENTATION_STATUS: id=AndroidJUnitRunner
INSTRUMENTATION_STATUS: numtests=12
INSTRUMENTATION_STATUS: stream=.
INSTRUMENTATION_STATUS: test=missingNativeLedgerKeyFailsClosedWithoutRegenerationOrGarbageCollection
INSTRUMENTATION_STATUS_CODE: 0
INSTRUMENTATION_STATUS: class=com.feedme.storage.AndroidSessionWorkOriginAbortTest
INSTRUMENTATION_STATUS: current=2
INSTRUMENTATION_STATUS: id=AndroidJUnitRunner
INSTRUMENTATION_STATUS: numtests=12
INSTRUMENTATION_STATUS: stream=
INSTRUMENTATION_STATUS: test=abortedMarkerMustBeCanonicalAndBelongToThisExactAuthenticatedPlan
INSTRUMENTATION_STATUS_CODE: 1
INSTRUMENTATION_STATUS: class=com.feedme.storage.AndroidSessionWorkOriginAbortTest
INSTRUMENTATION_STATUS: current=2
INSTRUMENTATION_STATUS: id=AndroidJUnitRunner
INSTRUMENTATION_STATUS: numtests=12
INSTRUMENTATION_STATUS: stream=.
INSTRUMENTATION_STATUS: test=abortedMarkerMustBeCanonicalAndBelongToThisExactAuthenticatedPlan
INSTRUMENTATION_STATUS_CODE: 0
INSTRUMENTATION_STATUS: class=com.feedme.storage.AndroidSessionWorkOriginAbortTest
INSTRUMENTATION_STATUS: current=3
INSTRUMENTATION_STATUS: id=AndroidJUnitRunner
INSTRUMENTATION_STATUS: numtests=12
INSTRUMENTATION_STATUS: stream=
INSTRUMENTATION_STATUS: test=lostSuccessfulAbortResponseDoesNotCreditVisibleMarkerUntilFreshChangedRetry
INSTRUMENTATION_STATUS_CODE: 1
INSTRUMENTATION_STATUS: class=com.feedme.storage.AndroidSessionWorkOriginAbortTest
INSTRUMENTATION_STATUS: current=3
INSTRUMENTATION_STATUS: id=AndroidJUnitRunner
INSTRUMENTATION_STATUS: numtests=12
INSTRUMENTATION_STATUS: stream=.
INSTRUMENTATION_STATUS: test=lostSuccessfulAbortResponseDoesNotCreditVisibleMarkerUntilFreshChangedRetry
INSTRUMENTATION_STATUS_CODE: 0
INSTRUMENTATION_STATUS: class=com.feedme.storage.AndroidSessionWorkOriginAbortTest
INSTRUMENTATION_STATUS: current=4
INSTRUMENTATION_STATUS: id=AndroidJUnitRunner
INSTRUMENTATION_STATUS: numtests=12
INSTRUMENTATION_STATUS: stream=
INSTRUMENTATION_STATUS: test=preparedAbortConsumesExactPlanWithoutIdsKeysGarbageCollectionOrLease
INSTRUMENTATION_STATUS_CODE: 1
INSTRUMENTATION_STATUS: class=com.feedme.storage.AndroidSessionWorkOriginAbortTest
INSTRUMENTATION_STATUS: current=4
INSTRUMENTATION_STATUS: id=AndroidJUnitRunner
INSTRUMENTATION_STATUS: numtests=12
INSTRUMENTATION_STATUS: stream=.
INSTRUMENTATION_STATUS: test=preparedAbortConsumesExactPlanWithoutIdsKeysGarbageCollectionOrLease
INSTRUMENTATION_STATUS_CODE: 0
INSTRUMENTATION_STATUS: class=com.feedme.storage.AndroidSessionWorkOriginAbortTest
INSTRUMENTATION_STATUS: current=5
INSTRUMENTATION_STATUS: id=AndroidJUnitRunner
INSTRUMENTATION_STATUS: numtests=12
INSTRUMENTATION_STATUS: stream=
INSTRUMENTATION_STATUS: test=preparedSelectedAndUntouchedSealedAbortAlwaysRequireFreshChangedRevision
INSTRUMENTATION_STATUS_CODE: 1
INSTRUMENTATION_STATUS: class=com.feedme.storage.AndroidSessionWorkOriginAbortTest
INSTRUMENTATION_STATUS: current=5
INSTRUMENTATION_STATUS: id=AndroidJUnitRunner
INSTRUMENTATION_STATUS: numtests=12
INSTRUMENTATION_STATUS: stream=.
INSTRUMENTATION_STATUS: test=preparedSelectedAndUntouchedSealedAbortAlwaysRequireFreshChangedRevision
INSTRUMENTATION_STATUS_CODE: 0
INSTRUMENTATION_STATUS: class=com.feedme.storage.AndroidSessionWorkOriginAbortTest
INSTRUMENTATION_STATUS: current=6
INSTRUMENTATION_STATUS: id=AndroidJUnitRunner
INSTRUMENTATION_STATUS: numtests=12
INSTRUMENTATION_STATUS: stream=
INSTRUMENTATION_STATUS: test=cancellationAfterRealAbortCommitCannotReturnAcknowledgementAndRetryChangesRevision
INSTRUMENTATION_STATUS_CODE: 1
INSTRUMENTATION_STATUS: class=com.feedme.storage.AndroidSessionWorkOriginAbortTest
INSTRUMENTATION_STATUS: current=6
INSTRUMENTATION_STATUS: id=AndroidJUnitRunner
INSTRUMENTATION_STATUS: numtests=12
INSTRUMENTATION_STATUS: stream=.
INSTRUMENTATION_STATUS: test=cancellationAfterRealAbortCommitCannotReturnAcknowledgementAndRetryChangesRevision
INSTRUMENTATION_STATUS_CODE: 0
INSTRUMENTATION_STATUS: class=com.feedme.storage.AndroidSessionWorkOriginAbortTest
INSTRUMENTATION_STATUS: current=7
INSTRUMENTATION_STATUS: id=AndroidJUnitRunner
INSTRUMENTATION_STATUS: numtests=12
INSTRUMENTATION_STATUS: stream=
INSTRUMENTATION_STATUS: test=successorPlanningIsNotReservationAndAnOldReacknowledgementInvalidatesItsPredecessor
INSTRUMENTATION_STATUS_CODE: 1
INSTRUMENTATION_STATUS: class=com.feedme.storage.AndroidSessionWorkOriginAbortTest
INSTRUMENTATION_STATUS: current=7
INSTRUMENTATION_STATUS: id=AndroidJUnitRunner
INSTRUMENTATION_STATUS: numtests=12
INSTRUMENTATION_STATUS: stream=.
INSTRUMENTATION_STATUS: test=successorPlanningIsNotReservationAndAnOldReacknowledgementInvalidatesItsPredecessor
INSTRUMENTATION_STATUS_CODE: 0
INSTRUMENTATION_STATUS: class=com.feedme.storage.AndroidSessionWorkOriginAbortTest
INSTRUMENTATION_STATUS: current=8
INSTRUMENTATION_STATUS: id=AndroidJUnitRunner
INSTRUMENTATION_STATUS: numtests=12
INSTRUMENTATION_STATUS: stream=
INSTRUMENTATION_STATUS: test=nativeAbortAndExactReplaySurviveCloseReopenWithoutReactivatingWork
INSTRUMENTATION_STATUS_CODE: 1
INSTRUMENTATION_STATUS: class=com.feedme.storage.AndroidSessionWorkOriginAbortTest
INSTRUMENTATION_STATUS: current=8
INSTRUMENTATION_STATUS: id=AndroidJUnitRunner
INSTRUMENTATION_STATUS: numtests=12
INSTRUMENTATION_STATUS: stream=.
INSTRUMENTATION_STATUS: test=nativeAbortAndExactReplaySurviveCloseReopenWithoutReactivatingWork
INSTRUMENTATION_STATUS_CODE: 0
INSTRUMENTATION_STATUS: class=com.feedme.storage.AndroidSessionWorkOriginAbortTest
INSTRUMENTATION_STATUS: current=9
INSTRUMENTATION_STATUS: id=AndroidJUnitRunner
INSTRUMENTATION_STATUS: numtests=12
INSTRUMENTATION_STATUS: stream=
INSTRUMENTATION_STATUS: test=exactAbortedPredecessorCanPlanSuccessorAndItsSelectionFencesOldAbort
INSTRUMENTATION_STATUS_CODE: 1
INSTRUMENTATION_STATUS: class=com.feedme.storage.AndroidSessionWorkOriginAbortTest
INSTRUMENTATION_STATUS: current=9
INSTRUMENTATION_STATUS: id=AndroidJUnitRunner
INSTRUMENTATION_STATUS: numtests=12
INSTRUMENTATION_STATUS: stream=.
INSTRUMENTATION_STATUS: test=exactAbortedPredecessorCanPlanSuccessorAndItsSelectionFencesOldAbort
INSTRUMENTATION_STATUS_CODE: 0
INSTRUMENTATION_STATUS: class=com.feedme.storage.AndroidSessionWorkOriginAbortTest
INSTRUMENTATION_STATUS: current=10
INSTRUMENTATION_STATUS: id=AndroidJUnitRunner
INSTRUMENTATION_STATUS: numtests=12
INSTRUMENTATION_STATUS: stream=
INSTRUMENTATION_STATUS: test=activeBoundaryAndClosedRegistryCannotEraseOrReplaceTheirExistingAuthority
INSTRUMENTATION_STATUS_CODE: 1
INSTRUMENTATION_STATUS: class=com.feedme.storage.AndroidSessionWorkOriginAbortTest
INSTRUMENTATION_STATUS: current=10
INSTRUMENTATION_STATUS: id=AndroidJUnitRunner
INSTRUMENTATION_STATUS: numtests=12
INSTRUMENTATION_STATUS: stream=.
INSTRUMENTATION_STATUS: test=activeBoundaryAndClosedRegistryCannotEraseOrReplaceTheirExistingAuthority
INSTRUMENTATION_STATUS_CODE: 0
INSTRUMENTATION_STATUS: class=com.feedme.storage.AndroidSessionWorkOriginAbortTest
INSTRUMENTATION_STATUS: current=11
INSTRUMENTATION_STATUS: id=AndroidJUnitRunner
INSTRUMENTATION_STATUS: numtests=12
INSTRUMENTATION_STATUS: stream=
INSTRUMENTATION_STATUS: test=malformedOrForeignAuthenticatedPlanCannotConsumeAnotherNativeLedger
INSTRUMENTATION_STATUS_CODE: 1
INSTRUMENTATION_STATUS: class=com.feedme.storage.AndroidSessionWorkOriginAbortTest
INSTRUMENTATION_STATUS: current=11
INSTRUMENTATION_STATUS: id=AndroidJUnitRunner
INSTRUMENTATION_STATUS: numtests=12
INSTRUMENTATION_STATUS: stream=.
INSTRUMENTATION_STATUS: test=malformedOrForeignAuthenticatedPlanCannotConsumeAnotherNativeLedger
INSTRUMENTATION_STATUS_CODE: 0
INSTRUMENTATION_STATUS: class=com.feedme.storage.AndroidSessionWorkOriginAbortTest
INSTRUMENTATION_STATUS: current=12
INSTRUMENTATION_STATUS: id=AndroidJUnitRunner
INSTRUMENTATION_STATUS: numtests=12
INSTRUMENTATION_STATUS: stream=
INSTRUMENTATION_STATUS: test=changedIdleOrdinaryAndRetiringOriginsNeverBecomeSetupAbortAuthority
INSTRUMENTATION_STATUS_CODE: 1
INSTRUMENTATION_STATUS: class=com.feedme.storage.AndroidSessionWorkOriginAbortTest
INSTRUMENTATION_STATUS: current=12
INSTRUMENTATION_STATUS: id=AndroidJUnitRunner
INSTRUMENTATION_STATUS: numtests=12
INSTRUMENTATION_STATUS: stream=.
INSTRUMENTATION_STATUS: test=changedIdleOrdinaryAndRetiringOriginsNeverBecomeSetupAbortAuthority
INSTRUMENTATION_STATUS_CODE: 0
INSTRUMENTATION_RESULT: stream=

Time: 3.211

OK (12 tests)


INSTRUMENTATION_CODE: -1
